# vsim -lib ./../TopModule/QuestaSim/work -debugDB -l ./../TopModule/QuestaSim/tb_FPU_unit.log -voptargs="+acc" -assertdebug -c tb_FPU_unit -wlf ./../TopModule/QuestaSim/tb_FPU_unit.wlf -do "cd ./../TopModule/QuestaSim; log -r /*; run -all;" 
# Start time: 19:40:43 on Nov 17,2025
# ** Note: (vsim-3813) Design is being optimized due to module recompilation...
# ** Note: (vsim-8611) Generating debug db.
# ** Warning: (vopt-10908) Some optimizations are turned off because the +acc switch is in effect.
# ** Note: (vsim-12126) Error and warning message counts have been restored: Errors=0, Warnings=1.
# //  Questa Intel Starter FPGA Edition-64
# //  Version 2024.3 linux_x86_64 Sep 10 2024
# //
# // Unpublished work. Copyright 2024 Siemens
# //
# // This material contains trade secrets or otherwise confidential information
# // owned by Siemens Industry Software Inc. or its affiliates (collectively,
# // "SISW"), or its licensors. Access to and use of this information is strictly
# // limited as set forth in the Customer's applicable agreements with SISW.
# //
# // This material may not be copied, distributed, or otherwise disclosed outside
# // of the Customer's facilities without the express written permission of SISW,
# // and may not be used in any way not expressly authorized by SISW.
# //
# Loading sv_std.std
# Loading work.tb_FPU_unit(fast)
# Loading work.FPU_unit(fast)
# Loading work.EXP_swap(fast)
# Loading work.COMP_8bit(fast)
# Loading work.COMP_4bit(fast)
# Loading work.COMP_2bit(fast)
# Loading work.EXP_sub(fast)
# Loading work.CLA_8bit(fast)
# Loading work.CLA_4bit(fast)
# Loading work.MAN_swap(fast)
# Loading work.SHF_right_28bit(fast)
# Loading work.COMP_28bit(fast)
# Loading work.MAN_swap(fast__1)
# Loading work.SIGN_unit(fast)
# Loading work.MAN_ALU(fast)
# Loading work.CLA_28bit(fast)
# Loading work.LOPD_24bit(fast)
# Loading work.LOPD_16bit(fast)
# Loading work.LOPD_8bit(fast)
# Loading work.LOPD_4bit(fast)
# Loading work.EXP_adjust(fast)
# Loading work.NORMALIZATION_unit(fast)
# Loading work.SHF_left_28bit(fast)
# Loading work.ROUNDING_unit(fast)
# Loading work.RND_add(fast)
# Loading work.EXP_rounding(fast)
# Loading work.PSC_unit(fast)
# Loading work.Mux_4_to_1(fast)
# Loading work.single_port_rom(fast)
# Loading work.single_port_rom(fast__1)
# ** Note: (vsim-8900) Creating design debug database ./../TopModule/QuestaSim/tb_FPU_unit.dbg.
# cd ./../TopModule/QuestaSim
# Cannot change directory while a simulation is in progress.
# Use the "quit -sim" command to unload the design first.
#  log -r /*
#  run -all
# ==========[ (0.0 & 0.0) ]==========
# [ZERO][ADD]i_32_a=00000000 (0.000000000000000000000000) + i_32_b=00000000 (0.000000000000000000000000) 	| o_32_s=00000000 (0.000000000000000000000000) 	| o_ov_flow=1, o_un_flow=1
# => PASS: expect=0.000000000000000000000000 (00000000), dut=0.000000000000000000000000 (00000000), rounding_error=0.00000000 % (exp_error = 0.00001192 %)
# [ZERO][ADD]i_32_a=00000000 (0.000000000000000000000000) + i_32_b=00000000 (0.000000000000000000000000) 	| o_32_s=00000000 (0.000000000000000000000000) 	| o_ov_flow=1, o_un_flow=1
# => PASS: expect=0.000000000000000000000000 (00000000), dut=0.000000000000000000000000 (00000000), rounding_error=0.00000000 % (exp_error = 0.00001192 %)
# [ZERO][SUB]i_32_a=00000000 (0.000000000000000000000000) - i_32_b=00000000 (0.000000000000000000000000) 	| o_32_s=00000000 (0.000000000000000000000000) 	| o_ov_flow=0, o_un_flow=1
# => PASS: expect=0.000000000000000000000000 (00000000), dut=0.000000000000000000000000 (00000000), rounding_error=0.00000000 % (exp_error = 0.00001192 %)
# [ZERO][SUB]i_32_a=00000000 (0.000000000000000000000000) - i_32_b=00000000 (0.000000000000000000000000) 	| o_32_s=00000000 (0.000000000000000000000000) 	| o_ov_flow=0, o_un_flow=1
# => PASS: expect=0.000000000000000000000000 (00000000), dut=0.000000000000000000000000 (00000000), rounding_error=0.00000000 % (exp_error = 0.00001192 %)
# ==========[ (0.0 & -0.0) ]==========
# [ZERO][ADD]i_32_a=00000000 (0.000000000000000000000000) + i_32_b=80000000 (-0.000000000000000000000000) 	| o_32_s=00000000 (0.000000000000000000000000) 	| o_ov_flow=0, o_un_flow=1
# => PASS: expect=0.000000000000000000000000 (00000000), dut=0.000000000000000000000000 (00000000), rounding_error=0.00000000 % (exp_error = 0.00001192 %)
# [ZERO][ADD]i_32_a=80000000 (-0.000000000000000000000000) + i_32_b=00000000 (0.000000000000000000000000) 	| o_32_s=80000000 (-0.000000000000000000000000) 	| o_ov_flow=0, o_un_flow=1
# => PASS: expect=0.000000000000000000000000 (00000000), dut=-0.000000000000000000000000 (00000000), rounding_error=0.00000000 % (exp_error = 0.00001192 %)
# [ZERO][SUB]i_32_a=00000000 (0.000000000000000000000000) - i_32_b=80000000 (-0.000000000000000000000000) 	| o_32_s=00000000 (0.000000000000000000000000) 	| o_ov_flow=1, o_un_flow=1
# => PASS: expect=0.000000000000000000000000 (00000000), dut=0.000000000000000000000000 (00000000), rounding_error=0.00000000 % (exp_error = 0.00001192 %)
# [ZERO][SUB]i_32_a=80000000 (-0.000000000000000000000000) - i_32_b=00000000 (0.000000000000000000000000) 	| o_32_s=80000000 (-0.000000000000000000000000) 	| o_ov_flow=1, o_un_flow=1
# => PASS: expect=-0.000000000000000000000000 (80000000), dut=-0.000000000000000000000000 (80000000), rounding_error=0.00000000 % (exp_error = 0.00001192 %)
# ==========[ (0.0 & -0.0) ]==========
# [ZERO][ADD]i_32_a=4016a197 (2.353612661361694335937500) + i_32_b=4016a197 (2.353612661361694335937500) 	| o_32_s=4096a197 (4.707225322723388671875000) 	| o_ov_flow=1, o_un_flow=1
# => PASS: expect=4.707225322723388671875000 (4096a197), dut=4.707225322723388671875000 (4096a197), rounding_error=0.00000000 % (exp_error = 0.00001192 %)
# [ZERO][ADD]i_32_a=4016a197 (2.353612661361694335937500) + i_32_b=4016a197 (2.353612661361694335937500) 	| o_32_s=4096a197 (4.707225322723388671875000) 	| o_ov_flow=1, o_un_flow=1
# => PASS: expect=4.707225322723388671875000 (4096a197), dut=4.707225322723388671875000 (4096a197), rounding_error=0.00000000 % (exp_error = 0.00001192 %)
# [ZERO][SUB]i_32_a=4016a197 (2.353612661361694335937500) - i_32_b=4016a197 (2.353612661361694335937500) 	| o_32_s=00000000 (0.000000000000000000000000) 	| o_ov_flow=0, o_un_flow=1
# => PASS: expect=0.000000000000000000000000 (00000000), dut=0.000000000000000000000000 (00000000), rounding_error=0.00000000 % (exp_error = 0.00001192 %)
# [ZERO][SUB]i_32_a=4016a197 (2.353612661361694335937500) - i_32_b=4016a197 (2.353612661361694335937500) 	| o_32_s=00000000 (0.000000000000000000000000) 	| o_ov_flow=0, o_un_flow=1
# => PASS: expect=0.000000000000000000000000 (00000000), dut=0.000000000000000000000000 (00000000), rounding_error=0.00000000 % (exp_error = 0.00001192 %)
# ==========[ (0.0 & -0.0) ]==========
# [ZERO][ADD]i_32_a=40aed834 (5.463891983032226562500000) + i_32_b=40aed834 (5.463891983032226562500000) 	| o_32_s=412ed834 (10.927783966064453125000000) 	| o_ov_flow=1, o_un_flow=1
# => PASS: expect=10.927783966064453125000000 (412ed834), dut=10.927783966064453125000000 (412ed834), rounding_error=0.00000000 % (exp_error = 0.00001192 %)
# [ZERO][ADD]i_32_a=40aed834 (5.463891983032226562500000) + i_32_b=40aed834 (5.463891983032226562500000) 	| o_32_s=412ed834 (10.927783966064453125000000) 	| o_ov_flow=1, o_un_flow=1
# => PASS: expect=10.927783966064453125000000 (412ed834), dut=10.927783966064453125000000 (412ed834), rounding_error=0.00000000 % (exp_error = 0.00001192 %)
# [ZERO][SUB]i_32_a=40aed834 (5.463891983032226562500000) - i_32_b=40aed834 (5.463891983032226562500000) 	| o_32_s=00000000 (0.000000000000000000000000) 	| o_ov_flow=0, o_un_flow=1
# => PASS: expect=0.000000000000000000000000 (00000000), dut=0.000000000000000000000000 (00000000), rounding_error=0.00000000 % (exp_error = 0.00001192 %)
# [ZERO][SUB]i_32_a=40aed834 (5.463891983032226562500000) - i_32_b=40aed834 (5.463891983032226562500000) 	| o_32_s=00000000 (0.000000000000000000000000) 	| o_ov_flow=0, o_un_flow=1
# => PASS: expect=0.000000000000000000000000 (00000000), dut=0.000000000000000000000000 (00000000), rounding_error=0.00000000 % (exp_error = 0.00001192 %)
# ==========[ (inf & inf) ]==========
# [INF][ADD]i_32_a=7f800000 (inf) + i_32_b=7f800000 (inf) 	| o_32_s=7f800000 (inf) 	| o_ov_flow=1, o_un_flow=1
# => PASS: expect=inf (7f800000), dut=inf (7f800000), rounding_error=0.00000000 % (exp_error = 0.00001192 %)
# [INF][ADD]i_32_a=7f800000 (inf) + i_32_b=7f800000 (inf) 	| o_32_s=7f800000 (inf) 	| o_ov_flow=1, o_un_flow=1
# => PASS: expect=inf (7f800000), dut=inf (7f800000), rounding_error=0.00000000 % (exp_error = 0.00001192 %)
# [INF][SUB]i_32_a=7f800000 (inf) - i_32_b=7f800000 (inf) 	| o_32_s=7f800001 (nan) 	| o_ov_flow=0, o_un_flow=1
# => PASS: expect=-nan (ffc00000), dut=nan (ffc00000), rounding_error=0.00000000 % (exp_error = 0.00001192 %)
# [INF][SUB]i_32_a=7f800000 (inf) - i_32_b=7f800000 (inf) 	| o_32_s=7f800001 (nan) 	| o_ov_flow=0, o_un_flow=1
# => PASS: expect=-nan (ffc00000), dut=nan (ffc00000), rounding_error=0.00000000 % (exp_error = 0.00001192 %)
# ==========[ (-inf & -inf) ]==========
# [INF][ADD]i_32_a=ff800000 (-inf) + i_32_b=ff800000 (-inf) 	| o_32_s=ff800000 (-inf) 	| o_ov_flow=1, o_un_flow=1
# => PASS: expect=-inf (ff800000), dut=-inf (ff800000), rounding_error=0.00000000 % (exp_error = 0.00001192 %)
# [INF][ADD]i_32_a=ff800000 (-inf) + i_32_b=ff800000 (-inf) 	| o_32_s=ff800000 (-inf) 	| o_ov_flow=1, o_un_flow=1
# => PASS: expect=-inf (ff800000), dut=-inf (ff800000), rounding_error=0.00000000 % (exp_error = 0.00001192 %)
# [INF][SUB]i_32_a=ff800000 (-inf) - i_32_b=ff800000 (-inf) 	| o_32_s=ff800001 (-nan) 	| o_ov_flow=0, o_un_flow=1
# => PASS: expect=-nan (ffc00000), dut=-nan (ffc00000), rounding_error=0.00000000 % (exp_error = 0.00001192 %)
# [INF][SUB]i_32_a=ff800000 (-inf) - i_32_b=ff800000 (-inf) 	| o_32_s=ff800001 (-nan) 	| o_ov_flow=0, o_un_flow=1
# => PASS: expect=-nan (ffc00000), dut=-nan (ffc00000), rounding_error=0.00000000 % (exp_error = 0.00001192 %)
# ==========[ (inf & -inf) ]==========
# [INF][ADD]i_32_a=ff800000 (-inf) + i_32_b=7f800000 (inf) 	| o_32_s=ff800000 (-inf) 	| o_ov_flow=0, o_un_flow=1
# => PASS: expect=-nan (ffc00000), dut=-inf (ffc00000), rounding_error=0.00000000 % (exp_error = 0.00001192 %)
# [INF][ADD]i_32_a=7f800000 (inf) + i_32_b=ff800000 (-inf) 	| o_32_s=7f800001 (nan) 	| o_ov_flow=0, o_un_flow=1
# => PASS: expect=-nan (ffc00000), dut=nan (ffc00000), rounding_error=0.00000000 % (exp_error = 0.00001192 %)
# [INF][SUB]i_32_a=ff800000 (-inf) - i_32_b=7f800000 (inf) 	| o_32_s=ff800000 (-inf) 	| o_ov_flow=1, o_un_flow=1
# => PASS: expect=-inf (ff800000), dut=-inf (ff800000), rounding_error=0.00000000 % (exp_error = 0.00001192 %)
# [INF][SUB]i_32_a=7f800000 (inf) - i_32_b=ff800000 (-inf) 	| o_32_s=7f800000 (inf) 	| o_ov_flow=1, o_un_flow=1
# => PASS: expect=inf (7f800000), dut=inf (7f800000), rounding_error=0.00000000 % (exp_error = 0.00001192 %)
# ==========[ (inf & 0) ]==========
# [INF][ADD]i_32_a=7f800000 (inf) + i_32_b=00000000 (0.000000000000000000000000) 	| o_32_s=7f800000 (inf) 	| o_ov_flow=0, o_un_flow=0
# => PASS: expect=inf (7f800000), dut=inf (7f800000), rounding_error=0.00000000 % (exp_error = 0.00001192 %)
# [INF][ADD]i_32_a=00000000 (0.000000000000000000000000) + i_32_b=7f800000 (inf) 	| o_32_s=7f800000 (inf) 	| o_ov_flow=0, o_un_flow=0
# => PASS: expect=inf (7f800000), dut=inf (7f800000), rounding_error=0.00000000 % (exp_error = 0.00001192 %)
# [INF][SUB]i_32_a=7f800000 (inf) - i_32_b=00000000 (0.000000000000000000000000) 	| o_32_s=7f800000 (inf) 	| o_ov_flow=0, o_un_flow=0
# => PASS: expect=inf (7f800000), dut=inf (7f800000), rounding_error=0.00000000 % (exp_error = 0.00001192 %)
# [INF][SUB]i_32_a=00000000 (0.000000000000000000000000) - i_32_b=7f800000 (inf) 	| o_32_s=ff800000 (-inf) 	| o_ov_flow=0, o_un_flow=0
# => PASS: expect=-inf (ff800000), dut=-inf (ff800000), rounding_error=0.00000000 % (exp_error = 0.00001192 %)
# ==========[ (-inf & 0) ]==========
# [INF][ADD]i_32_a=ff800000 (-inf) + i_32_b=00000000 (0.000000000000000000000000) 	| o_32_s=ff800000 (-inf) 	| o_ov_flow=0, o_un_flow=0
# => PASS: expect=-inf (ff800000), dut=-inf (ff800000), rounding_error=0.00000000 % (exp_error = 0.00001192 %)
# [INF][ADD]i_32_a=00000000 (0.000000000000000000000000) + i_32_b=ff800000 (-inf) 	| o_32_s=ff800000 (-inf) 	| o_ov_flow=0, o_un_flow=0
# => PASS: expect=-inf (ff800000), dut=-inf (ff800000), rounding_error=0.00000000 % (exp_error = 0.00001192 %)
# [INF][SUB]i_32_a=ff800000 (-inf) - i_32_b=00000000 (0.000000000000000000000000) 	| o_32_s=ff800000 (-inf) 	| o_ov_flow=0, o_un_flow=0
# => PASS: expect=-inf (ff800000), dut=-inf (ff800000), rounding_error=0.00000000 % (exp_error = 0.00001192 %)
# [INF][SUB]i_32_a=00000000 (0.000000000000000000000000) - i_32_b=ff800000 (-inf) 	| o_32_s=7f800000 (inf) 	| o_ov_flow=0, o_un_flow=0
# => PASS: expect=inf (7f800000), dut=inf (7f800000), rounding_error=0.00000000 % (exp_error = 0.00001192 %)
# ==========[ (inf & Number) ]==========
# [INF][ADD]i_32_a=7f800000 (inf) + i_32_b=40533333 (3.299999952316284179687500) 	| o_32_s=7f800000 (inf) 	| o_ov_flow=0, o_un_flow=0
# => PASS: expect=inf (7f800000), dut=inf (7f800000), rounding_error=0.00000000 % (exp_error = 0.00001192 %)
# [INF][ADD]i_32_a=40533333 (3.299999952316284179687500) + i_32_b=7f800000 (inf) 	| o_32_s=7f800000 (inf) 	| o_ov_flow=0, o_un_flow=0
# => PASS: expect=inf (7f800000), dut=inf (7f800000), rounding_error=0.00000000 % (exp_error = 0.00001192 %)
# [INF][SUB]i_32_a=7f800000 (inf) - i_32_b=40533333 (3.299999952316284179687500) 	| o_32_s=7f800000 (inf) 	| o_ov_flow=0, o_un_flow=0
# => PASS: expect=inf (7f800000), dut=inf (7f800000), rounding_error=0.00000000 % (exp_error = 0.00001192 %)
# [INF][SUB]i_32_a=40533333 (3.299999952316284179687500) - i_32_b=7f800000 (inf) 	| o_32_s=ff800000 (-inf) 	| o_ov_flow=0, o_un_flow=0
# => PASS: expect=-inf (ff800000), dut=-inf (ff800000), rounding_error=0.00000000 % (exp_error = 0.00001192 %)
# ==========[ (-inf & Number) ]==========
# [INF][ADD]i_32_a=ff800000 (-inf) + i_32_b=40533333 (3.299999952316284179687500) 	| o_32_s=ff800000 (-inf) 	| o_ov_flow=0, o_un_flow=0
# => PASS: expect=-inf (ff800000), dut=-inf (ff800000), rounding_error=0.00000000 % (exp_error = 0.00001192 %)
# [INF][ADD]i_32_a=40533333 (3.299999952316284179687500) + i_32_b=ff800000 (-inf) 	| o_32_s=ff800000 (-inf) 	| o_ov_flow=0, o_un_flow=0
# => PASS: expect=-inf (ff800000), dut=-inf (ff800000), rounding_error=0.00000000 % (exp_error = 0.00001192 %)
# [INF][SUB]i_32_a=ff800000 (-inf) - i_32_b=40533333 (3.299999952316284179687500) 	| o_32_s=ff800000 (-inf) 	| o_ov_flow=0, o_un_flow=0
# => PASS: expect=-inf (ff800000), dut=-inf (ff800000), rounding_error=0.00000000 % (exp_error = 0.00001192 %)
# [INF][SUB]i_32_a=40533333 (3.299999952316284179687500) - i_32_b=ff800000 (-inf) 	| o_32_s=7f800000 (inf) 	| o_ov_flow=0, o_un_flow=0
# => PASS: expect=inf (7f800000), dut=inf (7f800000), rounding_error=0.00000000 % (exp_error = 0.00001192 %)
# ==========[ (inf & -Number) ]==========
# [INF][ADD]i_32_a=7f800000 (inf) + i_32_b=c00ccccd (-2.200000047683715820312500) 	| o_32_s=7f800000 (inf) 	| o_ov_flow=0, o_un_flow=0
# => PASS: expect=inf (7f800000), dut=inf (7f800000), rounding_error=0.00000000 % (exp_error = 0.00001192 %)
# [INF][ADD]i_32_a=c00ccccd (-2.200000047683715820312500) + i_32_b=7f800000 (inf) 	| o_32_s=7f800000 (inf) 	| o_ov_flow=0, o_un_flow=0
# => PASS: expect=inf (7f800000), dut=inf (7f800000), rounding_error=0.00000000 % (exp_error = 0.00001192 %)
# [INF][SUB]i_32_a=7f800000 (inf) - i_32_b=c00ccccd (-2.200000047683715820312500) 	| o_32_s=7f800000 (inf) 	| o_ov_flow=0, o_un_flow=0
# => PASS: expect=inf (7f800000), dut=inf (7f800000), rounding_error=0.00000000 % (exp_error = 0.00001192 %)
# [INF][SUB]i_32_a=c00ccccd (-2.200000047683715820312500) - i_32_b=7f800000 (inf) 	| o_32_s=ff800000 (-inf) 	| o_ov_flow=0, o_un_flow=0
# => PASS: expect=-inf (ff800000), dut=-inf (ff800000), rounding_error=0.00000000 % (exp_error = 0.00001192 %)
# ==========[ (-inf & -Number) ]==========
# [INF][ADD]i_32_a=ff800000 (-inf) + i_32_b=c00ccccd (-2.200000047683715820312500) 	| o_32_s=ff800000 (-inf) 	| o_ov_flow=0, o_un_flow=0
# => PASS: expect=-inf (ff800000), dut=-inf (ff800000), rounding_error=0.00000000 % (exp_error = 0.00001192 %)
# [INF][ADD]i_32_a=c00ccccd (-2.200000047683715820312500) + i_32_b=ff800000 (-inf) 	| o_32_s=ff800000 (-inf) 	| o_ov_flow=0, o_un_flow=0
# => PASS: expect=-inf (ff800000), dut=-inf (ff800000), rounding_error=0.00000000 % (exp_error = 0.00001192 %)
# [INF][SUB]i_32_a=ff800000 (-inf) - i_32_b=c00ccccd (-2.200000047683715820312500) 	| o_32_s=ff800000 (-inf) 	| o_ov_flow=0, o_un_flow=0
# => PASS: expect=-inf (ff800000), dut=-inf (ff800000), rounding_error=0.00000000 % (exp_error = 0.00001192 %)
# [INF][SUB]i_32_a=c00ccccd (-2.200000047683715820312500) - i_32_b=ff800000 (-inf) 	| o_32_s=7f800000 (inf) 	| o_ov_flow=0, o_un_flow=0
# => PASS: expect=inf (7f800000), dut=inf (7f800000), rounding_error=0.00000000 % (exp_error = 0.00001192 %)
# ==========[ (NaN & -Number) ]==========
# [NaN][ADD]i_32_a=7f800001 (nan) + i_32_b=c00ccccd (-2.200000047683715820312500) 	| o_32_s=7f800001 (nan) 	| o_ov_flow=0, o_un_flow=0
# => PASS: expect=nan (7fc00001), dut=nan (7fc00001), rounding_error=0.00000000 % (exp_error = 0.00001192 %)
# [NaN][ADD]i_32_a=c00ccccd (-2.200000047683715820312500) + i_32_b=7f800001 (nan) 	| o_32_s=7f800001 (nan) 	| o_ov_flow=0, o_un_flow=0
# => PASS: expect=nan (7fc00001), dut=nan (7fc00001), rounding_error=0.00000000 % (exp_error = 0.00001192 %)
# [NaN][SUB]i_32_a=7f800001 (nan) - i_32_b=c00ccccd (-2.200000047683715820312500) 	| o_32_s=7f800001 (nan) 	| o_ov_flow=0, o_un_flow=0
# => PASS: expect=nan (7fc00001), dut=nan (7fc00001), rounding_error=0.00000000 % (exp_error = 0.00001192 %)
# [NaN][SUB]i_32_a=c00ccccd (-2.200000047683715820312500) - i_32_b=7f800001 (nan) 	| o_32_s=ff800001 (-nan) 	| o_ov_flow=0, o_un_flow=0
# => PASS: expect=nan (7fc00001), dut=-nan (7fc00001), rounding_error=0.00000000 % (exp_error = 0.00001192 %)
# ==========[ (-NaN & -Number) ]==========
# [NaN][ADD]i_32_a=ff800001 (-nan) + i_32_b=c00ccccd (-2.200000047683715820312500) 	| o_32_s=ff800001 (-nan) 	| o_ov_flow=0, o_un_flow=0
# => PASS: expect=-nan (ffc00001), dut=-nan (ffc00001), rounding_error=0.00000000 % (exp_error = 0.00001192 %)
# [NaN][ADD]i_32_a=c00ccccd (-2.200000047683715820312500) + i_32_b=ff800001 (-nan) 	| o_32_s=ff800001 (-nan) 	| o_ov_flow=0, o_un_flow=0
# => PASS: expect=-nan (ffc00001), dut=-nan (ffc00001), rounding_error=0.00000000 % (exp_error = 0.00001192 %)
# [NaN][SUB]i_32_a=ff800001 (-nan) - i_32_b=c00ccccd (-2.200000047683715820312500) 	| o_32_s=ff800001 (-nan) 	| o_ov_flow=0, o_un_flow=0
# => PASS: expect=-nan (ffc00001), dut=-nan (ffc00001), rounding_error=0.00000000 % (exp_error = 0.00001192 %)
# [NaN][SUB]i_32_a=c00ccccd (-2.200000047683715820312500) - i_32_b=ff800001 (-nan) 	| o_32_s=7f800001 (nan) 	| o_ov_flow=0, o_un_flow=0
# => PASS: expect=-nan (ffc00001), dut=nan (ffc00001), rounding_error=0.00000000 % (exp_error = 0.00001192 %)
# ==========[ (NaN &  Number) ]==========
# [NaN][ADD]i_32_a=ff800001 (-nan) + i_32_b=40533333 (3.299999952316284179687500) 	| o_32_s=ff800001 (-nan) 	| o_ov_flow=0, o_un_flow=0
# => PASS: expect=-nan (ffc00001), dut=-nan (ffc00001), rounding_error=0.00000000 % (exp_error = 0.00001192 %)
# [NaN][ADD]i_32_a=40533333 (3.299999952316284179687500) + i_32_b=ff800001 (-nan) 	| o_32_s=ff800001 (-nan) 	| o_ov_flow=0, o_un_flow=0
# => PASS: expect=-nan (ffc00001), dut=-nan (ffc00001), rounding_error=0.00000000 % (exp_error = 0.00001192 %)
# [NaN][SUB]i_32_a=ff800001 (-nan) - i_32_b=40533333 (3.299999952316284179687500) 	| o_32_s=ff800001 (-nan) 	| o_ov_flow=0, o_un_flow=0
# => PASS: expect=-nan (ffc00001), dut=-nan (ffc00001), rounding_error=0.00000000 % (exp_error = 0.00001192 %)
# [NaN][SUB]i_32_a=40533333 (3.299999952316284179687500) - i_32_b=ff800001 (-nan) 	| o_32_s=7f800001 (nan) 	| o_ov_flow=0, o_un_flow=0
# => PASS: expect=-nan (ffc00001), dut=nan (ffc00001), rounding_error=0.00000000 % (exp_error = 0.00001192 %)
# ==========[ (-NaN &  Number) ]==========
# [NaN][ADD]i_32_a=7f800001 (nan) + i_32_b=40533333 (3.299999952316284179687500) 	| o_32_s=7f800001 (nan) 	| o_ov_flow=0, o_un_flow=0
# => PASS: expect=nan (7fc00001), dut=nan (7fc00001), rounding_error=0.00000000 % (exp_error = 0.00001192 %)
# [NaN][ADD]i_32_a=40533333 (3.299999952316284179687500) + i_32_b=7f800001 (nan) 	| o_32_s=7f800001 (nan) 	| o_ov_flow=0, o_un_flow=0
# => PASS: expect=nan (7fc00001), dut=nan (7fc00001), rounding_error=0.00000000 % (exp_error = 0.00001192 %)
# [NaN][SUB]i_32_a=7f800001 (nan) - i_32_b=40533333 (3.299999952316284179687500) 	| o_32_s=7f800001 (nan) 	| o_ov_flow=0, o_un_flow=0
# => PASS: expect=nan (7fc00001), dut=nan (7fc00001), rounding_error=0.00000000 % (exp_error = 0.00001192 %)
# [NaN][SUB]i_32_a=40533333 (3.299999952316284179687500) - i_32_b=7f800001 (nan) 	| o_32_s=ff800001 (-nan) 	| o_ov_flow=0, o_un_flow=0
# => PASS: expect=nan (7fc00001), dut=-nan (7fc00001), rounding_error=0.00000000 % (exp_error = 0.00001192 %)
# ==========[ APPR INF ]==========
# [APPRO][ADD]i_32_a=7f21616f (214511611464115339152897452993962573824.000000000000000000000000) + i_32_b=007fffff (0.000000000000000000000000) 	| o_32_s=7f21616f (214511611464115339152897452993962573824.000000000000000000000000) 	| o_ov_flow=0, o_un_flow=0
# => PASS: expect=214511611464115339152897452993962573824.000000000000000000000000 (7f21616f), dut=214511611464115339152897452993962573824.000000000000000000000000 (7f21616f), rounding_error=0.00000000 % (exp_error = 0.00001192 %)
# [APPRO][ADD]i_32_a=007fffff (0.000000000000000000000000) + i_32_b=7f21616f (214511611464115339152897452993962573824.000000000000000000000000) 	| o_32_s=7f21616f (214511611464115339152897452993962573824.000000000000000000000000) 	| o_ov_flow=0, o_un_flow=0
# => PASS: expect=214511611464115339152897452993962573824.000000000000000000000000 (7f21616f), dut=214511611464115339152897452993962573824.000000000000000000000000 (7f21616f), rounding_error=0.00000000 % (exp_error = 0.00001192 %)
# [APPRO][SUB]i_32_a=7f21616f (214511611464115339152897452993962573824.000000000000000000000000) - i_32_b=007fffff (0.000000000000000000000000) 	| o_32_s=7f21616f (214511611464115339152897452993962573824.000000000000000000000000) 	| o_ov_flow=0, o_un_flow=0
# => PASS: expect=214511611464115339152897452993962573824.000000000000000000000000 (7f21616f), dut=214511611464115339152897452993962573824.000000000000000000000000 (7f21616f), rounding_error=0.00000000 % (exp_error = 0.00001192 %)
# [APPRO][SUB]i_32_a=007fffff (0.000000000000000000000000) - i_32_b=7f21616f (214511611464115339152897452993962573824.000000000000000000000000) 	| o_32_s=ff21616f (-214511611464115339152897452993962573824.000000000000000000000000) 	| o_ov_flow=0, o_un_flow=0
# => PASS: expect=-214511611464115339152897452993962573824.000000000000000000000000 (ff21616f), dut=-214511611464115339152897452993962573824.000000000000000000000000 (ff21616f), rounding_error=0.00000000 % (exp_error = 0.00001192 %)
# ==========[ APPR INF ]==========
# [APPRO][ADD]i_32_a=7f7fffff (340282346638528859811704183484516925440.000000000000000000000000) + i_32_b=00ffffff (0.000000000000000000000000) 	| o_32_s=7f7fffff (340282346638528859811704183484516925440.000000000000000000000000) 	| o_ov_flow=0, o_un_flow=0
# => PASS: expect=340282346638528859811704183484516925440.000000000000000000000000 (7f7fffff), dut=340282346638528859811704183484516925440.000000000000000000000000 (7f7fffff), rounding_error=0.00000000 % (exp_error = 0.00001192 %)
# [APPRO][ADD]i_32_a=00ffffff (0.000000000000000000000000) + i_32_b=7f7fffff (340282346638528859811704183484516925440.000000000000000000000000) 	| o_32_s=7f7fffff (340282346638528859811704183484516925440.000000000000000000000000) 	| o_ov_flow=0, o_un_flow=0
# => PASS: expect=340282346638528859811704183484516925440.000000000000000000000000 (7f7fffff), dut=340282346638528859811704183484516925440.000000000000000000000000 (7f7fffff), rounding_error=0.00000000 % (exp_error = 0.00001192 %)
# [APPRO][SUB]i_32_a=7f7fffff (340282346638528859811704183484516925440.000000000000000000000000) - i_32_b=00ffffff (0.000000000000000000000000) 	| o_32_s=7f7fffff (340282346638528859811704183484516925440.000000000000000000000000) 	| o_ov_flow=0, o_un_flow=0
# => PASS: expect=340282346638528859811704183484516925440.000000000000000000000000 (7f7fffff), dut=340282346638528859811704183484516925440.000000000000000000000000 (7f7fffff), rounding_error=0.00000000 % (exp_error = 0.00001192 %)
# [APPRO][SUB]i_32_a=00ffffff (0.000000000000000000000000) - i_32_b=7f7fffff (340282346638528859811704183484516925440.000000000000000000000000) 	| o_32_s=ff7fffff (-340282346638528859811704183484516925440.000000000000000000000000) 	| o_ov_flow=0, o_un_flow=0
# => PASS: expect=-340282346638528859811704183484516925440.000000000000000000000000 (ff7fffff), dut=-340282346638528859811704183484516925440.000000000000000000000000 (ff7fffff), rounding_error=0.00000000 % (exp_error = 0.00001192 %)
# ==========[ APPR INF ]==========
# [APPRO][ADD]i_32_a=7f7fffff (340282346638528859811704183484516925440.000000000000000000000000) + i_32_b=007fffff (0.000000000000000000000000) 	| o_32_s=7f7fffff (340282346638528859811704183484516925440.000000000000000000000000) 	| o_ov_flow=0, o_un_flow=0
# => PASS: expect=340282346638528859811704183484516925440.000000000000000000000000 (7f7fffff), dut=340282346638528859811704183484516925440.000000000000000000000000 (7f7fffff), rounding_error=0.00000000 % (exp_error = 0.00001192 %)
# [APPRO][ADD]i_32_a=007fffff (0.000000000000000000000000) + i_32_b=7f7fffff (340282346638528859811704183484516925440.000000000000000000000000) 	| o_32_s=7f7fffff (340282346638528859811704183484516925440.000000000000000000000000) 	| o_ov_flow=0, o_un_flow=0
# => PASS: expect=340282346638528859811704183484516925440.000000000000000000000000 (7f7fffff), dut=340282346638528859811704183484516925440.000000000000000000000000 (7f7fffff), rounding_error=0.00000000 % (exp_error = 0.00001192 %)
# [APPRO][SUB]i_32_a=7f7fffff (340282346638528859811704183484516925440.000000000000000000000000) - i_32_b=007fffff (0.000000000000000000000000) 	| o_32_s=7f7fffff (340282346638528859811704183484516925440.000000000000000000000000) 	| o_ov_flow=0, o_un_flow=0
# => PASS: expect=340282346638528859811704183484516925440.000000000000000000000000 (7f7fffff), dut=340282346638528859811704183484516925440.000000000000000000000000 (7f7fffff), rounding_error=0.00000000 % (exp_error = 0.00001192 %)
# [APPRO][SUB]i_32_a=007fffff (0.000000000000000000000000) - i_32_b=7f7fffff (340282346638528859811704183484516925440.000000000000000000000000) 	| o_32_s=ff7fffff (-340282346638528859811704183484516925440.000000000000000000000000) 	| o_ov_flow=0, o_un_flow=0
# => PASS: expect=-340282346638528859811704183484516925440.000000000000000000000000 (ff7fffff), dut=-340282346638528859811704183484516925440.000000000000000000000000 (ff7fffff), rounding_error=0.00000000 % (exp_error = 0.00001192 %)
# ==========[ APPR ZERO ]==========
# [APPRO][ADD]i_32_a=00ffffff (0.000000000000000000000000) + i_32_b=007fffff (0.000000000000000000000000) 	| o_32_s=013fffff (0.000000000000000000000000) 	| o_ov_flow=1, o_un_flow=1
# => PASS: expect=0.000000000000000000000000 (013fffff), dut=0.000000000000000000000000 (013fffff), rounding_error=0.00000000 % (exp_error = 0.00001192 %)
# [APPRO][ADD]i_32_a=007fffff (0.000000000000000000000000) + i_32_b=00ffffff (0.000000000000000000000000) 	| o_32_s=013fffff (0.000000000000000000000000) 	| o_ov_flow=1, o_un_flow=1
# => PASS: expect=0.000000000000000000000000 (013fffff), dut=0.000000000000000000000000 (013fffff), rounding_error=0.00000000 % (exp_error = 0.00001192 %)
# [APPRO][SUB]i_32_a=00ffffff (0.000000000000000000000000) - i_32_b=007fffff (0.000000000000000000000000) 	| o_32_s=007fffff (0.000000000000000000000000) 	| o_ov_flow=0, o_un_flow=1
# => PASS: expect=0.000000000000000000000000 (00800000), dut=0.000000000000000000000000 (00800000), rounding_error=0.00001192 % (exp_error = 0.00001192 %)
# [APPRO][SUB]i_32_a=007fffff (0.000000000000000000000000) - i_32_b=00ffffff (0.000000000000000000000000) 	| o_32_s=807fffff (-0.000000000000000000000000) 	| o_ov_flow=0, o_un_flow=1
# => PASS: expect=-0.000000000000000000000000 (80800000), dut=-0.000000000000000000000000 (80800000), rounding_error=0.00001192 % (exp_error = 0.00001192 %)
# ==========[ APPR ZERO ]==========
# [APPRO][ADD]i_32_a=00ffffff (0.000000000000000000000000) + i_32_b=00ffffff (0.000000000000000000000000) 	| o_32_s=017fffff (0.000000000000000000000000) 	| o_ov_flow=1, o_un_flow=0
# => PASS: expect=0.000000000000000000000000 (017fffff), dut=0.000000000000000000000000 (017fffff), rounding_error=0.00000000 % (exp_error = 0.00001192 %)
# [APPRO][ADD]i_32_a=00ffffff (0.000000000000000000000000) + i_32_b=00ffffff (0.000000000000000000000000) 	| o_32_s=017fffff (0.000000000000000000000000) 	| o_ov_flow=1, o_un_flow=0
# => PASS: expect=0.000000000000000000000000 (017fffff), dut=0.000000000000000000000000 (017fffff), rounding_error=0.00000000 % (exp_error = 0.00001192 %)
# [APPRO][SUB]i_32_a=00ffffff (0.000000000000000000000000) - i_32_b=00ffffff (0.000000000000000000000000) 	| o_32_s=00000000 (0.000000000000000000000000) 	| o_ov_flow=0, o_un_flow=1
# => PASS: expect=0.000000000000000000000000 (00000000), dut=0.000000000000000000000000 (00000000), rounding_error=0.00000000 % (exp_error = 0.00001192 %)
# [APPRO][SUB]i_32_a=00ffffff (0.000000000000000000000000) - i_32_b=00ffffff (0.000000000000000000000000) 	| o_32_s=00000000 (0.000000000000000000000000) 	| o_ov_flow=0, o_un_flow=1
# => PASS: expect=0.000000000000000000000000 (00000000), dut=0.000000000000000000000000 (00000000), rounding_error=0.00000000 % (exp_error = 0.00001192 %)
# ==========[ (-A + B) ]==========
# [SIGN][ADD]i_32_a=c00ccccd (-2.200000047683715820312500) + i_32_b=40533333 (3.299999952316284179687500) 	| o_32_s=3f8ccccc (1.099999904632568359375000) 	| o_ov_flow=0, o_un_flow=1
# => PASS: expect=1.099999904632568359375000 (3f8ccccc), dut=1.099999904632568359375000 (3f8ccccc), rounding_error=0.00000000 % (exp_error = 0.00001192 %)
# [SIGN][ADD]i_32_a=40533333 (3.299999952316284179687500) + i_32_b=c00ccccd (-2.200000047683715820312500) 	| o_32_s=3f8ccccc (1.099999904632568359375000) 	| o_ov_flow=0, o_un_flow=1
# => PASS: expect=1.099999904632568359375000 (3f8ccccc), dut=1.099999904632568359375000 (3f8ccccc), rounding_error=0.00000000 % (exp_error = 0.00001192 %)
# [SIGN][SUB]i_32_a=c00ccccd (-2.200000047683715820312500) - i_32_b=40533333 (3.299999952316284179687500) 	| o_32_s=c0b00000 (-5.500000000000000000000000) 	| o_ov_flow=1, o_un_flow=1
# => PASS: expect=-5.500000000000000000000000 (c0b00000), dut=-5.500000000000000000000000 (c0b00000), rounding_error=0.00000000 % (exp_error = 0.00001192 %)
# [SIGN][SUB]i_32_a=40533333 (3.299999952316284179687500) - i_32_b=c00ccccd (-2.200000047683715820312500) 	| o_32_s=40b00000 (5.500000000000000000000000) 	| o_ov_flow=1, o_un_flow=1
# => PASS: expect=5.500000000000000000000000 (40b00000), dut=5.500000000000000000000000 (40b00000), rounding_error=0.00000000 % (exp_error = 0.00001192 %)
# ==========[ TEST SIGN ]==========
# [SIGN][ADD]i_32_a=c00ccccd (-2.200000047683715820312500) + i_32_b=c0533333 (-3.299999952316284179687500) 	| o_32_s=c0b00000 (-5.500000000000000000000000) 	| o_ov_flow=1, o_un_flow=1
# => PASS: expect=-5.500000000000000000000000 (c0b00000), dut=-5.500000000000000000000000 (c0b00000), rounding_error=0.00000000 % (exp_error = 0.00001192 %)
# [SIGN][ADD]i_32_a=c0533333 (-3.299999952316284179687500) + i_32_b=c00ccccd (-2.200000047683715820312500) 	| o_32_s=c0b00000 (-5.500000000000000000000000) 	| o_ov_flow=1, o_un_flow=1
# => PASS: expect=-5.500000000000000000000000 (c0b00000), dut=-5.500000000000000000000000 (c0b00000), rounding_error=0.00000000 % (exp_error = 0.00001192 %)
# [SIGN][SUB]i_32_a=c00ccccd (-2.200000047683715820312500) - i_32_b=c0533333 (-3.299999952316284179687500) 	| o_32_s=3f8ccccc (1.099999904632568359375000) 	| o_ov_flow=0, o_un_flow=1
# => PASS: expect=1.099999904632568359375000 (3f8ccccc), dut=1.099999904632568359375000 (3f8ccccc), rounding_error=0.00000000 % (exp_error = 0.00001192 %)
# [SIGN][SUB]i_32_a=c0533333 (-3.299999952316284179687500) - i_32_b=c00ccccd (-2.200000047683715820312500) 	| o_32_s=bf8ccccc (-1.099999904632568359375000) 	| o_ov_flow=0, o_un_flow=1
# => PASS: expect=-1.099999904632568359375000 (bf8ccccc), dut=-1.099999904632568359375000 (bf8ccccc), rounding_error=0.00000000 % (exp_error = 0.00001192 %)
# ==========[ TEST SIGN ]==========
# [SIGN][ADD]i_32_a=c00ccccd (-2.200000047683715820312500) + i_32_b=c1b1999a (-22.200000762939453125000000) 	| o_32_s=c1c33333 (-24.399999618530273437500000) 	| o_ov_flow=0, o_un_flow=0
# => PASS: expect=-24.400000810623168945312500 (c1c33334), dut=-24.399999618530273437500000 (c1c33334), rounding_error=0.00000489 % (exp_error = 0.00001192 %)
# [SIGN][ADD]i_32_a=c1b1999a (-22.200000762939453125000000) + i_32_b=c00ccccd (-2.200000047683715820312500) 	| o_32_s=c1c33333 (-24.399999618530273437500000) 	| o_ov_flow=0, o_un_flow=0
# => PASS: expect=-24.400000810623168945312500 (c1c33334), dut=-24.399999618530273437500000 (c1c33334), rounding_error=0.00000489 % (exp_error = 0.00001192 %)
# [SIGN][SUB]i_32_a=c00ccccd (-2.200000047683715820312500) - i_32_b=c1b1999a (-22.200000762939453125000000) 	| o_32_s=41a00001 (20.000001907348632812500000) 	| o_ov_flow=0, o_un_flow=0
# => PASS: expect=20.000000715255737304687500 (41a00000), dut=20.000001907348632812500000 (41a00000), rounding_error=0.00000596 % (exp_error = 0.00001192 %)
# [SIGN][SUB]i_32_a=c1b1999a (-22.200000762939453125000000) - i_32_b=c00ccccd (-2.200000047683715820312500) 	| o_32_s=c1a00001 (-20.000001907348632812500000) 	| o_ov_flow=0, o_un_flow=0
# => PASS: expect=-20.000000715255737304687500 (c1a00000), dut=-20.000001907348632812500000 (c1a00000), rounding_error=0.00000596 % (exp_error = 0.00001192 %)
# ==========[ Overflow rouding ]==========
# [PRE_NOR_EXP][ADD]i_32_a=0cffffff (0.000000000000000000000000) + i_32_b=00f80000 (0.000000000000000000000000) 	| o_32_s=0d000000 (0.000000000000000000000000) 	| o_ov_flow=1, o_un_flow=0
# => PASS: expect=0.000000000000000000000000 (0d000000), dut=0.000000000000000000000000 (0d000000), rounding_error=0.00000019 % (exp_error = 0.00001192 %)
# [PRE_NOR_EXP][ADD]i_32_a=00f80000 (0.000000000000000000000000) + i_32_b=0cffffff (0.000000000000000000000000) 	| o_32_s=0d000000 (0.000000000000000000000000) 	| o_ov_flow=1, o_un_flow=0
# => PASS: expect=0.000000000000000000000000 (0d000000), dut=0.000000000000000000000000 (0d000000), rounding_error=0.00000019 % (exp_error = 0.00001192 %)
# [PRE_NOR_EXP][SUB]i_32_a=0cffffff (0.000000000000000000000000) - i_32_b=00f80000 (0.000000000000000000000000) 	| o_32_s=0cfffffe (0.000000000000000000000000) 	| o_ov_flow=0, o_un_flow=0
# => PASS: expect=0.000000000000000000000000 (0cfffffe), dut=0.000000000000000000000000 (0cfffffe), rounding_error=0.00000019 % (exp_error = 0.00001192 %)
# [PRE_NOR_EXP][SUB]i_32_a=00f80000 (0.000000000000000000000000) - i_32_b=0cffffff (0.000000000000000000000000) 	| o_32_s=8cfffffe (-0.000000000000000000000000) 	| o_ov_flow=0, o_un_flow=0
# => PASS: expect=-0.000000000000000000000000 (8cfffffe), dut=-0.000000000000000000000000 (8cfffffe), rounding_error=0.00000019 % (exp_error = 0.00001192 %)
# ==========[ Read data from ROM ]==========
# [Random][ADD]i_32_a=5110783b (38780776448.000000000000000000000000) + i_32_b=5177b21a (66490310656.000000000000000000000000) 	| o_32_s=51c4152a (105271083008.000000000000000000000000) 	| o_ov_flow=1, o_un_flow=0
# => PASS: expect=105271087104.000000000000000000000000 (51c4152a), dut=105271083008.000000000000000000000000 (51c4152a), rounding_error=0.00000389 % (exp_error = 0.00001192 %)
# [Random][ADD]i_32_a=5177b21a (66490310656.000000000000000000000000) + i_32_b=5110783b (38780776448.000000000000000000000000) 	| o_32_s=51c4152a (105271083008.000000000000000000000000) 	| o_ov_flow=1, o_un_flow=0
# => PASS: expect=105271087104.000000000000000000000000 (51c4152a), dut=105271083008.000000000000000000000000 (51c4152a), rounding_error=0.00000389 % (exp_error = 0.00001192 %)
# [Random][SUB]i_32_a=5110783b (38780776448.000000000000000000000000) - i_32_b=5177b21a (66490310656.000000000000000000000000) 	| o_32_s=d0ce73be (-27709534208.000000000000000000000000) 	| o_ov_flow=0, o_un_flow=1
# => PASS: expect=-27709534208.000000000000000000000000 (d0ce73be), dut=-27709534208.000000000000000000000000 (d0ce73be), rounding_error=0.00000000 % (exp_error = 0.00001192 %)
# [Random][SUB]i_32_a=5177b21a (66490310656.000000000000000000000000) - i_32_b=5110783b (38780776448.000000000000000000000000) 	| o_32_s=50ce73be (27709534208.000000000000000000000000) 	| o_ov_flow=0, o_un_flow=1
# => PASS: expect=27709534208.000000000000000000000000 (50ce73be), dut=27709534208.000000000000000000000000 (50ce73be), rounding_error=0.00000000 % (exp_error = 0.00001192 %)
# ==========[ Read data from ROM ]==========
# [Random][ADD]i_32_a=5110783b (38780776448.000000000000000000000000) + i_32_b=5177b21a (66490310656.000000000000000000000000) 	| o_32_s=51c4152a (105271083008.000000000000000000000000) 	| o_ov_flow=1, o_un_flow=0
# => PASS: expect=105271087104.000000000000000000000000 (51c4152a), dut=105271083008.000000000000000000000000 (51c4152a), rounding_error=0.00000389 % (exp_error = 0.00001192 %)
# [Random][ADD]i_32_a=5177b21a (66490310656.000000000000000000000000) + i_32_b=5110783b (38780776448.000000000000000000000000) 	| o_32_s=51c4152a (105271083008.000000000000000000000000) 	| o_ov_flow=1, o_un_flow=0
# => PASS: expect=105271087104.000000000000000000000000 (51c4152a), dut=105271083008.000000000000000000000000 (51c4152a), rounding_error=0.00000389 % (exp_error = 0.00001192 %)
# [Random][SUB]i_32_a=5110783b (38780776448.000000000000000000000000) - i_32_b=5177b21a (66490310656.000000000000000000000000) 	| o_32_s=d0ce73be (-27709534208.000000000000000000000000) 	| o_ov_flow=0, o_un_flow=1
# => PASS: expect=-27709534208.000000000000000000000000 (d0ce73be), dut=-27709534208.000000000000000000000000 (d0ce73be), rounding_error=0.00000000 % (exp_error = 0.00001192 %)
# [Random][SUB]i_32_a=5177b21a (66490310656.000000000000000000000000) - i_32_b=5110783b (38780776448.000000000000000000000000) 	| o_32_s=50ce73be (27709534208.000000000000000000000000) 	| o_ov_flow=0, o_un_flow=1
# => PASS: expect=27709534208.000000000000000000000000 (50ce73be), dut=27709534208.000000000000000000000000 (50ce73be), rounding_error=0.00000000 % (exp_error = 0.00001192 %)
# ==========[ Read data from ROM ]==========
# [Random][ADD]i_32_a=5018c9da (10253461504.000000000000000000000000) + i_32_b=5203778f (141161644032.000000000000000000000000) 	| o_32_s=520d042c (151415095296.000000000000000000000000) 	| o_ov_flow=0, o_un_flow=0
# => PASS: expect=151415105536.000000000000000000000000 (520d042d), dut=151415095296.000000000000000000000000 (520d042d), rounding_error=0.00000676 % (exp_error = 0.00001192 %)
# [Random][ADD]i_32_a=5203778f (141161644032.000000000000000000000000) + i_32_b=5018c9da (10253461504.000000000000000000000000) 	| o_32_s=520d042c (151415095296.000000000000000000000000) 	| o_ov_flow=0, o_un_flow=0
# => PASS: expect=151415105536.000000000000000000000000 (520d042d), dut=151415095296.000000000000000000000000 (520d042d), rounding_error=0.00000676 % (exp_error = 0.00001192 %)
# [Random][SUB]i_32_a=5018c9da (10253461504.000000000000000000000000) - i_32_b=5203778f (141161644032.000000000000000000000000) 	| o_32_s=d1f3d5e3 (-130908184576.000000000000000000000000) 	| o_ov_flow=0, o_un_flow=1
# => PASS: expect=-130908182528.000000000000000000000000 (d1f3d5e3), dut=-130908184576.000000000000000000000000 (d1f3d5e3), rounding_error=0.00000156 % (exp_error = 0.00001192 %)
# [Random][SUB]i_32_a=5203778f (141161644032.000000000000000000000000) - i_32_b=5018c9da (10253461504.000000000000000000000000) 	| o_32_s=51f3d5e3 (130908184576.000000000000000000000000) 	| o_ov_flow=0, o_un_flow=1
# => PASS: expect=130908182528.000000000000000000000000 (51f3d5e3), dut=130908184576.000000000000000000000000 (51f3d5e3), rounding_error=0.00000156 % (exp_error = 0.00001192 %)
# ==========[ Read data from ROM ]==========
# [Random][ADD]i_32_a=510d38a4 (37908791296.000000000000000000000000) + i_32_b=d02cf5b3 (-11607133184.000000000000000000000000) 	| o_32_s=50c3f66e (26301657088.000000000000000000000000) 	| o_ov_flow=0, o_un_flow=1
# => PASS: expect=26301658112.000000000000000000000000 (50c3f66e), dut=26301657088.000000000000000000000000 (50c3f66e), rounding_error=0.00000389 % (exp_error = 0.00001192 %)
# [Random][ADD]i_32_a=d02cf5b3 (-11607133184.000000000000000000000000) + i_32_b=510d38a4 (37908791296.000000000000000000000000) 	| o_32_s=50c3f66e (26301657088.000000000000000000000000) 	| o_ov_flow=0, o_un_flow=1
# => PASS: expect=26301658112.000000000000000000000000 (50c3f66e), dut=26301657088.000000000000000000000000 (50c3f66e), rounding_error=0.00000389 % (exp_error = 0.00001192 %)
# [Random][SUB]i_32_a=510d38a4 (37908791296.000000000000000000000000) - i_32_b=d02cf5b3 (-11607133184.000000000000000000000000) 	| o_32_s=51387611 (49515925504.000000000000000000000000) 	| o_ov_flow=0, o_un_flow=0
# => PASS: expect=49515924480.000000000000000000000000 (51387611), dut=49515925504.000000000000000000000000 (51387611), rounding_error=0.00000207 % (exp_error = 0.00001192 %)
# [Random][SUB]i_32_a=d02cf5b3 (-11607133184.000000000000000000000000) - i_32_b=510d38a4 (37908791296.000000000000000000000000) 	| o_32_s=d1387611 (-49515925504.000000000000000000000000) 	| o_ov_flow=0, o_un_flow=0
# => PASS: expect=-49515924480.000000000000000000000000 (d1387611), dut=-49515925504.000000000000000000000000 (d1387611), rounding_error=0.00000207 % (exp_error = 0.00001192 %)
# ==========[ Read data from ROM ]==========
# [Random][ADD]i_32_a=50d6594e (28769415168.000000000000000000000000) + i_32_b=52024077 (139856822272.000000000000000000000000) 	| o_32_s=521d0ba1 (168626241536.000000000000000000000000) 	| o_ov_flow=0, o_un_flow=0
# => PASS: expect=168626237440.000000000000000000000000 (521d0ba1), dut=168626241536.000000000000000000000000 (521d0ba1), rounding_error=0.00000243 % (exp_error = 0.00001192 %)
# [Random][ADD]i_32_a=52024077 (139856822272.000000000000000000000000) + i_32_b=50d6594e (28769415168.000000000000000000000000) 	| o_32_s=521d0ba1 (168626241536.000000000000000000000000) 	| o_ov_flow=0, o_un_flow=0
# => PASS: expect=168626237440.000000000000000000000000 (521d0ba1), dut=168626241536.000000000000000000000000 (521d0ba1), rounding_error=0.00000243 % (exp_error = 0.00001192 %)
# [Random][SUB]i_32_a=50d6594e (28769415168.000000000000000000000000) - i_32_b=52024077 (139856822272.000000000000000000000000) 	| o_32_s=d1ceea9a (-111087403008.000000000000000000000000) 	| o_ov_flow=0, o_un_flow=1
# => PASS: expect=-111087407104.000000000000000000000000 (d1ceea9a), dut=-111087403008.000000000000000000000000 (d1ceea9a), rounding_error=0.00000369 % (exp_error = 0.00001192 %)
# [Random][SUB]i_32_a=52024077 (139856822272.000000000000000000000000) - i_32_b=50d6594e (28769415168.000000000000000000000000) 	| o_32_s=51ceea9a (111087403008.000000000000000000000000) 	| o_ov_flow=0, o_un_flow=1
# => PASS: expect=111087407104.000000000000000000000000 (51ceea9a), dut=111087403008.000000000000000000000000 (51ceea9a), rounding_error=0.00000369 % (exp_error = 0.00001192 %)
# ==========[ Read data from ROM ]==========
# [Random][ADD]i_32_a=50ac0ea1 (23093118976.000000000000000000000000) + i_32_b=502905d8 (11342929920.000000000000000000000000) 	| o_32_s=510048c6 (34436046848.000000000000000000000000) 	| o_ov_flow=1, o_un_flow=1
# => PASS: expect=34436048896.000000000000000000000000 (510048c6), dut=34436046848.000000000000000000000000 (510048c6), rounding_error=0.00000595 % (exp_error = 0.00001192 %)
# [Random][ADD]i_32_a=502905d8 (11342929920.000000000000000000000000) + i_32_b=50ac0ea1 (23093118976.000000000000000000000000) 	| o_32_s=510048c6 (34436046848.000000000000000000000000) 	| o_ov_flow=1, o_un_flow=1
# => PASS: expect=34436048896.000000000000000000000000 (510048c6), dut=34436046848.000000000000000000000000 (510048c6), rounding_error=0.00000595 % (exp_error = 0.00001192 %)
# [Random][SUB]i_32_a=50ac0ea1 (23093118976.000000000000000000000000) - i_32_b=502905d8 (11342929920.000000000000000000000000) 	| o_32_s=502f176a (11750189056.000000000000000000000000) 	| o_ov_flow=0, o_un_flow=1
# => PASS: expect=11750189056.000000000000000000000000 (502f176a), dut=11750189056.000000000000000000000000 (502f176a), rounding_error=0.00000000 % (exp_error = 0.00001192 %)
# [Random][SUB]i_32_a=502905d8 (11342929920.000000000000000000000000) - i_32_b=50ac0ea1 (23093118976.000000000000000000000000) 	| o_32_s=d02f176a (-11750189056.000000000000000000000000) 	| o_ov_flow=0, o_un_flow=1
# => PASS: expect=-11750189056.000000000000000000000000 (d02f176a), dut=-11750189056.000000000000000000000000 (d02f176a), rounding_error=0.00000000 % (exp_error = 0.00001192 %)
# ==========[ Read data from ROM ]==========
# [Random][ADD]i_32_a=5109e83a (37019164672.000000000000000000000000) + i_32_b=5209db8a (148023443456.000000000000000000000000) 	| o_32_s=522c5598 (185042599936.000000000000000000000000) 	| o_ov_flow=0, o_un_flow=0
# => PASS: expect=185042608128.000000000000000000000000 (522c5598), dut=185042599936.000000000000000000000000 (522c5598), rounding_error=0.00000443 % (exp_error = 0.00001192 %)
# [Random][ADD]i_32_a=5209db8a (148023443456.000000000000000000000000) + i_32_b=5109e83a (37019164672.000000000000000000000000) 	| o_32_s=522c5598 (185042599936.000000000000000000000000) 	| o_ov_flow=0, o_un_flow=0
# => PASS: expect=185042608128.000000000000000000000000 (522c5598), dut=185042599936.000000000000000000000000 (522c5598), rounding_error=0.00000443 % (exp_error = 0.00001192 %)
# [Random][SUB]i_32_a=5109e83a (37019164672.000000000000000000000000) - i_32_b=5209db8a (148023443456.000000000000000000000000) 	| o_32_s=d1cec2f7 (-111004278784.000000000000000000000000) 	| o_ov_flow=0, o_un_flow=1
# => PASS: expect=-111004278784.000000000000000000000000 (d1cec2f7), dut=-111004278784.000000000000000000000000 (d1cec2f7), rounding_error=0.00000000 % (exp_error = 0.00001192 %)
# [Random][SUB]i_32_a=5209db8a (148023443456.000000000000000000000000) - i_32_b=5109e83a (37019164672.000000000000000000000000) 	| o_32_s=51cec2f7 (111004278784.000000000000000000000000) 	| o_ov_flow=0, o_un_flow=1
# => PASS: expect=111004278784.000000000000000000000000 (51cec2f7), dut=111004278784.000000000000000000000000 (51cec2f7), rounding_error=0.00000000 % (exp_error = 0.00001192 %)
# ==========[ Read data from ROM ]==========
# [Random][ADD]i_32_a=500e6b88 (9557647360.000000000000000000000000) + i_32_b=51630e49 (60949827584.000000000000000000000000) 	| o_32_s=51835495 (70507470848.000000000000000000000000) 	| o_ov_flow=1, o_un_flow=1
# => PASS: expect=70507474944.000000000000000000000000 (51835496), dut=70507470848.000000000000000000000000 (51835496), rounding_error=0.00000581 % (exp_error = 0.00001192 %)
# [Random][ADD]i_32_a=51630e49 (60949827584.000000000000000000000000) + i_32_b=500e6b88 (9557647360.000000000000000000000000) 	| o_32_s=51835495 (70507470848.000000000000000000000000) 	| o_ov_flow=1, o_un_flow=1
# => PASS: expect=70507474944.000000000000000000000000 (51835496), dut=70507470848.000000000000000000000000 (51835496), rounding_error=0.00000581 % (exp_error = 0.00001192 %)
# [Random][SUB]i_32_a=500e6b88 (9557647360.000000000000000000000000) - i_32_b=51630e49 (60949827584.000000000000000000000000) 	| o_32_s=d13f7367 (-51392180224.000000000000000000000000) 	| o_ov_flow=0, o_un_flow=0
# => PASS: expect=-51392180224.000000000000000000000000 (d13f7367), dut=-51392180224.000000000000000000000000 (d13f7367), rounding_error=0.00000000 % (exp_error = 0.00001192 %)
# [Random][SUB]i_32_a=51630e49 (60949827584.000000000000000000000000) - i_32_b=500e6b88 (9557647360.000000000000000000000000) 	| o_32_s=513f7367 (51392180224.000000000000000000000000) 	| o_ov_flow=0, o_un_flow=0
# => PASS: expect=51392180224.000000000000000000000000 (513f7367), dut=51392180224.000000000000000000000000 (513f7367), rounding_error=0.00000000 % (exp_error = 0.00001192 %)
# ==========[ Read data from ROM ]==========
# [Random][ADD]i_32_a=4f773d93 (4148007680.000000000000000000000000) + i_32_b=51fdd01b (136264769536.000000000000000000000000) 	| o_32_s=5202c504 (140412780544.000000000000000000000000) 	| o_ov_flow=1, o_un_flow=1
# => PASS: expect=140412777216.000000000000000000000000 (5202c504), dut=140412780544.000000000000000000000000 (5202c504), rounding_error=0.00000237 % (exp_error = 0.00001192 %)
# [Random][ADD]i_32_a=51fdd01b (136264769536.000000000000000000000000) + i_32_b=4f773d93 (4148007680.000000000000000000000000) 	| o_32_s=5202c504 (140412780544.000000000000000000000000) 	| o_ov_flow=1, o_un_flow=1
# => PASS: expect=140412777216.000000000000000000000000 (5202c504), dut=140412780544.000000000000000000000000 (5202c504), rounding_error=0.00000237 % (exp_error = 0.00001192 %)
# [Random][SUB]i_32_a=4f773d93 (4148007680.000000000000000000000000) - i_32_b=51fdd01b (136264769536.000000000000000000000000) 	| o_32_s=d1f6162f (-132116766720.000000000000000000000000) 	| o_ov_flow=0, o_un_flow=0
# => PASS: expect=-132116761856.000000000000000000000000 (d1f6162e), dut=-132116766720.000000000000000000000000 (d1f6162e), rounding_error=0.00000368 % (exp_error = 0.00001192 %)
# [Random][SUB]i_32_a=51fdd01b (136264769536.000000000000000000000000) - i_32_b=4f773d93 (4148007680.000000000000000000000000) 	| o_32_s=51f6162f (132116766720.000000000000000000000000) 	| o_ov_flow=0, o_un_flow=0
# => PASS: expect=132116761856.000000000000000000000000 (51f6162e), dut=132116766720.000000000000000000000000 (51f6162e), rounding_error=0.00000368 % (exp_error = 0.00001192 %)
# ==========[ Read data from ROM ]==========
# [Random][ADD]i_32_a=510faa5b (38564900864.000000000000000000000000) + i_32_b=5194167f (79504072704.000000000000000000000000) 	| o_32_s=51dbebac (118068969472.000000000000000000000000) 	| o_ov_flow=0, o_un_flow=0
# => PASS: expect=118068973568.000000000000000000000000 (51dbebac), dut=118068969472.000000000000000000000000 (51dbebac), rounding_error=0.00000347 % (exp_error = 0.00001192 %)
# [Random][ADD]i_32_a=5194167f (79504072704.000000000000000000000000) + i_32_b=510faa5b (38564900864.000000000000000000000000) 	| o_32_s=51dbebac (118068969472.000000000000000000000000) 	| o_ov_flow=0, o_un_flow=0
# => PASS: expect=118068973568.000000000000000000000000 (51dbebac), dut=118068969472.000000000000000000000000 (51dbebac), rounding_error=0.00000347 % (exp_error = 0.00001192 %)
# [Random][SUB]i_32_a=510faa5b (38564900864.000000000000000000000000) - i_32_b=5194167f (79504072704.000000000000000000000000) 	| o_32_s=d11882a3 (-40939171840.000000000000000000000000) 	| o_ov_flow=0, o_un_flow=1
# => PASS: expect=-40939171840.000000000000000000000000 (d11882a3), dut=-40939171840.000000000000000000000000 (d11882a3), rounding_error=0.00000000 % (exp_error = 0.00001192 %)
# [Random][SUB]i_32_a=5194167f (79504072704.000000000000000000000000) - i_32_b=510faa5b (38564900864.000000000000000000000000) 	| o_32_s=511882a3 (40939171840.000000000000000000000000) 	| o_ov_flow=0, o_un_flow=1
# => PASS: expect=40939171840.000000000000000000000000 (511882a3), dut=40939171840.000000000000000000000000 (511882a3), rounding_error=0.00000000 % (exp_error = 0.00001192 %)
# 
# ==================================
# ========== TEST SUMMARY ==========
# Total test cases:    144
# Passed          :    144
# Failed          :      0
# Pass rate       : 100.00%
# ==================================
# 
# ** Note: $finish    : /home/noname/Documents/project_tiny/Floating_point/Verision1/03_verif/TopModule/tb_FPU_unit.sv(267)
#    Time: 3471 ns  Iteration: 0  Instance: /tb_FPU_unit
# End time: 19:40:44 on Nov 17,2025, Elapsed time: 0:00:01
# Errors: 0, Warnings: 1
