------------------------------------------------------------
Timing Analyzer Summary
------------------------------------------------------------

Type  : Slow 1100mV 85C Model Setup 'i_clk'
Slack : -17.693
TNS   : -546.593

Type  : Slow 1100mV 85C Model Hold 'i_clk'
Slack : 0.385
TNS   : 0.000

Type  : Slow 1100mV 85C Model Minimum Pulse Width 'i_clk'
Slack : -0.394
TNS   : -52.059

Type  : Slow 1100mV 0C Model Setup 'i_clk'
Slack : -17.416
TNS   : -539.530

Type  : Slow 1100mV 0C Model Hold 'i_clk'
Slack : 0.378
TNS   : 0.000

Type  : Slow 1100mV 0C Model Minimum Pulse Width 'i_clk'
Slack : -0.394
TNS   : -58.361

Type  : Fast 1100mV 85C Model Setup 'i_clk'
Slack : -9.832
TNS   : -301.633

Type  : Fast 1100mV 85C Model Hold 'i_clk'
Slack : 0.211
TNS   : 0.000

Type  : Fast 1100mV 85C Model Minimum Pulse Width 'i_clk'
Slack : -0.082
TNS   : -7.763

Type  : Fast 1100mV 0C Model Setup 'i_clk'
Slack : -8.850
TNS   : -270.856

Type  : Fast 1100mV 0C Model Hold 'i_clk'
Slack : 0.192
TNS   : 0.000

Type  : Fast 1100mV 0C Model Minimum Pulse Width 'i_clk'
Slack : -0.083
TNS   : -7.821

------------------------------------------------------------
