============================================================
  Generated by:           Genus(TM) Synthesis Solution GENUS15.20 - 15.20-p004_1
  Generated on:           Nov 27 2025  02:54:44 am
  Module:                 FPU_unit
  Wireload mode:          enclosed
  Area mode:              timing library
============================================================

Timing
-------
  Cost    Critical       Violating 
 Group   Path Slack TNS    Paths   
-----------------------------------
default      5110.4   0          0 
-----------------------------------
Total                 0          0 

Instance Count
--------------
Leaf Instance Count             958 
Sequential Instance Count         0 
Combinational Instance Count    958 
Hierarchical Instance Count      43 

Area
----
Cell Area                          1870.740
Physical Cell Area                 0.000
Total Cell Area (Cell+Physical)    1870.740
Net Area                           0.000
Total Area (Cell+Physical+Net)     1870.740

Max Fanout                         60 (EXP_COMP_o_compare)
Min Fanout                         0 (EXP_SUB_o_sub[5])
Average Fanout                     2.4
Terms to net ratio                 3.3
Terms to instance ratio            3.8
Runtime                            13.595 seconds
Elapsed Runtime                    13 seconds
RC peak memory usage:              478.56 
EDI peak memory usage:             no_value 
Hostname                           centos7
