============================================================
  Generated by:           Genus(TM) Synthesis Solution GENUS15.20 - 15.20-p004_1
  Generated on:           Nov 27 2025  02:54:44 am
  Module:                 FPU_unit
  Wireload mode:          enclosed
  Area mode:              timing library
============================================================

                                       Leakage    Dynamic     Total   
            Instance            Cells Power(nW)  Power(nW)  Power(nW) 
----------------------------------------------------------------------
FPU_unit                          958   128.624 343744.671 343873.295 
  NOR_UNIT                        206    23.630  31257.304  31280.934 
    SHF_left_unit                 142    16.088  22436.716  22452.804 
  MAN_ALU                         148    19.245  25816.227  25835.472 
    ALU_SUB_UNIT                  120    14.729  20668.529  20683.258 
      CLA_BLOCK_..CLA_4BIT_UNIT    18     2.527   4643.552   4646.079 
      CLA_BLOCK_..CLA_4BIT_UNIT    18     2.103   3350.121   3352.224 
      CLA_BLOCK_..CLA_4BIT_UNIT    18     2.084   2141.463   2143.547 
      CLA_BLOCK_..CLA_4BIT_UNIT    18     2.059   2907.168   2909.227 
      CLA_BLOCK_..CLA_4BIT_UNIT    18     2.023   4034.299   4036.323 
      CLA_BLOCK_..CLA_4BIT_UNIT    15     2.016   2268.911   2270.927 
  SHF_RIGHT_MAN                   128    15.443  14894.293  14909.736 
  MAN_COMP_24BIT                   79     9.598   6322.943   6332.541 
    u_i_data_4                     13     1.656    802.495    804.152 
    u_i_data_3                     13     1.601   1067.274   1068.875 
    u_i_data_1                     13     1.592   1394.321   1395.913 
    u_i_data_2                     13     1.591   1241.550   1243.142 
    u_i_data_5                     11     1.307    448.219    449.525 
    u_i_data_0                     10     0.998    844.393    845.391 
  MAN_SWAP                         48     7.383   3529.303   3536.686 
  MAN_RND                          26     6.087   4940.028   4946.115 
  MAN_SWAP_PRE                     46     6.007   2716.872   2722.880 
  EXP_ADJUST                       45     5.600   2407.673   2413.273 
    CLA_8BIT_UNIT                  30     4.195   1505.631   1509.826 
      CLA_4BIT_UNIT_0              18     2.251    957.155    959.406 
      CLA_4BIT_UNIT_1              11     1.808    516.104    517.912 
  LOPD_24BIT                       56     5.419   4852.776   4858.196 
    LOPD_16bit_UNIT_MSB            32     3.057   2327.959   2331.016 
      LOPD_8bit_unit_0             14     1.250   1476.025   1477.275 
      LOPD_8bit_unit_1             14     1.170    766.812    767.982 
    LOPD_8bit_UNIT_LSB             14     1.275   1914.019   1915.294 
  PSC_UNIT                         33     3.229    370.022    373.251 
  EXP_SUB                          25     2.849   2937.273   2940.122 
    CLA_8BIT_UNIT                  20     2.594   2815.219   2817.813 
      CLA_4BIT_UNIT_0              17     2.185   2403.084   2405.269 
      CLA_4BIT_UNIT_1               2     0.316    352.088    352.404 
  EXP_COM_8BIT                     24     2.632   1346.081   1348.713 
    COMP_LESS_UNIT                 24     2.632   1346.081   1348.713 
      u_high                       13     1.542    482.975    484.517 
      u_low                        10     0.893    309.622    310.515 
  EXP_RND                          15     1.931    520.054    521.985 
  EXP_SWAP                         13     1.735    645.680    647.415 
  MAN_ALU_PROC_RND                  7     0.943   1289.299   1290.241 
  SIGN_UNIT                         2     0.563   3406.491   3407.054 

