============================================================
  Generated by:           Genus(TM) Synthesis Solution GENUS15.20 - 15.20-p004_1
  Generated on:           Nov 27 2025  02:54:44 am
  Module:                 FPU_unit
  Wireload mode:          enclosed
  Area mode:              timing library
============================================================

              Instance                Cells  Cell Area  Net Area  Total Area  Wireload     
-------------------------------------------------------------------------------------------
FPU_unit                                958       1871         0        1871    <none> (D) 
  NOR_UNIT                              206        361         0         361    <none> (D) 
    SHF_left_unit                       142        249         0         249    <none> (D) 
  MAN_ALU                               148        298         0         298    <none> (D) 
    ALU_SUB_UNIT                        120        233         0         233    <none> (D) 
      CLA_BLOCK_GEN[0].CLA_4BIT_UNIT     18         41         0          41    <none> (D) 
      CLA_BLOCK_GEN[3].CLA_4BIT_UNIT     18         34         0          34    <none> (D) 
      CLA_BLOCK_GEN[2].CLA_4BIT_UNIT     18         34         0          34    <none> (D) 
      CLA_BLOCK_GEN[4].CLA_4BIT_UNIT     15         34         0          34    <none> (D) 
      CLA_BLOCK_GEN[5].CLA_4BIT_UNIT     18         33         0          33    <none> (D) 
      CLA_BLOCK_GEN[1].CLA_4BIT_UNIT     18         33         0          33    <none> (D) 
  SHF_RIGHT_MAN                         128        229         0         229    <none> (D) 
  MAN_COMP_24BIT                         79        143         0         143    <none> (D) 
    u_i_data_4                           13         25         0          25    <none> (D) 
    u_i_data_3                           13         25         0          25    <none> (D) 
    u_i_data_2                           13         25         0          25    <none> (D) 
    u_i_data_1                           13         25         0          25    <none> (D) 
    u_i_data_5                           11         20         0          20    <none> (D) 
    u_i_data_0                           10         13         0          13    <none> (D) 
  MAN_SWAP                               48        113         0         113    <none> (D) 
  MAN_SWAP_PRE                           46        110         0         110    <none> (D) 
  MAN_RND                                26         91         0          91    <none> (D) 
  LOPD_24BIT                             56         83         0          83    <none> (D) 
    LOPD_16bit_UNIT_MSB                  32         49         0          49    <none> (D) 
      LOPD_8bit_unit_1                   14         20         0          20    <none> (D) 
      LOPD_8bit_unit_0                   14         20         0          20    <none> (D) 
    LOPD_8bit_UNIT_LSB                   14         20         0          20    <none> (D) 
  EXP_ADJUST                             45         83         0          83    <none> (D) 
    CLA_8BIT_UNIT                        30         63         0          63    <none> (D) 
      CLA_4BIT_UNIT_0                    18         34         0          34    <none> (D) 
      CLA_4BIT_UNIT_1                    11         27         0          27    <none> (D) 
  PSC_UNIT                               33         54         0          54    <none> (D) 
  EXP_SUB                                25         45         0          45    <none> (D) 
    CLA_8BIT_UNIT                        20         41         0          41    <none> (D) 
      CLA_4BIT_UNIT_0                    17         35         0          35    <none> (D) 
      CLA_4BIT_UNIT_1                     2          5         0           5    <none> (D) 
  EXP_COM_8BIT                           24         41         0          41    <none> (D) 
    COMP_LESS_UNIT                       24         41         0          41    <none> (D) 
      u_high                             13         25         0          25    <none> (D) 
      u_low                              10         13         0          13    <none> (D) 
  EXP_SWAP                               13         31         0          31    <none> (D) 
  EXP_RND                                15         29         0          29    <none> (D) 
  MAN_ALU_PROC_RND                        7         13         0          13    <none> (D) 
  SIGN_UNIT                               2          7         0           7    <none> (D) 

 (D) = wireload is default in technology library
