============================================================
  Generated by:           Genus(TM) Synthesis Solution GENUS15.20 - 15.20-p004_1
  Generated on:           Nov 27 2025  02:54:44 am
  Module:                 FPU_unit
  Wireload mode:          enclosed
  Area mode:              timing library
============================================================


Path 1: MET (5110 ps) Path Delay Check
     Startpoint: (F) i_32_b[28]
       Endpoint: (F) o_32_s[30]

                  Capture    Launch  
     Path Delay:+   10000         -  
        Arrival:=   10000            
                                     
  Required Time:=   10000            
      Data Path:-    4890            
          Slack:=    5110            

#-------------------------------------------------------------------------------------------------------------------------------
#                       Timing Point                         Flags    Arc   Edge     Cell      Fanout  Load Trans Delay Arrival 
#                                                                                                      (fF)  (ps)  (ps)   (ps)  
#-------------------------------------------------------------------------------------------------------------------------------
  i_32_b[28]                                                 -       -      F     (arrival)         3   0.8   200     0       0 
  EXP_COM_8BIT/COMP_LESS_UNIT/u_high/g338/Y                  -       A->Y   R     INVX1HVT          2   1.1    42    92      92 
  EXP_COM_8BIT/COMP_LESS_UNIT/u_high/g331/CO                 -       B->CO  R     ADDHX1HVT         1   0.4    10    43     134 
  EXP_COM_8BIT/COMP_LESS_UNIT/u_high/g329/Y                  -       A2->Y  F     OAI32X1HVT        1   0.4    49    30     165 
  EXP_COM_8BIT/COMP_LESS_UNIT/u_high/g328/Y                  -       A1->Y  R     AOI22X1HVT        2   0.6    52    45     210 
  EXP_COM_8BIT/COMP_LESS_UNIT/u_high/g327/Y                  -       A1N->Y R     OAI2BB1X1HVT      1   0.4    37    46     256 
  EXP_COM_8BIT/COMP_LESS_UNIT/u_high/g326/Y                  -       B0->Y  F     OAI21X1HVT        1   0.2    30    32     288 
  EXP_COM_8BIT/COMP_LESS_UNIT/g16/Y                          -       B0->Y  F     AO21X2HVT        60  23.8   135   128     415 
  EXP_SWAP/g222/Y                                            -       S0->Y  R     MX2XLHVT          1   0.4    12    68     484 
  EXP_SUB/g13/Y                                              -       A->Y   F     INVX1HVT          3   1.0    13    15     498 
  EXP_SUB/CLA_8BIT_UNIT/CLA_4BIT_UNIT_0/g276/Y               -       B->Y   R     XNOR2X1HVT       28   9.9   107   102     601 
  EXP_SUB/CLA_8BIT_UNIT/CLA_4BIT_UNIT_0/g275/Y               -       AN->Y  R     NOR2BX1HVT        2   0.9    27    60     661 
  EXP_SUB/CLA_8BIT_UNIT/CLA_4BIT_UNIT_0/g271/Y               -       B->Y   R     XNOR2X1HVT       27   9.6   104    92     752 
  SHF_RIGHT_MAN/g3768/Y                                      -       A->Y   F     INVX1HVT         25   9.0   105    98     850 
  SHF_RIGHT_MAN/g3714/Y                                      -       B1->Y  R     OAI22X1HVT        2   0.6    48    60     910 
  SHF_RIGHT_MAN/g3688/Y                                      -       A1->Y  F     AOI22XLHVT        2   0.4    43    47     956 
  SHF_RIGHT_MAN/g3666/Y                                      -       B->Y   F     MX2XLHVT          1   0.4    11    52    1008 
  SHF_RIGHT_MAN/g3646/Y                                      -       A1->Y  R     OAI22X1HVT        3   0.8    43    32    1040 
  MAN_COMP_24BIT/u_i_data_1/g332/Y                           -       A->Y   F     INVX1HVT          2   1.0    18    28    1068 
  MAN_COMP_24BIT/u_i_data_1/g325/CO                          -       B->CO  F     ADDHX1HVT         1   0.4     8    26    1095 
  MAN_COMP_24BIT/u_i_data_1/g323/Y                           -       A2->Y  R     OAI32X1HVT        1   0.4    54    38    1133 
  MAN_COMP_24BIT/u_i_data_1/g322/Y                           -       A1->Y  F     AOI22X1HVT        2   0.6    42    50    1183 
  MAN_COMP_24BIT/u_i_data_1/g321/Y                           -       A1N->Y F     OAI2BB1X1HVT      1   0.4    22    38    1221 
  MAN_COMP_24BIT/u_i_data_1/g320/Y                           -       B0->Y  R     OAI21X1HVT        1   0.4    26    17    1238 
  MAN_COMP_24BIT/g145/Y                                      -       B0->Y  F     AOI21X1HVT        1   0.4    25    18    1256 
  MAN_COMP_24BIT/g144/Y                                      -       B->Y   R     NOR2BX1HVT        1   0.2    15    21    1277 
  MAN_COMP_24BIT/g143/Y                                      -       A1->Y  R     OA21X1HVT         1   0.4     9    40    1317 
  MAN_COMP_24BIT/g142/Y                                      -       A1->Y  F     OAI21X1HVT        1   0.4    22    21    1338 
  MAN_COMP_24BIT/g141/Y                                      -       B->Y   R     NAND2BX1HVT       1   0.2     9    15    1353 
  MAN_COMP_24BIT/g140/Y                                      -       A1->Y  R     AO21X1HVT        49  23.6   247   173    1526 
  MAN_SWAP/g794/Y                                            -       S0->Y  F     MX2XLHVT          1   0.4    11    96    1622 
  MAN_ALU/g283/Y                                             -       B->Y   R     XNOR2X1HVT        2   0.9    14    50    1672 
  MAN_ALU/ALU_SUB_UNIT/CLA_BLOCK_GEN[0].CLA_4BIT_UNIT/g322/Y -       B->Y   F     XOR2XLHVT         3   0.8    17    49    1721 
  MAN_ALU/ALU_SUB_UNIT/CLA_BLOCK_GEN[0].CLA_4BIT_UNIT/g316/Y -       A1N->Y F     OAI2BB1X1HVT      1   0.2    14    30    1751 
  MAN_ALU/ALU_SUB_UNIT/CLA_BLOCK_GEN[0].CLA_4BIT_UNIT/g313/Y -       A1->Y  F     AO21XLHVT         1   0.4    10    38    1789 
  MAN_ALU/ALU_SUB_UNIT/CLA_BLOCK_GEN[0].CLA_4BIT_UNIT/g311/Y -       A1->Y  R     AOI22X1HVT        1   0.4    28    29    1818 
  MAN_ALU/ALU_SUB_UNIT/CLA_BLOCK_GEN[0].CLA_4BIT_UNIT/g310/Y -       B0->Y  F     OAI2BB1X1HVT      2   0.4    19    28    1846 
  MAN_ALU/ALU_SUB_UNIT/g101/Y                                -       B0->Y  F     AO21XLHVT         2   0.6    14    40    1886 
  MAN_ALU/ALU_SUB_UNIT/CLA_BLOCK_GEN[1].CLA_4BIT_UNIT/g449/Y -       A1N->Y F     OAI2BB1X1HVT      2   0.6    22    33    1919 
  MAN_ALU/ALU_SUB_UNIT/CLA_BLOCK_GEN[1].CLA_4BIT_UNIT/g445/Y -       A1N->Y F     OAI2BB1X1HVT      2   0.8    26    38    1957 
  MAN_ALU/ALU_SUB_UNIT/CLA_BLOCK_GEN[1].CLA_4BIT_UNIT/g443/Y -       A1->Y  R     AOI22X1HVT        2   0.9    38    40    1996 
  MAN_ALU/ALU_SUB_UNIT/CLA_BLOCK_GEN[1].CLA_4BIT_UNIT/g441/Y -       A1->Y  F     OAI21X1HVT        3   0.8    29    37    2034 
  MAN_ALU/ALU_SUB_UNIT/g119/Y                                -       B->Y   F     OR2XLHVT          2   0.8    16    39    2073 
  MAN_ALU/ALU_SUB_UNIT/CLA_BLOCK_GEN[2].CLA_4BIT_UNIT/g449/Y -       A1->Y  R     AOI21X1HVT        2   0.9    31    29    2102 
  MAN_ALU/ALU_SUB_UNIT/CLA_BLOCK_GEN[2].CLA_4BIT_UNIT/g445/Y -       A1->Y  F     OAI21X1HVT        2   0.8    29    34    2137 
  MAN_ALU/ALU_SUB_UNIT/CLA_BLOCK_GEN[2].CLA_4BIT_UNIT/g443/Y -       A1->Y  R     AOI22X1HVT        2   0.9    38    41    2178 
  MAN_ALU/ALU_SUB_UNIT/CLA_BLOCK_GEN[2].CLA_4BIT_UNIT/g441/Y -       A1->Y  F     OAI21X1HVT        3   0.8    29    37    2215 
  MAN_ALU/ALU_SUB_UNIT/g146/Y                                -       AN->Y  F     NAND2BX1HVT       2   0.8    26    40    2255 
  MAN_ALU/ALU_SUB_UNIT/CLA_BLOCK_GEN[3].CLA_4BIT_UNIT/g449/Y -       A1->Y  R     AOI21X1HVT        2   0.9    31    33    2288 
  MAN_ALU/ALU_SUB_UNIT/CLA_BLOCK_GEN[3].CLA_4BIT_UNIT/g445/Y -       A1->Y  F     OAI21X1HVT        2   0.8    29    34    2322 
  MAN_ALU/ALU_SUB_UNIT/CLA_BLOCK_GEN[3].CLA_4BIT_UNIT/g443/Y -       A1->Y  R     AOI22X1HVT        2   0.9    38    41    2364 
  MAN_ALU/ALU_SUB_UNIT/CLA_BLOCK_GEN[3].CLA_4BIT_UNIT/g441/Y -       A1->Y  F     OAI21X1HVT        3   0.8    29    37    2401 
  MAN_ALU/ALU_SUB_UNIT/g181/Y                                -       AN->Y  F     NAND2BX1HVT       2   0.8    26    40    2441 
  MAN_ALU/ALU_SUB_UNIT/CLA_BLOCK_GEN[4].CLA_4BIT_UNIT/g373/Y -       A1->Y  R     AOI22X1HVT        2   0.9    38    40    2481 
  MAN_ALU/ALU_SUB_UNIT/CLA_BLOCK_GEN[4].CLA_4BIT_UNIT/g371/Y -       A1->Y  F     OAI21X1HVT        2   0.8    29    37    2518 
  MAN_ALU/ALU_SUB_UNIT/CLA_BLOCK_GEN[4].CLA_4BIT_UNIT/g369/Y -       A1->Y  R     AOI22X1HVT        2   0.9    38    41    2560 
  MAN_ALU/ALU_SUB_UNIT/CLA_BLOCK_GEN[4].CLA_4BIT_UNIT/g367/Y -       A1->Y  F     OAI21X1HVT        2   0.6    25    35    2595 
  MAN_ALU/ALU_SUB_UNIT/g213/Y                                -       AN->Y  F     NAND2BX1HVT       2   0.6    23    37    2632 
  MAN_ALU/ALU_SUB_UNIT/CLA_BLOCK_GEN[5].CLA_4BIT_UNIT/g507/Y -       A1N->Y F     OAI2BB1X1HVT      2   0.6    22    36    2668 
  MAN_ALU/ALU_SUB_UNIT/CLA_BLOCK_GEN[5].CLA_4BIT_UNIT/g503/Y -       A1N->Y F     OAI2BB1X1HVT      2   0.8    26    38    2705 
  MAN_ALU/ALU_SUB_UNIT/CLA_BLOCK_GEN[5].CLA_4BIT_UNIT/g501/Y -       A1->Y  R     AOI22X1HVT        2   0.9    38    40    2745 
  MAN_ALU/ALU_SUB_UNIT/CLA_BLOCK_GEN[5].CLA_4BIT_UNIT/g500/Y -       B->Y   F     CLKXOR2X1HVT      9   4.7    52    79    2824 
  LOPD_24BIT/LOPD_16bit_UNIT_MSB/LOPD_8bit_unit_1/g276/Y     -       B->Y   F     OR2XLHVT          3   1.2    23    48    2872 
  LOPD_24BIT/LOPD_16bit_UNIT_MSB/LOPD_8bit_unit_1/g267/Y     -       C->Y   R     NOR3BX1HVT        5   1.9    74    54    2926 
  LOPD_24BIT/LOPD_16bit_UNIT_MSB/g65/Y                       -       A->Y   R     AND2X1HVT        10   4.0    46    72    2998 
  LOPD_24BIT/g133/Y                                          -       A->Y   F     INVX1HVT          5   1.8    26    34    3032 
  LOPD_24BIT/g129/Y                                          -       A0->Y  R     AOI22X1HVT        1   0.4    28    38    3070 
  LOPD_24BIT/g125/Y                                          -       B->Y   F     NAND2X1HVT       26   8.2   164   108    3179 
  NOR_UNIT/SHF_left_unit/g2989/Y                             -       A->Y   R     INVX1HVT         26   8.4   111   120    3298 
  NOR_UNIT/SHF_left_unit/g2972/Y                             -       A1->Y  F     AOI22X1HVT        2   0.8    52    77    3375 
  NOR_UNIT/SHF_left_unit/g2963/Y                             -       A->Y   R     INVX1HVT          1   0.4    14    28    3402 
  NOR_UNIT/SHF_left_unit/g2925/Y                             -       A1->Y  F     AOI22X1HVT        4   1.6    63    43    3446 
  NOR_UNIT/SHF_left_unit/g2910/Y                             -       B->Y   R     NOR2X1HVT         1   0.4    23    38    3484 
  NOR_UNIT/g1478/Y                                           -       A1->Y  F     AOI22X1HVT        1   0.4    47    34    3518 
  NOR_UNIT/g1451/Y                                           -       B0->Y  R     OAI2BB1X1HVT      1   0.4    16    28    3547 
  MAN_RND/g664/Y                                             -       D->Y   F     NOR4X1HVT         1   0.4    18    16    3562 
  MAN_RND/g663/Y                                             -       B->Y   R     NOR2BX1HVT        1   0.5    20    21    3584 
  MAN_RND/g662/CO                                            -       A->CO  R     ADDHX1HVT         1   0.7    12    41    3625 
  MAN_RND/g661/CO                                            -       B->CO  R     ADDHX1HVT         1   0.7    12    36    3661 
  MAN_RND/g660/CO                                            -       B->CO  R     ADDHX1HVT         1   0.7    12    36    3698 
  MAN_RND/g659/CO                                            -       B->CO  R     ADDHX1HVT         1   0.7    12    36    3734 
  MAN_RND/g658/CO                                            -       B->CO  R     ADDHX1HVT         1   0.7    12    36    3770 
  MAN_RND/g657/CO                                            -       B->CO  R     ADDHX1HVT         1   0.7    12    36    3807 
  MAN_RND/g656/CO                                            -       B->CO  R     ADDHX1HVT         1   0.7    12    36    3843 
  MAN_RND/g655/CO                                            -       B->CO  R     ADDHX1HVT         1   0.7    12    36    3879 
  MAN_RND/g654/CO                                            -       B->CO  R     ADDHX1HVT         1   0.7    12    36    3916 
  MAN_RND/g653/CO                                            -       B->CO  R     ADDHX1HVT         1   0.7    12    36    3952 
  MAN_RND/g652/CO                                            -       B->CO  R     ADDHX1HVT         1   0.7    12    36    3988 
  MAN_RND/g651/CO                                            -       B->CO  R     ADDHX1HVT         1   0.7    12    36    4024 
  MAN_RND/g650/CO                                            -       B->CO  R     ADDHX1HVT         1   0.7    12    36    4061 
  MAN_RND/g649/CO                                            -       B->CO  R     ADDHX1HVT         1   0.7    12    36    4097 
  MAN_RND/g648/CO                                            -       B->CO  R     ADDHX1HVT         1   0.7    12    36    4133 
  MAN_RND/g647/CO                                            -       B->CO  R     ADDHX1HVT         1   0.7    12    36    4170 
  MAN_RND/g646/CO                                            -       B->CO  R     ADDHX1HVT         1   0.7    12    36    4206 
  MAN_RND/g645/CO                                            -       B->CO  R     ADDHX1HVT         1   0.7    12    36    4242 
  MAN_RND/g644/CO                                            -       B->CO  R     ADDHX1HVT         1   0.7    12    36    4278 
  MAN_RND/g643/CO                                            -       B->CO  R     ADDHX1HVT         1   0.7    12    36    4315 
  MAN_RND/g642/CO                                            -       B->CO  R     ADDHX1HVT         1   0.7    12    36    4351 
  MAN_RND/g641/CO                                            -       B->CO  R     ADDHX1HVT         2   0.7    12    36    4387 
  MAN_RND/g639/Y                                             -       C->Y   R     AND3XLHVT         3   1.7    34    56    4444 
  EXP_RND/g187/Y                                             -       B->Y   F     NAND2X1HVT        2   0.6    24    30    4473 
  EXP_RND/g185/Y                                             -       AN->Y  F     NAND2BX1HVT       2   0.6    23    37    4510 
  EXP_RND/g183/Y                                             -       AN->Y  F     NAND2BX1HVT       2   0.6    23    37    4547 
  EXP_RND/g181/Y                                             -       AN->Y  F     NAND2BX1HVT       2   0.6    23    37    4584 
  EXP_RND/g179/Y                                             -       AN->Y  F     NAND2BX1HVT       2   0.6    23    37    4621 
  EXP_RND/g177/Y                                             -       AN->Y  F     NAND2BX1HVT       2   0.6    23    37    4658 
  EXP_RND/g175/Y                                             -       AN->Y  F     NAND2BXLHVT       1   0.4    22    33    4690 
  EXP_RND/g173/Y                                             -       B->Y   F     XNOR2X1HVT        1   0.7    13    46    4737 
  g309/Y                                                     -       B->Y   F     OR2X6HVT          1 100.0   206   153    4890 
  o_32_s[30]                                                 <<<     -      F     (port)            -     -     -     0    4890 
#-------------------------------------------------------------------------------------------------------------------------------

