============================================================
  Generated by:           Genus(TM) Synthesis Solution GENUS15.20 - 15.20-p004_1
  Generated on:           Nov 27 2025  02:54:44 am
  Module:                 FPU_unit
  Wireload mode:          enclosed
  Area mode:              timing library
============================================================

                                  
    Gate      Instances    Area       Library    
-------------------------------------------------
ADDFX1HVT             1     5.130    fast_vdd1v0 
ADDHX1HVT            33   124.146    fast_vdd1v0 
AND2X1HVT            25    34.200    fast_vdd1v0 
AND2XLHVT            12    16.416    fast_vdd1v0 
AND3XLHVT             1     2.052    fast_vdd1v0 
AND4XLHVT             7    16.758    fast_vdd1v0 
AO21X1HVT             1     2.394    fast_vdd1v0 
AO21X2HVT             1     2.736    fast_vdd1v0 
AO21XLHVT             3     7.182    fast_vdd1v0 
AOI21X1HVT           11    18.810    fast_vdd1v0 
AOI21XLHVT            2     3.420    fast_vdd1v0 
AOI221X1HVT           3     7.182    fast_vdd1v0 
AOI222X1HVT           1     3.078    fast_vdd1v0 
AOI22X1HVT           88   180.576    fast_vdd1v0 
AOI22XLHVT           34    69.768    fast_vdd1v0 
AOI2BB1X1HVT          1     2.052    fast_vdd1v0 
AOI2BB1XLHVT          8    16.416    fast_vdd1v0 
AOI31X1HVT            3     6.156    fast_vdd1v0 
AOI32X1HVT            6    14.364    fast_vdd1v0 
BUFX6HVT             22    67.716    fast_vdd1v0 
CLKINVX6HVT           1     2.394    fast_vdd1v0 
CLKMX2X6HVT           2     8.892    fast_vdd1v0 
CLKXOR2X1HVT         16    43.776    fast_vdd1v0 
INVX1HVT             79    54.036    fast_vdd1v0 
MX2X1HVT             13    31.122    fast_vdd1v0 
MX2XLHVT            108   258.552    fast_vdd1v0 
MXI2XLHVT             6    14.364    fast_vdd1v0 
NAND2BX1HVT          23    31.464    fast_vdd1v0 
NAND2BXLHVT           4     5.472    fast_vdd1v0 
NAND2X1HVT           40    41.040    fast_vdd1v0 
NAND2XLHVT            7     7.182    fast_vdd1v0 
NAND3BXLHVT           2     3.420    fast_vdd1v0 
NAND3X1HVT            1     1.710    fast_vdd1v0 
NAND4XLHVT            7    11.970    fast_vdd1v0 
NOR2BX1HVT           25    34.200    fast_vdd1v0 
NOR2X1HVT            44    45.144    fast_vdd1v0 
NOR2XLHVT             4     4.104    fast_vdd1v0 
NOR3BX1HVT            4     8.208    fast_vdd1v0 
NOR3X1HVT             1     1.710    fast_vdd1v0 
NOR4BBX1HVT           2     5.472    fast_vdd1v0 
NOR4BX1HVT            4     9.576    fast_vdd1v0 
NOR4X1HVT            11    18.810    fast_vdd1v0 
OA21X1HVT             4     8.208    fast_vdd1v0 
OA22X1HVT            10    23.940    fast_vdd1v0 
OAI211X1HVT           2     3.420    fast_vdd1v0 
OAI21X1HVT           23    39.330    fast_vdd1v0 
OAI21XLHVT            1     1.710    fast_vdd1v0 
OAI221X1HVT          10    23.940    fast_vdd1v0 
OAI222X1HVT          10    27.360    fast_vdd1v0 
OAI22X1HVT           54   110.808    fast_vdd1v0 
OAI22XLHVT            2     4.104    fast_vdd1v0 
OAI2BB1X1HVT         45    76.950    fast_vdd1v0 
OAI32X1HVT            8    19.152    fast_vdd1v0 
OR2X1HVT              3     4.104    fast_vdd1v0 
OR2X6HVT              9    33.858    fast_vdd1v0 
OR2XLHVT             18    24.624    fast_vdd1v0 
OR4X1HVT              2     4.104    fast_vdd1v0 
XNOR2X1HVT           71   169.974    fast_vdd1v0 
XOR2XLHVT            19    51.984    fast_vdd1v0 
-------------------------------------------------
total               958  1870.740                


                                   
  Type   Instances   Area   Area % 
-----------------------------------
inverter        80   56.430    3.0 
buffer          22   67.716    3.6 
logic          856 1746.594   93.4 
-----------------------------------
total          958 1870.740  100.0 

