============================================================
  Generated by:           Genus(TM) Synthesis Solution GENUS15.20 - 15.20-p004_1
  Generated on:           Nov 22 2025  08:33:35 am
  Module:                 FPU_unit
  Wireload mode:          enclosed
  Area mode:              timing library
============================================================


Path 1: MET (1 ps) Path Delay Check
     Startpoint: (F) i_32_b[27]
       Endpoint: (R) o_32_s[30]

                  Capture    Launch  
     Path Delay:+    4500         -  
        Arrival:=    4500            
                                     
  Required Time:=    4500            
      Data Path:-    4499            
          Slack:=       1            

#------------------------------------------------------------------------------------------------------
#           Timing Point             Flags    Arc   Edge     Cell      Fanout Load Trans Delay Arrival 
#                                                                             (fF)  (ps)  (ps)   (ps)  
#------------------------------------------------------------------------------------------------------
  i_32_b[27]                         -       -      F     (arrival)         5  1.4     0     0       0 
  g19635/Y                           -       AN->Y  F     NOR2BX1LVT        3  1.2    23    32      32 
  g19746/Y                           -       B0->Y  R     AOI2BB1X1LVT      2  0.6    23    27      59 
  g19743/Y                           -       A->Y   F     NAND4XLLVT        1  0.4    78    77     136 
  g19739/Y                           -       B0->Y  R     AOI2BB1X1LVT      2  3.4    79    74     211 
  g19542/Y                           -       A->Y   F     NOR2X6LVT        34 14.5    50    46     256 
  g19539/Y                           -       A->Y   R     INVX2LVT         54 26.8   144    94     350 
  g19486/Y                           -       S0->Y  F     MXI2XLLVT         3  1.0    76    97     447 
  g19417/S                           -       B->S   R     ADDHX1LVT         5  2.1    28    70     517 
  g19368/Y                           -       A1->Y  F     AOI21X1LVT        1  0.4    31    35     552 
  g19678/Y                           -       S0->Y  R     CLKMX2X2LVT      26 13.0    78   115     667 
  g19329/Y                           -       A->Y   F     INVX1LVT         20  8.0   100    82     749 
  g19321/Y                           -       A->Y   R     NOR2X1LVT         2  1.0    35    55     804 
  g19298/Y                           -       B->Y   F     NAND2X1LVT        3  1.2    40    38     842 
  g19263/Y                           -       B->Y   R     NOR2X1LVT         5  2.1    55    45     888 
  MAN_COMP_28BIT_UNIT_g9371/Y        -       A1->Y  R     OA21X1LVT         1  0.3    10    62     949 
  g19712/Y                           -       A->Y   R     AND2X1LVT         2  1.0    16    48     997 
  MAN_COMP_28BIT_UNIT_g2/Y           -       B->Y   F     NAND2BX1LVT       2  0.8    30    27    1024 
  MAN_COMP_28BIT_UNIT_g9232/Y        -       B->Y   R     NOR2X1LVT         2  1.0    32    30    1054 
  MAN_COMP_28BIT_UNIT_g9227/Y        -       A->Y   F     INVX1LVT          2  0.8    16    22    1076 
  MAN_COMP_28BIT_UNIT_g9226/Y        -       A->Y   R     NOR2X1LVT         1  0.5    23    24    1099 
  MAN_COMP_28BIT_UNIT_g9214/Y        -       B1->Y  F     AOI221X1LVT       1  0.4    53    35    1135 
  MAN_COMP_28BIT_UNIT_g9212/Y        -       A->Y   R     NAND2X1LVT        2  1.5    30    35    1170 
  g1943/Y                            -       A->Y   F     INVX2LVT         34 14.6    86    58    1228 
  g1939/Y                            -       A->Y   R     INVX1LVT         36 18.0   194   135    1363 
  g1850/Y                            -       B1->Y  F     AOI22X1LVT        1  0.4    54    90    1453 
  g1802/Y                            -       S0->Y  R     MXI2XLLVT         1  1.0    58    51    1504 
  MAN_ALU_UNIT_ALU_SUB_UNIT_g1329/CO -       A->CO  R     ADDFX1LVT         1  0.7    18    89    1594 
  MAN_ALU_UNIT_ALU_SUB_UNIT_g1328/CO -       CI->CO R     ADDFX1LVT         1  0.7    18    72    1665 
  MAN_ALU_UNIT_ALU_SUB_UNIT_g1327/CO -       CI->CO R     ADDFX1LVT         1  0.7    18    72    1737 
  MAN_ALU_UNIT_ALU_SUB_UNIT_g1326/CO -       CI->CO R     ADDFX1LVT         1  0.7    18    72    1808 
  MAN_ALU_UNIT_ALU_SUB_UNIT_g1325/CO -       CI->CO R     ADDFX1LVT         1  0.7    18    72    1880 
  MAN_ALU_UNIT_ALU_SUB_UNIT_g1324/CO -       CI->CO R     ADDFX1LVT         1  0.7    18    72    1951 
  MAN_ALU_UNIT_ALU_SUB_UNIT_g1323/CO -       CI->CO R     ADDFX1LVT         1  0.7    18    72    2023 
  MAN_ALU_UNIT_ALU_SUB_UNIT_g1322/CO -       CI->CO R     ADDFX1LVT         1  0.7    18    72    2094 
  MAN_ALU_UNIT_ALU_SUB_UNIT_g1321/CO -       CI->CO R     ADDFX1LVT         1  0.7    18    72    2166 
  MAN_ALU_UNIT_ALU_SUB_UNIT_g1320/CO -       CI->CO R     ADDFX1LVT         1  0.7    18    72    2237 
  MAN_ALU_UNIT_ALU_SUB_UNIT_g1319/CO -       CI->CO R     ADDFX1LVT         1  0.7    18    72    2309 
  MAN_ALU_UNIT_ALU_SUB_UNIT_g1318/CO -       CI->CO R     ADDFX1LVT         1  0.7    18    72    2380 
  MAN_ALU_UNIT_ALU_SUB_UNIT_g1317/CO -       CI->CO R     ADDFX1LVT         1  0.7    18    72    2452 
  MAN_ALU_UNIT_ALU_SUB_UNIT_g1316/CO -       CI->CO R     ADDFX1LVT         1  0.7    18    72    2523 
  MAN_ALU_UNIT_ALU_SUB_UNIT_g1315/CO -       CI->CO R     ADDFX1LVT         1  0.7    18    72    2595 
  MAN_ALU_UNIT_ALU_SUB_UNIT_g1314/CO -       CI->CO R     ADDFX1LVT         1  0.7    18    72    2666 
  MAN_ALU_UNIT_ALU_SUB_UNIT_g1313/CO -       CI->CO R     ADDFX1LVT         1  0.7    18    72    2738 
  MAN_ALU_UNIT_ALU_SUB_UNIT_g1312/CO -       CI->CO R     ADDFX1LVT         1  0.7    18    72    2809 
  MAN_ALU_UNIT_ALU_SUB_UNIT_g1311/CO -       CI->CO R     ADDFX1LVT         1  0.7    18    72    2881 
  MAN_ALU_UNIT_ALU_SUB_UNIT_g1310/CO -       CI->CO R     ADDFX1LVT         1  0.7    18    72    2952 
  MAN_ALU_UNIT_ALU_SUB_UNIT_g1309/CO -       CI->CO R     ADDFX1LVT         1  0.7    18    72    3024 
  MAN_ALU_UNIT_ALU_SUB_UNIT_g1308/CO -       CI->CO R     ADDFX1LVT         1  0.7    18    72    3095 
  MAN_ALU_UNIT_ALU_SUB_UNIT_g1307/CO -       CI->CO R     ADDFX1LVT         2  0.8    19    72    3167 
  g19668/Y                           -       B->Y   R     OR2X1LVT          1  0.5    10    30    3197 
  g9034/Y                            -       B->Y   F     NAND2BX1LVT      31 10.6   229   138    3335 
  g8997/Y                            -       A->Y   R     NAND2X1LVT       15  7.1   112   131    3466 
  g8969/Y                            -       A->Y   F     INVX1LVT         14  5.1    75    78    3544 
  g8953/Y                            -       A->Y   R     NAND2X1LVT        3  1.5    33    43    3587 
  g8888/Y                            -       C0->Y  F     OAI221X1LVT       1  0.2    58    58    3646 
  g8831/Y                            -       C0->Y  R     AOI211XLLVT       2  0.8    72    64    3710 
  g8787/Y                            -       A->Y   R     CLKAND2X2LVT      2  1.1    13    56    3766 
  g8766/Y                            -       B->Y   R     CLKAND2X3LVT      2  1.5    13    36    3801 
  g8754/Y                            -       B->Y   F     NAND2X2LVT        2  1.0    30    21    3822 
  g8745/Y                            -       B->Y   R     NOR2X2LVT         3  1.9    35    28    3851 
  g8738/Y                            -       C->Y   F     NAND3BX2LVT       2  1.0    44    40    3891 
  g8733/Y                            -       D->Y   R     NOR4X2LVT         2  0.8    51    39    3929 
  g8727/Y                            -       B->Y   F     NAND2X1LVT        2  1.3    44    45    3974 
  g8726/Y                            -       C->Y   R     NOR3BX2LVT        2  0.8    35    33    4007 
  g8718/Y                            -       D->Y   R     AND4XLLVT         4  1.6    37   103    4111 
  g8708/Y                            -       AN->Y  R     NOR2BX1LVT        3  0.9    35    47    4158 
  g8701/Y                            -       AN->Y  R     NOR2BX1LVT        3  1.1    37    49    4207 
  g8694/Y                            -       AN->Y  R     NOR2BX1LVT        3  1.1    38    50    4256 
  g8689/Y                            -       AN->Y  R     NOR2BX1LVT        3  1.1    38    50    4306 
  g8683/Y                            -       AN->Y  R     NOR2BX1LVT        3  1.1    38    50    4356 
  g8677/Y                            -       AN->Y  R     NOR2BX1LVT        3  1.1    38    50    4406 
  g8670/Y                            -       AN->Y  R     NOR2BX1LVT        2  1.0    36    49    4454 
  g8662/Y                            -       B->Y   F     NAND2X1LVT        1  0.4    24    29    4483 
  g8658/Y                            -       C0->Y  R     OAI211X1LVT       1  0.0    29    16    4499 
  o_32_s[30]                         -       -      R     (port)            -    -     -     0    4499 
#------------------------------------------------------------------------------------------------------



Path 2: MET (49 ps) Path Delay Check
     Startpoint: (F) i_32_b[27]
       Endpoint: (F) o_32_s[29]

                  Capture    Launch  
     Path Delay:+    4500         -  
        Arrival:=    4500            
                                     
  Required Time:=    4500            
      Data Path:-    4451            
          Slack:=      49            

#------------------------------------------------------------------------------------------------------
#           Timing Point             Flags    Arc   Edge     Cell      Fanout Load Trans Delay Arrival 
#                                                                             (fF)  (ps)  (ps)   (ps)  
#------------------------------------------------------------------------------------------------------
  i_32_b[27]                         -       -      F     (arrival)         5  1.4     0     0       0 
  g19635/Y                           -       AN->Y  F     NOR2BX1LVT        3  1.2    23    32      32 
  g19746/Y                           -       B0->Y  R     AOI2BB1X1LVT      2  0.6    23    27      59 
  g19743/Y                           -       A->Y   F     NAND4XLLVT        1  0.4    78    77     136 
  g19739/Y                           -       B0->Y  R     AOI2BB1X1LVT      2  3.4    79    74     211 
  g19542/Y                           -       A->Y   F     NOR2X6LVT        34 14.5    50    46     256 
  g19539/Y                           -       A->Y   R     INVX2LVT         54 26.8   144    94     350 
  g19486/Y                           -       S0->Y  F     MXI2XLLVT         3  1.0    76    97     447 
  g19417/S                           -       B->S   R     ADDHX1LVT         5  2.1    28    70     517 
  g19368/Y                           -       A1->Y  F     AOI21X1LVT        1  0.4    31    35     552 
  g19678/Y                           -       S0->Y  R     CLKMX2X2LVT      26 13.0    78   115     667 
  g19329/Y                           -       A->Y   F     INVX1LVT         20  8.0   100    82     749 
  g19321/Y                           -       A->Y   R     NOR2X1LVT         2  1.0    35    55     804 
  g19298/Y                           -       B->Y   F     NAND2X1LVT        3  1.2    40    38     842 
  g19263/Y                           -       B->Y   R     NOR2X1LVT         5  2.1    55    45     888 
  MAN_COMP_28BIT_UNIT_g9371/Y        -       A1->Y  R     OA21X1LVT         1  0.3    10    62     949 
  g19712/Y                           -       A->Y   R     AND2X1LVT         2  1.0    16    48     997 
  MAN_COMP_28BIT_UNIT_g2/Y           -       B->Y   F     NAND2BX1LVT       2  0.8    30    27    1024 
  MAN_COMP_28BIT_UNIT_g9232/Y        -       B->Y   R     NOR2X1LVT         2  1.0    32    30    1054 
  MAN_COMP_28BIT_UNIT_g9227/Y        -       A->Y   F     INVX1LVT          2  0.8    16    22    1076 
  MAN_COMP_28BIT_UNIT_g9226/Y        -       A->Y   R     NOR2X1LVT         1  0.5    23    24    1099 
  MAN_COMP_28BIT_UNIT_g9214/Y        -       B1->Y  F     AOI221X1LVT       1  0.4    53    35    1135 
  MAN_COMP_28BIT_UNIT_g9212/Y        -       A->Y   R     NAND2X1LVT        2  1.5    30    35    1170 
  g1943/Y                            -       A->Y   F     INVX2LVT         34 14.6    86    58    1228 
  g1939/Y                            -       A->Y   R     INVX1LVT         36 18.0   194   135    1363 
  g1850/Y                            -       B1->Y  F     AOI22X1LVT        1  0.4    54    90    1453 
  g1802/Y                            -       S0->Y  R     MXI2XLLVT         1  1.0    58    51    1504 
  MAN_ALU_UNIT_ALU_SUB_UNIT_g1329/CO -       A->CO  R     ADDFX1LVT         1  0.7    18    89    1594 
  MAN_ALU_UNIT_ALU_SUB_UNIT_g1328/CO -       CI->CO R     ADDFX1LVT         1  0.7    18    72    1665 
  MAN_ALU_UNIT_ALU_SUB_UNIT_g1327/CO -       CI->CO R     ADDFX1LVT         1  0.7    18    72    1737 
  MAN_ALU_UNIT_ALU_SUB_UNIT_g1326/CO -       CI->CO R     ADDFX1LVT         1  0.7    18    72    1808 
  MAN_ALU_UNIT_ALU_SUB_UNIT_g1325/CO -       CI->CO R     ADDFX1LVT         1  0.7    18    72    1880 
  MAN_ALU_UNIT_ALU_SUB_UNIT_g1324/CO -       CI->CO R     ADDFX1LVT         1  0.7    18    72    1951 
  MAN_ALU_UNIT_ALU_SUB_UNIT_g1323/CO -       CI->CO R     ADDFX1LVT         1  0.7    18    72    2023 
  MAN_ALU_UNIT_ALU_SUB_UNIT_g1322/CO -       CI->CO R     ADDFX1LVT         1  0.7    18    72    2094 
  MAN_ALU_UNIT_ALU_SUB_UNIT_g1321/CO -       CI->CO R     ADDFX1LVT         1  0.7    18    72    2166 
  MAN_ALU_UNIT_ALU_SUB_UNIT_g1320/CO -       CI->CO R     ADDFX1LVT         1  0.7    18    72    2237 
  MAN_ALU_UNIT_ALU_SUB_UNIT_g1319/CO -       CI->CO R     ADDFX1LVT         1  0.7    18    72    2309 
  MAN_ALU_UNIT_ALU_SUB_UNIT_g1318/CO -       CI->CO R     ADDFX1LVT         1  0.7    18    72    2380 
  MAN_ALU_UNIT_ALU_SUB_UNIT_g1317/CO -       CI->CO R     ADDFX1LVT         1  0.7    18    72    2452 
  MAN_ALU_UNIT_ALU_SUB_UNIT_g1316/CO -       CI->CO R     ADDFX1LVT         1  0.7    18    72    2523 
  MAN_ALU_UNIT_ALU_SUB_UNIT_g1315/CO -       CI->CO R     ADDFX1LVT         1  0.7    18    72    2595 
  MAN_ALU_UNIT_ALU_SUB_UNIT_g1314/CO -       CI->CO R     ADDFX1LVT         1  0.7    18    72    2666 
  MAN_ALU_UNIT_ALU_SUB_UNIT_g1313/CO -       CI->CO R     ADDFX1LVT         1  0.7    18    72    2738 
  MAN_ALU_UNIT_ALU_SUB_UNIT_g1312/CO -       CI->CO R     ADDFX1LVT         1  0.7    18    72    2809 
  MAN_ALU_UNIT_ALU_SUB_UNIT_g1311/CO -       CI->CO R     ADDFX1LVT         1  0.7    18    72    2881 
  MAN_ALU_UNIT_ALU_SUB_UNIT_g1310/CO -       CI->CO R     ADDFX1LVT         1  0.7    18    72    2952 
  MAN_ALU_UNIT_ALU_SUB_UNIT_g1309/CO -       CI->CO R     ADDFX1LVT         1  0.7    18    72    3024 
  MAN_ALU_UNIT_ALU_SUB_UNIT_g1308/CO -       CI->CO R     ADDFX1LVT         1  0.7    18    72    3095 
  MAN_ALU_UNIT_ALU_SUB_UNIT_g1307/CO -       CI->CO R     ADDFX1LVT         2  0.8    19    72    3167 
  g19668/Y                           -       B->Y   R     OR2X1LVT          1  0.5    10    30    3197 
  g9034/Y                            -       B->Y   F     NAND2BX1LVT      31 10.6   229   138    3335 
  g8997/Y                            -       A->Y   R     NAND2X1LVT       15  7.1   112   131    3466 
  g8969/Y                            -       A->Y   F     INVX1LVT         14  5.1    75    78    3544 
  g8953/Y                            -       A->Y   R     NAND2X1LVT        3  1.5    33    43    3587 
  g8888/Y                            -       C0->Y  F     OAI221X1LVT       1  0.2    58    58    3646 
  g8831/Y                            -       C0->Y  R     AOI211XLLVT       2  0.8    72    64    3710 
  g8787/Y                            -       A->Y   R     CLKAND2X2LVT      2  1.1    13    56    3766 
  g8766/Y                            -       B->Y   R     CLKAND2X3LVT      2  1.5    13    36    3801 
  g8754/Y                            -       B->Y   F     NAND2X2LVT        2  1.0    30    21    3822 
  g8745/Y                            -       B->Y   R     NOR2X2LVT         3  1.9    35    28    3851 
  g8738/Y                            -       C->Y   F     NAND3BX2LVT       2  1.0    44    40    3891 
  g8733/Y                            -       D->Y   R     NOR4X2LVT         2  0.8    51    39    3929 
  g8727/Y                            -       B->Y   F     NAND2X1LVT        2  1.3    44    45    3974 
  g8726/Y                            -       C->Y   R     NOR3BX2LVT        2  0.8    35    33    4007 
  g8718/Y                            -       D->Y   R     AND4XLLVT         4  1.6    37   103    4111 
  g8708/Y                            -       AN->Y  R     NOR2BX1LVT        3  0.9    35    47    4158 
  g8701/Y                            -       AN->Y  R     NOR2BX1LVT        3  1.1    37    49    4207 
  g8694/Y                            -       AN->Y  R     NOR2BX1LVT        3  1.1    38    50    4256 
  g8689/Y                            -       AN->Y  R     NOR2BX1LVT        3  1.1    38    50    4306 
  g8683/Y                            -       AN->Y  R     NOR2BX1LVT        3  1.1    38    50    4356 
  g8677/Y                            -       AN->Y  R     NOR2BX1LVT        3  1.1    38    50    4406 
  g8661/Y                            -       A1->Y  F     OAI211XLLVT       1  0.0    44    46    4451 
  o_32_s[29]                         -       -      F     (port)            -    -     -     0    4451 
#------------------------------------------------------------------------------------------------------



Path 3: MET (85 ps) Path Delay Check
     Startpoint: (F) i_32_b[27]
       Endpoint: (F) o_32_s[22]

                  Capture    Launch  
     Path Delay:+    4500         -  
        Arrival:=    4500            
                                     
  Required Time:=    4500            
      Data Path:-    4415            
          Slack:=      85            

#------------------------------------------------------------------------------------------------------
#           Timing Point             Flags    Arc   Edge     Cell      Fanout Load Trans Delay Arrival 
#                                                                             (fF)  (ps)  (ps)   (ps)  
#------------------------------------------------------------------------------------------------------
  i_32_b[27]                         -       -      F     (arrival)         5  1.4     0     0       0 
  g19635/Y                           -       AN->Y  F     NOR2BX1LVT        3  1.2    23    32      32 
  g19746/Y                           -       B0->Y  R     AOI2BB1X1LVT      2  0.6    23    27      59 
  g19743/Y                           -       A->Y   F     NAND4XLLVT        1  0.4    78    77     136 
  g19739/Y                           -       B0->Y  R     AOI2BB1X1LVT      2  3.4    79    74     211 
  g19542/Y                           -       A->Y   F     NOR2X6LVT        34 14.5    50    46     256 
  g19539/Y                           -       A->Y   R     INVX2LVT         54 26.8   144    94     350 
  g19486/Y                           -       S0->Y  F     MXI2XLLVT         3  1.0    76    97     447 
  g19417/S                           -       B->S   R     ADDHX1LVT         5  2.1    28    70     517 
  g19368/Y                           -       A1->Y  F     AOI21X1LVT        1  0.4    31    35     552 
  g19678/Y                           -       S0->Y  R     CLKMX2X2LVT      26 13.0    78   115     667 
  g19329/Y                           -       A->Y   F     INVX1LVT         20  8.0   100    82     749 
  g19321/Y                           -       A->Y   R     NOR2X1LVT         2  1.0    35    55     804 
  g19298/Y                           -       B->Y   F     NAND2X1LVT        3  1.2    40    38     842 
  g19263/Y                           -       B->Y   R     NOR2X1LVT         5  2.1    55    45     888 
  MAN_COMP_28BIT_UNIT_g9371/Y        -       A1->Y  R     OA21X1LVT         1  0.3    10    62     949 
  g19712/Y                           -       A->Y   R     AND2X1LVT         2  1.0    16    48     997 
  MAN_COMP_28BIT_UNIT_g2/Y           -       B->Y   F     NAND2BX1LVT       2  0.8    30    27    1024 
  MAN_COMP_28BIT_UNIT_g9232/Y        -       B->Y   R     NOR2X1LVT         2  1.0    32    30    1054 
  MAN_COMP_28BIT_UNIT_g9227/Y        -       A->Y   F     INVX1LVT          2  0.8    16    22    1076 
  MAN_COMP_28BIT_UNIT_g9226/Y        -       A->Y   R     NOR2X1LVT         1  0.5    23    24    1099 
  MAN_COMP_28BIT_UNIT_g9214/Y        -       B1->Y  F     AOI221X1LVT       1  0.4    53    35    1135 
  MAN_COMP_28BIT_UNIT_g9212/Y        -       A->Y   R     NAND2X1LVT        2  1.5    30    35    1170 
  g1943/Y                            -       A->Y   F     INVX2LVT         34 14.6    86    58    1228 
  g1939/Y                            -       A->Y   R     INVX1LVT         36 18.0   194   135    1363 
  g1850/Y                            -       B1->Y  F     AOI22X1LVT        1  0.4    54    90    1453 
  g1802/Y                            -       S0->Y  R     MXI2XLLVT         1  1.0    58    51    1504 
  MAN_ALU_UNIT_ALU_SUB_UNIT_g1329/CO -       A->CO  R     ADDFX1LVT         1  0.7    18    89    1594 
  MAN_ALU_UNIT_ALU_SUB_UNIT_g1328/CO -       CI->CO R     ADDFX1LVT         1  0.7    18    72    1665 
  MAN_ALU_UNIT_ALU_SUB_UNIT_g1327/CO -       CI->CO R     ADDFX1LVT         1  0.7    18    72    1737 
  MAN_ALU_UNIT_ALU_SUB_UNIT_g1326/CO -       CI->CO R     ADDFX1LVT         1  0.7    18    72    1808 
  MAN_ALU_UNIT_ALU_SUB_UNIT_g1325/CO -       CI->CO R     ADDFX1LVT         1  0.7    18    72    1880 
  MAN_ALU_UNIT_ALU_SUB_UNIT_g1324/CO -       CI->CO R     ADDFX1LVT         1  0.7    18    72    1951 
  MAN_ALU_UNIT_ALU_SUB_UNIT_g1323/CO -       CI->CO R     ADDFX1LVT         1  0.7    18    72    2023 
  MAN_ALU_UNIT_ALU_SUB_UNIT_g1322/CO -       CI->CO R     ADDFX1LVT         1  0.7    18    72    2094 
  MAN_ALU_UNIT_ALU_SUB_UNIT_g1321/CO -       CI->CO R     ADDFX1LVT         1  0.7    18    72    2166 
  MAN_ALU_UNIT_ALU_SUB_UNIT_g1320/CO -       CI->CO R     ADDFX1LVT         1  0.7    18    72    2237 
  MAN_ALU_UNIT_ALU_SUB_UNIT_g1319/CO -       CI->CO R     ADDFX1LVT         1  0.7    18    72    2309 
  MAN_ALU_UNIT_ALU_SUB_UNIT_g1318/CO -       CI->CO R     ADDFX1LVT         1  0.7    18    72    2380 
  MAN_ALU_UNIT_ALU_SUB_UNIT_g1317/CO -       CI->CO R     ADDFX1LVT         1  0.7    18    72    2452 
  MAN_ALU_UNIT_ALU_SUB_UNIT_g1316/CO -       CI->CO R     ADDFX1LVT         1  0.7    18    72    2523 
  MAN_ALU_UNIT_ALU_SUB_UNIT_g1315/CO -       CI->CO R     ADDFX1LVT         1  0.7    18    72    2595 
  MAN_ALU_UNIT_ALU_SUB_UNIT_g1314/CO -       CI->CO R     ADDFX1LVT         1  0.7    18    72    2666 
  MAN_ALU_UNIT_ALU_SUB_UNIT_g1313/CO -       CI->CO R     ADDFX1LVT         1  0.7    18    72    2738 
  MAN_ALU_UNIT_ALU_SUB_UNIT_g1312/CO -       CI->CO R     ADDFX1LVT         1  0.7    18    72    2809 
  MAN_ALU_UNIT_ALU_SUB_UNIT_g1311/CO -       CI->CO R     ADDFX1LVT         1  0.7    18    72    2881 
  MAN_ALU_UNIT_ALU_SUB_UNIT_g1310/CO -       CI->CO R     ADDFX1LVT         1  0.7    18    72    2952 
  MAN_ALU_UNIT_ALU_SUB_UNIT_g1309/CO -       CI->CO R     ADDFX1LVT         1  0.7    18    72    3024 
  MAN_ALU_UNIT_ALU_SUB_UNIT_g1308/CO -       CI->CO R     ADDFX1LVT         1  0.7    18    72    3095 
  MAN_ALU_UNIT_ALU_SUB_UNIT_g1307/CO -       CI->CO R     ADDFX1LVT         2  0.8    19    72    3167 
  g19668/Y                           -       B->Y   R     OR2X1LVT          1  0.5    10    30    3197 
  g9034/Y                            -       B->Y   F     NAND2BX1LVT      31 10.6   229   138    3335 
  g8997/Y                            -       A->Y   R     NAND2X1LVT       15  7.1   112   131    3466 
  g8969/Y                            -       A->Y   F     INVX1LVT         14  5.1    75    78    3544 
  g8953/Y                            -       A->Y   R     NAND2X1LVT        3  1.5    33    43    3587 
  g8888/Y                            -       C0->Y  F     OAI221X1LVT       1  0.2    58    58    3646 
  g8831/Y                            -       C0->Y  R     AOI211XLLVT       2  0.8    72    64    3710 
  g8787/Y                            -       A->Y   R     CLKAND2X2LVT      2  1.1    13    56    3766 
  g8766/Y                            -       B->Y   R     CLKAND2X3LVT      2  1.5    13    36    3801 
  g8754/Y                            -       B->Y   F     NAND2X2LVT        2  1.0    30    21    3822 
  g8745/Y                            -       B->Y   R     NOR2X2LVT         3  1.9    35    28    3851 
  g8739/Y                            -       A->Y   F     INVX1LVT          2  0.7    16    22    3873 
  g8735/Y                            -       B->Y   F     OR2XLLVT          2  0.9    23    42    3916 
  g8722/Y                            -       B->Y   R     NOR2X1LVT         2  0.8    29    25    3941 
  g8704/Y                            -       C->Y   F     NAND3BXLLVT       3  1.3   101    74    4015 
  g8695/Y                            -       B->Y   R     NOR2X1LVT         2  0.8    36    53    4068 
  g8681/Y                            -       AN->Y  R     NOR4BX1LVT        2  0.8    68    87    4155 
  g8674/Y                            -       C->Y   F     NAND3BXLLVT       2  0.7    71    70    4225 
  g8667/Y                            -       AN->Y  F     NAND3BXLLVT       1  0.5    57    70    4295 
  g8657/Y                            -       B->Y   R     XNOR2X1LVT        1  0.5    12    70    4365 
  g8655/Y                            -       A1->Y  F     OAI221X1LVT       1  0.0    55    50    4415 
  o_32_s[22]                         -       -      F     (port)            -    -     -     0    4415 
#------------------------------------------------------------------------------------------------------



Path 4: MET (99 ps) Path Delay Check
     Startpoint: (F) i_32_b[27]
       Endpoint: (F) o_32_s[28]

                  Capture    Launch  
     Path Delay:+    4500         -  
        Arrival:=    4500            
                                     
  Required Time:=    4500            
      Data Path:-    4401            
          Slack:=      99            

#------------------------------------------------------------------------------------------------------
#           Timing Point             Flags    Arc   Edge     Cell      Fanout Load Trans Delay Arrival 
#                                                                             (fF)  (ps)  (ps)   (ps)  
#------------------------------------------------------------------------------------------------------
  i_32_b[27]                         -       -      F     (arrival)         5  1.4     0     0       0 
  g19635/Y                           -       AN->Y  F     NOR2BX1LVT        3  1.2    23    32      32 
  g19746/Y                           -       B0->Y  R     AOI2BB1X1LVT      2  0.6    23    27      59 
  g19743/Y                           -       A->Y   F     NAND4XLLVT        1  0.4    78    77     136 
  g19739/Y                           -       B0->Y  R     AOI2BB1X1LVT      2  3.4    79    74     211 
  g19542/Y                           -       A->Y   F     NOR2X6LVT        34 14.5    50    46     256 
  g19539/Y                           -       A->Y   R     INVX2LVT         54 26.8   144    94     350 
  g19486/Y                           -       S0->Y  F     MXI2XLLVT         3  1.0    76    97     447 
  g19417/S                           -       B->S   R     ADDHX1LVT         5  2.1    28    70     517 
  g19368/Y                           -       A1->Y  F     AOI21X1LVT        1  0.4    31    35     552 
  g19678/Y                           -       S0->Y  R     CLKMX2X2LVT      26 13.0    78   115     667 
  g19329/Y                           -       A->Y   F     INVX1LVT         20  8.0   100    82     749 
  g19321/Y                           -       A->Y   R     NOR2X1LVT         2  1.0    35    55     804 
  g19298/Y                           -       B->Y   F     NAND2X1LVT        3  1.2    40    38     842 
  g19263/Y                           -       B->Y   R     NOR2X1LVT         5  2.1    55    45     888 
  MAN_COMP_28BIT_UNIT_g9371/Y        -       A1->Y  R     OA21X1LVT         1  0.3    10    62     949 
  g19712/Y                           -       A->Y   R     AND2X1LVT         2  1.0    16    48     997 
  MAN_COMP_28BIT_UNIT_g2/Y           -       B->Y   F     NAND2BX1LVT       2  0.8    30    27    1024 
  MAN_COMP_28BIT_UNIT_g9232/Y        -       B->Y   R     NOR2X1LVT         2  1.0    32    30    1054 
  MAN_COMP_28BIT_UNIT_g9227/Y        -       A->Y   F     INVX1LVT          2  0.8    16    22    1076 
  MAN_COMP_28BIT_UNIT_g9226/Y        -       A->Y   R     NOR2X1LVT         1  0.5    23    24    1099 
  MAN_COMP_28BIT_UNIT_g9214/Y        -       B1->Y  F     AOI221X1LVT       1  0.4    53    35    1135 
  MAN_COMP_28BIT_UNIT_g9212/Y        -       A->Y   R     NAND2X1LVT        2  1.5    30    35    1170 
  g1943/Y                            -       A->Y   F     INVX2LVT         34 14.6    86    58    1228 
  g1939/Y                            -       A->Y   R     INVX1LVT         36 18.0   194   135    1363 
  g1850/Y                            -       B1->Y  F     AOI22X1LVT        1  0.4    54    90    1453 
  g1802/Y                            -       S0->Y  R     MXI2XLLVT         1  1.0    58    51    1504 
  MAN_ALU_UNIT_ALU_SUB_UNIT_g1329/CO -       A->CO  R     ADDFX1LVT         1  0.7    18    89    1594 
  MAN_ALU_UNIT_ALU_SUB_UNIT_g1328/CO -       CI->CO R     ADDFX1LVT         1  0.7    18    72    1665 
  MAN_ALU_UNIT_ALU_SUB_UNIT_g1327/CO -       CI->CO R     ADDFX1LVT         1  0.7    18    72    1737 
  MAN_ALU_UNIT_ALU_SUB_UNIT_g1326/CO -       CI->CO R     ADDFX1LVT         1  0.7    18    72    1808 
  MAN_ALU_UNIT_ALU_SUB_UNIT_g1325/CO -       CI->CO R     ADDFX1LVT         1  0.7    18    72    1880 
  MAN_ALU_UNIT_ALU_SUB_UNIT_g1324/CO -       CI->CO R     ADDFX1LVT         1  0.7    18    72    1951 
  MAN_ALU_UNIT_ALU_SUB_UNIT_g1323/CO -       CI->CO R     ADDFX1LVT         1  0.7    18    72    2023 
  MAN_ALU_UNIT_ALU_SUB_UNIT_g1322/CO -       CI->CO R     ADDFX1LVT         1  0.7    18    72    2094 
  MAN_ALU_UNIT_ALU_SUB_UNIT_g1321/CO -       CI->CO R     ADDFX1LVT         1  0.7    18    72    2166 
  MAN_ALU_UNIT_ALU_SUB_UNIT_g1320/CO -       CI->CO R     ADDFX1LVT         1  0.7    18    72    2237 
  MAN_ALU_UNIT_ALU_SUB_UNIT_g1319/CO -       CI->CO R     ADDFX1LVT         1  0.7    18    72    2309 
  MAN_ALU_UNIT_ALU_SUB_UNIT_g1318/CO -       CI->CO R     ADDFX1LVT         1  0.7    18    72    2380 
  MAN_ALU_UNIT_ALU_SUB_UNIT_g1317/CO -       CI->CO R     ADDFX1LVT         1  0.7    18    72    2452 
  MAN_ALU_UNIT_ALU_SUB_UNIT_g1316/CO -       CI->CO R     ADDFX1LVT         1  0.7    18    72    2523 
  MAN_ALU_UNIT_ALU_SUB_UNIT_g1315/CO -       CI->CO R     ADDFX1LVT         1  0.7    18    72    2595 
  MAN_ALU_UNIT_ALU_SUB_UNIT_g1314/CO -       CI->CO R     ADDFX1LVT         1  0.7    18    72    2666 
  MAN_ALU_UNIT_ALU_SUB_UNIT_g1313/CO -       CI->CO R     ADDFX1LVT         1  0.7    18    72    2738 
  MAN_ALU_UNIT_ALU_SUB_UNIT_g1312/CO -       CI->CO R     ADDFX1LVT         1  0.7    18    72    2809 
  MAN_ALU_UNIT_ALU_SUB_UNIT_g1311/CO -       CI->CO R     ADDFX1LVT         1  0.7    18    72    2881 
  MAN_ALU_UNIT_ALU_SUB_UNIT_g1310/CO -       CI->CO R     ADDFX1LVT         1  0.7    18    72    2952 
  MAN_ALU_UNIT_ALU_SUB_UNIT_g1309/CO -       CI->CO R     ADDFX1LVT         1  0.7    18    72    3024 
  MAN_ALU_UNIT_ALU_SUB_UNIT_g1308/CO -       CI->CO R     ADDFX1LVT         1  0.7    18    72    3095 
  MAN_ALU_UNIT_ALU_SUB_UNIT_g1307/CO -       CI->CO R     ADDFX1LVT         2  0.8    19    72    3167 
  g19668/Y                           -       B->Y   R     OR2X1LVT          1  0.5    10    30    3197 
  g9034/Y                            -       B->Y   F     NAND2BX1LVT      31 10.6   229   138    3335 
  g8997/Y                            -       A->Y   R     NAND2X1LVT       15  7.1   112   131    3466 
  g8969/Y                            -       A->Y   F     INVX1LVT         14  5.1    75    78    3544 
  g8953/Y                            -       A->Y   R     NAND2X1LVT        3  1.5    33    43    3587 
  g8888/Y                            -       C0->Y  F     OAI221X1LVT       1  0.2    58    58    3646 
  g8831/Y                            -       C0->Y  R     AOI211XLLVT       2  0.8    72    64    3710 
  g8787/Y                            -       A->Y   R     CLKAND2X2LVT      2  1.1    13    56    3766 
  g8766/Y                            -       B->Y   R     CLKAND2X3LVT      2  1.5    13    36    3801 
  g8754/Y                            -       B->Y   F     NAND2X2LVT        2  1.0    30    21    3822 
  g8745/Y                            -       B->Y   R     NOR2X2LVT         3  1.9    35    28    3851 
  g8738/Y                            -       C->Y   F     NAND3BX2LVT       2  1.0    44    40    3891 
  g8733/Y                            -       D->Y   R     NOR4X2LVT         2  0.8    51    39    3929 
  g8727/Y                            -       B->Y   F     NAND2X1LVT        2  1.3    44    45    3974 
  g8726/Y                            -       C->Y   R     NOR3BX2LVT        2  0.8    35    33    4007 
  g8718/Y                            -       D->Y   R     AND4XLLVT         4  1.6    37   103    4111 
  g8708/Y                            -       AN->Y  R     NOR2BX1LVT        3  0.9    35    47    4158 
  g8701/Y                            -       AN->Y  R     NOR2BX1LVT        3  1.1    37    49    4207 
  g8694/Y                            -       AN->Y  R     NOR2BX1LVT        3  1.1    38    50    4256 
  g8689/Y                            -       AN->Y  R     NOR2BX1LVT        3  1.1    38    50    4306 
  g8683/Y                            -       AN->Y  R     NOR2BX1LVT        3  1.1    38    50    4356 
  g8666/Y                            -       A1->Y  F     OAI211XLLVT       1  0.0    44    46    4401 
  o_32_s[28]                         -       -      F     (port)            -    -     -     0    4401 
#------------------------------------------------------------------------------------------------------



Path 5: MET (148 ps) Path Delay Check
     Startpoint: (F) i_32_b[27]
       Endpoint: (F) o_32_s[27]

                  Capture    Launch  
     Path Delay:+    4500         -  
        Arrival:=    4500            
                                     
  Required Time:=    4500            
      Data Path:-    4352            
          Slack:=     148            

#------------------------------------------------------------------------------------------------------
#           Timing Point             Flags    Arc   Edge     Cell      Fanout Load Trans Delay Arrival 
#                                                                             (fF)  (ps)  (ps)   (ps)  
#------------------------------------------------------------------------------------------------------
  i_32_b[27]                         -       -      F     (arrival)         5  1.4     0     0       0 
  g19635/Y                           -       AN->Y  F     NOR2BX1LVT        3  1.2    23    32      32 
  g19746/Y                           -       B0->Y  R     AOI2BB1X1LVT      2  0.6    23    27      59 
  g19743/Y                           -       A->Y   F     NAND4XLLVT        1  0.4    78    77     136 
  g19739/Y                           -       B0->Y  R     AOI2BB1X1LVT      2  3.4    79    74     211 
  g19542/Y                           -       A->Y   F     NOR2X6LVT        34 14.5    50    46     256 
  g19539/Y                           -       A->Y   R     INVX2LVT         54 26.8   144    94     350 
  g19486/Y                           -       S0->Y  F     MXI2XLLVT         3  1.0    76    97     447 
  g19417/S                           -       B->S   R     ADDHX1LVT         5  2.1    28    70     517 
  g19368/Y                           -       A1->Y  F     AOI21X1LVT        1  0.4    31    35     552 
  g19678/Y                           -       S0->Y  R     CLKMX2X2LVT      26 13.0    78   115     667 
  g19329/Y                           -       A->Y   F     INVX1LVT         20  8.0   100    82     749 
  g19321/Y                           -       A->Y   R     NOR2X1LVT         2  1.0    35    55     804 
  g19298/Y                           -       B->Y   F     NAND2X1LVT        3  1.2    40    38     842 
  g19263/Y                           -       B->Y   R     NOR2X1LVT         5  2.1    55    45     888 
  MAN_COMP_28BIT_UNIT_g9371/Y        -       A1->Y  R     OA21X1LVT         1  0.3    10    62     949 
  g19712/Y                           -       A->Y   R     AND2X1LVT         2  1.0    16    48     997 
  MAN_COMP_28BIT_UNIT_g2/Y           -       B->Y   F     NAND2BX1LVT       2  0.8    30    27    1024 
  MAN_COMP_28BIT_UNIT_g9232/Y        -       B->Y   R     NOR2X1LVT         2  1.0    32    30    1054 
  MAN_COMP_28BIT_UNIT_g9227/Y        -       A->Y   F     INVX1LVT          2  0.8    16    22    1076 
  MAN_COMP_28BIT_UNIT_g9226/Y        -       A->Y   R     NOR2X1LVT         1  0.5    23    24    1099 
  MAN_COMP_28BIT_UNIT_g9214/Y        -       B1->Y  F     AOI221X1LVT       1  0.4    53    35    1135 
  MAN_COMP_28BIT_UNIT_g9212/Y        -       A->Y   R     NAND2X1LVT        2  1.5    30    35    1170 
  g1943/Y                            -       A->Y   F     INVX2LVT         34 14.6    86    58    1228 
  g1939/Y                            -       A->Y   R     INVX1LVT         36 18.0   194   135    1363 
  g1850/Y                            -       B1->Y  F     AOI22X1LVT        1  0.4    54    90    1453 
  g1802/Y                            -       S0->Y  R     MXI2XLLVT         1  1.0    58    51    1504 
  MAN_ALU_UNIT_ALU_SUB_UNIT_g1329/CO -       A->CO  R     ADDFX1LVT         1  0.7    18    89    1594 
  MAN_ALU_UNIT_ALU_SUB_UNIT_g1328/CO -       CI->CO R     ADDFX1LVT         1  0.7    18    72    1665 
  MAN_ALU_UNIT_ALU_SUB_UNIT_g1327/CO -       CI->CO R     ADDFX1LVT         1  0.7    18    72    1737 
  MAN_ALU_UNIT_ALU_SUB_UNIT_g1326/CO -       CI->CO R     ADDFX1LVT         1  0.7    18    72    1808 
  MAN_ALU_UNIT_ALU_SUB_UNIT_g1325/CO -       CI->CO R     ADDFX1LVT         1  0.7    18    72    1880 
  MAN_ALU_UNIT_ALU_SUB_UNIT_g1324/CO -       CI->CO R     ADDFX1LVT         1  0.7    18    72    1951 
  MAN_ALU_UNIT_ALU_SUB_UNIT_g1323/CO -       CI->CO R     ADDFX1LVT         1  0.7    18    72    2023 
  MAN_ALU_UNIT_ALU_SUB_UNIT_g1322/CO -       CI->CO R     ADDFX1LVT         1  0.7    18    72    2094 
  MAN_ALU_UNIT_ALU_SUB_UNIT_g1321/CO -       CI->CO R     ADDFX1LVT         1  0.7    18    72    2166 
  MAN_ALU_UNIT_ALU_SUB_UNIT_g1320/CO -       CI->CO R     ADDFX1LVT         1  0.7    18    72    2237 
  MAN_ALU_UNIT_ALU_SUB_UNIT_g1319/CO -       CI->CO R     ADDFX1LVT         1  0.7    18    72    2309 
  MAN_ALU_UNIT_ALU_SUB_UNIT_g1318/CO -       CI->CO R     ADDFX1LVT         1  0.7    18    72    2380 
  MAN_ALU_UNIT_ALU_SUB_UNIT_g1317/CO -       CI->CO R     ADDFX1LVT         1  0.7    18    72    2452 
  MAN_ALU_UNIT_ALU_SUB_UNIT_g1316/CO -       CI->CO R     ADDFX1LVT         1  0.7    18    72    2523 
  MAN_ALU_UNIT_ALU_SUB_UNIT_g1315/CO -       CI->CO R     ADDFX1LVT         1  0.7    18    72    2595 
  MAN_ALU_UNIT_ALU_SUB_UNIT_g1314/CO -       CI->CO R     ADDFX1LVT         1  0.7    18    72    2666 
  MAN_ALU_UNIT_ALU_SUB_UNIT_g1313/CO -       CI->CO R     ADDFX1LVT         1  0.7    18    72    2738 
  MAN_ALU_UNIT_ALU_SUB_UNIT_g1312/CO -       CI->CO R     ADDFX1LVT         1  0.7    18    72    2809 
  MAN_ALU_UNIT_ALU_SUB_UNIT_g1311/CO -       CI->CO R     ADDFX1LVT         1  0.7    18    72    2881 
  MAN_ALU_UNIT_ALU_SUB_UNIT_g1310/CO -       CI->CO R     ADDFX1LVT         1  0.7    18    72    2952 
  MAN_ALU_UNIT_ALU_SUB_UNIT_g1309/CO -       CI->CO R     ADDFX1LVT         1  0.7    18    72    3024 
  MAN_ALU_UNIT_ALU_SUB_UNIT_g1308/CO -       CI->CO R     ADDFX1LVT         1  0.7    18    72    3095 
  MAN_ALU_UNIT_ALU_SUB_UNIT_g1307/CO -       CI->CO R     ADDFX1LVT         2  0.8    19    72    3167 
  g19668/Y                           -       B->Y   R     OR2X1LVT          1  0.5    10    30    3197 
  g9034/Y                            -       B->Y   F     NAND2BX1LVT      31 10.6   229   138    3335 
  g8997/Y                            -       A->Y   R     NAND2X1LVT       15  7.1   112   131    3466 
  g8969/Y                            -       A->Y   F     INVX1LVT         14  5.1    75    78    3544 
  g8953/Y                            -       A->Y   R     NAND2X1LVT        3  1.5    33    43    3587 
  g8888/Y                            -       C0->Y  F     OAI221X1LVT       1  0.2    58    58    3646 
  g8831/Y                            -       C0->Y  R     AOI211XLLVT       2  0.8    72    64    3710 
  g8787/Y                            -       A->Y   R     CLKAND2X2LVT      2  1.1    13    56    3766 
  g8766/Y                            -       B->Y   R     CLKAND2X3LVT      2  1.5    13    36    3801 
  g8754/Y                            -       B->Y   F     NAND2X2LVT        2  1.0    30    21    3822 
  g8745/Y                            -       B->Y   R     NOR2X2LVT         3  1.9    35    28    3851 
  g8738/Y                            -       C->Y   F     NAND3BX2LVT       2  1.0    44    40    3891 
  g8733/Y                            -       D->Y   R     NOR4X2LVT         2  0.8    51    39    3929 
  g8727/Y                            -       B->Y   F     NAND2X1LVT        2  1.3    44    45    3974 
  g8726/Y                            -       C->Y   R     NOR3BX2LVT        2  0.8    35    33    4007 
  g8718/Y                            -       D->Y   R     AND4XLLVT         4  1.6    37   103    4111 
  g8708/Y                            -       AN->Y  R     NOR2BX1LVT        3  0.9    35    47    4158 
  g8701/Y                            -       AN->Y  R     NOR2BX1LVT        3  1.1    37    49    4207 
  g8694/Y                            -       AN->Y  R     NOR2BX1LVT        3  1.1    38    50    4256 
  g8689/Y                            -       AN->Y  R     NOR2BX1LVT        3  1.1    38    50    4306 
  g8673/Y                            -       A1->Y  F     OAI211XLLVT       1  0.0    44    46    4352 
  o_32_s[27]                         -       -      F     (port)            -    -     -     0    4352 
#------------------------------------------------------------------------------------------------------



Path 6: MET (193 ps) Path Delay Check
     Startpoint: (F) i_32_b[27]
       Endpoint: (F) o_32_s[18]

                  Capture    Launch  
     Path Delay:+    4500         -  
        Arrival:=    4500            
                                     
  Required Time:=    4500            
      Data Path:-    4307            
          Slack:=     193            

#------------------------------------------------------------------------------------------------------
#           Timing Point             Flags    Arc   Edge     Cell      Fanout Load Trans Delay Arrival 
#                                                                             (fF)  (ps)  (ps)   (ps)  
#------------------------------------------------------------------------------------------------------
  i_32_b[27]                         -       -      F     (arrival)         5  1.4     0     0       0 
  g19635/Y                           -       AN->Y  F     NOR2BX1LVT        3  1.2    23    32      32 
  g19746/Y                           -       B0->Y  R     AOI2BB1X1LVT      2  0.6    23    27      59 
  g19743/Y                           -       A->Y   F     NAND4XLLVT        1  0.4    78    77     136 
  g19739/Y                           -       B0->Y  R     AOI2BB1X1LVT      2  3.4    79    74     211 
  g19542/Y                           -       A->Y   F     NOR2X6LVT        34 14.5    50    46     256 
  g19539/Y                           -       A->Y   R     INVX2LVT         54 26.8   144    94     350 
  g19486/Y                           -       S0->Y  F     MXI2XLLVT         3  1.0    76    97     447 
  g19417/S                           -       B->S   R     ADDHX1LVT         5  2.1    28    70     517 
  g19368/Y                           -       A1->Y  F     AOI21X1LVT        1  0.4    31    35     552 
  g19678/Y                           -       S0->Y  R     CLKMX2X2LVT      26 13.0    78   115     667 
  g19329/Y                           -       A->Y   F     INVX1LVT         20  8.0   100    82     749 
  g19321/Y                           -       A->Y   R     NOR2X1LVT         2  1.0    35    55     804 
  g19298/Y                           -       B->Y   F     NAND2X1LVT        3  1.2    40    38     842 
  g19263/Y                           -       B->Y   R     NOR2X1LVT         5  2.1    55    45     888 
  MAN_COMP_28BIT_UNIT_g9371/Y        -       A1->Y  R     OA21X1LVT         1  0.3    10    62     949 
  g19712/Y                           -       A->Y   R     AND2X1LVT         2  1.0    16    48     997 
  MAN_COMP_28BIT_UNIT_g2/Y           -       B->Y   F     NAND2BX1LVT       2  0.8    30    27    1024 
  MAN_COMP_28BIT_UNIT_g9232/Y        -       B->Y   R     NOR2X1LVT         2  1.0    32    30    1054 
  MAN_COMP_28BIT_UNIT_g9227/Y        -       A->Y   F     INVX1LVT          2  0.8    16    22    1076 
  MAN_COMP_28BIT_UNIT_g9226/Y        -       A->Y   R     NOR2X1LVT         1  0.5    23    24    1099 
  MAN_COMP_28BIT_UNIT_g9214/Y        -       B1->Y  F     AOI221X1LVT       1  0.4    53    35    1135 
  MAN_COMP_28BIT_UNIT_g9212/Y        -       A->Y   R     NAND2X1LVT        2  1.5    30    35    1170 
  g1943/Y                            -       A->Y   F     INVX2LVT         34 14.6    86    58    1228 
  g1939/Y                            -       A->Y   R     INVX1LVT         36 18.0   194   135    1363 
  g1850/Y                            -       B1->Y  F     AOI22X1LVT        1  0.4    54    90    1453 
  g1802/Y                            -       S0->Y  R     MXI2XLLVT         1  1.0    58    51    1504 
  MAN_ALU_UNIT_ALU_SUB_UNIT_g1329/CO -       A->CO  R     ADDFX1LVT         1  0.7    18    89    1594 
  MAN_ALU_UNIT_ALU_SUB_UNIT_g1328/CO -       CI->CO R     ADDFX1LVT         1  0.7    18    72    1665 
  MAN_ALU_UNIT_ALU_SUB_UNIT_g1327/CO -       CI->CO R     ADDFX1LVT         1  0.7    18    72    1737 
  MAN_ALU_UNIT_ALU_SUB_UNIT_g1326/CO -       CI->CO R     ADDFX1LVT         1  0.7    18    72    1808 
  MAN_ALU_UNIT_ALU_SUB_UNIT_g1325/CO -       CI->CO R     ADDFX1LVT         1  0.7    18    72    1880 
  MAN_ALU_UNIT_ALU_SUB_UNIT_g1324/CO -       CI->CO R     ADDFX1LVT         1  0.7    18    72    1951 
  MAN_ALU_UNIT_ALU_SUB_UNIT_g1323/CO -       CI->CO R     ADDFX1LVT         1  0.7    18    72    2023 
  MAN_ALU_UNIT_ALU_SUB_UNIT_g1322/CO -       CI->CO R     ADDFX1LVT         1  0.7    18    72    2094 
  MAN_ALU_UNIT_ALU_SUB_UNIT_g1321/CO -       CI->CO R     ADDFX1LVT         1  0.7    18    72    2166 
  MAN_ALU_UNIT_ALU_SUB_UNIT_g1320/CO -       CI->CO R     ADDFX1LVT         1  0.7    18    72    2237 
  MAN_ALU_UNIT_ALU_SUB_UNIT_g1319/CO -       CI->CO R     ADDFX1LVT         1  0.7    18    72    2309 
  MAN_ALU_UNIT_ALU_SUB_UNIT_g1318/CO -       CI->CO R     ADDFX1LVT         1  0.7    18    72    2380 
  MAN_ALU_UNIT_ALU_SUB_UNIT_g1317/CO -       CI->CO R     ADDFX1LVT         1  0.7    18    72    2452 
  MAN_ALU_UNIT_ALU_SUB_UNIT_g1316/CO -       CI->CO R     ADDFX1LVT         1  0.7    18    72    2523 
  MAN_ALU_UNIT_ALU_SUB_UNIT_g1315/CO -       CI->CO R     ADDFX1LVT         1  0.7    18    72    2595 
  MAN_ALU_UNIT_ALU_SUB_UNIT_g1314/CO -       CI->CO R     ADDFX1LVT         1  0.7    18    72    2666 
  MAN_ALU_UNIT_ALU_SUB_UNIT_g1313/CO -       CI->CO R     ADDFX1LVT         1  0.7    18    72    2738 
  MAN_ALU_UNIT_ALU_SUB_UNIT_g1312/CO -       CI->CO R     ADDFX1LVT         1  0.7    18    72    2809 
  MAN_ALU_UNIT_ALU_SUB_UNIT_g1311/CO -       CI->CO R     ADDFX1LVT         1  0.7    18    72    2881 
  MAN_ALU_UNIT_ALU_SUB_UNIT_g1310/CO -       CI->CO R     ADDFX1LVT         1  0.7    18    72    2952 
  MAN_ALU_UNIT_ALU_SUB_UNIT_g1309/CO -       CI->CO R     ADDFX1LVT         1  0.7    18    72    3024 
  MAN_ALU_UNIT_ALU_SUB_UNIT_g1308/CO -       CI->CO R     ADDFX1LVT         1  0.7    18    72    3095 
  MAN_ALU_UNIT_ALU_SUB_UNIT_g1307/CO -       CI->CO R     ADDFX1LVT         2  0.8    19    72    3167 
  g19668/Y                           -       B->Y   R     OR2X1LVT          1  0.5    10    30    3197 
  g9034/Y                            -       B->Y   F     NAND2BX1LVT      31 10.6   229   138    3335 
  g8997/Y                            -       A->Y   R     NAND2X1LVT       15  7.1   112   131    3466 
  g8969/Y                            -       A->Y   F     INVX1LVT         14  5.1    75    78    3544 
  g8953/Y                            -       A->Y   R     NAND2X1LVT        3  1.5    33    43    3587 
  g8888/Y                            -       C0->Y  F     OAI221X1LVT       1  0.2    58    58    3646 
  g8831/Y                            -       C0->Y  R     AOI211XLLVT       2  0.8    72    64    3710 
  g8787/Y                            -       A->Y   R     CLKAND2X2LVT      2  1.1    13    56    3766 
  g8766/Y                            -       B->Y   R     CLKAND2X3LVT      2  1.5    13    36    3801 
  g8754/Y                            -       B->Y   F     NAND2X2LVT        2  1.0    30    21    3822 
  g8745/Y                            -       B->Y   R     NOR2X2LVT         3  1.9    35    28    3851 
  g8739/Y                            -       A->Y   F     INVX1LVT          2  0.7    16    22    3873 
  g8735/Y                            -       B->Y   F     OR2XLLVT          2  0.9    23    42    3916 
  g8722/Y                            -       B->Y   R     NOR2X1LVT         2  0.8    29    25    3941 
  g8704/Y                            -       C->Y   F     NAND3BXLLVT       3  1.3   101    74    4015 
  g8695/Y                            -       B->Y   R     NOR2X1LVT         2  0.8    36    53    4068 
  g8681/Y                            -       AN->Y  R     NOR4BX1LVT        2  0.8    68    87    4155 
  g8674/Y                            -       C->Y   F     NAND3BXLLVT       2  0.7    71    70    4225 
  g8660/Y                            -       B->Y   R     XNOR2X1LVT        1  0.5    12    72    4297 
  g8656/Y                            -       B->Y   F     NOR2X1LVT         1  0.0    30    11    4307 
  o_32_s[18]                         -       -      F     (port)            -    -     -     0    4307 
#------------------------------------------------------------------------------------------------------



Path 7: MET (198 ps) Path Delay Check
     Startpoint: (F) i_32_b[27]
       Endpoint: (F) o_32_s[26]

                  Capture    Launch  
     Path Delay:+    4500         -  
        Arrival:=    4500            
                                     
  Required Time:=    4500            
      Data Path:-    4302            
          Slack:=     198            

#------------------------------------------------------------------------------------------------------
#           Timing Point             Flags    Arc   Edge     Cell      Fanout Load Trans Delay Arrival 
#                                                                             (fF)  (ps)  (ps)   (ps)  
#------------------------------------------------------------------------------------------------------
  i_32_b[27]                         -       -      F     (arrival)         5  1.4     0     0       0 
  g19635/Y                           -       AN->Y  F     NOR2BX1LVT        3  1.2    23    32      32 
  g19746/Y                           -       B0->Y  R     AOI2BB1X1LVT      2  0.6    23    27      59 
  g19743/Y                           -       A->Y   F     NAND4XLLVT        1  0.4    78    77     136 
  g19739/Y                           -       B0->Y  R     AOI2BB1X1LVT      2  3.4    79    74     211 
  g19542/Y                           -       A->Y   F     NOR2X6LVT        34 14.5    50    46     256 
  g19539/Y                           -       A->Y   R     INVX2LVT         54 26.8   144    94     350 
  g19486/Y                           -       S0->Y  F     MXI2XLLVT         3  1.0    76    97     447 
  g19417/S                           -       B->S   R     ADDHX1LVT         5  2.1    28    70     517 
  g19368/Y                           -       A1->Y  F     AOI21X1LVT        1  0.4    31    35     552 
  g19678/Y                           -       S0->Y  R     CLKMX2X2LVT      26 13.0    78   115     667 
  g19329/Y                           -       A->Y   F     INVX1LVT         20  8.0   100    82     749 
  g19321/Y                           -       A->Y   R     NOR2X1LVT         2  1.0    35    55     804 
  g19298/Y                           -       B->Y   F     NAND2X1LVT        3  1.2    40    38     842 
  g19263/Y                           -       B->Y   R     NOR2X1LVT         5  2.1    55    45     888 
  MAN_COMP_28BIT_UNIT_g9371/Y        -       A1->Y  R     OA21X1LVT         1  0.3    10    62     949 
  g19712/Y                           -       A->Y   R     AND2X1LVT         2  1.0    16    48     997 
  MAN_COMP_28BIT_UNIT_g2/Y           -       B->Y   F     NAND2BX1LVT       2  0.8    30    27    1024 
  MAN_COMP_28BIT_UNIT_g9232/Y        -       B->Y   R     NOR2X1LVT         2  1.0    32    30    1054 
  MAN_COMP_28BIT_UNIT_g9227/Y        -       A->Y   F     INVX1LVT          2  0.8    16    22    1076 
  MAN_COMP_28BIT_UNIT_g9226/Y        -       A->Y   R     NOR2X1LVT         1  0.5    23    24    1099 
  MAN_COMP_28BIT_UNIT_g9214/Y        -       B1->Y  F     AOI221X1LVT       1  0.4    53    35    1135 
  MAN_COMP_28BIT_UNIT_g9212/Y        -       A->Y   R     NAND2X1LVT        2  1.5    30    35    1170 
  g1943/Y                            -       A->Y   F     INVX2LVT         34 14.6    86    58    1228 
  g1939/Y                            -       A->Y   R     INVX1LVT         36 18.0   194   135    1363 
  g1850/Y                            -       B1->Y  F     AOI22X1LVT        1  0.4    54    90    1453 
  g1802/Y                            -       S0->Y  R     MXI2XLLVT         1  1.0    58    51    1504 
  MAN_ALU_UNIT_ALU_SUB_UNIT_g1329/CO -       A->CO  R     ADDFX1LVT         1  0.7    18    89    1594 
  MAN_ALU_UNIT_ALU_SUB_UNIT_g1328/CO -       CI->CO R     ADDFX1LVT         1  0.7    18    72    1665 
  MAN_ALU_UNIT_ALU_SUB_UNIT_g1327/CO -       CI->CO R     ADDFX1LVT         1  0.7    18    72    1737 
  MAN_ALU_UNIT_ALU_SUB_UNIT_g1326/CO -       CI->CO R     ADDFX1LVT         1  0.7    18    72    1808 
  MAN_ALU_UNIT_ALU_SUB_UNIT_g1325/CO -       CI->CO R     ADDFX1LVT         1  0.7    18    72    1880 
  MAN_ALU_UNIT_ALU_SUB_UNIT_g1324/CO -       CI->CO R     ADDFX1LVT         1  0.7    18    72    1951 
  MAN_ALU_UNIT_ALU_SUB_UNIT_g1323/CO -       CI->CO R     ADDFX1LVT         1  0.7    18    72    2023 
  MAN_ALU_UNIT_ALU_SUB_UNIT_g1322/CO -       CI->CO R     ADDFX1LVT         1  0.7    18    72    2094 
  MAN_ALU_UNIT_ALU_SUB_UNIT_g1321/CO -       CI->CO R     ADDFX1LVT         1  0.7    18    72    2166 
  MAN_ALU_UNIT_ALU_SUB_UNIT_g1320/CO -       CI->CO R     ADDFX1LVT         1  0.7    18    72    2237 
  MAN_ALU_UNIT_ALU_SUB_UNIT_g1319/CO -       CI->CO R     ADDFX1LVT         1  0.7    18    72    2309 
  MAN_ALU_UNIT_ALU_SUB_UNIT_g1318/CO -       CI->CO R     ADDFX1LVT         1  0.7    18    72    2380 
  MAN_ALU_UNIT_ALU_SUB_UNIT_g1317/CO -       CI->CO R     ADDFX1LVT         1  0.7    18    72    2452 
  MAN_ALU_UNIT_ALU_SUB_UNIT_g1316/CO -       CI->CO R     ADDFX1LVT         1  0.7    18    72    2523 
  MAN_ALU_UNIT_ALU_SUB_UNIT_g1315/CO -       CI->CO R     ADDFX1LVT         1  0.7    18    72    2595 
  MAN_ALU_UNIT_ALU_SUB_UNIT_g1314/CO -       CI->CO R     ADDFX1LVT         1  0.7    18    72    2666 
  MAN_ALU_UNIT_ALU_SUB_UNIT_g1313/CO -       CI->CO R     ADDFX1LVT         1  0.7    18    72    2738 
  MAN_ALU_UNIT_ALU_SUB_UNIT_g1312/CO -       CI->CO R     ADDFX1LVT         1  0.7    18    72    2809 
  MAN_ALU_UNIT_ALU_SUB_UNIT_g1311/CO -       CI->CO R     ADDFX1LVT         1  0.7    18    72    2881 
  MAN_ALU_UNIT_ALU_SUB_UNIT_g1310/CO -       CI->CO R     ADDFX1LVT         1  0.7    18    72    2952 
  MAN_ALU_UNIT_ALU_SUB_UNIT_g1309/CO -       CI->CO R     ADDFX1LVT         1  0.7    18    72    3024 
  MAN_ALU_UNIT_ALU_SUB_UNIT_g1308/CO -       CI->CO R     ADDFX1LVT         1  0.7    18    72    3095 
  MAN_ALU_UNIT_ALU_SUB_UNIT_g1307/CO -       CI->CO R     ADDFX1LVT         2  0.8    19    72    3167 
  g19668/Y                           -       B->Y   R     OR2X1LVT          1  0.5    10    30    3197 
  g9034/Y                            -       B->Y   F     NAND2BX1LVT      31 10.6   229   138    3335 
  g8997/Y                            -       A->Y   R     NAND2X1LVT       15  7.1   112   131    3466 
  g8969/Y                            -       A->Y   F     INVX1LVT         14  5.1    75    78    3544 
  g8953/Y                            -       A->Y   R     NAND2X1LVT        3  1.5    33    43    3587 
  g8888/Y                            -       C0->Y  F     OAI221X1LVT       1  0.2    58    58    3646 
  g8831/Y                            -       C0->Y  R     AOI211XLLVT       2  0.8    72    64    3710 
  g8787/Y                            -       A->Y   R     CLKAND2X2LVT      2  1.1    13    56    3766 
  g8766/Y                            -       B->Y   R     CLKAND2X3LVT      2  1.5    13    36    3801 
  g8754/Y                            -       B->Y   F     NAND2X2LVT        2  1.0    30    21    3822 
  g8745/Y                            -       B->Y   R     NOR2X2LVT         3  1.9    35    28    3851 
  g8738/Y                            -       C->Y   F     NAND3BX2LVT       2  1.0    44    40    3891 
  g8733/Y                            -       D->Y   R     NOR4X2LVT         2  0.8    51    39    3929 
  g8727/Y                            -       B->Y   F     NAND2X1LVT        2  1.3    44    45    3974 
  g8726/Y                            -       C->Y   R     NOR3BX2LVT        2  0.8    35    33    4007 
  g8718/Y                            -       D->Y   R     AND4XLLVT         4  1.6    37   103    4111 
  g8708/Y                            -       AN->Y  R     NOR2BX1LVT        3  0.9    35    47    4158 
  g8701/Y                            -       AN->Y  R     NOR2BX1LVT        3  1.1    37    49    4207 
  g8694/Y                            -       AN->Y  R     NOR2BX1LVT        3  1.1    38    50    4256 
  g8679/Y                            -       A1->Y  F     OAI211XLLVT       1  0.0    44    46    4302 
  o_32_s[26]                         -       -      F     (port)            -    -     -     0    4302 
#------------------------------------------------------------------------------------------------------



Path 8: MET (216 ps) Path Delay Check
     Startpoint: (F) i_32_b[27]
       Endpoint: (R) o_32_s[21]

                  Capture    Launch  
     Path Delay:+    4500         -  
        Arrival:=    4500            
                                     
  Required Time:=    4500            
      Data Path:-    4284            
          Slack:=     216            

#------------------------------------------------------------------------------------------------------
#           Timing Point             Flags    Arc   Edge     Cell      Fanout Load Trans Delay Arrival 
#                                                                             (fF)  (ps)  (ps)   (ps)  
#------------------------------------------------------------------------------------------------------
  i_32_b[27]                         -       -      F     (arrival)         5  1.4     0     0       0 
  g19635/Y                           -       AN->Y  F     NOR2BX1LVT        3  1.2    23    32      32 
  g19746/Y                           -       B0->Y  R     AOI2BB1X1LVT      2  0.6    23    27      59 
  g19743/Y                           -       A->Y   F     NAND4XLLVT        1  0.4    78    77     136 
  g19739/Y                           -       B0->Y  R     AOI2BB1X1LVT      2  3.4    79    74     211 
  g19542/Y                           -       A->Y   F     NOR2X6LVT        34 14.5    50    46     256 
  g19539/Y                           -       A->Y   R     INVX2LVT         54 26.8   144    94     350 
  g19486/Y                           -       S0->Y  F     MXI2XLLVT         3  1.0    76    97     447 
  g19417/S                           -       B->S   R     ADDHX1LVT         5  2.1    28    70     517 
  g19368/Y                           -       A1->Y  F     AOI21X1LVT        1  0.4    31    35     552 
  g19678/Y                           -       S0->Y  R     CLKMX2X2LVT      26 13.0    78   115     667 
  g19329/Y                           -       A->Y   F     INVX1LVT         20  8.0   100    82     749 
  g19321/Y                           -       A->Y   R     NOR2X1LVT         2  1.0    35    55     804 
  g19298/Y                           -       B->Y   F     NAND2X1LVT        3  1.2    40    38     842 
  g19263/Y                           -       B->Y   R     NOR2X1LVT         5  2.1    55    45     888 
  MAN_COMP_28BIT_UNIT_g9371/Y        -       A1->Y  R     OA21X1LVT         1  0.3    10    62     949 
  g19712/Y                           -       A->Y   R     AND2X1LVT         2  1.0    16    48     997 
  MAN_COMP_28BIT_UNIT_g2/Y           -       B->Y   F     NAND2BX1LVT       2  0.8    30    27    1024 
  MAN_COMP_28BIT_UNIT_g9232/Y        -       B->Y   R     NOR2X1LVT         2  1.0    32    30    1054 
  MAN_COMP_28BIT_UNIT_g9227/Y        -       A->Y   F     INVX1LVT          2  0.8    16    22    1076 
  MAN_COMP_28BIT_UNIT_g9226/Y        -       A->Y   R     NOR2X1LVT         1  0.5    23    24    1099 
  MAN_COMP_28BIT_UNIT_g9214/Y        -       B1->Y  F     AOI221X1LVT       1  0.4    53    35    1135 
  MAN_COMP_28BIT_UNIT_g9212/Y        -       A->Y   R     NAND2X1LVT        2  1.5    30    35    1170 
  g1943/Y                            -       A->Y   F     INVX2LVT         34 14.6    86    58    1228 
  g1939/Y                            -       A->Y   R     INVX1LVT         36 18.0   194   135    1363 
  g1850/Y                            -       B1->Y  F     AOI22X1LVT        1  0.4    54    90    1453 
  g1802/Y                            -       S0->Y  R     MXI2XLLVT         1  1.0    58    51    1504 
  MAN_ALU_UNIT_ALU_SUB_UNIT_g1329/CO -       A->CO  R     ADDFX1LVT         1  0.7    18    89    1594 
  MAN_ALU_UNIT_ALU_SUB_UNIT_g1328/CO -       CI->CO R     ADDFX1LVT         1  0.7    18    72    1665 
  MAN_ALU_UNIT_ALU_SUB_UNIT_g1327/CO -       CI->CO R     ADDFX1LVT         1  0.7    18    72    1737 
  MAN_ALU_UNIT_ALU_SUB_UNIT_g1326/CO -       CI->CO R     ADDFX1LVT         1  0.7    18    72    1808 
  MAN_ALU_UNIT_ALU_SUB_UNIT_g1325/CO -       CI->CO R     ADDFX1LVT         1  0.7    18    72    1880 
  MAN_ALU_UNIT_ALU_SUB_UNIT_g1324/CO -       CI->CO R     ADDFX1LVT         1  0.7    18    72    1951 
  MAN_ALU_UNIT_ALU_SUB_UNIT_g1323/CO -       CI->CO R     ADDFX1LVT         1  0.7    18    72    2023 
  MAN_ALU_UNIT_ALU_SUB_UNIT_g1322/CO -       CI->CO R     ADDFX1LVT         1  0.7    18    72    2094 
  MAN_ALU_UNIT_ALU_SUB_UNIT_g1321/CO -       CI->CO R     ADDFX1LVT         1  0.7    18    72    2166 
  MAN_ALU_UNIT_ALU_SUB_UNIT_g1320/CO -       CI->CO R     ADDFX1LVT         1  0.7    18    72    2237 
  MAN_ALU_UNIT_ALU_SUB_UNIT_g1319/CO -       CI->CO R     ADDFX1LVT         1  0.7    18    72    2309 
  MAN_ALU_UNIT_ALU_SUB_UNIT_g1318/CO -       CI->CO R     ADDFX1LVT         1  0.7    18    72    2380 
  MAN_ALU_UNIT_ALU_SUB_UNIT_g1317/CO -       CI->CO R     ADDFX1LVT         1  0.7    18    72    2452 
  MAN_ALU_UNIT_ALU_SUB_UNIT_g1316/CO -       CI->CO R     ADDFX1LVT         1  0.7    18    72    2523 
  MAN_ALU_UNIT_ALU_SUB_UNIT_g1315/CO -       CI->CO R     ADDFX1LVT         1  0.7    18    72    2595 
  MAN_ALU_UNIT_ALU_SUB_UNIT_g1314/CO -       CI->CO R     ADDFX1LVT         1  0.7    18    72    2666 
  MAN_ALU_UNIT_ALU_SUB_UNIT_g1313/CO -       CI->CO R     ADDFX1LVT         1  0.7    18    72    2738 
  MAN_ALU_UNIT_ALU_SUB_UNIT_g1312/CO -       CI->CO R     ADDFX1LVT         1  0.7    18    72    2809 
  MAN_ALU_UNIT_ALU_SUB_UNIT_g1311/CO -       CI->CO R     ADDFX1LVT         1  0.7    18    72    2881 
  MAN_ALU_UNIT_ALU_SUB_UNIT_g1310/CO -       CI->CO R     ADDFX1LVT         1  0.7    18    72    2952 
  MAN_ALU_UNIT_ALU_SUB_UNIT_g1309/CO -       CI->CO R     ADDFX1LVT         1  0.7    18    72    3024 
  MAN_ALU_UNIT_ALU_SUB_UNIT_g1308/CO -       CI->CO R     ADDFX1LVT         1  0.7    18    72    3095 
  MAN_ALU_UNIT_ALU_SUB_UNIT_g1307/CO -       CI->CO R     ADDFX1LVT         2  0.8    19    72    3167 
  g19668/Y                           -       B->Y   R     OR2X1LVT          1  0.5    10    30    3197 
  g9034/Y                            -       B->Y   F     NAND2BX1LVT      31 10.6   229   138    3335 
  g8997/Y                            -       A->Y   R     NAND2X1LVT       15  7.1   112   131    3466 
  g8969/Y                            -       A->Y   F     INVX1LVT         14  5.1    75    78    3544 
  g8953/Y                            -       A->Y   R     NAND2X1LVT        3  1.5    33    43    3587 
  g8888/Y                            -       C0->Y  F     OAI221X1LVT       1  0.2    58    58    3646 
  g8831/Y                            -       C0->Y  R     AOI211XLLVT       2  0.8    72    64    3710 
  g8787/Y                            -       A->Y   R     CLKAND2X2LVT      2  1.1    13    56    3766 
  g8766/Y                            -       B->Y   R     CLKAND2X3LVT      2  1.5    13    36    3801 
  g8754/Y                            -       B->Y   F     NAND2X2LVT        2  1.0    30    21    3822 
  g8745/Y                            -       B->Y   R     NOR2X2LVT         3  1.9    35    28    3851 
  g8739/Y                            -       A->Y   F     INVX1LVT          2  0.7    16    22    3873 
  g8735/Y                            -       B->Y   F     OR2XLLVT          2  0.9    23    42    3916 
  g8722/Y                            -       B->Y   R     NOR2X1LVT         2  0.8    29    25    3941 
  g8704/Y                            -       C->Y   F     NAND3BXLLVT       3  1.3   101    74    4015 
  g8698/Y                            -       D->Y   R     NOR4X1LVT         2  1.0    78    72    4087 
  g8692/Y                            -       D->Y   F     NAND4BX1LVT       2  0.9    85    78    4165 
  g8686/Y                            -       C->Y   R     NOR3BX1LVT        1  0.5    42    50    4216 
  g8671/Y                            -       B->Y   F     XNOR2X1LVT        1  0.4    11    56    4271 
  g8664/Y                            -       B->Y   R     NOR2X1LVT         1  0.0    23    13    4284 
  o_32_s[21]                         -       -      R     (port)            -    -     -     0    4284 
#------------------------------------------------------------------------------------------------------



Path 9: MET (248 ps) Path Delay Check
     Startpoint: (F) i_32_b[27]
       Endpoint: (F) o_32_s[25]

                  Capture    Launch  
     Path Delay:+    4500         -  
        Arrival:=    4500            
                                     
  Required Time:=    4500            
      Data Path:-    4252            
          Slack:=     248            

#------------------------------------------------------------------------------------------------------
#           Timing Point             Flags    Arc   Edge     Cell      Fanout Load Trans Delay Arrival 
#                                                                             (fF)  (ps)  (ps)   (ps)  
#------------------------------------------------------------------------------------------------------
  i_32_b[27]                         -       -      F     (arrival)         5  1.4     0     0       0 
  g19635/Y                           -       AN->Y  F     NOR2BX1LVT        3  1.2    23    32      32 
  g19746/Y                           -       B0->Y  R     AOI2BB1X1LVT      2  0.6    23    27      59 
  g19743/Y                           -       A->Y   F     NAND4XLLVT        1  0.4    78    77     136 
  g19739/Y                           -       B0->Y  R     AOI2BB1X1LVT      2  3.4    79    74     211 
  g19542/Y                           -       A->Y   F     NOR2X6LVT        34 14.5    50    46     256 
  g19539/Y                           -       A->Y   R     INVX2LVT         54 26.8   144    94     350 
  g19486/Y                           -       S0->Y  F     MXI2XLLVT         3  1.0    76    97     447 
  g19417/S                           -       B->S   R     ADDHX1LVT         5  2.1    28    70     517 
  g19368/Y                           -       A1->Y  F     AOI21X1LVT        1  0.4    31    35     552 
  g19678/Y                           -       S0->Y  R     CLKMX2X2LVT      26 13.0    78   115     667 
  g19329/Y                           -       A->Y   F     INVX1LVT         20  8.0   100    82     749 
  g19321/Y                           -       A->Y   R     NOR2X1LVT         2  1.0    35    55     804 
  g19298/Y                           -       B->Y   F     NAND2X1LVT        3  1.2    40    38     842 
  g19263/Y                           -       B->Y   R     NOR2X1LVT         5  2.1    55    45     888 
  MAN_COMP_28BIT_UNIT_g9371/Y        -       A1->Y  R     OA21X1LVT         1  0.3    10    62     949 
  g19712/Y                           -       A->Y   R     AND2X1LVT         2  1.0    16    48     997 
  MAN_COMP_28BIT_UNIT_g2/Y           -       B->Y   F     NAND2BX1LVT       2  0.8    30    27    1024 
  MAN_COMP_28BIT_UNIT_g9232/Y        -       B->Y   R     NOR2X1LVT         2  1.0    32    30    1054 
  MAN_COMP_28BIT_UNIT_g9227/Y        -       A->Y   F     INVX1LVT          2  0.8    16    22    1076 
  MAN_COMP_28BIT_UNIT_g9226/Y        -       A->Y   R     NOR2X1LVT         1  0.5    23    24    1099 
  MAN_COMP_28BIT_UNIT_g9214/Y        -       B1->Y  F     AOI221X1LVT       1  0.4    53    35    1135 
  MAN_COMP_28BIT_UNIT_g9212/Y        -       A->Y   R     NAND2X1LVT        2  1.5    30    35    1170 
  g1943/Y                            -       A->Y   F     INVX2LVT         34 14.6    86    58    1228 
  g1939/Y                            -       A->Y   R     INVX1LVT         36 18.0   194   135    1363 
  g1850/Y                            -       B1->Y  F     AOI22X1LVT        1  0.4    54    90    1453 
  g1802/Y                            -       S0->Y  R     MXI2XLLVT         1  1.0    58    51    1504 
  MAN_ALU_UNIT_ALU_SUB_UNIT_g1329/CO -       A->CO  R     ADDFX1LVT         1  0.7    18    89    1594 
  MAN_ALU_UNIT_ALU_SUB_UNIT_g1328/CO -       CI->CO R     ADDFX1LVT         1  0.7    18    72    1665 
  MAN_ALU_UNIT_ALU_SUB_UNIT_g1327/CO -       CI->CO R     ADDFX1LVT         1  0.7    18    72    1737 
  MAN_ALU_UNIT_ALU_SUB_UNIT_g1326/CO -       CI->CO R     ADDFX1LVT         1  0.7    18    72    1808 
  MAN_ALU_UNIT_ALU_SUB_UNIT_g1325/CO -       CI->CO R     ADDFX1LVT         1  0.7    18    72    1880 
  MAN_ALU_UNIT_ALU_SUB_UNIT_g1324/CO -       CI->CO R     ADDFX1LVT         1  0.7    18    72    1951 
  MAN_ALU_UNIT_ALU_SUB_UNIT_g1323/CO -       CI->CO R     ADDFX1LVT         1  0.7    18    72    2023 
  MAN_ALU_UNIT_ALU_SUB_UNIT_g1322/CO -       CI->CO R     ADDFX1LVT         1  0.7    18    72    2094 
  MAN_ALU_UNIT_ALU_SUB_UNIT_g1321/CO -       CI->CO R     ADDFX1LVT         1  0.7    18    72    2166 
  MAN_ALU_UNIT_ALU_SUB_UNIT_g1320/CO -       CI->CO R     ADDFX1LVT         1  0.7    18    72    2237 
  MAN_ALU_UNIT_ALU_SUB_UNIT_g1319/CO -       CI->CO R     ADDFX1LVT         1  0.7    18    72    2309 
  MAN_ALU_UNIT_ALU_SUB_UNIT_g1318/CO -       CI->CO R     ADDFX1LVT         1  0.7    18    72    2380 
  MAN_ALU_UNIT_ALU_SUB_UNIT_g1317/CO -       CI->CO R     ADDFX1LVT         1  0.7    18    72    2452 
  MAN_ALU_UNIT_ALU_SUB_UNIT_g1316/CO -       CI->CO R     ADDFX1LVT         1  0.7    18    72    2523 
  MAN_ALU_UNIT_ALU_SUB_UNIT_g1315/CO -       CI->CO R     ADDFX1LVT         1  0.7    18    72    2595 
  MAN_ALU_UNIT_ALU_SUB_UNIT_g1314/CO -       CI->CO R     ADDFX1LVT         1  0.7    18    72    2666 
  MAN_ALU_UNIT_ALU_SUB_UNIT_g1313/CO -       CI->CO R     ADDFX1LVT         1  0.7    18    72    2738 
  MAN_ALU_UNIT_ALU_SUB_UNIT_g1312/CO -       CI->CO R     ADDFX1LVT         1  0.7    18    72    2809 
  MAN_ALU_UNIT_ALU_SUB_UNIT_g1311/CO -       CI->CO R     ADDFX1LVT         1  0.7    18    72    2881 
  MAN_ALU_UNIT_ALU_SUB_UNIT_g1310/CO -       CI->CO R     ADDFX1LVT         1  0.7    18    72    2952 
  MAN_ALU_UNIT_ALU_SUB_UNIT_g1309/CO -       CI->CO R     ADDFX1LVT         1  0.7    18    72    3024 
  MAN_ALU_UNIT_ALU_SUB_UNIT_g1308/CO -       CI->CO R     ADDFX1LVT         1  0.7    18    72    3095 
  MAN_ALU_UNIT_ALU_SUB_UNIT_g1307/CO -       CI->CO R     ADDFX1LVT         2  0.8    19    72    3167 
  g19668/Y                           -       B->Y   R     OR2X1LVT          1  0.5    10    30    3197 
  g9034/Y                            -       B->Y   F     NAND2BX1LVT      31 10.6   229   138    3335 
  g8997/Y                            -       A->Y   R     NAND2X1LVT       15  7.1   112   131    3466 
  g8969/Y                            -       A->Y   F     INVX1LVT         14  5.1    75    78    3544 
  g8953/Y                            -       A->Y   R     NAND2X1LVT        3  1.5    33    43    3587 
  g8888/Y                            -       C0->Y  F     OAI221X1LVT       1  0.2    58    58    3646 
  g8831/Y                            -       C0->Y  R     AOI211XLLVT       2  0.8    72    64    3710 
  g8787/Y                            -       A->Y   R     CLKAND2X2LVT      2  1.1    13    56    3766 
  g8766/Y                            -       B->Y   R     CLKAND2X3LVT      2  1.5    13    36    3801 
  g8754/Y                            -       B->Y   F     NAND2X2LVT        2  1.0    30    21    3822 
  g8745/Y                            -       B->Y   R     NOR2X2LVT         3  1.9    35    28    3851 
  g8738/Y                            -       C->Y   F     NAND3BX2LVT       2  1.0    44    40    3891 
  g8733/Y                            -       D->Y   R     NOR4X2LVT         2  0.8    51    39    3929 
  g8727/Y                            -       B->Y   F     NAND2X1LVT        2  1.3    44    45    3974 
  g8726/Y                            -       C->Y   R     NOR3BX2LVT        2  0.8    35    33    4007 
  g8718/Y                            -       D->Y   R     AND4XLLVT         4  1.6    37   103    4111 
  g8708/Y                            -       AN->Y  R     NOR2BX1LVT        3  0.9    35    47    4158 
  g8701/Y                            -       AN->Y  R     NOR2BX1LVT        3  1.1    37    49    4207 
  g8685/Y                            -       A1->Y  F     OAI211XLLVT       1  0.0    44    45    4252 
  o_32_s[25]                         -       -      F     (port)            -    -     -     0    4252 
#------------------------------------------------------------------------------------------------------



Path 10: MET (250 ps) Path Delay Check
     Startpoint: (F) i_32_b[27]
       Endpoint: (F) o_32_s[17]

                  Capture    Launch  
     Path Delay:+    4500         -  
        Arrival:=    4500            
                                     
  Required Time:=    4500            
      Data Path:-    4250            
          Slack:=     250            

#------------------------------------------------------------------------------------------------------
#           Timing Point             Flags    Arc   Edge     Cell      Fanout Load Trans Delay Arrival 
#                                                                             (fF)  (ps)  (ps)   (ps)  
#------------------------------------------------------------------------------------------------------
  i_32_b[27]                         -       -      F     (arrival)         5  1.4     0     0       0 
  g19635/Y                           -       AN->Y  F     NOR2BX1LVT        3  1.2    23    32      32 
  g19746/Y                           -       B0->Y  R     AOI2BB1X1LVT      2  0.6    23    27      59 
  g19743/Y                           -       A->Y   F     NAND4XLLVT        1  0.4    78    77     136 
  g19739/Y                           -       B0->Y  R     AOI2BB1X1LVT      2  3.4    79    74     211 
  g19542/Y                           -       A->Y   F     NOR2X6LVT        34 14.5    50    46     256 
  g19539/Y                           -       A->Y   R     INVX2LVT         54 26.8   144    94     350 
  g19486/Y                           -       S0->Y  F     MXI2XLLVT         3  1.0    76    97     447 
  g19417/S                           -       B->S   R     ADDHX1LVT         5  2.1    28    70     517 
  g19368/Y                           -       A1->Y  F     AOI21X1LVT        1  0.4    31    35     552 
  g19678/Y                           -       S0->Y  R     CLKMX2X2LVT      26 13.0    78   115     667 
  g19329/Y                           -       A->Y   F     INVX1LVT         20  8.0   100    82     749 
  g19321/Y                           -       A->Y   R     NOR2X1LVT         2  1.0    35    55     804 
  g19298/Y                           -       B->Y   F     NAND2X1LVT        3  1.2    40    38     842 
  g19263/Y                           -       B->Y   R     NOR2X1LVT         5  2.1    55    45     888 
  MAN_COMP_28BIT_UNIT_g9371/Y        -       A1->Y  R     OA21X1LVT         1  0.3    10    62     949 
  g19712/Y                           -       A->Y   R     AND2X1LVT         2  1.0    16    48     997 
  MAN_COMP_28BIT_UNIT_g2/Y           -       B->Y   F     NAND2BX1LVT       2  0.8    30    27    1024 
  MAN_COMP_28BIT_UNIT_g9232/Y        -       B->Y   R     NOR2X1LVT         2  1.0    32    30    1054 
  MAN_COMP_28BIT_UNIT_g9227/Y        -       A->Y   F     INVX1LVT          2  0.8    16    22    1076 
  MAN_COMP_28BIT_UNIT_g9226/Y        -       A->Y   R     NOR2X1LVT         1  0.5    23    24    1099 
  MAN_COMP_28BIT_UNIT_g9214/Y        -       B1->Y  F     AOI221X1LVT       1  0.4    53    35    1135 
  MAN_COMP_28BIT_UNIT_g9212/Y        -       A->Y   R     NAND2X1LVT        2  1.5    30    35    1170 
  g1943/Y                            -       A->Y   F     INVX2LVT         34 14.6    86    58    1228 
  g1939/Y                            -       A->Y   R     INVX1LVT         36 18.0   194   135    1363 
  g1850/Y                            -       B1->Y  F     AOI22X1LVT        1  0.4    54    90    1453 
  g1802/Y                            -       S0->Y  R     MXI2XLLVT         1  1.0    58    51    1504 
  MAN_ALU_UNIT_ALU_SUB_UNIT_g1329/CO -       A->CO  R     ADDFX1LVT         1  0.7    18    89    1594 
  MAN_ALU_UNIT_ALU_SUB_UNIT_g1328/CO -       CI->CO R     ADDFX1LVT         1  0.7    18    72    1665 
  MAN_ALU_UNIT_ALU_SUB_UNIT_g1327/CO -       CI->CO R     ADDFX1LVT         1  0.7    18    72    1737 
  MAN_ALU_UNIT_ALU_SUB_UNIT_g1326/CO -       CI->CO R     ADDFX1LVT         1  0.7    18    72    1808 
  MAN_ALU_UNIT_ALU_SUB_UNIT_g1325/CO -       CI->CO R     ADDFX1LVT         1  0.7    18    72    1880 
  MAN_ALU_UNIT_ALU_SUB_UNIT_g1324/CO -       CI->CO R     ADDFX1LVT         1  0.7    18    72    1951 
  MAN_ALU_UNIT_ALU_SUB_UNIT_g1323/CO -       CI->CO R     ADDFX1LVT         1  0.7    18    72    2023 
  MAN_ALU_UNIT_ALU_SUB_UNIT_g1322/CO -       CI->CO R     ADDFX1LVT         1  0.7    18    72    2094 
  MAN_ALU_UNIT_ALU_SUB_UNIT_g1321/CO -       CI->CO R     ADDFX1LVT         1  0.7    18    72    2166 
  MAN_ALU_UNIT_ALU_SUB_UNIT_g1320/CO -       CI->CO R     ADDFX1LVT         1  0.7    18    72    2237 
  MAN_ALU_UNIT_ALU_SUB_UNIT_g1319/CO -       CI->CO R     ADDFX1LVT         1  0.7    18    72    2309 
  MAN_ALU_UNIT_ALU_SUB_UNIT_g1318/CO -       CI->CO R     ADDFX1LVT         1  0.7    18    72    2380 
  MAN_ALU_UNIT_ALU_SUB_UNIT_g1317/CO -       CI->CO R     ADDFX1LVT         1  0.7    18    72    2452 
  MAN_ALU_UNIT_ALU_SUB_UNIT_g1316/CO -       CI->CO R     ADDFX1LVT         1  0.7    18    72    2523 
  MAN_ALU_UNIT_ALU_SUB_UNIT_g1315/CO -       CI->CO R     ADDFX1LVT         1  0.7    18    72    2595 
  MAN_ALU_UNIT_ALU_SUB_UNIT_g1314/CO -       CI->CO R     ADDFX1LVT         1  0.7    18    72    2666 
  MAN_ALU_UNIT_ALU_SUB_UNIT_g1313/CO -       CI->CO R     ADDFX1LVT         1  0.7    18    72    2738 
  MAN_ALU_UNIT_ALU_SUB_UNIT_g1312/CO -       CI->CO R     ADDFX1LVT         1  0.7    18    72    2809 
  MAN_ALU_UNIT_ALU_SUB_UNIT_g1311/CO -       CI->CO R     ADDFX1LVT         1  0.7    18    72    2881 
  MAN_ALU_UNIT_ALU_SUB_UNIT_g1310/CO -       CI->CO R     ADDFX1LVT         1  0.7    18    72    2952 
  MAN_ALU_UNIT_ALU_SUB_UNIT_g1309/CO -       CI->CO R     ADDFX1LVT         1  0.7    18    72    3024 
  MAN_ALU_UNIT_ALU_SUB_UNIT_g1308/CO -       CI->CO R     ADDFX1LVT         1  0.7    18    72    3095 
  MAN_ALU_UNIT_ALU_SUB_UNIT_g1307/CO -       CI->CO R     ADDFX1LVT         2  0.8    19    72    3167 
  g19668/Y                           -       B->Y   R     OR2X1LVT          1  0.5    10    30    3197 
  g9034/Y                            -       B->Y   F     NAND2BX1LVT      31 10.6   229   138    3335 
  g8997/Y                            -       A->Y   R     NAND2X1LVT       15  7.1   112   131    3466 
  g8969/Y                            -       A->Y   F     INVX1LVT         14  5.1    75    78    3544 
  g8953/Y                            -       A->Y   R     NAND2X1LVT        3  1.5    33    43    3587 
  g8888/Y                            -       C0->Y  F     OAI221X1LVT       1  0.2    58    58    3646 
  g8831/Y                            -       C0->Y  R     AOI211XLLVT       2  0.8    72    64    3710 
  g8787/Y                            -       A->Y   R     CLKAND2X2LVT      2  1.1    13    56    3766 
  g8766/Y                            -       B->Y   R     CLKAND2X3LVT      2  1.5    13    36    3801 
  g8754/Y                            -       B->Y   F     NAND2X2LVT        2  1.0    30    21    3822 
  g8745/Y                            -       B->Y   R     NOR2X2LVT         3  1.9    35    28    3851 
  g8739/Y                            -       A->Y   F     INVX1LVT          2  0.7    16    22    3873 
  g8735/Y                            -       B->Y   F     OR2XLLVT          2  0.9    23    42    3916 
  g8722/Y                            -       B->Y   R     NOR2X1LVT         2  0.8    29    25    3941 
  g8704/Y                            -       C->Y   F     NAND3BXLLVT       3  1.3   101    74    4015 
  g8698/Y                            -       D->Y   R     NOR4X1LVT         2  1.0    78    72    4087 
  g8692/Y                            -       D->Y   F     NAND4BX1LVT       2  0.9    85    78    4165 
  g8678/Y                            -       B->Y   R     XNOR2X1LVT        1  0.5    12    74    4240 
  g8669/Y                            -       B->Y   F     NOR2X1LVT         1  0.0    30    11    4250 
  o_32_s[17]                         -       -      F     (port)            -    -     -     0    4250 
#------------------------------------------------------------------------------------------------------

