============================================================
  Generated by:           Genus(TM) Synthesis Solution GENUS15.20 - 15.20-p004_1
  Generated on:           Nov 23 2025  09:16:50 pm
  Module:                 FPU_unit
  Wireload mode:          enclosed
  Area mode:              timing library
============================================================

              Instance                Cells  Cell Area  Net Area  Total Area  Wireload     
-------------------------------------------------------------------------------------------
FPU_unit                               1461       2351         0        2351    <none> (D) 
  NORMALIZATION_UNIT                    314        477         0         477    <none> (D) 
    SHF_left_28bit_unit                 192        319         0         319    <none> (D) 
  MAN_ALU_UNIT                          239        441         0         441    <none> (D) 
    ALU_SUB_UNIT                        207        366         0         366    <none> (D) 
      CLA_BLOCK_GEN[0].CLA_4BIT_UNIT     41         65         0          65    <none> (D) 
      CLA_BLOCK_GEN[1].CLA_4BIT_UNIT     26         45         0          45    <none> (D) 
      CLA_BLOCK_GEN[5].CLA_4BIT_UNIT     23         45         0          45    <none> (D) 
      CLA_BLOCK_GEN[2].CLA_4BIT_UNIT     27         44         0          44    <none> (D) 
      CLA_BLOCK_GEN[3].CLA_4BIT_UNIT     22         43         0          43    <none> (D) 
      CLA_BLOCK_GEN[4].CLA_4BIT_UNIT     24         42         0          42    <none> (D) 
      CLA_BLOCK_GEN[6].CLA_4BIT_UNIT     21         42         0          42    <none> (D) 
  SHF_RIGHT_28BIT_UNIT                  189        304         0         304    <none> (D) 
  MAN_COMP_28BIT_UNIT                   141        202         0         202    <none> (D) 
    u_i_data_5                           22         31         0          31    <none> (D) 
    u_i_data_4                           22         31         0          31    <none> (D) 
    u_i_data_3                           22         31         0          31    <none> (D) 
    u_i_data_2                           22         31         0          31    <none> (D) 
    u_i_data_1                           22         31         0          31    <none> (D) 
    u_i_data_6                           14         22         0          22    <none> (D) 
    u_i_data_0                            3          3         0           3    <none> (D) 
  ROUNDING_UNIT                         104        169         0         169    <none> (D) 
    INCREASE_ROUNDING                   101        165         0         165    <none> (D) 
  MAN_PRE_SWAP_BY_MAN_UNIT               82        138         0         138    <none> (D) 
  MAN_PRE_SWAP_BY_EXPONENT_UNIT          71        122         0         122    <none> (D) 
  LOPD_24BIT_UNIT                        62        100         0         100    <none> (D) 
    LOPD_16bit_UNIT_MSB                  39         60         0          60    <none> (D) 
      LOPD_8bit_unit_1                   16         26         0          26    <none> (D) 
      LOPD_8bit_unit_0                   19         23         0          23    <none> (D) 
    LOPD_8bit_UNIT_LSB                   14         21         0          21    <none> (D) 
  EXP_ADJUST_UNIT                        53         93         0          93    <none> (D) 
    CLA_8BIT_UNIT                        37         74         0          74    <none> (D) 
      CLA_4BIT_UNIT_0                    23         40         0          40    <none> (D) 
      CLA_4BIT_UNIT_1                    13         31         0          31    <none> (D) 
  EXP_SWAP_UNIT                          57         89         0          89    <none> (D) 
    COMP_LESS_UNIT                       38         52         0          52    <none> (D) 
      u_high                             24         32         0          32    <none> (D) 
      u_low                              13         17         0          17    <none> (D) 
  EXP_SUB_UNIT                           46         70         0          70    <none> (D) 
    CLA_8BIT_UNIT                        41         67         0          67    <none> (D) 
      CLA_4BIT_UNIT_0                    37         57         0          57    <none> (D) 
      CLA_4BIT_UNIT_1                     3          8         0           8    <none> (D) 
  PSC_UNIT                               33         54         0          54    <none> (D) 
  EXP_ROUNDING                           32         40         0          40    <none> (D) 
  SEL_MANTISSA_FOR_RESULT                25         34         0          34    <none> (D) 
  SIGN_OUT                                2          5         0           5    <none> (D) 

 (D) = wireload is default in technology library
