============================================================
  Generated by:           Genus(TM) Synthesis Solution GENUS15.20 - 15.20-p004_1
  Generated on:           Nov 23 2025  09:16:50 pm
  Module:                 FPU_unit
  Wireload mode:          enclosed
  Area mode:              timing library
============================================================

                                       Leakage    Dynamic     Total   
            Instance            Cells Power(nW)  Power(nW)  Power(nW) 
----------------------------------------------------------------------
FPU_unit                         1461    78.214 136283.423 136361.638 
  NORMALIZATION_UNIT              314    16.045  37214.734  37230.778 
    SHF_left_28bit_unit           192    10.617  25254.985  25265.602 
  MAN_ALU_UNIT                    239    13.888  34039.036  34052.924 
    ALU_SUB_UNIT                  207    12.038  28379.201  28391.239 
      CLA_BLOCK_..CLA_4BIT_UNIT    41     2.260   4140.483   4142.742 
      CLA_BLOCK_..CLA_4BIT_UNIT    26     1.502   4878.702   4880.203 
      CLA_BLOCK_..CLA_4BIT_UNIT    27     1.410   4436.193   4437.603 
      CLA_BLOCK_..CLA_4BIT_UNIT    21     1.391   2541.597   2542.988 
      CLA_BLOCK_..CLA_4BIT_UNIT    22     1.389   4090.214   4091.604 
      CLA_BLOCK_..CLA_4BIT_UNIT    23     1.357   2948.461   2949.818 
      CLA_BLOCK_..CLA_4BIT_UNIT    24     1.354   3699.579   3700.933 
  SHF_RIGHT_28BIT_UNIT            189     9.916  17487.507  17497.423 
  MAN_COMP_28BIT_UNIT             141     7.098   8343.396   8350.493 
    u_i_data_3                     22     1.040   1484.969   1486.009 
    u_i_data_4                     22     1.036   1318.370   1319.406 
    u_i_data_2                     22     1.027   1628.525   1629.552 
    u_i_data_5                     22     1.026    942.749    943.775 
    u_i_data_1                     22     1.025   1714.496   1715.521 
    u_i_data_6                     14     0.770    488.929    489.699 
    u_i_data_0                      3     0.136    212.746    212.882 
  ROUNDING_UNIT                   104     6.242   9576.844   9583.086 
    INCREASE_ROUNDING             101     6.091   9069.453   9075.544 
  MAN_PRE_SWAP_BY_MAN_UNIT         82     4.057   5189.938   5193.994 
  MAN_PRE_SW..EXPONENT_UNIT        71     3.650   3094.683   3098.332 
  LOPD_24BIT_UNIT                  62     3.643   4845.389   4849.032 
    LOPD_16bit_UNIT_MSB            39     2.295   2680.688   2682.983 
      LOPD_8bit_unit_1             16     1.088    974.312    975.400 
      LOPD_8bit_unit_0             19     0.851   1616.988   1617.839 
    LOPD_8bit_UNIT_LSB             14     0.637   1678.658   1679.294 
  EXP_SWAP_UNIT                    57     3.147   2389.099   2392.246 
    COMP_LESS_UNIT                 38     2.086   1275.613   1277.699 
      u_high                       24     1.213    699.836    701.049 
      u_low                        13     0.674    385.705    386.379 
  EXP_ADJUST_UNIT                  53     3.081   2787.273   2790.354 
    CLA_8BIT_UNIT                  37     2.319   1892.066   1894.385 
      CLA_4BIT_UNIT_0              23     1.255   1109.316   1110.571 
      CLA_4BIT_UNIT_1              13     0.997    740.166    741.163 
  EXP_SUB_UNIT                     46     2.760   4845.112   4847.872 
    CLA_8BIT_UNIT                  41     2.625   4704.207   4706.832 
      CLA_4BIT_UNIT_0              37     2.276   3559.777   3562.053 
      CLA_4BIT_UNIT_1               3     0.291   1067.981   1068.272 
  PSC_UNIT                         33     1.503    404.088    405.590 
  SEL_MANTISSA_FOR_RESULT          25     1.485   4524.438   4525.922 
  EXP_ROUNDING                     32     1.127    493.943    495.070 
  SIGN_OUT                          2     0.124     97.980     98.104 

