============================================================
  Generated by:           Genus(TM) Synthesis Solution 21.19-s055_1
  Generated on:           Nov 22 2025  01:35:40 pm
  Module:                 FPU_unit
  Operating conditions:   PVT_1P08V_125C (balanced_tree)
  Wireload mode:          enclosed
  Area mode:              timing library
============================================================

                                  
    Gate      Instances    Area       Library    
-------------------------------------------------
AND2X1LVT            11    15.048    slow_vdd1v2 
AND2XLLVT            20    27.360    slow_vdd1v2 
AND3X1LVT             1     2.394    slow_vdd1v2 
AND3XLLVT             1     2.052    slow_vdd1v2 
AO21X1LVT             1     2.394    slow_vdd1v2 
AO21XLLVT             2     4.788    slow_vdd1v2 
AO22XLLVT             7    19.152    slow_vdd1v2 
AOI211XLLVT           3     6.156    slow_vdd1v2 
AOI21X1LVT           60   102.600    slow_vdd1v2 
AOI21X2LVT           26    71.136    slow_vdd1v2 
AOI21X4LVT            3    15.390    slow_vdd1v2 
AOI21XLLVT           13    22.230    slow_vdd1v2 
AOI22X1LVT           13    26.676    slow_vdd1v2 
AOI22X2LVT            5    18.810    slow_vdd1v2 
AOI22X4LVT            1     6.156    slow_vdd1v2 
AOI22XLLVT            1     2.052    slow_vdd1v2 
AOI2BB1X1LVT         38    77.976    slow_vdd1v2 
AOI2BB1X4LVT          1     4.104    slow_vdd1v2 
AOI2BB1XLLVT         18    36.936    slow_vdd1v2 
AOI31X1LVT            2     4.104    slow_vdd1v2 
BMXIX2LVT             5    37.620    slow_vdd1v2 
BUFX2LVT             41    70.110    slow_vdd1v2 
BUFX3LVT             18    36.936    slow_vdd1v2 
BUFX4LVT              1     2.394    slow_vdd1v2 
CLKAND2X2LVT         17    34.884    slow_vdd1v2 
CLKAND2X3LVT         11    33.858    slow_vdd1v2 
CLKAND2X6LVT          4    19.152    slow_vdd1v2 
CLKBUFX2LVT           6    10.260    slow_vdd1v2 
CLKBUFX6LVT           3     9.234    slow_vdd1v2 
CLKINVX12LVT          1     4.104    slow_vdd1v2 
CLKINVX1LVT          12    12.312    slow_vdd1v2 
CLKINVX2LVT           7     9.576    slow_vdd1v2 
CLKINVX3LVT           1     1.710    slow_vdd1v2 
CLKINVX4LVT           9    15.390    slow_vdd1v2 
CLKINVX6LVT           8    19.152    slow_vdd1v2 
CLKXOR2X1LVT         10    27.360    slow_vdd1v2 
INVX1LVT            183   125.172    slow_vdd1v2 
INVX2LVT             62    63.612    slow_vdd1v2 
INVX3LVT             16    21.888    slow_vdd1v2 
INVX6LVT              1     2.394    slow_vdd1v2 
INVXLLVT             93    63.612    slow_vdd1v2 
MX2X1LVT              5    11.970    slow_vdd1v2 
MX2XLLVT             10    23.940    slow_vdd1v2 
MXI2X1LVT            16    43.776    slow_vdd1v2 
MXI2X2LVT             1     4.446    slow_vdd1v2 
MXI2X8LVT             1     6.156    slow_vdd1v2 
MXI2XLLVT            53   126.882    slow_vdd1v2 
NAND2BX1LVT          55    75.240    slow_vdd1v2 
NAND2BX2LVT           3     7.182    slow_vdd1v2 
NAND2BX4LVT           1     3.762    slow_vdd1v2 
NAND2BXLLVT          31    42.408    slow_vdd1v2 
NAND2X1LVT          150   153.900    slow_vdd1v2 
NAND2X2LVT          100   171.000    slow_vdd1v2 
NAND2X4LVT           22    69.221    slow_vdd1v2 
NAND2X6LVT            2     9.131    slow_vdd1v2 
NAND2X8LVT            2    10.499    slow_vdd1v2 
NAND2XLLVT           59    60.534    slow_vdd1v2 
NAND3BX1LVT           4     8.208    slow_vdd1v2 
NAND3BXLLVT           7    11.970    slow_vdd1v2 
NAND3X1LVT           12    20.520    slow_vdd1v2 
NAND3X2LVT            7    19.152    slow_vdd1v2 
NAND3XLLVT            6    10.260    slow_vdd1v2 
NAND4BX1LVT           1     2.394    slow_vdd1v2 
NAND4XLLVT            4     6.840    slow_vdd1v2 
NOR2BX1LVT           89   121.752    slow_vdd1v2 
NOR2BX2LVT           11    30.096    slow_vdd1v2 
NOR2BX4LVT            1     3.762    slow_vdd1v2 
NOR2BXLLVT            6    10.260    slow_vdd1v2 
NOR2X1LVT           182   186.732    slow_vdd1v2 
NOR2X2LVT           121   206.910    slow_vdd1v2 
NOR2X4LVT            41   126.198    slow_vdd1v2 
NOR2X6LVT             9    36.936    slow_vdd1v2 
NOR2XLLVT           104   106.704    slow_vdd1v2 
NOR3BX1LVT           13    26.676    slow_vdd1v2 
NOR3BX2LVT            1     3.420    slow_vdd1v2 
NOR3BXLLVT            4     8.208    slow_vdd1v2 
NOR3X1LVT            20    34.200    slow_vdd1v2 
NOR3X2LVT            17    46.512    slow_vdd1v2 
NOR3X4LVT             2    10.260    slow_vdd1v2 
NOR3XLLVT            11    18.810    slow_vdd1v2 
NOR4BX1LVT            2     4.788    slow_vdd1v2 
NOR4X1LVT            12    20.520    slow_vdd1v2 
NOR4XLLVT             1     2.052    slow_vdd1v2 
OA21X1LVT             2     4.104    slow_vdd1v2 
OA21XLLVT             1     2.736    slow_vdd1v2 
OA22X1LVT             3     7.182    slow_vdd1v2 
OAI211X1LVT           1     1.710    slow_vdd1v2 
OAI211XLLVT           1     2.052    slow_vdd1v2 
OAI21X1LVT           44    75.240    slow_vdd1v2 
OAI21X2LVT           34   104.652    slow_vdd1v2 
OAI21X4LVT            3    14.364    slow_vdd1v2 
OAI21XLLVT           24    41.040    slow_vdd1v2 
OAI22X1LVT            6    12.312    slow_vdd1v2 
OAI2BB1X1LVT         59   100.890    slow_vdd1v2 
OAI2BB1X2LVT          1     3.078    slow_vdd1v2 
OAI2BB1XLLVT          3     6.156    slow_vdd1v2 
OAI31X1LVT            1     2.052    slow_vdd1v2 
OAI31X2LVT            1     3.762    slow_vdd1v2 
OAI31X4LVT            1     6.840    slow_vdd1v2 
OAI32X1LVT            1     2.394    slow_vdd1v2 
OR2X1LVT             15    20.520    slow_vdd1v2 
OR2XLLVT             31    42.408    slow_vdd1v2 
OR3XLLVT              3     6.156    slow_vdd1v2 
OR4X1LVT              1     2.052    slow_vdd1v2 
XNOR2X1LVT           17    40.698    slow_vdd1v2 
XNOR2X2LVT            1     3.078    slow_vdd1v2 
XNOR2XLLVT            1     2.736    slow_vdd1v2 
XNOR3X1LVT            3    22.572    slow_vdd1v2 
XOR2XLLVT             8    21.888    slow_vdd1v2 
XOR3X1LVT             2    15.048    slow_vdd1v2 
-------------------------------------------------
total              2203  3560.152                


                                         
     Type      Instances   Area   Area % 
-----------------------------------------
inverter             393  338.922    9.5 
buffer                69  128.934    3.6 
logic               1741 3092.296   86.9 
physical_cells         0    0.000    0.0 
-----------------------------------------
total               2203 3560.152  100.0 

