============================================================
  Generated by:           Genus(TM) Synthesis Solution GENUS15.20 - 15.20-p004_1
  Generated on:           Nov 23 2025  11:09:46 pm
  Module:                 FPU_unit
  Wireload mode:          enclosed
  Area mode:              timing library
============================================================

Timing
-------
  Cost    Critical       Violating 
 Group   Path Slack TNS    Paths   
-----------------------------------
default      7677.1   0          0 
-----------------------------------
Total                 0          0 

Instance Count
--------------
Leaf Instance Count             978 
Sequential Instance Count         0 
Combinational Instance Count    978 
Hierarchical Instance Count      45 

Area
----
Cell Area                          1836.540
Physical Cell Area                 0.000
Total Cell Area (Cell+Physical)    1836.540
Net Area                           0.000
Total Area (Cell+Physical+Net)     1836.540

Max Fanout                         60 (w_EXPSWAP_compare)
Min Fanout                         0 (w_EXPSUB_diff_value[5])
Average Fanout                     2.5
Terms to net ratio                 3.4
Terms to instance ratio            3.8
Runtime                            11.592 seconds
Elapsed Runtime                    12 seconds
RC peak memory usage:              480.44 
EDI peak memory usage:             no_value 
Hostname                           centos7
