============================================================
  Generated by:           Genus(TM) Synthesis Solution GENUS15.20 - 15.20-p004_1
  Generated on:           Nov 23 2025  11:09:46 pm
  Module:                 FPU_unit
  Wireload mode:          enclosed
  Area mode:              timing library
============================================================


Path 1: MET (7677 ps) Path Delay Check
     Startpoint: (R) i_32_b[28]
       Endpoint: (F) o_32_s[30]

                  Capture    Launch  
     Path Delay:+   10000         -  
        Arrival:=   10000            
                                     
  Required Time:=   10000            
      Data Path:-    2323            
          Slack:=    7677            

#-----------------------------------------------------------------------------------------------------------------------------------
#                          Timing Point                           Flags    Arc   Edge     Cell      Fanout Load Trans Delay Arrival 
#                                                                                                          (fF)  (ps)  (ps)   (ps)  
#-----------------------------------------------------------------------------------------------------------------------------------
  i_32_b[28]                                                      -       -      R     (arrival)         3  1.2     0     0       0 
  EXP_SWAP_UNIT/COMP_LESS_UNIT/u_high/g341/Y                      -       A->Y   F     INVX1LVT          2  1.3     5     6       6 
  EXP_SWAP_UNIT/COMP_LESS_UNIT/u_high/g334/CO                     -       B->CO  F     ADDHX1LVT         1  0.5     4    12      18 
  EXP_SWAP_UNIT/COMP_LESS_UNIT/u_high/g332/Y                      -       A2->Y  R     OAI32X1LVT        1  0.5    32    17      35 
  EXP_SWAP_UNIT/COMP_LESS_UNIT/u_high/g331/Y                      -       A1->Y  F     AOI22X1LVT        2  0.8    24    19      54 
  EXP_SWAP_UNIT/COMP_LESS_UNIT/u_high/g330/Y                      -       A1N->Y F     OAI2BB1X1LVT      1  0.5     8    15      70 
  EXP_SWAP_UNIT/COMP_LESS_UNIT/u_high/g329/Y                      -       B0->Y  R     OAI21X1LVT        1  0.4    14     6      76 
  EXP_SWAP_UNIT/COMP_LESS_UNIT/g16/Y                              -       B0->Y  R     AO21X1LVT        60 41.6   203   121     197 
  EXP_SWAP_UNIT/g221/Y                                            -       S0->Y  R     MX2XLLVT          1  0.6     8    31     228 
  EXP_SUB_UNIT/g13/Y                                              -       A->Y   F     INVX1LVT          3  1.4     7     8     235 
  EXP_SUB_UNIT/CLA_8BIT_UNIT/CLA_4BIT_UNIT_0/g276/Y               -       B->Y   R     XNOR2X1LVT       28 14.8    74    59     294 
  EXP_SUB_UNIT/CLA_8BIT_UNIT/CLA_4BIT_UNIT_0/g275/Y               -       AN->Y  R     NOR2BX1LVT        2  1.3    16    22     316 
  EXP_SUB_UNIT/CLA_8BIT_UNIT/CLA_4BIT_UNIT_0/g268/Y               -       A1->Y  F     OAI21X1LVT        2  1.2    17    13     329 
  EXP_SUB_UNIT/CLA_8BIT_UNIT/CLA_4BIT_UNIT_0/g266/Y               -       B->Y   R     CLKXOR2X1LVT     19 11.3    57    46     376 
  SHF_RIGHT_28BIT_UNIT/g3713/Y                                    -       A->Y   F     INVX1LVT         21 12.1    61    40     416 
  SHF_RIGHT_28BIT_UNIT/g3627/Y                                    -       A1->Y  R     AOI22X1LVT        3  1.2    28    24     439 
  SHF_RIGHT_28BIT_UNIT/g3613/Y                                    -       A0->Y  R     OA22X1LVT         1  0.5     5    25     464 
  SHF_RIGHT_28BIT_UNIT/g3601/Y                                    -       C0->Y  F     OAI221X1LVT       4  1.2    32    21     486 
  MAN_COMP_28BIT_UNIT/u_i_data_1/g331/Y                           -       A->Y   R     INVXLLVT          2  0.9    14    13     499 
  MAN_COMP_28BIT_UNIT/u_i_data_1/g323/Y                           -       A1->Y  F     OAI32X1LVT        1  0.6    20    17     515 
  MAN_COMP_28BIT_UNIT/u_i_data_1/g322/Y                           -       A1->Y  R     AOI22X1LVT        2  0.9    22    17     532 
  MAN_COMP_28BIT_UNIT/u_i_data_1/g321/Y                           -       A1N->Y R     OAI2BB1X1LVT      1  0.6    13    18     550 
  MAN_COMP_28BIT_UNIT/u_i_data_1/g320/Y                           -       B0->Y  F     OAI21X1LVT        1  0.5    12    11     561 
  MAN_COMP_28BIT_UNIT/g162/Y                                      -       B0->Y  R     AOI21X1LVT        1  0.6    13    11     573 
  MAN_COMP_28BIT_UNIT/g161/Y                                      -       B->Y   F     NOR2BX1LVT        1  0.3     5     6     579 
  MAN_COMP_28BIT_UNIT/g160/Y                                      -       A1->Y  F     OA21X1LVT         1  0.3     4    20     599 
  MAN_COMP_28BIT_UNIT/g159/Y                                      -       A1->Y  F     OA21X1LVT         1  0.3     4    20     619 
  MAN_COMP_28BIT_UNIT/g158/Y                                      -       A1->Y  F     OA21X1LVT         1  0.5     5    20     639 
  MAN_COMP_28BIT_UNIT/g157/Y                                      -       A1->Y  R     OAI21X1LVT        1  0.5    13    10     649 
  MAN_COMP_28BIT_UNIT/g156/Y                                      -       B->Y   F     NAND2BX1LVT      57 31.7   234   134     784 
  MAN_PRE_SWAP_BY_MAN_UNIT/g875/Y                                 -       B->Y   R     NOR2BX1LVT        1  0.7    46    54     838 
  MAN_ALU_UNIT/g118/Y                                             -       S0->Y  R     MXI2XLLVT         1  1.0    28    20     857 
  MAN_ALU_UNIT/ALU_SUB_UNIT/CLA_BLOCK_GEN[0].CLA_4BIT_UNIT/g321/S -       B->S   F     ADDHX1LVT         4  1.4     9    26     883 
  MAN_ALU_UNIT/ALU_SUB_UNIT/CLA_BLOCK_GEN[0].CLA_4BIT_UNIT/g318/Y -       AN->Y  F     NOR2BX1LVT        1  0.5     6    13     896 
  MAN_ALU_UNIT/ALU_SUB_UNIT/CLA_BLOCK_GEN[0].CLA_4BIT_UNIT/g316/Y -       B->Y   R     NOR2X1LVT         1  0.6    10     8     904 
  MAN_ALU_UNIT/ALU_SUB_UNIT/CLA_BLOCK_GEN[0].CLA_4BIT_UNIT/g313/Y -       A1->Y  F     OAI21X1LVT        1  0.6    12    10     914 
  MAN_ALU_UNIT/ALU_SUB_UNIT/CLA_BLOCK_GEN[0].CLA_4BIT_UNIT/g311/Y -       A1->Y  R     AOI22X1LVT        1  0.6    18    15     929 
  MAN_ALU_UNIT/ALU_SUB_UNIT/CLA_BLOCK_GEN[0].CLA_4BIT_UNIT/g310/Y -       B0->Y  F     OAI2BB1X1LVT      3  0.9    12    12     941 
  MAN_ALU_UNIT/ALU_SUB_UNIT/g141/Y                                -       B0->Y  F     AO21XLLVT         2  0.9     8    19     960 
  MAN_ALU_UNIT/ALU_SUB_UNIT/CLA_BLOCK_GEN[1].CLA_4BIT_UNIT/g449/Y -       A1N->Y F     OAI2BB1X1LVT      2  0.9    11    16     976 
  MAN_ALU_UNIT/ALU_SUB_UNIT/CLA_BLOCK_GEN[1].CLA_4BIT_UNIT/g445/Y -       A1N->Y F     OAI2BB1X1LVT      2  1.2    14    17     994 
  MAN_ALU_UNIT/ALU_SUB_UNIT/CLA_BLOCK_GEN[1].CLA_4BIT_UNIT/g443/Y -       A1->Y  R     AOI22X1LVT        2  1.3    23    18    1012 
  MAN_ALU_UNIT/ALU_SUB_UNIT/CLA_BLOCK_GEN[1].CLA_4BIT_UNIT/g441/Y -       A1->Y  F     OAI21X1LVT        3  1.1    16    14    1025 
  MAN_ALU_UNIT/ALU_SUB_UNIT/g159/Y                                -       AN->Y  F     NAND2BX1LVT       2  0.9    12    16    1042 
  MAN_ALU_UNIT/ALU_SUB_UNIT/CLA_BLOCK_GEN[2].CLA_4BIT_UNIT/g449/Y -       A1N->Y F     OAI2BB1X1LVT      2  0.9    11    16    1058 
  MAN_ALU_UNIT/ALU_SUB_UNIT/CLA_BLOCK_GEN[2].CLA_4BIT_UNIT/g445/Y -       A1N->Y F     OAI2BB1X1LVT      2  1.2    14    17    1076 
  MAN_ALU_UNIT/ALU_SUB_UNIT/CLA_BLOCK_GEN[2].CLA_4BIT_UNIT/g443/Y -       A1->Y  R     AOI22X1LVT        2  1.3    23    18    1094 
  MAN_ALU_UNIT/ALU_SUB_UNIT/CLA_BLOCK_GEN[2].CLA_4BIT_UNIT/g441/Y -       A1->Y  F     OAI21X1LVT        3  1.1    16    14    1107 
  MAN_ALU_UNIT/ALU_SUB_UNIT/g186/Y                                -       AN->Y  F     NAND2BX1LVT       2  1.2    14    18    1125 
  MAN_ALU_UNIT/ALU_SUB_UNIT/CLA_BLOCK_GEN[3].CLA_4BIT_UNIT/g449/Y -       A1->Y  R     AOI21X1LVT        2  1.3    19    15    1140 
  MAN_ALU_UNIT/ALU_SUB_UNIT/CLA_BLOCK_GEN[3].CLA_4BIT_UNIT/g445/Y -       A1->Y  F     OAI21X1LVT        2  1.2    17    13    1153 
  MAN_ALU_UNIT/ALU_SUB_UNIT/CLA_BLOCK_GEN[3].CLA_4BIT_UNIT/g443/Y -       A1->Y  R     AOI22X1LVT        2  1.3    23    19    1172 
  MAN_ALU_UNIT/ALU_SUB_UNIT/CLA_BLOCK_GEN[3].CLA_4BIT_UNIT/g441/Y -       A1->Y  F     OAI21X1LVT        3  0.9    14    13    1185 
  MAN_ALU_UNIT/ALU_SUB_UNIT/g224/Y                                -       AN->Y  F     NAND2BX1LVT       2  1.2    14    18    1202 
  MAN_ALU_UNIT/ALU_SUB_UNIT/CLA_BLOCK_GEN[4].CLA_4BIT_UNIT/g449/Y -       A1->Y  R     AOI21X1LVT        2  1.3    19    15    1217 
  MAN_ALU_UNIT/ALU_SUB_UNIT/CLA_BLOCK_GEN[4].CLA_4BIT_UNIT/g445/Y -       A1->Y  F     OAI21X1LVT        2  1.2    17    13    1230 
  MAN_ALU_UNIT/ALU_SUB_UNIT/CLA_BLOCK_GEN[4].CLA_4BIT_UNIT/g443/Y -       A1->Y  R     AOI22X1LVT        2  1.3    23    19    1249 
  MAN_ALU_UNIT/ALU_SUB_UNIT/CLA_BLOCK_GEN[4].CLA_4BIT_UNIT/g441/Y -       A1->Y  F     OAI21X1LVT        3  0.9    14    13    1262 
  MAN_ALU_UNIT/ALU_SUB_UNIT/g253/Y                                -       AN->Y  F     NAND2BX1LVT       2  1.2    14    18    1280 
  MAN_ALU_UNIT/ALU_SUB_UNIT/CLA_BLOCK_GEN[5].CLA_4BIT_UNIT/g363/Y -       A1->Y  R     AOI22X1LVT        2  1.3    23    18    1298 
  MAN_ALU_UNIT/ALU_SUB_UNIT/CLA_BLOCK_GEN[5].CLA_4BIT_UNIT/g361/Y -       A1->Y  F     OAI21X1LVT        2  1.2    17    14    1312 
  MAN_ALU_UNIT/ALU_SUB_UNIT/CLA_BLOCK_GEN[5].CLA_4BIT_UNIT/g359/Y -       A1->Y  R     AOI22X1LVT        2  1.3    23    19    1330 
  MAN_ALU_UNIT/ALU_SUB_UNIT/CLA_BLOCK_GEN[5].CLA_4BIT_UNIT/g357/Y -       A1->Y  F     OAI21X1LVT        2  0.8    14    12    1343 
  MAN_ALU_UNIT/ALU_SUB_UNIT/g295/Y                                -       AN->Y  F     NAND2BX1LVT       2  1.2    14    18    1360 
  MAN_ALU_UNIT/ALU_SUB_UNIT/CLA_BLOCK_GEN[6].CLA_4BIT_UNIT/g504/Y -       A1->Y  R     AOI21X1LVT        2  1.3    19    15    1375 
  MAN_ALU_UNIT/ALU_SUB_UNIT/CLA_BLOCK_GEN[6].CLA_4BIT_UNIT/g500/Y -       A1->Y  F     OAI21X1LVT        2  1.2    17    13    1389 
  MAN_ALU_UNIT/ALU_SUB_UNIT/CLA_BLOCK_GEN[6].CLA_4BIT_UNIT/g498/Y -       A1->Y  R     AOI22X1LVT        2  1.3    23    19    1407 
  MAN_ALU_UNIT/ALU_SUB_UNIT/CLA_BLOCK_GEN[6].CLA_4BIT_UNIT/g497/Y -       B->Y   F     CLKXOR2X1LVT      9  4.3    21    33    1440 
  LOPD_24BIT_UNIT/LOPD_16bit_UNIT_MSB/LOPD_8bit_unit_1/g276/Y     -       B->Y   F     OR2XLLVT          3  1.1    10    18    1458 
  LOPD_24BIT_UNIT/LOPD_16bit_UNIT_MSB/LOPD_8bit_unit_1/g267/Y     -       C->Y   R     NOR3BX1LVT        5  2.8    44    26    1485 
  LOPD_24BIT_UNIT/LOPD_16bit_UNIT_MSB/g65/Y                       -       A->Y   R     AND2X1LVT        15  8.9    45    41    1526 
  LOPD_24BIT_UNIT/g133/Y                                          -       A->Y   F     INVX1LVT          4  2.1    17    15    1541 
  LOPD_24BIT_UNIT/g129/Y                                          -       A1->Y  R     AOI22X1LVT        1  0.5    18    15    1556 
  LOPD_24BIT_UNIT/g125/Y                                          -       B->Y   F     NAND2X1LVT       26 13.0   100    60    1616 
  NORMALIZATION_UNIT/SHF_left_28bit_unit/g3012/Y                  -       A->Y   R     INVX1LVT         27 14.0    85    56    1672 
  NORMALIZATION_UNIT/SHF_left_28bit_unit/g2980/Y                  -       A1->Y  F     AOI22X1LVT        2  1.0    34    31    1702 
  NORMALIZATION_UNIT/SHF_left_28bit_unit/g2947/Y                  -       A1->Y  R     OAI22X1LVT        2  0.9    37    20    1723 
  NORMALIZATION_UNIT/SHF_left_28bit_unit/g2937/Y                  -       A->Y   F     INVXLLVT          1  0.5    10    11    1734 
  NORMALIZATION_UNIT/SHF_left_28bit_unit/g2917/Y                  -       A1->Y  R     OAI22X1LVT        2  0.8    31    15    1749 
  NORMALIZATION_UNIT/SHF_left_28bit_unit/g2909/Y                  -       A->Y   F     INVXLLVT          2  1.0    13    12    1761 
  NORMALIZATION_UNIT/SHF_left_28bit_unit/g2907/Y                  -       B->Y   R     NOR2X1LVT         1  0.5    16     9    1770 
  NORMALIZATION_UNIT/g1414/Y                                      -       A1->Y  F     AOI22X1LVT        1  0.5    38    15    1785 
  NORMALIZATION_UNIT/g1387/Y                                      -       B0->Y  R     OAI2BB1X1LVT      1  0.7    13    12    1797 
  ROUNDING_UNIT/INCREASE_ROUNDING/g621/CO                         -       A->CO  R     ADDHX1LVT         1  1.0     7    18    1815 
  ROUNDING_UNIT/INCREASE_ROUNDING/g620/CO                         -       B->CO  R     ADDHX1LVT         1  1.0     7    16    1831 
  ROUNDING_UNIT/INCREASE_ROUNDING/g619/CO                         -       B->CO  R     ADDHX1LVT         1  1.0     7    16    1848 
  ROUNDING_UNIT/INCREASE_ROUNDING/g618/CO                         -       B->CO  R     ADDHX1LVT         1  1.0     7    16    1864 
  ROUNDING_UNIT/INCREASE_ROUNDING/g617/CO                         -       B->CO  R     ADDHX1LVT         1  1.0     7    16    1881 
  ROUNDING_UNIT/INCREASE_ROUNDING/g616/CO                         -       B->CO  R     ADDHX1LVT         1  1.0     7    16    1897 
  ROUNDING_UNIT/INCREASE_ROUNDING/g615/CO                         -       B->CO  R     ADDHX1LVT         1  1.0     7    16    1914 
  ROUNDING_UNIT/INCREASE_ROUNDING/g614/CO                         -       B->CO  R     ADDHX1LVT         1  1.0     7    16    1930 
  ROUNDING_UNIT/INCREASE_ROUNDING/g613/CO                         -       B->CO  R     ADDHX1LVT         1  1.0     7    16    1947 
  ROUNDING_UNIT/INCREASE_ROUNDING/g612/CO                         -       B->CO  R     ADDHX1LVT         1  1.0     7    16    1963 
  ROUNDING_UNIT/INCREASE_ROUNDING/g611/CO                         -       B->CO  R     ADDHX1LVT         1  1.0     7    16    1980 
  ROUNDING_UNIT/INCREASE_ROUNDING/g610/CO                         -       B->CO  R     ADDHX1LVT         1  1.0     7    16    1996 
  ROUNDING_UNIT/INCREASE_ROUNDING/g609/CO                         -       B->CO  R     ADDHX1LVT         1  1.0     7    16    2013 
  ROUNDING_UNIT/INCREASE_ROUNDING/g608/CO                         -       B->CO  R     ADDHX1LVT         1  1.0     7    16    2029 
  ROUNDING_UNIT/INCREASE_ROUNDING/g607/CO                         -       B->CO  R     ADDHX1LVT         1  1.0     7    16    2046 
  ROUNDING_UNIT/INCREASE_ROUNDING/g606/CO                         -       B->CO  R     ADDHX1LVT         1  1.0     7    16    2062 
  ROUNDING_UNIT/INCREASE_ROUNDING/g605/CO                         -       B->CO  R     ADDHX1LVT         1  1.0     7    16    2079 
  ROUNDING_UNIT/INCREASE_ROUNDING/g604/CO                         -       B->CO  R     ADDHX1LVT         1  1.0     7    16    2095 
  ROUNDING_UNIT/INCREASE_ROUNDING/g603/CO                         -       B->CO  R     ADDHX1LVT         1  1.0     7    16    2112 
  ROUNDING_UNIT/INCREASE_ROUNDING/g602/CO                         -       B->CO  R     ADDHX1LVT         1  1.0     7    16    2128 
  ROUNDING_UNIT/INCREASE_ROUNDING/g601/CO                         -       B->CO  R     ADDHX1LVT         1  1.0     7    16    2145 
  ROUNDING_UNIT/INCREASE_ROUNDING/g600/CO                         -       B->CO  R     ADDHX1LVT         2  1.0     7    16    2161 
  ROUNDING_UNIT/INCREASE_ROUNDING/g598/Y                          -       C->Y   R     AND3XLLVT         3  1.6    16    24    2185 
  EXP_ROUNDING/g187/Y                                             -       B->Y   F     NAND2X1LVT        2  0.9    12    11    2196 
  EXP_ROUNDING/g185/Y                                             -       AN->Y  F     NAND2BX1LVT       2  0.9    12    16    2212 
  EXP_ROUNDING/g183/Y                                             -       AN->Y  F     NAND2BX1LVT       2  0.9    12    16    2228 
  EXP_ROUNDING/g181/Y                                             -       AN->Y  F     NAND2BX1LVT       2  0.9    12    16    2244 
  EXP_ROUNDING/g179/Y                                             -       AN->Y  F     NAND2BX1LVT       2  0.9    12    16    2261 
  EXP_ROUNDING/g177/Y                                             -       AN->Y  F     NAND2BX1LVT       2  0.9    12    16    2277 
  EXP_ROUNDING/g175/Y                                             -       AN->Y  F     NAND2BXLLVT       1  0.6    12    15    2292 
  EXP_ROUNDING/g173/Y                                             -       B->Y   F     XNOR2X1LVT        1  0.3     4    19    2310 
  g36/Y                                                           -       B->Y   F     OR2XLLVT          1  0.0     2    12    2323 
  o_32_s[30]                                                      <<<     -      F     (port)            -    -     -     0    2323 
#-----------------------------------------------------------------------------------------------------------------------------------

