============================================================
  Generated by:           Genus(TM) Synthesis Solution GENUS15.20 - 15.20-p004_1
  Generated on:           Nov 23 2025  11:09:46 pm
  Module:                 FPU_unit
  Wireload mode:          enclosed
  Area mode:              timing library
============================================================

                                  
    Gate      Instances    Area       Library    
-------------------------------------------------
ADDFX1LVT             1     5.130    fast_vdd1v2 
ADDHX1LVT            32   120.384    fast_vdd1v2 
AND2X1LVT             2     2.736    fast_vdd1v2 
AND2XLLVT            12    16.416    fast_vdd1v2 
AND3XLLVT             1     2.052    fast_vdd1v2 
AND4X1LVT             1     2.394    fast_vdd1v2 
AND4XLLVT             7    16.758    fast_vdd1v2 
AO21X1LVT             1     2.394    fast_vdd1v2 
AO21XLLVT             2     4.788    fast_vdd1v2 
AOI21X1LVT           10    17.100    fast_vdd1v2 
AOI21XLLVT            2     3.420    fast_vdd1v2 
AOI221X1LVT           5    11.970    fast_vdd1v2 
AOI222X1LVT           7    21.546    fast_vdd1v2 
AOI22X1LVT          105   215.460    fast_vdd1v2 
AOI22XLLVT           16    32.832    fast_vdd1v2 
AOI2BB1XLLVT          9    18.468    fast_vdd1v2 
AOI32X1LVT            5    11.970    fast_vdd1v2 
CLKXOR2X1LVT         25    68.400    fast_vdd1v2 
INVX1LVT             28    19.152    fast_vdd1v2 
INVXLLVT             65    44.460    fast_vdd1v2 
MX2X1LVT             28    67.032    fast_vdd1v2 
MX2XLLVT             86   205.884    fast_vdd1v2 
MXI2XLLVT            37    88.578    fast_vdd1v2 
NAND2BX1LVT          26    35.568    fast_vdd1v2 
NAND2BXLLVT           8    10.944    fast_vdd1v2 
NAND2X1LVT           46    47.196    fast_vdd1v2 
NAND2XLLVT            9     9.234    fast_vdd1v2 
NAND3BXLLVT           3     5.130    fast_vdd1v2 
NAND3X1LVT            1     1.710    fast_vdd1v2 
NAND4XLLVT            7    11.970    fast_vdd1v2 
NOR2BX1LVT           57    77.976    fast_vdd1v2 
NOR2X1LVT            38    38.988    fast_vdd1v2 
NOR2XLLVT             7     7.182    fast_vdd1v2 
NOR3BX1LVT            3     6.156    fast_vdd1v2 
NOR3BXLLVT            1     2.052    fast_vdd1v2 
NOR3X1LVT             2     3.420    fast_vdd1v2 
NOR4BBX1LVT           3     8.208    fast_vdd1v2 
NOR4BX1LVT            4     9.576    fast_vdd1v2 
NOR4X1LVT            10    17.100    fast_vdd1v2 
OA21X1LVT             8    16.416    fast_vdd1v2 
OA22X1LVT             7    16.758    fast_vdd1v2 
OAI211X1LVT           6    10.260    fast_vdd1v2 
OAI21X1LVT           26    44.460    fast_vdd1v2 
OAI21XLLVT            4     6.840    fast_vdd1v2 
OAI221X1LVT           8    19.152    fast_vdd1v2 
OAI222X1LVT          10    27.360    fast_vdd1v2 
OAI22X1LVT           45    92.340    fast_vdd1v2 
OAI22XLLVT           13    26.676    fast_vdd1v2 
OAI2BB1X1LVT         39    66.690    fast_vdd1v2 
OAI31X1LVT            1     2.052    fast_vdd1v2 
OAI32X1LVT            9    21.546    fast_vdd1v2 
OR2X1LVT              2     2.736    fast_vdd1v2 
OR2XLLVT             22    30.096    fast_vdd1v2 
OR4X1LVT              3     6.156    fast_vdd1v2 
XNOR2X1LVT           50   119.700    fast_vdd1v2 
XOR2XLLVT            13    35.568    fast_vdd1v2 
-------------------------------------------------
total               978  1836.540                


                                   
  Type   Instances   Area   Area % 
-----------------------------------
inverter        93   63.612    3.5 
logic          885 1772.928   96.5 
-----------------------------------
total          978 1836.540  100.0 

