============================================================
  Generated by:           Genus(TM) Synthesis Solution GENUS15.20 - 15.20-p004_1
  Generated on:           Nov 23 2025  11:09:46 pm
  Module:                 FPU_unit
  Wireload mode:          enclosed
  Area mode:              timing library
============================================================

              Instance                Cells  Cell Area  Net Area  Total Area  Wireload     
-------------------------------------------------------------------------------------------
FPU_unit                                978       1837         0        1837    <none> (D) 
  NORMALIZATION_UNIT                    210        360         0         360    <none> (D) 
    SHF_left_28bit_unit                 148        249         0         249    <none> (D) 
  MAN_ALU_UNIT                          177        349         0         349    <none> (D) 
    ALU_SUB_UNIT                        145        275         0         275    <none> (D) 
      CLA_BLOCK_GEN[0].CLA_4BIT_UNIT     20         41         0          41    <none> (D) 
      CLA_BLOCK_GEN[6].CLA_4BIT_UNIT     18         34         0          34    <none> (D) 
      CLA_BLOCK_GEN[4].CLA_4BIT_UNIT     18         34         0          34    <none> (D) 
      CLA_BLOCK_GEN[3].CLA_4BIT_UNIT     18         34         0          34    <none> (D) 
      CLA_BLOCK_GEN[5].CLA_4BIT_UNIT     15         34         0          34    <none> (D) 
      CLA_BLOCK_GEN[2].CLA_4BIT_UNIT     18         33         0          33    <none> (D) 
      CLA_BLOCK_GEN[1].CLA_4BIT_UNIT     18         33         0          33    <none> (D) 
  SHF_RIGHT_28BIT_UNIT                  131        229         0         229    <none> (D) 
  MAN_COMP_28BIT_UNIT                    85        158         0         158    <none> (D) 
    u_i_data_5                           13         25         0          25    <none> (D) 
    u_i_data_4                           13         25         0          25    <none> (D) 
    u_i_data_3                           13         25         0          25    <none> (D) 
    u_i_data_2                           13         25         0          25    <none> (D) 
    u_i_data_1                           13         25         0          25    <none> (D) 
    u_i_data_6                           12         21         0          21    <none> (D) 
    u_i_data_0                            1          2         0           2    <none> (D) 
  MAN_PRE_SWAP_BY_MAN_UNIT               56        124         0         124    <none> (D) 
  MAN_PRE_SWAP_BY_EXPONENT_UNIT          46        110         0         110    <none> (D) 
  ROUNDING_UNIT                          26         90         0          90    <none> (D) 
    INCREASE_ROUNDING                    24         88         0          88    <none> (D) 
  EXP_ADJUST_UNIT                        45         83         0          83    <none> (D) 
    CLA_8BIT_UNIT                        30         63         0          63    <none> (D) 
      CLA_4BIT_UNIT_0                    18         34         0          34    <none> (D) 
      CLA_4BIT_UNIT_1                    11         27         0          27    <none> (D) 
  LOPD_24BIT_UNIT                        56         82         0          82    <none> (D) 
    LOPD_16bit_UNIT_MSB                  32         49         0          49    <none> (D) 
      LOPD_8bit_unit_1                   14         20         0          20    <none> (D) 
      LOPD_8bit_unit_0                   14         20         0          20    <none> (D) 
    LOPD_8bit_UNIT_LSB                   14         20         0          20    <none> (D) 
  EXP_SWAP_UNIT                          37         71         0          71    <none> (D) 
    COMP_LESS_UNIT                       24         40         0          40    <none> (D) 
      u_high                             13         25         0          25    <none> (D) 
      u_low                              10         13         0          13    <none> (D) 
  PSC_UNIT                               33         54         0          54    <none> (D) 
  EXP_SUB_UNIT                           25         45         0          45    <none> (D) 
    CLA_8BIT_UNIT                        20         41         0          41    <none> (D) 
      CLA_4BIT_UNIT_0                    17         35         0          35    <none> (D) 
      CLA_4BIT_UNIT_1                     2          5         0           5    <none> (D) 
  SEL_MANTISSA_FOR_RESULT                23         32         0          32    <none> (D) 
  EXP_ROUNDING                           15         29         0          29    <none> (D) 
  SIGN_OUT                                2          5         0           5    <none> (D) 

 (D) = wireload is default in technology library
