============================================================
  Generated by:           Genus(TM) Synthesis Solution GENUS15.20 - 15.20-p004_1
  Generated on:           Nov 23 2025  11:09:46 pm
  Module:                 FPU_unit
  Wireload mode:          enclosed
  Area mode:              timing library
============================================================

                                       Leakage    Dynamic     Total   
            Instance            Cells Power(nW)  Power(nW)  Power(nW) 
----------------------------------------------------------------------
FPU_unit                          978  1317.249 229760.873 231078.122 
  MAN_ALU_UNIT                    177   282.705  56103.974  56386.679 
    ALU_SUB_UNIT                  145   222.597  45621.161  45843.759 
      CLA_BLOCK_..CLA_4BIT_UNIT    20    34.113   5557.551   5591.664 
      CLA_BLOCK_..CLA_4BIT_UNIT    18    28.689   3993.472   4022.161 
      CLA_BLOCK_..CLA_4BIT_UNIT    18    28.093   6732.639   6760.731 
      CLA_BLOCK_..CLA_4BIT_UNIT    15    28.062   4597.526   4625.587 
      CLA_BLOCK_..CLA_4BIT_UNIT    18    27.996   7732.418   7760.414 
      CLA_BLOCK_..CLA_4BIT_UNIT    18    27.886   5965.771   5993.656 
      CLA_BLOCK_..CLA_4BIT_UNIT    18    27.594   7823.364   7850.957 
  NORMALIZATION_UNIT              210   208.095  65326.566  65534.661 
    SHF_left_28bit_unit           148   141.915  47316.034  47457.949 
  MAN_PRE_SWAP_BY_MAN_UNIT         56   116.565  12639.372  12755.937 
  SHF_RIGHT_28BIT_UNIT            131   112.256  28035.539  28147.795 
  MAN_COMP_28BIT_UNIT              85   110.190  13526.733  13636.923 
    u_i_data_3                     13    18.306   2348.387   2366.693 
    u_i_data_5                     13    18.123   1445.455   1463.578 
    u_i_data_4                     13    18.060   1895.553   1913.613 
    u_i_data_1                     13    17.606   2953.952   2971.559 
    u_i_data_2                     13    17.540   2773.932   2791.473 
    u_i_data_6                     12    12.377    817.303    829.680 
    u_i_data_0                      1     1.326    184.896    186.222 
  MAN_PRE_SW..EXPONENT_UNIT        46    90.117   9816.646   9906.763 
  ROUNDING_UNIT                    26    78.011   9175.302   9253.314 
    INCREASE_ROUNDING              24    76.563   8691.787   8768.349 
  EXP_ADJUST_UNIT                  45    71.519   4578.480   4649.999 
    CLA_8BIT_UNIT                  30    53.187   2846.808   2899.996 
      CLA_4BIT_UNIT_0              18    28.715   1805.221   1833.936 
      CLA_4BIT_UNIT_1              11    23.034    982.432   1005.467 
  EXP_SWAP_UNIT                    37    52.663   4937.227   4989.890 
    COMP_LESS_UNIT                 24    27.147   2532.884   2560.031 
      u_high                       13    17.013    836.570    853.583 
      u_low                        10     8.767    592.216    600.984 
  LOPD_24BIT_UNIT                  56    52.607   8923.256   8975.863 
    LOPD_16bit_UNIT_MSB            32    31.982   4148.722   4180.704 
      LOPD_8bit_unit_0             14    12.886   2634.644   2647.530 
      LOPD_8bit_unit_1             14    11.831   1355.874   1367.704 
    LOPD_8bit_UNIT_LSB             14    12.696   3433.407   3446.103 
  EXP_SUB_UNIT                     25    40.254   5356.800   5397.054 
    CLA_8BIT_UNIT                  20    37.546   5117.706   5155.252 
      CLA_4BIT_UNIT_0              17    30.650   4272.090   4302.740 
      CLA_4BIT_UNIT_1               2     5.491    733.116    738.607 
  SEL_MANTISSA_FOR_RESULT          23    34.399   7767.156   7801.554 
  PSC_UNIT                         33    25.901    683.586    709.486 
  EXP_ROUNDING                     15    21.861    761.311    783.172 
  SIGN_OUT                          2     4.676    164.104    168.780 

