============================================================
  Generated by:           Genus(TM) Synthesis Solution GENUS15.20 - 15.20-p004_1
  Generated on:           Nov 23 2025  09:16:50 pm
  Module:                 FPU_unit
  Wireload mode:          enclosed
  Area mode:              timing library
============================================================


Path 1: MET (1 ps) Path Delay Check
     Startpoint: (R) i_32_a[26]
       Endpoint: (F) o_32_s[25]

                  Capture    Launch  
     Path Delay:+    4500         -  
        Arrival:=    4500            
                                     
  Required Time:=    4500            
      Data Path:-    4499            
          Slack:=       1            

#-----------------------------------------------------------------------------------------------------------------------------------
#                          Timing Point                            Flags   Arc   Edge     Cell      Fanout Load Trans Delay Arrival 
#                                                                                                          (fF)  (ps)  (ps)   (ps)  
#-----------------------------------------------------------------------------------------------------------------------------------
  i_32_a[26]                                                       -       -     R     (arrival)         5  1.2     0     0       0 
  EXP_SWAP_UNIT/COMP_LESS_UNIT/u_low/g774/Y                        -       AN->Y R     NOR2BX1HVT        2  0.8    40    61      61 
  EXP_SWAP_UNIT/COMP_LESS_UNIT/u_low/g757/Y                        -       A->Y  F     INVX1HVT          1  0.3    20    34      95 
  EXP_SWAP_UNIT/COMP_LESS_UNIT/u_low/g751/Y                        -       A1->Y R     AOI21X1HVT        1  0.4    34    38     133 
  EXP_SWAP_UNIT/COMP_LESS_UNIT/u_low/g749/Y                        -       A->Y  F     NAND2X1HVT        1  0.3    41    54     186 
  EXP_SWAP_UNIT/COMP_LESS_UNIT/g2/Y                                -       A1->Y F     AO21X4HVT        15  5.5    52   125     311 
  EXP_SWAP_UNIT/g9/Y                                               -       A->Y  F     BUFX2HVT         48 17.1   198   165     476 
  MAN_PRE_SWAP_BY_EXPONENT_UNIT/g818/Y                             -       A->Y  R     INVX2HVT         17  5.8    78   123     599 
  MAN_PRE_SWAP_BY_EXPONENT_UNIT/g768/Y                             -       B1->Y F     OAI22XLHVT        2  0.4    86   100     699 
  SHF_RIGHT_28BIT_UNIT/g3894/Y                                     -       B->Y  R     MXI2XLHVT         2  0.6    64    88     787 
  SHF_RIGHT_28BIT_UNIT/g3954/Y                                     -       A->Y  R     MX2X1HVT          2  0.8    24   139     926 
  SHF_RIGHT_28BIT_UNIT/g3826/Y                                     -       A->Y  F     INVX1HVT          1  0.3    17    25     952 
  SHF_RIGHT_28BIT_UNIT/g3768/Y                                     -       A1->Y R     AOI21X1HVT        2  0.6    44    40     992 
  SHF_RIGHT_28BIT_UNIT/g3739/Y                                     -       B->Y  F     NOR2X1HVT         1  0.3    30    38    1030 
  SHF_RIGHT_28BIT_UNIT/g3948/Y                                     -       B0->Y R     AOI2BB1X1HVT      1  0.7    39    46    1076 
  SHF_RIGHT_28BIT_UNIT/g3692/Y                                     -       A1->Y F     OAI22X2HVT        4  1.3    84    88    1164 
  MAN_COMP_28BIT_UNIT/u_i_data_1/g903/Y                            -       B->Y  R     NOR2X1HVT         2  0.8    49    68    1231 
  MAN_COMP_28BIT_UNIT/u_i_data_1/g894/Y                            -       A->Y  F     INVX1HVT          1  0.3    21    39    1270 
  MAN_COMP_28BIT_UNIT/u_i_data_1/g888/Y                            -       A0->Y R     AOI21X1HVT        1  0.4    34    45    1315 
  MAN_COMP_28BIT_UNIT/u_i_data_1/g886/Y                            -       B->Y  F     NAND2X1HVT        1  0.3    40    46    1361 
  MAN_COMP_28BIT_UNIT/g1325/Y                                      -       A->Y  R     NAND2X1HVT        1  0.4    22    34    1395 
  MAN_COMP_28BIT_UNIT/g1330/Y                                      -       B->Y  F     NAND2BX1HVT       1  0.7    57    50    1445 
  MAN_COMP_28BIT_UNIT/g1312/Y                                      -       A1->Y R     OAI21X2HVT        1  1.5    51    60    1506 
  MAN_COMP_28BIT_UNIT/g1311/Y                                      -       B->Y  F     NAND2X4HVT       11  3.4    69    67    1573 
  MAN_PRE_SWAP_BY_MAN_UNIT/g875/Y                                  -       B->Y  R     NOR2BX1HVT        1  0.4    36    54    1627 
  MAN_ALU_UNIT/g150/Y                                              -       S0->Y F     MXI2XLHVT         4  1.0   126    93    1720 
  MAN_ALU_UNIT/ALU_SUB_UNIT/CLA_BLOCK_GEN[0].CLA_4BIT_UNIT/g4716/Y -       AN->Y F     NOR3BX1HVT        1  0.3    30    92    1812 
  MAN_ALU_UNIT/ALU_SUB_UNIT/CLA_BLOCK_GEN[0].CLA_4BIT_UNIT/g4681/Y -       B->Y  R     NAND2X1HVT        1  0.4    19    26    1838 
  MAN_ALU_UNIT/ALU_SUB_UNIT/CLA_BLOCK_GEN[0].CLA_4BIT_UNIT/g4679/Y -       B->Y  F     NAND2X1HVT        1  0.3    39    39    1877 
  MAN_ALU_UNIT/ALU_SUB_UNIT/CLA_BLOCK_GEN[0].CLA_4BIT_UNIT/g4715/Y -       B0->Y R     AOI2BB1X1HVT      1  0.8    43    52    1929 
  MAN_ALU_UNIT/ALU_SUB_UNIT/CLA_BLOCK_GEN[0].CLA_4BIT_UNIT/g4674/Y -       A->Y  F     NAND2X2HVT        4  0.9    47    61    1990 
  MAN_ALU_UNIT/ALU_SUB_UNIT/g2/Y                                   -       B0->Y F     AO21X1HVT         3  0.7    27    87    2078 
  MAN_ALU_UNIT/ALU_SUB_UNIT/CLA_BLOCK_GEN[1].CLA_4BIT_UNIT/g343/Y  -       B->Y  R     NAND2X1HVT        1  0.4    20    25    2102 
  MAN_ALU_UNIT/ALU_SUB_UNIT/CLA_BLOCK_GEN[1].CLA_4BIT_UNIT/g340/Y  -       B->Y  F     NAND2X1HVT        3  0.6    52    46    2149 
  MAN_ALU_UNIT/ALU_SUB_UNIT/g159/Y                                 -       B->Y  F     OR2X1HVT          3  1.0    33    86    2234 
  MAN_ALU_UNIT/ALU_SUB_UNIT/CLA_BLOCK_GEN[2].CLA_4BIT_UNIT/g2/Y    -       C->Y  R     NAND3X1HVT        1  0.4    26    29    2263 
  MAN_ALU_UNIT/ALU_SUB_UNIT/CLA_BLOCK_GEN[2].CLA_4BIT_UNIT/g343/Y  -       B->Y  F     NAND2X1HVT        3  0.6    52    50    2313 
  MAN_ALU_UNIT/ALU_SUB_UNIT/g186/Y                                 -       B->Y  F     OR2X1HVT          3  0.7    26    82    2395 
  MAN_ALU_UNIT/ALU_SUB_UNIT/CLA_BLOCK_GEN[3].CLA_4BIT_UNIT/g347/Y  -       B->Y  R     NAND2X1HVT        1  0.4    20    24    2419 
  MAN_ALU_UNIT/ALU_SUB_UNIT/CLA_BLOCK_GEN[3].CLA_4BIT_UNIT/g344/Y  -       B->Y  F     NAND2X1HVT        3  0.7    59    49    2468 
  MAN_ALU_UNIT/ALU_SUB_UNIT/g224/Y                                 -       B->Y  F     OR2X1HVT          3  0.7    26    84    2552 
  MAN_ALU_UNIT/ALU_SUB_UNIT/CLA_BLOCK_GEN[4].CLA_4BIT_UNIT/g346/Y  -       B->Y  R     NAND2X1HVT        1  0.8    29    28    2580 
  MAN_ALU_UNIT/ALU_SUB_UNIT/CLA_BLOCK_GEN[4].CLA_4BIT_UNIT/g343/Y  -       B->Y  F     NAND2X2HVT        3  1.1    55    50    2630 
  MAN_ALU_UNIT/ALU_SUB_UNIT/g262/Y                                 -       B->Y  R     NOR2X2HVT         1  0.8    34    45    2675 
  MAN_ALU_UNIT/ALU_SUB_UNIT/fopt/Y                                 -       A->Y  F     INVX2HVT          3  1.0    22    31    2707 
  MAN_ALU_UNIT/ALU_SUB_UNIT/CLA_BLOCK_GEN[5].CLA_4BIT_UNIT/g347/Y  -       B->Y  R     NAND2X1HVT        1  0.4    19    22    2729 
  MAN_ALU_UNIT/ALU_SUB_UNIT/CLA_BLOCK_GEN[5].CLA_4BIT_UNIT/g344/Y  -       B->Y  F     NAND2X1HVT        2  0.5    50    44    2773 
  MAN_ALU_UNIT/ALU_SUB_UNIT/g315/Y                                 -       B->Y  F     OR2X1HVT          3  1.1    35    86    2858 
  MAN_ALU_UNIT/ALU_SUB_UNIT/CLA_BLOCK_GEN[6].CLA_4BIT_UNIT/g629/Y  -       A1->Y R     AOI21X2HVT        3  1.2    41    48    2907 
  MAN_ALU_UNIT/ALU_SUB_UNIT/CLA_BLOCK_GEN[6].CLA_4BIT_UNIT/g625/Y  -       A1->Y F     OAI21X1HVT        1  0.4    57    63    2970 
  MAN_ALU_UNIT/ALU_SUB_UNIT/CLA_BLOCK_GEN[6].CLA_4BIT_UNIT/g624/Y  -       B->Y  F     CLKXOR2X1HVT      9  2.7    70   110    3080 
  LOPD_24BIT_UNIT/LOPD_16bit_UNIT_MSB/LOPD_8bit_unit_1/g332/Y      -       B->Y  F     OR2X6HVT          3  1.9    26   102    3182 
  LOPD_24BIT_UNIT/LOPD_16bit_UNIT_MSB/LOPD_8bit_unit_1/g319/Y      -       B->Y  R     NOR2X4HVT         5  1.9    34    33    3216 
  LOPD_24BIT_UNIT/LOPD_16bit_UNIT_MSB/g2/Y                         -       S0->Y R     MX2XLHVT          1  0.4    20    90    3306 
  LOPD_24BIT_UNIT/g154/Y                                           -       A->Y  R     CLKMX2X3HVT      13  5.2    49   144    3449 
  NORMALIZATION_UNIT/SHF_left_28bit_unit/fopt3249/Y                -       A->Y  F     INVX1HVT          2  0.7    30    44    3493 
  NORMALIZATION_UNIT/SHF_left_28bit_unit/fopt3248/Y                -       A->Y  R     INVX1HVT          4  1.6    33    35    3528 
  NORMALIZATION_UNIT/SHF_left_28bit_unit/g3162/Y                   -       S0->Y F     MX2X1HVT          2  0.5    23   102    3631 
  NORMALIZATION_UNIT/SHF_left_28bit_unit/g3323/Y                   -       A1->Y F     OA22XLHVT         2  0.5    31    96    3726 
  NORMALIZATION_UNIT/SHF_left_28bit_unit/g3060/Y                   -       B->Y  R     NOR2X1HVT         1  0.4    32    35    3762 
  NORMALIZATION_UNIT/SHF_left_28bit_unit/g3027/Y                   -       B->Y  F     NOR2X1HVT         2  0.6    33    35    3796 
  NORMALIZATION_UNIT/SHF_left_28bit_unit/g2997/Y                   -       A1->Y R     OAI22X1HVT        1  0.4    57    52    3848 
  NORMALIZATION_UNIT/g1414/Y                                       -       B->Y  F     NAND2X1HVT        1  0.3    43    59    3907 
  NORMALIZATION_UNIT/g1368/Y                                       -       B->Y  R     NAND2X1HVT        3  1.0    29    38    3945 
  ROUNDING_UNIT/INCREASE_ROUNDING/g1377/Y                          -       A->Y  F     NAND2X1HVT        3  0.8    61    63    4008 
  ROUNDING_UNIT/INCREASE_ROUNDING/g1354/Y                          -       B->Y  R     NOR2X1HVT         1  1.5    66    69    4077 
  ROUNDING_UNIT/INCREASE_ROUNDING/g1332/Y                          -       A->Y  F     NAND2X4HVT        2  1.7    50    71    4148 
  ROUNDING_UNIT/INCREASE_ROUNDING/g1328/Y                          -       B->Y  R     NOR2X4HVT         2  1.9    36    43    4192 
  ROUNDING_UNIT/INCREASE_ROUNDING/g1321/Y                          -       B->Y  F     NAND2X4HVT        2  1.7    49    50    4241 
  ROUNDING_UNIT/INCREASE_ROUNDING/g1313/Y                          -       B->Y  R     NOR2X4HVT         5  1.6    34    41    4282 
  EXP_ROUNDING/g399/Y                                              -       B->Y  F     NAND2X1HVT        2  0.5    49    51    4334 
  EXP_ROUNDING/g391/Y                                              -       B->Y  R     NOR2X1HVT         1  0.4    33    44    4378 
  EXP_ROUNDING/g380/Y                                              -       S0->Y F     MXI2XLHVT         1  0.2    61    56    4434 
  g38/Y                                                            -       B->Y  F     OR2XLHVT          1  0.0    10    66    4499 
  o_32_s[25]                                                       <<<     -     F     (port)            -    -     -     0    4499 
#-----------------------------------------------------------------------------------------------------------------------------------

