============================================================
  Generated by:           Genus(TM) Synthesis Solution GENUS15.20 - 15.20-p004_1
  Generated on:           Nov 23 2025  09:16:50 pm
  Module:                 FPU_unit
  Wireload mode:          enclosed
  Area mode:              timing library
============================================================

Timing
-------
  Cost    Critical       Violating 
 Group   Path Slack TNS    Paths   
-----------------------------------
default         0.6   0          0 
-----------------------------------
Total                 0          0 

Instance Count
--------------
Leaf Instance Count             1461 
Sequential Instance Count          0 
Combinational Instance Count    1461 
Hierarchical Instance Count       45 

Area
----
Cell Area                          2351.455
Physical Cell Area                 0.000
Total Cell Area (Cell+Physical)    2351.455
Net Area                           0.000
Total Area (Cell+Physical+Net)     2351.455

Max Fanout                         48 (w_EXPSWAP_compare)
Min Fanout                         0 (w_EXPSUB_diff_value[5])
Average Fanout                     2.2
Terms to net ratio                 3.1
Terms to instance ratio            3.3
Runtime                            17.819 seconds
Elapsed Runtime                    18 seconds
RC peak memory usage:              479.44 
EDI peak memory usage:             no_value 
Hostname                           centos7
