============================================================
  Generated by:           Genus(TM) Synthesis Solution GENUS15.20 - 15.20-p004_1
  Generated on:           Nov 23 2025  09:16:50 pm
  Module:                 FPU_unit
  Wireload mode:          enclosed
  Area mode:              timing library
============================================================

                                  
    Gate      Instances    Area       Library    
-------------------------------------------------
ADDHX1HVT            11    41.382    slow_vdd1v2 
AND2X1HVT            11    15.048    slow_vdd1v2 
AND2XLHVT             6     8.208    slow_vdd1v2 
AND3XLHVT             4     8.208    slow_vdd1v2 
AO21X1HVT             4     9.576    slow_vdd1v2 
AO21X4HVT             1     3.420    slow_vdd1v2 
AO22X1HVT             3     8.208    slow_vdd1v2 
AO22XLHVT             2     5.472    slow_vdd1v2 
AOI21X1HVT           33    56.430    slow_vdd1v2 
AOI21X2HVT            2     5.472    slow_vdd1v2 
AOI21XLHVT            5     8.550    slow_vdd1v2 
AOI221X1HVT           3     7.182    slow_vdd1v2 
AOI22X1HVT           10    20.520    slow_vdd1v2 
AOI22XLHVT            2     4.104    slow_vdd1v2 
AOI2BB1X1HVT         48    98.496    slow_vdd1v2 
AOI2BB1XLHVT         11    22.572    slow_vdd1v2 
AOI32X1HVT            1     2.394    slow_vdd1v2 
BUFX2HVT              4     6.840    slow_vdd1v2 
BUFX3HVT              2     4.104    slow_vdd1v2 
BUFX6HVT              1     3.078    slow_vdd1v2 
CLKAND2X3HVT          2     6.156    slow_vdd1v2 
CLKAND2X6HVT          1     4.788    slow_vdd1v2 
CLKINVX4HVT           1     1.710    slow_vdd1v2 
CLKINVX6HVT           2     4.788    slow_vdd1v2 
CLKMX2X3HVT           1     4.104    slow_vdd1v2 
CLKXOR2X1HVT         36    98.496    slow_vdd1v2 
INVX1HVT            217   148.428    slow_vdd1v2 
INVX2HVT              9     9.234    slow_vdd1v2 
INVX3HVT              1     1.368    slow_vdd1v2 
INVXLHVT             13     8.892    slow_vdd1v2 
MX2X1HVT             48   114.912    slow_vdd1v2 
MX2XLHVT             56   134.064    slow_vdd1v2 
MXI2X1HVT             2     5.472    slow_vdd1v2 
MXI2X4HVT             1     5.130    slow_vdd1v2 
MXI2XLHVT            85   203.490    slow_vdd1v2 
NAND2BX1HVT          24    32.832    slow_vdd1v2 
NAND2BX2HVT           2     4.788    slow_vdd1v2 
NAND2BXLHVT           2     2.736    slow_vdd1v2 
NAND2X1HVT          157   161.082    slow_vdd1v2 
NAND2X2HVT            8    13.680    slow_vdd1v2 
NAND2X4HVT            8    25.171    slow_vdd1v2 
NAND2XLHVT           10    10.260    slow_vdd1v2 
NAND3BXLHVT           4     6.840    slow_vdd1v2 
NAND3X1HVT            1     1.710    slow_vdd1v2 
NAND4XLHVT            6    10.260    slow_vdd1v2 
NOR2BX1HVT          102   139.536    slow_vdd1v2 
NOR2BX2HVT            1     2.736    slow_vdd1v2 
NOR2X1HVT           167   171.342    slow_vdd1v2 
NOR2X2HVT             7    11.970    slow_vdd1v2 
NOR2X4HVT             5    15.390    slow_vdd1v2 
NOR2XLHVT             4     4.104    slow_vdd1v2 
NOR3BX1HVT            6    12.312    slow_vdd1v2 
NOR3X1HVT            13    22.230    slow_vdd1v2 
NOR3X4HVT             1     5.130    slow_vdd1v2 
NOR3XLHVT             1     1.710    slow_vdd1v2 
NOR4BX1HVT            1     2.394    slow_vdd1v2 
NOR4X1HVT            13    22.230    slow_vdd1v2 
OA21X1HVT             8    16.416    slow_vdd1v2 
OA21XLHVT             1     2.736    slow_vdd1v2 
OA22X1HVT            47   112.518    slow_vdd1v2 
OA22XLHVT             2     6.156    slow_vdd1v2 
OAI211X1HVT           3     5.130    slow_vdd1v2 
OAI21X1HVT           35    59.850    slow_vdd1v2 
OAI21X2HVT            1     3.078    slow_vdd1v2 
OAI21XLHVT            2     3.420    slow_vdd1v2 
OAI221X1HVT           9    21.546    slow_vdd1v2 
OAI221XLHVT           1     3.078    slow_vdd1v2 
OAI22X1HVT           39    80.028    slow_vdd1v2 
OAI22X2HVT            3    10.260    slow_vdd1v2 
OAI22XLHVT           16    32.832    slow_vdd1v2 
OAI2BB1X1HVT         15    25.650    slow_vdd1v2 
OAI31X1HVT            4     8.208    slow_vdd1v2 
OAI32X1HVT            1     2.394    slow_vdd1v2 
OR2X1HVT             24    32.832    slow_vdd1v2 
OR2X6HVT              1     3.762    slow_vdd1v2 
OR2XLHVT             14    19.152    slow_vdd1v2 
OR3X1HVT              1     2.052    slow_vdd1v2 
XNOR2X1HVT           40    95.760    slow_vdd1v2 
XNOR2X4HVT            1     3.762    slow_vdd1v2 
XOR2XLHVT            11    30.096    slow_vdd1v2 
-------------------------------------------------
total              1461  2351.455                


                                   
  Type   Instances   Area   Area % 
-----------------------------------
inverter       243  174.420    7.4 
buffer           7   14.022    0.6 
logic         1211 2163.013   92.0 
-----------------------------------
total         1461 2351.455  100.0 

