Cadence Genus(TM) Synthesis Solution.
Copyright 2024 Cadence Design Systems, Inc. All rights reserved worldwide.
Cadence and the Cadence logo are registered trademarks and Genus is a trademark
of Cadence Design Systems, Inc. in the United States and other countries.

[13:20:44.066929] Configured Lic search path (21.01-s002): 5280@cdns.doelab.site

Version: 21.19-s055_1, built Wed May 29 02:33:07 PDT 2024
Options: -files genus_shell.tcl 
Date:    Sat Nov 22 13:20:44 2025
Host:    pink.doelab.site (x86_64 w/Linux 4.18.0-553.40.1.el8_10.x86_64) (42cores*42cpus*1physical cpu*QEMU Virtual CPU version 2.5+ 16384KB) (128335080KB)
PID:     2392400
OS:      Rocky Linux release 8.10 (Green Obsidian)


[13:20:45.065729] Periodic Lic check successful
[13:20:45.065745] Feature usage summary:
[13:20:45.065745] Genus_Synthesis
Checking out license: Genus_Synthesis


***********************************************************************************************************
***********************************************************************************************************



Loading tool scripts...
Finished loading tool scripts (13 seconds elapsed).

#@ Processing -files option
@genus 1> source genus_shell.tcl
#@ Begin verbose source ./genus_shell.tcl
@file(genus_shell.tcl) 9: set top_module FPU_unit
@file(genus_shell.tcl) 13: set_db library [list ./slow_vdd1v2_basicCells_lvt.lib ]

  Message Summary for Library slow_vdd1v2_basicCells_lvt.lib:
  ***********************************************************
  Missing a function attribute in the output pin definition. [LBR-518]: 1
  ***********************************************************
 
Info    : Created nominal operating condition. [LBR-412]
        : Operating condition '_nominal_' was created for the PVT values (1.000000, 1.080000, 125.000000) in library 'slow_vdd1v2_basicCells_lvt.lib'.
        : The nominal operating condition is represented, either by the nominal PVT values specified in the library source (via nom_process,nom_voltage and nom_temperature respectively), or by the default PVT values (1.0,1.0,1.0).
Warning : Library cell has no output pins defined. [LBR-9]
        : Library cell 'ANTENNALVT' must have an output pin.
        : Add the missing output pin(s), then reload the library. Else the library cell will be marked as timing model i.e. unusable. Timing_model means that the cell does not have any defined function. If there is no output pin, Genus will mark library cell as unusable i.e. the attribute 'usable' will be marked to 'false' on the libcell. Therefore, the cell is not used for mapping and it will not be picked up from the library for synthesis. If you query the attribute 'unusable_reason' on the libcell; result will be: 'Library cell has no output pins.'Note: The message LBR-9 is only for the logical pins and not for the power_ground pins. Genus will depend upon the output function defined in the pin group (output pin) of the cell, to use it for mapping. The pg_pin will not have any function defined.
Warning : Library cell has no output pins defined. [LBR-9]
        : Library cell 'ANTENNALVT' must have an output pin.
  Setting attribute of root '/': 'library' = ./slow_vdd1v2_basicCells_lvt.lib
@file(genus_shell.tcl) 17: read_hdl -sv -f ./flist.f
Warning : Cannot open file. [VLOGPT-650]
        : File '#'.
        : The specified file could not be opened.  Check the value of the init_hdl_search_path attribute.
Warning : Cannot open file. [VLOGPT-650]
        : File './FPU_top.sv'.
Warning : Cannot open file. [VLOGPT-650]
        : File './../02_rlt/FPU_unit.sv'.
Warning : Cannot open file. [VLOGPT-650]
        : File './../02_rlt/CLA_4bit.sv'.
Warning : Cannot open file. [VLOGPT-650]
        : File './../02_rlt/CLA_8bit.sv'.
Warning : Cannot open file. [VLOGPT-650]
        : File './../02_rlt/CLA_24bit.sv'.
Warning : Cannot open file. [VLOGPT-650]
        : File './../02_rlt/CLA_28bit.sv'.
Warning : Cannot open file. [VLOGPT-650]
        : File './../02_rlt/COMP_2bit.sv'.
Warning : Cannot open file. [VLOGPT-650]
        : File './../02_rlt/COMP_4bit.sv'.
Warning : Cannot open file. [VLOGPT-650]
        : File './../02_rlt/COMP_8bit.sv'.
Warning : Cannot open file. [VLOGPT-650]
        : File './../02_rlt/COMP_28bit.sv'.
Warning : Cannot open file. [VLOGPT-650]
        : File './../02_rlt/CSKA_4bit.sv'.
Warning : Cannot open file. [VLOGPT-650]
        : File './../02_rlt/CSKA_28bit.sv'.
Warning : Cannot open file. [VLOGPT-650]
        : File './../02_rlt/EXP_adjust.sv'.
Warning : Cannot open file. [VLOGPT-650]
        : File './../02_rlt/EXP_rounding.sv'.
Warning : Cannot open file. [VLOGPT-650]
        : File './../02_rlt/EXP_sub.sv'.
Warning : Cannot open file. [VLOGPT-650]
        : File './../02_rlt/EXP_swap.sv'.
Warning : Cannot open file. [VLOGPT-650]
        : File './../02_rlt/LOPD_4bit.sv'.
Warning : Cannot open file. [VLOGPT-650]
        : File './../02_rlt/LOPD_8bit.sv'.
Warning : Cannot open file. [VLOGPT-650]
        : File './../02_rlt/LOPD_16bit.sv'.
Warning : Maximum message print count reached. [MESG-11]
        : Maximum print count of '20' reached for message 'VLOGPT-650'.
@file(genus_shell.tcl) 19: elaborate
  Library has 324 usable logic and 128 usable sequential lib-cells.
UM:   flow.cputime  flow.realtime  timing.setup.tns  timing.setup.wns  snapshot
UM:*                                                                   elaborate
@file(genus_shell.tcl) 20: set_top_module ${top_module}
Error   : A required object parameter could not be found. [TUI-61] [parse_options]
        : An object of type 'design' named 'FPU_unit' could not be found.
        : Check to make sure that the object exists and is of the correct type.  The 'what_is' command can be used to determine the type of an object.
  set_top_module: changes to the new top module 

Usage: set_top_module [<design>]

    [<design>]:
        the name of the design 
#@ End verbose source ./genus_shell.tcl
Failed on set_top_module
Encountered problems processing file: genus_shell.tcl
WARNING: This version of the tool is 541 days old.
@genus:root: 2> exit

Lic Summary:
[13:21:56.405659] Cdslmd servers: vm-fsemi-edu02-h4l0gt0b
[13:21:56.405691] Feature usage summary:
[13:21:56.405696] Genus_Synthesis

Normal exit.