============================================================
  Generated by:           Genus(TM) Synthesis Solution GENUS15.20 - 15.20-p004_1
  Generated on:           Nov 24 2025  02:20:45 am
  Module:                 FPU_unit
  Wireload mode:          enclosed
  Area mode:              timing library
============================================================


Path 1: MET (4808 ps) Path Delay Check
     Startpoint: (F) i_32_b[28]
       Endpoint: (F) o_32_s[30]

                  Capture    Launch  
     Path Delay:+   10000         -  
        Arrival:=   10000            
                                     
  Required Time:=   10000            
      Data Path:-    5192            
          Slack:=    4808            

#------------------------------------------------------------------------------------------------------------------------------------
#                          Timing Point                           Flags    Arc   Edge     Cell      Fanout  Load Trans Delay Arrival 
#                                                                                                           (fF)  (ps)  (ps)   (ps)  
#------------------------------------------------------------------------------------------------------------------------------------
  i_32_b[28]                                                      -       -      F     (arrival)         3   0.8   200     0       0 
  EXP_SWAP_UNIT/COMP_LESS_UNIT/u_high/g338/Y                      -       A->Y   R     INVX1HVT          2   1.1    42    92      92 
  EXP_SWAP_UNIT/COMP_LESS_UNIT/u_high/g331/CO                     -       B->CO  R     ADDHX1HVT         1   0.4    10    43     134 
  EXP_SWAP_UNIT/COMP_LESS_UNIT/u_high/g329/Y                      -       A2->Y  F     OAI32X1HVT        1   0.4    49    30     165 
  EXP_SWAP_UNIT/COMP_LESS_UNIT/u_high/g328/Y                      -       A1->Y  R     AOI22X1HVT        2   0.6    52    45     210 
  EXP_SWAP_UNIT/COMP_LESS_UNIT/u_high/g327/Y                      -       A1N->Y R     OAI2BB1X1HVT      1   0.4    37    46     256 
  EXP_SWAP_UNIT/COMP_LESS_UNIT/u_high/g326/Y                      -       B0->Y  F     OAI21X1HVT        1   0.2    30    32     288 
  EXP_SWAP_UNIT/COMP_LESS_UNIT/g16/Y                              -       B0->Y  F     AO21X2HVT        60  23.8   135   128     415 
  EXP_SWAP_UNIT/g221/Y                                            -       S0->Y  R     MX2XLHVT          1   0.4    12    68     484 
  EXP_SUB_UNIT/g13/Y                                              -       A->Y   F     INVX1HVT          3   1.0    13    15     498 
  EXP_SUB_UNIT/CLA_8BIT_UNIT/CLA_4BIT_UNIT_0/g277/Y               -       B->Y   R     XNOR2X1HVT       28  10.6   114   106     605 
  EXP_SUB_UNIT/CLA_8BIT_UNIT/CLA_4BIT_UNIT_0/g276/Y               -       AN->Y  R     NOR2BX1HVT        2   0.9    27    62     667 
  EXP_SUB_UNIT/CLA_8BIT_UNIT/CLA_4BIT_UNIT_0/g272/Y               -       B->Y   R     XNOR2X1HVT       27  10.4   112    96     763 
  SHF_RIGHT_28BIT_UNIT/g3759/Y                                    -       A->Y   F     INVX1HVT         25   9.6   112   104     867 
  SHF_RIGHT_28BIT_UNIT/g3709/Y                                    -       B1->Y  R     OAI22X1HVT        2   0.8    53    65     932 
  SHF_RIGHT_28BIT_UNIT/g3683/Y                                    -       A1->Y  F     AOI22X1HVT        3   1.0    51    54     986 
  SHF_RIGHT_28BIT_UNIT/g3657/Y                                    -       B->Y   F     MX2XLHVT          1   0.4    11    54    1040 
  SHF_RIGHT_28BIT_UNIT/g3635/Y                                    -       A1->Y  R     OAI22X1HVT        3   0.8    49    32    1072 
  MAN_COMP_28BIT_UNIT/u_i_data_1/g332/Y                           -       A->Y   F     INVX1HVT          2   1.0    19    31    1102 
  MAN_COMP_28BIT_UNIT/u_i_data_1/g325/CO                          -       B->CO  F     ADDHX1HVT         1   0.4     8    27    1129 
  MAN_COMP_28BIT_UNIT/u_i_data_1/g323/Y                           -       A2->Y  R     OAI32X1HVT        1   0.4    54    38    1167 
  MAN_COMP_28BIT_UNIT/u_i_data_1/g322/Y                           -       A1->Y  F     AOI22X1HVT        2   0.6    42    50    1217 
  MAN_COMP_28BIT_UNIT/u_i_data_1/g321/Y                           -       A1N->Y F     OAI2BB1X1HVT      1   0.4    23    38    1255 
  MAN_COMP_28BIT_UNIT/u_i_data_1/g320/Y                           -       B0->Y  R     OAI21X1HVT        1   0.4    26    17    1272 
  MAN_COMP_28BIT_UNIT/g162/Y                                      -       B0->Y  F     AOI21X1HVT        1   0.4    22    18    1290 
  MAN_COMP_28BIT_UNIT/g161/Y                                      -       B->Y   R     NOR2BX1HVT        1   0.2    15    20    1310 
  MAN_COMP_28BIT_UNIT/g160/Y                                      -       A1->Y  R     OA21X1HVT         1   0.2     7    39    1349 
  MAN_COMP_28BIT_UNIT/g159/Y                                      -       A1->Y  R     OA21X1HVT         1   0.4     9    38    1386 
  MAN_COMP_28BIT_UNIT/g158/Y                                      -       A1->Y  F     OAI21X1HVT        1   0.4    22    21    1408 
  MAN_COMP_28BIT_UNIT/g157/Y                                      -       B->Y   R     NAND2BX1HVT       1   0.2     9    15    1423 
  MAN_COMP_28BIT_UNIT/g156/Y                                      -       A1->Y  R     AO21X1HVT        57  26.0   272   187    1610 
  MAN_PRE_SWAP_BY_MAN_UNIT/g875/Y                                 -       B->Y   F     NOR2BX1HVT        1   0.4    47   124    1734 
  MAN_ALU_UNIT/g118/Y                                             -       S0->Y  R     MX2XLHVT          2   0.9    20    56    1790 
  MAN_ALU_UNIT/ALU_SUB_UNIT/CLA_BLOCK_GEN[0].CLA_4BIT_UNIT/g322/Y -       B->Y   F     XOR2XLHVT         3   0.8    17    50    1840 
  MAN_ALU_UNIT/ALU_SUB_UNIT/CLA_BLOCK_GEN[0].CLA_4BIT_UNIT/g316/Y -       A1N->Y F     OAI2BB1X1HVT      1   0.2    14    30    1870 
  MAN_ALU_UNIT/ALU_SUB_UNIT/CLA_BLOCK_GEN[0].CLA_4BIT_UNIT/g313/Y -       A1->Y  F     AO21XLHVT         1   0.4    10    38    1908 
  MAN_ALU_UNIT/ALU_SUB_UNIT/CLA_BLOCK_GEN[0].CLA_4BIT_UNIT/g311/Y -       A1->Y  R     AOI22X1HVT        1   0.4    28    29    1936 
  MAN_ALU_UNIT/ALU_SUB_UNIT/CLA_BLOCK_GEN[0].CLA_4BIT_UNIT/g310/Y -       B0->Y  F     OAI2BB1X1HVT      2   0.4    19    28    1964 
  MAN_ALU_UNIT/ALU_SUB_UNIT/g141/Y                                -       B0->Y  F     AO21XLHVT         2   0.6    14    40    2004 
  MAN_ALU_UNIT/ALU_SUB_UNIT/CLA_BLOCK_GEN[1].CLA_4BIT_UNIT/g445/Y -       A1N->Y F     OAI2BB1X1HVT      2   0.6    22    33    2038 
  MAN_ALU_UNIT/ALU_SUB_UNIT/CLA_BLOCK_GEN[1].CLA_4BIT_UNIT/g441/Y -       A1N->Y F     OAI2BB1X1HVT      2   0.8    26    38    2076 
  MAN_ALU_UNIT/ALU_SUB_UNIT/CLA_BLOCK_GEN[1].CLA_4BIT_UNIT/g439/Y -       A1->Y  R     AOI22X1HVT        2   0.9    38    40    2115 
  MAN_ALU_UNIT/ALU_SUB_UNIT/CLA_BLOCK_GEN[1].CLA_4BIT_UNIT/g437/Y -       A1->Y  F     OAI21X1HVT        3   0.6    25    35    2150 
  MAN_ALU_UNIT/ALU_SUB_UNIT/g159/Y                                -       B->Y   F     OR2XLHVT          2   0.8    16    38    2189 
  MAN_ALU_UNIT/ALU_SUB_UNIT/CLA_BLOCK_GEN[2].CLA_4BIT_UNIT/g449/Y -       A1->Y  R     AOI21X1HVT        2   0.9    31    29    2218 
  MAN_ALU_UNIT/ALU_SUB_UNIT/CLA_BLOCK_GEN[2].CLA_4BIT_UNIT/g445/Y -       A1->Y  F     OAI21X1HVT        2   0.8    30    34    2252 
  MAN_ALU_UNIT/ALU_SUB_UNIT/CLA_BLOCK_GEN[2].CLA_4BIT_UNIT/g443/Y -       A1->Y  R     AOI22X1HVT        2   0.9    38    41    2294 
  MAN_ALU_UNIT/ALU_SUB_UNIT/CLA_BLOCK_GEN[2].CLA_4BIT_UNIT/g441/Y -       A1->Y  F     OAI21X1HVT        3   0.6    25    35    2329 
  MAN_ALU_UNIT/ALU_SUB_UNIT/g186/Y                                -       AN->Y  F     NAND2BX1HVT       2   0.8    27    40    2368 
  MAN_ALU_UNIT/ALU_SUB_UNIT/CLA_BLOCK_GEN[3].CLA_4BIT_UNIT/g449/Y -       A1->Y  R     AOI21X1HVT        2   0.9    31    33    2401 
  MAN_ALU_UNIT/ALU_SUB_UNIT/CLA_BLOCK_GEN[3].CLA_4BIT_UNIT/g445/Y -       A1->Y  F     OAI21X1HVT        2   0.8    30    34    2436 
  MAN_ALU_UNIT/ALU_SUB_UNIT/CLA_BLOCK_GEN[3].CLA_4BIT_UNIT/g443/Y -       A1->Y  R     AOI22X1HVT        2   0.9    38    41    2477 
  MAN_ALU_UNIT/ALU_SUB_UNIT/CLA_BLOCK_GEN[3].CLA_4BIT_UNIT/g441/Y -       A1->Y  F     OAI21X1HVT        3   0.8    29    37    2514 
  MAN_ALU_UNIT/ALU_SUB_UNIT/g224/Y                                -       AN->Y  F     NAND2BX1HVT       2   0.8    27    40    2554 
  MAN_ALU_UNIT/ALU_SUB_UNIT/CLA_BLOCK_GEN[4].CLA_4BIT_UNIT/g449/Y -       A1->Y  R     AOI21X1HVT        2   0.9    31    33    2588 
  MAN_ALU_UNIT/ALU_SUB_UNIT/CLA_BLOCK_GEN[4].CLA_4BIT_UNIT/g445/Y -       A1->Y  F     OAI21X1HVT        2   0.8    30    34    2622 
  MAN_ALU_UNIT/ALU_SUB_UNIT/CLA_BLOCK_GEN[4].CLA_4BIT_UNIT/g443/Y -       A1->Y  R     AOI22X1HVT        2   0.9    38    41    2663 
  MAN_ALU_UNIT/ALU_SUB_UNIT/CLA_BLOCK_GEN[4].CLA_4BIT_UNIT/g441/Y -       A1->Y  F     OAI21X1HVT        3   0.8    29    37    2700 
  MAN_ALU_UNIT/ALU_SUB_UNIT/g253/Y                                -       AN->Y  F     NAND2BX1HVT       2   0.8    26    40    2741 
  MAN_ALU_UNIT/ALU_SUB_UNIT/CLA_BLOCK_GEN[5].CLA_4BIT_UNIT/g373/Y -       A1->Y  R     AOI22X1HVT        2   0.9    38    40    2781 
  MAN_ALU_UNIT/ALU_SUB_UNIT/CLA_BLOCK_GEN[5].CLA_4BIT_UNIT/g371/Y -       A1->Y  F     OAI21X1HVT        2   0.8    29    37    2818 
  MAN_ALU_UNIT/ALU_SUB_UNIT/CLA_BLOCK_GEN[5].CLA_4BIT_UNIT/g369/Y -       A1->Y  R     AOI22X1HVT        2   0.9    38    41    2859 
  MAN_ALU_UNIT/ALU_SUB_UNIT/CLA_BLOCK_GEN[5].CLA_4BIT_UNIT/g367/Y -       A1->Y  F     OAI21X1HVT        2   0.6    25    35    2894 
  MAN_ALU_UNIT/ALU_SUB_UNIT/g295/Y                                -       AN->Y  F     NAND2BX1HVT       2   0.8    26    40    2934 
  MAN_ALU_UNIT/ALU_SUB_UNIT/CLA_BLOCK_GEN[6].CLA_4BIT_UNIT/g507/Y -       A1->Y  R     AOI21X1HVT        2   0.9    31    33    2966 
  MAN_ALU_UNIT/ALU_SUB_UNIT/CLA_BLOCK_GEN[6].CLA_4BIT_UNIT/g503/Y -       A1->Y  F     OAI21X1HVT        2   0.8    30    34    3001 
  MAN_ALU_UNIT/ALU_SUB_UNIT/CLA_BLOCK_GEN[6].CLA_4BIT_UNIT/g501/Y -       A1->Y  R     AOI22X1HVT        2   0.9    38    41    3042 
  MAN_ALU_UNIT/ALU_SUB_UNIT/CLA_BLOCK_GEN[6].CLA_4BIT_UNIT/g500/Y -       B->Y   F     CLKXOR2X1HVT      9   4.5    50    78    3120 
  LOPD_24BIT_UNIT/LOPD_16bit_UNIT_MSB/LOPD_8bit_unit_1/g276/Y     -       B->Y   F     OR2XLHVT          3   1.2    23    48    3168 
  LOPD_24BIT_UNIT/LOPD_16bit_UNIT_MSB/LOPD_8bit_unit_1/g267/Y     -       C->Y   R     NOR3BX1HVT        5   1.9    74    54    3222 
  LOPD_24BIT_UNIT/LOPD_16bit_UNIT_MSB/g65/Y                       -       A->Y   R     AND2X1HVT        10   4.0    46    72    3294 
  LOPD_24BIT_UNIT/g133/Y                                          -       A->Y   F     INVX1HVT          5   1.8    26    34    3328 
  LOPD_24BIT_UNIT/g129/Y                                          -       A0->Y  R     AOI22X1HVT        1   0.4    28    38    3366 
  LOPD_24BIT_UNIT/g125/Y                                          -       B->Y   F     NAND2X1HVT       26   8.4   168   110    3476 
  NORMALIZATION_UNIT/SHF_left_28bit_unit/g2981/Y                  -       A->Y   R     INVX1HVT         26   8.6   114   122    3598 
  NORMALIZATION_UNIT/SHF_left_28bit_unit/g2947/Y                  -       A1->Y  F     AOI22X1HVT        2   0.8    53    78    3676 
  NORMALIZATION_UNIT/SHF_left_28bit_unit/g2910/Y                  -       A1->Y  R     OAI22X1HVT        2   0.8    53    49    3725 
  NORMALIZATION_UNIT/SHF_left_28bit_unit/g2903/Y                  -       A->Y   F     INVX1HVT          1   0.2    12    28    3753 
  NORMALIZATION_UNIT/SHF_left_28bit_unit/g2890/Y                  -       A->Y   F     MX2XLHVT          3   1.0    20    48    3801 
  NORMALIZATION_UNIT/SHF_left_28bit_unit/g2882/Y                  -       B->Y   R     NOR2X1HVT         1   0.4    23    21    3822 
  NORMALIZATION_UNIT/g1410/Y                                      -       A1->Y  F     AOI22X1HVT        1   0.4    48    35    3857 
  NORMALIZATION_UNIT/g1384/Y                                      -       B0->Y  R     OAI2BB1X1HVT      1   0.5    17    29    3886 
  ROUNDING_UNIT/INCREASE_ROUNDING/g621/CO                         -       A->CO  R     ADDHX1HVT         1   0.7    12    40    3927 
  ROUNDING_UNIT/INCREASE_ROUNDING/g620/CO                         -       B->CO  R     ADDHX1HVT         1   0.7    12    36    3963 
  ROUNDING_UNIT/INCREASE_ROUNDING/g619/CO                         -       B->CO  R     ADDHX1HVT         1   0.7    12    36    4000 
  ROUNDING_UNIT/INCREASE_ROUNDING/g618/CO                         -       B->CO  R     ADDHX1HVT         1   0.7    12    36    4036 
  ROUNDING_UNIT/INCREASE_ROUNDING/g617/CO                         -       B->CO  R     ADDHX1HVT         1   0.7    12    36    4072 
  ROUNDING_UNIT/INCREASE_ROUNDING/g616/CO                         -       B->CO  R     ADDHX1HVT         1   0.7    12    36    4108 
  ROUNDING_UNIT/INCREASE_ROUNDING/g615/CO                         -       B->CO  R     ADDHX1HVT         1   0.7    12    36    4145 
  ROUNDING_UNIT/INCREASE_ROUNDING/g614/CO                         -       B->CO  R     ADDHX1HVT         1   0.7    12    36    4181 
  ROUNDING_UNIT/INCREASE_ROUNDING/g613/CO                         -       B->CO  R     ADDHX1HVT         1   0.7    12    36    4217 
  ROUNDING_UNIT/INCREASE_ROUNDING/g612/CO                         -       B->CO  R     ADDHX1HVT         1   0.7    12    36    4254 
  ROUNDING_UNIT/INCREASE_ROUNDING/g611/CO                         -       B->CO  R     ADDHX1HVT         1   0.7    12    36    4290 
  ROUNDING_UNIT/INCREASE_ROUNDING/g610/CO                         -       B->CO  R     ADDHX1HVT         1   0.7    12    36    4326 
  ROUNDING_UNIT/INCREASE_ROUNDING/g609/CO                         -       B->CO  R     ADDHX1HVT         1   0.7    12    36    4363 
  ROUNDING_UNIT/INCREASE_ROUNDING/g608/CO                         -       B->CO  R     ADDHX1HVT         1   0.7    12    36    4399 
  ROUNDING_UNIT/INCREASE_ROUNDING/g607/CO                         -       B->CO  R     ADDHX1HVT         1   0.7    12    36    4435 
  ROUNDING_UNIT/INCREASE_ROUNDING/g606/CO                         -       B->CO  R     ADDHX1HVT         1   0.7    12    36    4472 
  ROUNDING_UNIT/INCREASE_ROUNDING/g605/CO                         -       B->CO  R     ADDHX1HVT         1   0.7    12    36    4508 
  ROUNDING_UNIT/INCREASE_ROUNDING/g604/CO                         -       B->CO  R     ADDHX1HVT         1   0.7    12    36    4544 
  ROUNDING_UNIT/INCREASE_ROUNDING/g603/CO                         -       B->CO  R     ADDHX1HVT         1   0.7    12    36    4580 
  ROUNDING_UNIT/INCREASE_ROUNDING/g602/CO                         -       B->CO  R     ADDHX1HVT         1   0.7    12    36    4617 
  ROUNDING_UNIT/INCREASE_ROUNDING/g601/CO                         -       B->CO  R     ADDHX1HVT         1   0.7    12    36    4653 
  ROUNDING_UNIT/INCREASE_ROUNDING/g600/CO                         -       B->CO  R     ADDHX1HVT         2   0.7    12    36    4689 
  ROUNDING_UNIT/INCREASE_ROUNDING/g598/Y                          -       C->Y   R     AND3XLHVT         3   1.7    34    56    4746 
  EXP_ROUNDING/g187/Y                                             -       B->Y   F     NAND2X1HVT        2   0.6    24    30    4775 
  EXP_ROUNDING/g185/Y                                             -       AN->Y  F     NAND2BX1HVT       2   0.6    23    37    4812 
  EXP_ROUNDING/g183/Y                                             -       AN->Y  F     NAND2BX1HVT       2   0.6    23    37    4849 
  EXP_ROUNDING/g181/Y                                             -       AN->Y  F     NAND2BX1HVT       2   0.6    23    37    4886 
  EXP_ROUNDING/g179/Y                                             -       AN->Y  F     NAND2BX1HVT       2   0.6    23    37    4923 
  EXP_ROUNDING/g177/Y                                             -       AN->Y  F     NAND2BX1HVT       2   0.6    23    37    4960 
  EXP_ROUNDING/g175/Y                                             -       AN->Y  F     NAND2BXLHVT       1   0.4    22    33    4992 
  EXP_ROUNDING/g173/Y                                             -       B->Y   F     XNOR2X1HVT        1   0.7    13    46    5039 
  g101/Y                                                          -       B->Y   F     OR2X6HVT          1 100.0   206   153    5192 
  o_32_s[30]                                                      <<<     -      F     (port)            -     -     -     0    5192 
#------------------------------------------------------------------------------------------------------------------------------------

