Analysis & Synthesis report for FPU_top
Sat Nov 22 11:56:11 2025
Quartus II 64-Bit Version 13.0.1 Build 232 06/12/2013 Service Pack 1 SJ Web Edition


---------------------
; Table of Contents ;
---------------------
  1. Legal Notice
  2. Analysis & Synthesis Summary
  3. Analysis & Synthesis Settings
  4. Parallel Compilation
  5. Analysis & Synthesis Source Files Read
  6. Analysis & Synthesis Resource Usage Summary
  7. Analysis & Synthesis Resource Utilization by Entity
  8. General Register Statistics
  9. Inverted Register Statistics
 10. Multiplexer Restructuring Statistics (Restructuring Performed)
 11. Parameter Settings for User Entity Instance: Top-level Entity: |FPU_top
 12. Parameter Settings for User Entity Instance: UART_SS_detect_edge:SSDE_I_VALID_UNIT
 13. Parameter Settings for User Entity Instance: UART_SS_detect_edge:SSDE_ADD_SUB_UNIT
 14. Parameter Settings for User Entity Instance: FPU_unit:FPU_UNIT
 15. Parameter Settings for User Entity Instance: FPU_unit:FPU_UNIT|EXP_swap:EXP_SWAP_UNIT
 16. Parameter Settings for User Entity Instance: FPU_unit:FPU_UNIT|EXP_swap:EXP_SWAP_UNIT|COMP_8bit:COMP_LESS_UNIT
 17. Parameter Settings for User Entity Instance: FPU_unit:FPU_UNIT|EXP_sub:EXP_SUB_UNIT
 18. Parameter Settings for User Entity Instance: FPU_unit:FPU_UNIT|MAN_swap:MAN_PRE_SWAP_BY_EXPONENT_UNIT
 19. Parameter Settings for User Entity Instance: FPU_unit:FPU_UNIT|SHF_right_28bit:SHF_RIGHT_28BIT_UNIT
 20. Parameter Settings for User Entity Instance: FPU_unit:FPU_UNIT|COMP_28bit:MAN_COMP_28BIT_UNIT
 21. Parameter Settings for User Entity Instance: FPU_unit:FPU_UNIT|MAN_swap:MAN_PRE_SWAP_BY_MAN_UNIT
 22. Parameter Settings for User Entity Instance: FPU_unit:FPU_UNIT|MAN_ALU:MAN_ALU_UNIT
 23. Parameter Settings for User Entity Instance: FPU_unit:FPU_UNIT|LOPD_24bit:LOPD_24BIT_UNIT
 24. Parameter Settings for User Entity Instance: FPU_unit:FPU_UNIT|EXP_adjust:EXP_ADJUST_UNIT
 25. Parameter Settings for User Entity Instance: FPU_unit:FPU_UNIT|NORMALIZATION_unit:NORMALIZATION_UNIT
 26. Parameter Settings for User Entity Instance: FPU_unit:FPU_UNIT|NORMALIZATION_unit:NORMALIZATION_UNIT|SHF_left_28bit:SHF_left_28bit_unit
 27. Parameter Settings for User Entity Instance: FPU_unit:FPU_UNIT|ROUNDING_unit:ROUNDING_UNIT
 28. Parameter Settings for User Entity Instance: FPU_unit:FPU_UNIT|ROUNDING_unit:ROUNDING_UNIT|RND_add:INCREASE_ROUNDING
 29. Parameter Settings for User Entity Instance: FPU_unit:FPU_UNIT|EXP_rounding:EXP_ROUNDING
 30. Parameter Settings for User Entity Instance: FPU_unit:FPU_UNIT|Mux_4_to_1:SEL_MANTISSA_FOR_RESULT
 31. Parameter Settings for User Entity Instance: HEX_block:HEX_BLOCK_UNIT
 32. Parameter Settings for User Entity Instance: HEX_block:HEX_BLOCK_UNIT|HEX_trans:gen_hex[0].u_hex_trans
 33. Parameter Settings for User Entity Instance: HEX_block:HEX_BLOCK_UNIT|HEX_trans:gen_hex[1].u_hex_trans
 34. Parameter Settings for User Entity Instance: HEX_block:HEX_BLOCK_UNIT|HEX_trans:gen_hex[2].u_hex_trans
 35. Parameter Settings for User Entity Instance: HEX_block:HEX_BLOCK_UNIT|HEX_trans:gen_hex[3].u_hex_trans
 36. Parameter Settings for User Entity Instance: HEX_block:HEX_BLOCK_UNIT|HEX_trans:gen_hex[4].u_hex_trans
 37. Parameter Settings for User Entity Instance: HEX_block:HEX_BLOCK_UNIT|HEX_trans:gen_hex[5].u_hex_trans
 38. Parameter Settings for User Entity Instance: HEX_block:HEX_BLOCK_UNIT|HEX_trans:gen_hex[6].u_hex_trans
 39. Parameter Settings for User Entity Instance: HEX_block:HEX_BLOCK_UNIT|HEX_trans:gen_hex[7].u_hex_trans
 40. Port Connectivity Checks: "FPU_unit:FPU_UNIT|Mux_4_to_1:SEL_MANTISSA_FOR_RESULT"
 41. Port Connectivity Checks: "FPU_unit:FPU_UNIT|EXP_adjust:EXP_ADJUST_UNIT|CLA_8bit:CLA_8BIT_UNIT"
 42. Port Connectivity Checks: "FPU_unit:FPU_UNIT|EXP_adjust:EXP_ADJUST_UNIT"
 43. Port Connectivity Checks: "FPU_unit:FPU_UNIT|COMP_28bit:MAN_COMP_28BIT_UNIT|COMP_4bit:u_i_data_0"
 44. Port Connectivity Checks: "FPU_unit:FPU_UNIT|SHF_right_28bit:SHF_RIGHT_28BIT_UNIT"
 45. Port Connectivity Checks: "FPU_unit:FPU_UNIT|EXP_sub:EXP_SUB_UNIT|CLA_8bit:CLA_8BIT_UNIT"
 46. Port Connectivity Checks: "FPU_unit:FPU_UNIT|EXP_sub:EXP_SUB_UNIT"
 47. Port Connectivity Checks: "FPU_unit:FPU_UNIT|EXP_swap:EXP_SWAP_UNIT|COMP_8bit:COMP_LESS_UNIT|COMP_4bit:u_low"
 48. Port Connectivity Checks: "FPU_unit:FPU_UNIT"
 49. Elapsed Time Per Partition
 50. Analysis & Synthesis Messages



----------------
; Legal Notice ;
----------------
Copyright (C) 1991-2013 Altera Corporation
Your use of Altera Corporation's design tools, logic functions 
and other software and tools, and its AMPP partner logic 
functions, and any output files from any of the foregoing 
(including device programming or simulation files), and any 
associated documentation or information are expressly subject 
to the terms and conditions of the Altera Program License 
Subscription Agreement, Altera MegaCore Function License 
Agreement, or other applicable license agreement, including, 
without limitation, that your use is for the sole purpose of 
programming logic devices manufactured by Altera and sold by 
Altera or its authorized distributors.  Please refer to the 
applicable agreement for further details.



+--------------------------------------------------------------------------------------+
; Analysis & Synthesis Summary                                                         ;
+------------------------------------+-------------------------------------------------+
; Analysis & Synthesis Status        ; Successful - Sat Nov 22 11:56:11 2025           ;
; Quartus II 64-Bit Version          ; 13.0.1 Build 232 06/12/2013 SP 1 SJ Web Edition ;
; Revision Name                      ; FPU_top                                         ;
; Top-level Entity Name              ; FPU_top                                         ;
; Family                             ; Cyclone II                                      ;
; Total logic elements               ; 755                                             ;
;     Total combinational functions  ; 732                                             ;
;     Dedicated logic registers      ; 114                                             ;
; Total registers                    ; 114                                             ;
; Total pins                         ; 101                                             ;
; Total virtual pins                 ; 0                                               ;
; Total memory bits                  ; 0                                               ;
; Embedded Multiplier 9-bit elements ; 0                                               ;
; Total PLLs                         ; 0                                               ;
+------------------------------------+-------------------------------------------------+


+----------------------------------------------------------------------------------------------------------------------+
; Analysis & Synthesis Settings                                                                                        ;
+----------------------------------------------------------------------------+--------------------+--------------------+
; Option                                                                     ; Setting            ; Default Value      ;
+----------------------------------------------------------------------------+--------------------+--------------------+
; Device                                                                     ; EP2C35F672C6       ;                    ;
; Top-level entity name                                                      ; FPU_top            ; FPU_top            ;
; Family name                                                                ; Cyclone II         ; Cyclone IV GX      ;
; Use smart compilation                                                      ; Off                ; Off                ;
; Enable parallel Assembler and TimeQuest Timing Analyzer during compilation ; On                 ; On                 ;
; Enable compact report table                                                ; Off                ; Off                ;
; Restructure Multiplexers                                                   ; Auto               ; Auto               ;
; Create Debugging Nodes for IP Cores                                        ; Off                ; Off                ;
; Preserve fewer node names                                                  ; On                 ; On                 ;
; Disable OpenCore Plus hardware evaluation                                  ; Off                ; Off                ;
; Verilog Version                                                            ; Verilog_2001       ; Verilog_2001       ;
; VHDL Version                                                               ; VHDL_1993          ; VHDL_1993          ;
; State Machine Processing                                                   ; Auto               ; Auto               ;
; Safe State Machine                                                         ; Off                ; Off                ;
; Extract Verilog State Machines                                             ; On                 ; On                 ;
; Extract VHDL State Machines                                                ; On                 ; On                 ;
; Ignore Verilog initial constructs                                          ; Off                ; Off                ;
; Iteration limit for constant Verilog loops                                 ; 5000               ; 5000               ;
; Iteration limit for non-constant Verilog loops                             ; 250                ; 250                ;
; Add Pass-Through Logic to Inferred RAMs                                    ; On                 ; On                 ;
; Infer RAMs from Raw Logic                                                  ; On                 ; On                 ;
; Parallel Synthesis                                                         ; On                 ; On                 ;
; DSP Block Balancing                                                        ; Auto               ; Auto               ;
; NOT Gate Push-Back                                                         ; On                 ; On                 ;
; Power-Up Don't Care                                                        ; On                 ; On                 ;
; Remove Redundant Logic Cells                                               ; Off                ; Off                ;
; Remove Duplicate Registers                                                 ; On                 ; On                 ;
; Ignore CARRY Buffers                                                       ; Off                ; Off                ;
; Ignore CASCADE Buffers                                                     ; Off                ; Off                ;
; Ignore GLOBAL Buffers                                                      ; Off                ; Off                ;
; Ignore ROW GLOBAL Buffers                                                  ; Off                ; Off                ;
; Ignore LCELL Buffers                                                       ; Off                ; Off                ;
; Ignore SOFT Buffers                                                        ; On                 ; On                 ;
; Limit AHDL Integers to 32 Bits                                             ; Off                ; Off                ;
; Optimization Technique                                                     ; Balanced           ; Balanced           ;
; Carry Chain Length                                                         ; 70                 ; 70                 ;
; Auto Carry Chains                                                          ; On                 ; On                 ;
; Auto Open-Drain Pins                                                       ; On                 ; On                 ;
; Perform WYSIWYG Primitive Resynthesis                                      ; Off                ; Off                ;
; Auto ROM Replacement                                                       ; On                 ; On                 ;
; Auto RAM Replacement                                                       ; On                 ; On                 ;
; Auto Shift Register Replacement                                            ; Auto               ; Auto               ;
; Allow Shift Register Merging across Hierarchies                            ; Auto               ; Auto               ;
; Auto Clock Enable Replacement                                              ; On                 ; On                 ;
; Strict RAM Replacement                                                     ; Off                ; Off                ;
; Allow Synchronous Control Signals                                          ; On                 ; On                 ;
; Force Use of Synchronous Clear Signals                                     ; Off                ; Off                ;
; Auto RAM to Logic Cell Conversion                                          ; Off                ; Off                ;
; Auto Resource Sharing                                                      ; Off                ; Off                ;
; Allow Any RAM Size For Recognition                                         ; Off                ; Off                ;
; Allow Any ROM Size For Recognition                                         ; Off                ; Off                ;
; Allow Any Shift Register Size For Recognition                              ; Off                ; Off                ;
; Use LogicLock Constraints during Resource Balancing                        ; On                 ; On                 ;
; Ignore translate_off and synthesis_off directives                          ; Off                ; Off                ;
; Timing-Driven Synthesis                                                    ; Off                ; Off                ;
; Report Parameter Settings                                                  ; On                 ; On                 ;
; Report Source Assignments                                                  ; On                 ; On                 ;
; Report Connectivity Checks                                                 ; On                 ; On                 ;
; Ignore Maximum Fan-Out Assignments                                         ; Off                ; Off                ;
; Synchronization Register Chain Length                                      ; 2                  ; 2                  ;
; PowerPlay Power Optimization                                               ; Normal compilation ; Normal compilation ;
; HDL message level                                                          ; Level2             ; Level2             ;
; Suppress Register Optimization Related Messages                            ; Off                ; Off                ;
; Number of Removed Registers Reported in Synthesis Report                   ; 5000               ; 5000               ;
; Number of Swept Nodes Reported in Synthesis Report                         ; 5000               ; 5000               ;
; Number of Inverted Registers Reported in Synthesis Report                  ; 100                ; 100                ;
; Clock MUX Protection                                                       ; On                 ; On                 ;
; Auto Gated Clock Conversion                                                ; Off                ; Off                ;
; Block Design Naming                                                        ; Auto               ; Auto               ;
; SDC constraint protection                                                  ; Off                ; Off                ;
; Synthesis Effort                                                           ; Auto               ; Auto               ;
; Shift Register Replacement - Allow Asynchronous Clear Signal               ; On                 ; On                 ;
; Pre-Mapping Resynthesis Optimization                                       ; Off                ; Off                ;
; Analysis & Synthesis Message Level                                         ; Medium             ; Medium             ;
; Disable Register Merging Across Hierarchies                                ; Auto               ; Auto               ;
; Resource Aware Inference For Block RAM                                     ; On                 ; On                 ;
; Synthesis Seed                                                             ; 1                  ; 1                  ;
+----------------------------------------------------------------------------+--------------------+--------------------+


+------------------------------------------+
; Parallel Compilation                     ;
+----------------------------+-------------+
; Processors                 ; Number      ;
+----------------------------+-------------+
; Number detected on machine ; 8           ;
; Maximum allowed            ; 4           ;
;                            ;             ;
; Average used               ; 1.00        ;
; Maximum used               ; 1           ;
;                            ;             ;
; Usage by Processor         ; % Time Used ;
;     Processor 1            ; 100.0%      ;
;     Processors 2-8         ;   0.0%      ;
+----------------------------+-------------+


+----------------------------------------------------------------------------------------------------------------------------------------------------------------------------------------------------------------------+
; Analysis & Synthesis Source Files Read                                                                                                                                                                               ;
+------------------------------------+-----------------+------------------------------+----------------------------------------------------------------------------------------------------------------------+---------+
; File Name with User-Entered Path   ; Used in Netlist ; File Type                    ; File Name with Absolute Path                                                                                         ; Library ;
+------------------------------------+-----------------+------------------------------+----------------------------------------------------------------------------------------------------------------------+---------+
; ../../02_rtl/SIGN_unit.sv          ; yes             ; User SystemVerilog HDL File  ; C:/Document_forme/project_tiny/BigProject/Floating_point/Version_Final2/02_rtl/SIGN_unit.sv                          ;         ;
; ../../02_rtl/SHF_right_28bit.sv    ; yes             ; User SystemVerilog HDL File  ; C:/Document_forme/project_tiny/BigProject/Floating_point/Version_Final2/02_rtl/SHF_right_28bit.sv                    ;         ;
; ../../02_rtl/SHF_left_28bit.sv     ; yes             ; User SystemVerilog HDL File  ; C:/Document_forme/project_tiny/BigProject/Floating_point/Version_Final2/02_rtl/SHF_left_28bit.sv                     ;         ;
; ../../02_rtl/ROUNDING_unit.sv      ; yes             ; User SystemVerilog HDL File  ; C:/Document_forme/project_tiny/BigProject/Floating_point/Version_Final2/02_rtl/ROUNDING_unit.sv                      ;         ;
; ../../02_rtl/RND_add.sv            ; yes             ; User SystemVerilog HDL File  ; C:/Document_forme/project_tiny/BigProject/Floating_point/Version_Final2/02_rtl/RND_add.sv                            ;         ;
; ../../02_rtl/PSC_unit.sv           ; yes             ; User SystemVerilog HDL File  ; C:/Document_forme/project_tiny/BigProject/Floating_point/Version_Final2/02_rtl/PSC_unit.sv                           ;         ;
; ../../02_rtl/NORMALIZATION_unit.sv ; yes             ; User SystemVerilog HDL File  ; C:/Document_forme/project_tiny/BigProject/Floating_point/Version_Final2/02_rtl/NORMALIZATION_unit.sv                 ;         ;
; ../../02_rtl/MAN_swap.sv           ; yes             ; User SystemVerilog HDL File  ; C:/Document_forme/project_tiny/BigProject/Floating_point/Version_Final2/02_rtl/MAN_swap.sv                           ;         ;
; ../../02_rtl/MAN_ALU.sv            ; yes             ; User SystemVerilog HDL File  ; C:/Document_forme/project_tiny/BigProject/Floating_point/Version_Final2/02_rtl/MAN_ALU.sv                            ;         ;
; ../../02_rtl/LOPD_24bit.sv         ; yes             ; User SystemVerilog HDL File  ; C:/Document_forme/project_tiny/BigProject/Floating_point/Version_Final2/02_rtl/LOPD_24bit.sv                         ;         ;
; ../../02_rtl/LOPD_16bit.sv         ; yes             ; User SystemVerilog HDL File  ; C:/Document_forme/project_tiny/BigProject/Floating_point/Version_Final2/02_rtl/LOPD_16bit.sv                         ;         ;
; ../../02_rtl/LOPD_8bit.sv          ; yes             ; User SystemVerilog HDL File  ; C:/Document_forme/project_tiny/BigProject/Floating_point/Version_Final2/02_rtl/LOPD_8bit.sv                          ;         ;
; ../../02_rtl/FPU_unit.sv           ; yes             ; User SystemVerilog HDL File  ; C:/Document_forme/project_tiny/BigProject/Floating_point/Version_Final2/02_rtl/FPU_unit.sv                           ;         ;
; ../../02_rtl/EXP_swap.sv           ; yes             ; User SystemVerilog HDL File  ; C:/Document_forme/project_tiny/BigProject/Floating_point/Version_Final2/02_rtl/EXP_swap.sv                           ;         ;
; ../../02_rtl/EXP_sub.sv            ; yes             ; User SystemVerilog HDL File  ; C:/Document_forme/project_tiny/BigProject/Floating_point/Version_Final2/02_rtl/EXP_sub.sv                            ;         ;
; ../../02_rtl/EXP_rounding.sv       ; yes             ; User SystemVerilog HDL File  ; C:/Document_forme/project_tiny/BigProject/Floating_point/Version_Final2/02_rtl/EXP_rounding.sv                       ;         ;
; ../../02_rtl/EXP_adjust.sv         ; yes             ; User SystemVerilog HDL File  ; C:/Document_forme/project_tiny/BigProject/Floating_point/Version_Final2/02_rtl/EXP_adjust.sv                         ;         ;
; ../../02_rtl/COMP_28bit.sv         ; yes             ; User SystemVerilog HDL File  ; C:/Document_forme/project_tiny/BigProject/Floating_point/Version_Final2/02_rtl/COMP_28bit.sv                         ;         ;
; ../../02_rtl/COMP_8bit.sv          ; yes             ; User SystemVerilog HDL File  ; C:/Document_forme/project_tiny/BigProject/Floating_point/Version_Final2/02_rtl/COMP_8bit.sv                          ;         ;
; ../../02_rtl/COMP_4bit.sv          ; yes             ; User SystemVerilog HDL File  ; C:/Document_forme/project_tiny/BigProject/Floating_point/Version_Final2/02_rtl/COMP_4bit.sv                          ;         ;
; ../../02_rtl/CLA_28bit.sv          ; yes             ; User SystemVerilog HDL File  ; C:/Document_forme/project_tiny/BigProject/Floating_point/Version_Final2/02_rtl/CLA_28bit.sv                          ;         ;
; ../../02_rtl/CLA_8bit.sv           ; yes             ; User SystemVerilog HDL File  ; C:/Document_forme/project_tiny/BigProject/Floating_point/Version_Final2/02_rtl/CLA_8bit.sv                           ;         ;
; ../../02_rtl/CLA_4bit.sv           ; yes             ; User SystemVerilog HDL File  ; C:/Document_forme/project_tiny/BigProject/Floating_point/Version_Final2/02_rtl/CLA_4bit.sv                           ;         ;
; UART_SS_detect_edge.sv             ; yes             ; User SystemVerilog HDL File  ; C:/Document_forme/project_tiny/BigProject/Floating_point/Version_Final2/04_imple/Version2_HEX/UART_SS_detect_edge.sv ;         ;
; HEX_trans.sv                       ; yes             ; User SystemVerilog HDL File  ; C:/Document_forme/project_tiny/BigProject/Floating_point/Version_Final2/04_imple/Version2_HEX/HEX_trans.sv           ;         ;
; HEX_block.sv                       ; yes             ; User SystemVerilog HDL File  ; C:/Document_forme/project_tiny/BigProject/Floating_point/Version_Final2/04_imple/Version2_HEX/HEX_block.sv           ;         ;
; FPU_top.sv                         ; yes             ; User SystemVerilog HDL File  ; C:/Document_forme/project_tiny/BigProject/Floating_point/Version_Final2/04_imple/Version2_HEX/FPU_top.sv             ;         ;
+------------------------------------+-----------------+------------------------------+----------------------------------------------------------------------------------------------------------------------+---------+


+------------------------------------------------------+
; Analysis & Synthesis Resource Usage Summary          ;
+---------------------------------------------+--------+
; Resource                                    ; Usage  ;
+---------------------------------------------+--------+
; Estimated Total logic elements              ; 755    ;
;                                             ;        ;
; Total combinational functions               ; 732    ;
; Logic element usage by number of LUT inputs ;        ;
;     -- 4 input functions                    ; 534    ;
;     -- 3 input functions                    ; 121    ;
;     -- <=2 input functions                  ; 77     ;
;                                             ;        ;
; Logic elements by mode                      ;        ;
;     -- normal mode                          ; 701    ;
;     -- arithmetic mode                      ; 31     ;
;                                             ;        ;
; Total registers                             ; 114    ;
;     -- Dedicated logic registers            ; 114    ;
;     -- I/O registers                        ; 0      ;
;                                             ;        ;
; I/O pins                                    ; 101    ;
; Embedded Multiplier 9-bit elements          ; 0      ;
; Maximum fan-out node                        ; SW[17] ;
; Maximum fan-out                             ; 114    ;
; Total fan-out                               ; 3144   ;
; Average fan-out                             ; 3.32   ;
+---------------------------------------------+--------+


+----------------------------------------------------------------------------------------------------------------------------------------------------------------------------------------------------------------------------------------------------------------------------------------------------+
; Analysis & Synthesis Resource Utilization by Entity                                                                                                                                                                                                                                                ;
+-------------------------------------------------------+-------------------+--------------+-------------+--------------+---------+-----------+------+--------------+-----------------------------------------------------------------------------------------------------------------+--------------+
; Compilation Hierarchy Node                            ; LC Combinationals ; LC Registers ; Memory Bits ; DSP Elements ; DSP 9x9 ; DSP 18x18 ; Pins ; Virtual Pins ; Full Hierarchy Name                                                                                             ; Library Name ;
+-------------------------------------------------------+-------------------+--------------+-------------+--------------+---------+-----------+------+--------------+-----------------------------------------------------------------------------------------------------------------+--------------+
; |FPU_top                                              ; 732 (46)          ; 114 (52)     ; 0           ; 0            ; 0       ; 0         ; 101  ; 0            ; |FPU_top                                                                                                        ; work         ;
;    |FPU_unit:FPU_UNIT|                                ; 629 (9)           ; 0 (0)        ; 0           ; 0            ; 0       ; 0         ; 0    ; 0            ; |FPU_top|FPU_unit:FPU_UNIT                                                                                      ; work         ;
;       |COMP_28bit:MAN_COMP_28BIT_UNIT|                ; 31 (30)           ; 0 (0)        ; 0           ; 0            ; 0       ; 0         ; 0    ; 0            ; |FPU_top|FPU_unit:FPU_UNIT|COMP_28bit:MAN_COMP_28BIT_UNIT                                                       ; work         ;
;          |COMP_4bit:u_i_data_4|                       ; 1 (1)             ; 0 (0)        ; 0           ; 0            ; 0       ; 0         ; 0    ; 0            ; |FPU_top|FPU_unit:FPU_UNIT|COMP_28bit:MAN_COMP_28BIT_UNIT|COMP_4bit:u_i_data_4                                  ; work         ;
;       |EXP_adjust:EXP_ADJUST_UNIT|                    ; 33 (13)           ; 0 (0)        ; 0           ; 0            ; 0       ; 0         ; 0    ; 0            ; |FPU_top|FPU_unit:FPU_UNIT|EXP_adjust:EXP_ADJUST_UNIT                                                           ; work         ;
;          |CLA_8bit:CLA_8BIT_UNIT|                     ; 20 (2)            ; 0 (0)        ; 0           ; 0            ; 0       ; 0         ; 0    ; 0            ; |FPU_top|FPU_unit:FPU_UNIT|EXP_adjust:EXP_ADJUST_UNIT|CLA_8bit:CLA_8BIT_UNIT                                    ; work         ;
;             |CLA_4bit:CLA_4BIT_UNIT_0|                ; 10 (10)           ; 0 (0)        ; 0           ; 0            ; 0       ; 0         ; 0    ; 0            ; |FPU_top|FPU_unit:FPU_UNIT|EXP_adjust:EXP_ADJUST_UNIT|CLA_8bit:CLA_8BIT_UNIT|CLA_4bit:CLA_4BIT_UNIT_0           ; work         ;
;             |CLA_4bit:CLA_4BIT_UNIT_1|                ; 8 (8)             ; 0 (0)        ; 0           ; 0            ; 0       ; 0         ; 0    ; 0            ; |FPU_top|FPU_unit:FPU_UNIT|EXP_adjust:EXP_ADJUST_UNIT|CLA_8bit:CLA_8BIT_UNIT|CLA_4bit:CLA_4BIT_UNIT_1           ; work         ;
;       |EXP_rounding:EXP_ROUNDING|                     ; 4 (4)             ; 0 (0)        ; 0           ; 0            ; 0       ; 0         ; 0    ; 0            ; |FPU_top|FPU_unit:FPU_UNIT|EXP_rounding:EXP_ROUNDING                                                            ; work         ;
;       |EXP_sub:EXP_SUB_UNIT|                          ; 12 (0)            ; 0 (0)        ; 0           ; 0            ; 0       ; 0         ; 0    ; 0            ; |FPU_top|FPU_unit:FPU_UNIT|EXP_sub:EXP_SUB_UNIT                                                                 ; work         ;
;          |CLA_8bit:CLA_8BIT_UNIT|                     ; 12 (1)            ; 0 (0)        ; 0           ; 0            ; 0       ; 0         ; 0    ; 0            ; |FPU_top|FPU_unit:FPU_UNIT|EXP_sub:EXP_SUB_UNIT|CLA_8bit:CLA_8BIT_UNIT                                          ; work         ;
;             |CLA_4bit:CLA_4BIT_UNIT_0|                ; 6 (6)             ; 0 (0)        ; 0           ; 0            ; 0       ; 0         ; 0    ; 0            ; |FPU_top|FPU_unit:FPU_UNIT|EXP_sub:EXP_SUB_UNIT|CLA_8bit:CLA_8BIT_UNIT|CLA_4bit:CLA_4BIT_UNIT_0                 ; work         ;
;             |CLA_4bit:CLA_4BIT_UNIT_1|                ; 5 (5)             ; 0 (0)        ; 0           ; 0            ; 0       ; 0         ; 0    ; 0            ; |FPU_top|FPU_unit:FPU_UNIT|EXP_sub:EXP_SUB_UNIT|CLA_8bit:CLA_8BIT_UNIT|CLA_4bit:CLA_4BIT_UNIT_1                 ; work         ;
;       |EXP_swap:EXP_SWAP_UNIT|                        ; 9 (6)             ; 0 (0)        ; 0           ; 0            ; 0       ; 0         ; 0    ; 0            ; |FPU_top|FPU_unit:FPU_UNIT|EXP_swap:EXP_SWAP_UNIT                                                               ; work         ;
;          |COMP_8bit:COMP_LESS_UNIT|                   ; 3 (3)             ; 0 (0)        ; 0           ; 0            ; 0       ; 0         ; 0    ; 0            ; |FPU_top|FPU_unit:FPU_UNIT|EXP_swap:EXP_SWAP_UNIT|COMP_8bit:COMP_LESS_UNIT                                      ; work         ;
;       |LOPD_24bit:LOPD_24BIT_UNIT|                    ; 36 (24)           ; 0 (0)        ; 0           ; 0            ; 0       ; 0         ; 0    ; 0            ; |FPU_top|FPU_unit:FPU_UNIT|LOPD_24bit:LOPD_24BIT_UNIT                                                           ; work         ;
;          |LOPD_16bit:LOPD_16bit_UNIT_MSB|             ; 8 (1)             ; 0 (0)        ; 0           ; 0            ; 0       ; 0         ; 0    ; 0            ; |FPU_top|FPU_unit:FPU_UNIT|LOPD_24bit:LOPD_24BIT_UNIT|LOPD_16bit:LOPD_16bit_UNIT_MSB                            ; work         ;
;             |LOPD_8bit:LOPD_8bit_unit_0|              ; 4 (4)             ; 0 (0)        ; 0           ; 0            ; 0       ; 0         ; 0    ; 0            ; |FPU_top|FPU_unit:FPU_UNIT|LOPD_24bit:LOPD_24BIT_UNIT|LOPD_16bit:LOPD_16bit_UNIT_MSB|LOPD_8bit:LOPD_8bit_unit_0 ; work         ;
;             |LOPD_8bit:LOPD_8bit_unit_1|              ; 3 (3)             ; 0 (0)        ; 0           ; 0            ; 0       ; 0         ; 0    ; 0            ; |FPU_top|FPU_unit:FPU_UNIT|LOPD_24bit:LOPD_24BIT_UNIT|LOPD_16bit:LOPD_16bit_UNIT_MSB|LOPD_8bit:LOPD_8bit_unit_1 ; work         ;
;          |LOPD_8bit:LOPD_8bit_UNIT_LSB|               ; 4 (4)             ; 0 (0)        ; 0           ; 0            ; 0       ; 0         ; 0    ; 0            ; |FPU_top|FPU_unit:FPU_UNIT|LOPD_24bit:LOPD_24BIT_UNIT|LOPD_8bit:LOPD_8bit_UNIT_LSB                              ; work         ;
;       |MAN_ALU:MAN_ALU_UNIT|                          ; 157 (10)          ; 0 (0)        ; 0           ; 0            ; 0       ; 0         ; 0    ; 0            ; |FPU_top|FPU_unit:FPU_UNIT|MAN_ALU:MAN_ALU_UNIT                                                                 ; work         ;
;          |CLA_28bit:ALU_SUB_UNIT|                     ; 147 (20)          ; 0 (0)        ; 0           ; 0            ; 0       ; 0         ; 0    ; 0            ; |FPU_top|FPU_unit:FPU_UNIT|MAN_ALU:MAN_ALU_UNIT|CLA_28bit:ALU_SUB_UNIT                                          ; work         ;
;             |CLA_4bit:CLA_BLOCK_GEN[0].CLA_4BIT_UNIT| ; 18 (18)           ; 0 (0)        ; 0           ; 0            ; 0       ; 0         ; 0    ; 0            ; |FPU_top|FPU_unit:FPU_UNIT|MAN_ALU:MAN_ALU_UNIT|CLA_28bit:ALU_SUB_UNIT|CLA_4bit:CLA_BLOCK_GEN[0].CLA_4BIT_UNIT  ; work         ;
;             |CLA_4bit:CLA_BLOCK_GEN[1].CLA_4BIT_UNIT| ; 23 (23)           ; 0 (0)        ; 0           ; 0            ; 0       ; 0         ; 0    ; 0            ; |FPU_top|FPU_unit:FPU_UNIT|MAN_ALU:MAN_ALU_UNIT|CLA_28bit:ALU_SUB_UNIT|CLA_4bit:CLA_BLOCK_GEN[1].CLA_4BIT_UNIT  ; work         ;
;             |CLA_4bit:CLA_BLOCK_GEN[2].CLA_4BIT_UNIT| ; 19 (19)           ; 0 (0)        ; 0           ; 0            ; 0       ; 0         ; 0    ; 0            ; |FPU_top|FPU_unit:FPU_UNIT|MAN_ALU:MAN_ALU_UNIT|CLA_28bit:ALU_SUB_UNIT|CLA_4bit:CLA_BLOCK_GEN[2].CLA_4BIT_UNIT  ; work         ;
;             |CLA_4bit:CLA_BLOCK_GEN[3].CLA_4BIT_UNIT| ; 19 (19)           ; 0 (0)        ; 0           ; 0            ; 0       ; 0         ; 0    ; 0            ; |FPU_top|FPU_unit:FPU_UNIT|MAN_ALU:MAN_ALU_UNIT|CLA_28bit:ALU_SUB_UNIT|CLA_4bit:CLA_BLOCK_GEN[3].CLA_4BIT_UNIT  ; work         ;
;             |CLA_4bit:CLA_BLOCK_GEN[4].CLA_4BIT_UNIT| ; 20 (20)           ; 0 (0)        ; 0           ; 0            ; 0       ; 0         ; 0    ; 0            ; |FPU_top|FPU_unit:FPU_UNIT|MAN_ALU:MAN_ALU_UNIT|CLA_28bit:ALU_SUB_UNIT|CLA_4bit:CLA_BLOCK_GEN[4].CLA_4BIT_UNIT  ; work         ;
;             |CLA_4bit:CLA_BLOCK_GEN[5].CLA_4BIT_UNIT| ; 17 (17)           ; 0 (0)        ; 0           ; 0            ; 0       ; 0         ; 0    ; 0            ; |FPU_top|FPU_unit:FPU_UNIT|MAN_ALU:MAN_ALU_UNIT|CLA_28bit:ALU_SUB_UNIT|CLA_4bit:CLA_BLOCK_GEN[5].CLA_4BIT_UNIT  ; work         ;
;             |CLA_4bit:CLA_BLOCK_GEN[6].CLA_4BIT_UNIT| ; 11 (11)           ; 0 (0)        ; 0           ; 0            ; 0       ; 0         ; 0    ; 0            ; |FPU_top|FPU_unit:FPU_UNIT|MAN_ALU:MAN_ALU_UNIT|CLA_28bit:ALU_SUB_UNIT|CLA_4bit:CLA_BLOCK_GEN[6].CLA_4BIT_UNIT  ; work         ;
;       |MAN_swap:MAN_PRE_SWAP_BY_EXPONENT_UNIT|        ; 6 (6)             ; 0 (0)        ; 0           ; 0            ; 0       ; 0         ; 0    ; 0            ; |FPU_top|FPU_unit:FPU_UNIT|MAN_swap:MAN_PRE_SWAP_BY_EXPONENT_UNIT                                               ; work         ;
;       |MAN_swap:MAN_PRE_SWAP_BY_MAN_UNIT|             ; 23 (23)           ; 0 (0)        ; 0           ; 0            ; 0       ; 0         ; 0    ; 0            ; |FPU_top|FPU_unit:FPU_UNIT|MAN_swap:MAN_PRE_SWAP_BY_MAN_UNIT                                                    ; work         ;
;       |Mux_4_to_1:SEL_MANTISSA_FOR_RESULT|            ; 24 (24)           ; 0 (0)        ; 0           ; 0            ; 0       ; 0         ; 0    ; 0            ; |FPU_top|FPU_unit:FPU_UNIT|Mux_4_to_1:SEL_MANTISSA_FOR_RESULT                                                   ; work         ;
;       |NORMALIZATION_unit:NORMALIZATION_UNIT|         ; 166 (82)          ; 0 (0)        ; 0           ; 0            ; 0       ; 0         ; 0    ; 0            ; |FPU_top|FPU_unit:FPU_UNIT|NORMALIZATION_unit:NORMALIZATION_UNIT                                                ; work         ;
;          |SHF_left_28bit:SHF_left_28bit_unit|         ; 84 (84)           ; 0 (0)        ; 0           ; 0            ; 0       ; 0         ; 0    ; 0            ; |FPU_top|FPU_unit:FPU_UNIT|NORMALIZATION_unit:NORMALIZATION_UNIT|SHF_left_28bit:SHF_left_28bit_unit             ; work         ;
;       |PSC_unit:PSC_UNIT|                             ; 6 (6)             ; 0 (0)        ; 0           ; 0            ; 0       ; 0         ; 0    ; 0            ; |FPU_top|FPU_unit:FPU_UNIT|PSC_unit:PSC_UNIT                                                                    ; work         ;
;       |ROUNDING_unit:ROUNDING_UNIT|                   ; 25 (7)            ; 0 (0)        ; 0           ; 0            ; 0       ; 0         ; 0    ; 0            ; |FPU_top|FPU_unit:FPU_UNIT|ROUNDING_unit:ROUNDING_UNIT                                                          ; work         ;
;          |RND_add:INCREASE_ROUNDING|                  ; 18 (18)           ; 0 (0)        ; 0           ; 0            ; 0       ; 0         ; 0    ; 0            ; |FPU_top|FPU_unit:FPU_UNIT|ROUNDING_unit:ROUNDING_UNIT|RND_add:INCREASE_ROUNDING                                ; work         ;
;       |SHF_right_28bit:SHF_RIGHT_28BIT_UNIT|          ; 87 (87)           ; 0 (0)        ; 0           ; 0            ; 0       ; 0         ; 0    ; 0            ; |FPU_top|FPU_unit:FPU_UNIT|SHF_right_28bit:SHF_RIGHT_28BIT_UNIT                                                 ; work         ;
;       |SIGN_unit:SIGN_OUT|                            ; 1 (1)             ; 0 (0)        ; 0           ; 0            ; 0       ; 0         ; 0    ; 0            ; |FPU_top|FPU_unit:FPU_UNIT|SIGN_unit:SIGN_OUT                                                                   ; work         ;
;    |HEX_block:HEX_BLOCK_UNIT|                         ; 56 (0)            ; 58 (58)      ; 0           ; 0            ; 0       ; 0         ; 0    ; 0            ; |FPU_top|HEX_block:HEX_BLOCK_UNIT                                                                               ; work         ;
;       |HEX_trans:gen_hex[0].u_hex_trans|              ; 7 (7)             ; 0 (0)        ; 0           ; 0            ; 0       ; 0         ; 0    ; 0            ; |FPU_top|HEX_block:HEX_BLOCK_UNIT|HEX_trans:gen_hex[0].u_hex_trans                                              ; work         ;
;       |HEX_trans:gen_hex[1].u_hex_trans|              ; 7 (7)             ; 0 (0)        ; 0           ; 0            ; 0       ; 0         ; 0    ; 0            ; |FPU_top|HEX_block:HEX_BLOCK_UNIT|HEX_trans:gen_hex[1].u_hex_trans                                              ; work         ;
;       |HEX_trans:gen_hex[2].u_hex_trans|              ; 7 (7)             ; 0 (0)        ; 0           ; 0            ; 0       ; 0         ; 0    ; 0            ; |FPU_top|HEX_block:HEX_BLOCK_UNIT|HEX_trans:gen_hex[2].u_hex_trans                                              ; work         ;
;       |HEX_trans:gen_hex[3].u_hex_trans|              ; 7 (7)             ; 0 (0)        ; 0           ; 0            ; 0       ; 0         ; 0    ; 0            ; |FPU_top|HEX_block:HEX_BLOCK_UNIT|HEX_trans:gen_hex[3].u_hex_trans                                              ; work         ;
;       |HEX_trans:gen_hex[4].u_hex_trans|              ; 7 (7)             ; 0 (0)        ; 0           ; 0            ; 0       ; 0         ; 0    ; 0            ; |FPU_top|HEX_block:HEX_BLOCK_UNIT|HEX_trans:gen_hex[4].u_hex_trans                                              ; work         ;
;       |HEX_trans:gen_hex[5].u_hex_trans|              ; 7 (7)             ; 0 (0)        ; 0           ; 0            ; 0       ; 0         ; 0    ; 0            ; |FPU_top|HEX_block:HEX_BLOCK_UNIT|HEX_trans:gen_hex[5].u_hex_trans                                              ; work         ;
;       |HEX_trans:gen_hex[6].u_hex_trans|              ; 7 (7)             ; 0 (0)        ; 0           ; 0            ; 0       ; 0         ; 0    ; 0            ; |FPU_top|HEX_block:HEX_BLOCK_UNIT|HEX_trans:gen_hex[6].u_hex_trans                                              ; work         ;
;       |HEX_trans:gen_hex[7].u_hex_trans|              ; 7 (7)             ; 0 (0)        ; 0           ; 0            ; 0       ; 0         ; 0    ; 0            ; |FPU_top|HEX_block:HEX_BLOCK_UNIT|HEX_trans:gen_hex[7].u_hex_trans                                              ; work         ;
;    |UART_SS_detect_edge:SSDE_ADD_SUB_UNIT|            ; 0 (0)             ; 2 (2)        ; 0           ; 0            ; 0       ; 0         ; 0    ; 0            ; |FPU_top|UART_SS_detect_edge:SSDE_ADD_SUB_UNIT                                                                  ; work         ;
;    |UART_SS_detect_edge:SSDE_I_VALID_UNIT|            ; 1 (1)             ; 2 (2)        ; 0           ; 0            ; 0       ; 0         ; 0    ; 0            ; |FPU_top|UART_SS_detect_edge:SSDE_I_VALID_UNIT                                                                  ; work         ;
+-------------------------------------------------------+-------------------+--------------+-------------+--------------+---------+-----------+------+--------------+-----------------------------------------------------------------------------------------------------------------+--------------+
Note: For table entries with two numbers listed, the numbers in parentheses indicate the number of resources of the given type used by the specific entity alone. The numbers listed outside of parentheses indicate the total resources of the given type used by the specific entity and all of its sub-entities in the hierarchy.


+------------------------------------------------------+
; General Register Statistics                          ;
+----------------------------------------------+-------+
; Statistic                                    ; Value ;
+----------------------------------------------+-------+
; Total registers                              ; 114   ;
; Number of registers using Synchronous Clear  ; 0     ;
; Number of registers using Synchronous Load   ; 0     ;
; Number of registers using Asynchronous Clear ; 113   ;
; Number of registers using Asynchronous Load  ; 0     ;
; Number of registers using Clock Enable       ; 73    ;
; Number of registers using Preset             ; 0     ;
+----------------------------------------------+-------+


+---------------------------------------------------+
; Inverted Register Statistics                      ;
+-----------------------------------------+---------+
; Inverted Register                       ; Fan out ;
+-----------------------------------------+---------+
; HEX_block:HEX_BLOCK_UNIT|o_hex_0[0]     ; 1       ;
; HEX_block:HEX_BLOCK_UNIT|o_hex_0[1]     ; 1       ;
; HEX_block:HEX_BLOCK_UNIT|o_hex_0[2]     ; 1       ;
; HEX_block:HEX_BLOCK_UNIT|o_hex_0[3]     ; 1       ;
; HEX_block:HEX_BLOCK_UNIT|o_hex_0[4]     ; 1       ;
; HEX_block:HEX_BLOCK_UNIT|o_hex_0[5]     ; 1       ;
; HEX_block:HEX_BLOCK_UNIT|o_hex_0[6]     ; 1       ;
; HEX_block:HEX_BLOCK_UNIT|o_hex_1[0]     ; 1       ;
; HEX_block:HEX_BLOCK_UNIT|o_hex_1[1]     ; 1       ;
; HEX_block:HEX_BLOCK_UNIT|o_hex_1[2]     ; 1       ;
; HEX_block:HEX_BLOCK_UNIT|o_hex_1[3]     ; 1       ;
; HEX_block:HEX_BLOCK_UNIT|o_hex_1[4]     ; 1       ;
; HEX_block:HEX_BLOCK_UNIT|o_hex_1[5]     ; 1       ;
; HEX_block:HEX_BLOCK_UNIT|o_hex_1[6]     ; 1       ;
; HEX_block:HEX_BLOCK_UNIT|o_hex_2[0]     ; 1       ;
; HEX_block:HEX_BLOCK_UNIT|o_hex_2[1]     ; 1       ;
; HEX_block:HEX_BLOCK_UNIT|o_hex_2[2]     ; 1       ;
; HEX_block:HEX_BLOCK_UNIT|o_hex_2[3]     ; 1       ;
; HEX_block:HEX_BLOCK_UNIT|o_hex_2[4]     ; 1       ;
; HEX_block:HEX_BLOCK_UNIT|o_hex_2[5]     ; 1       ;
; HEX_block:HEX_BLOCK_UNIT|o_hex_2[6]     ; 1       ;
; HEX_block:HEX_BLOCK_UNIT|o_hex_3[0]     ; 1       ;
; HEX_block:HEX_BLOCK_UNIT|o_hex_3[1]     ; 1       ;
; HEX_block:HEX_BLOCK_UNIT|o_hex_3[2]     ; 1       ;
; HEX_block:HEX_BLOCK_UNIT|o_hex_3[3]     ; 1       ;
; HEX_block:HEX_BLOCK_UNIT|o_hex_3[4]     ; 1       ;
; HEX_block:HEX_BLOCK_UNIT|o_hex_3[5]     ; 1       ;
; HEX_block:HEX_BLOCK_UNIT|o_hex_3[6]     ; 1       ;
; HEX_block:HEX_BLOCK_UNIT|o_hex_4[0]     ; 1       ;
; HEX_block:HEX_BLOCK_UNIT|o_hex_4[1]     ; 1       ;
; HEX_block:HEX_BLOCK_UNIT|o_hex_4[2]     ; 1       ;
; HEX_block:HEX_BLOCK_UNIT|o_hex_4[3]     ; 1       ;
; HEX_block:HEX_BLOCK_UNIT|o_hex_4[4]     ; 1       ;
; HEX_block:HEX_BLOCK_UNIT|o_hex_4[5]     ; 1       ;
; HEX_block:HEX_BLOCK_UNIT|o_hex_4[6]     ; 1       ;
; HEX_block:HEX_BLOCK_UNIT|o_hex_5[0]     ; 1       ;
; HEX_block:HEX_BLOCK_UNIT|o_hex_5[1]     ; 1       ;
; HEX_block:HEX_BLOCK_UNIT|o_hex_5[2]     ; 1       ;
; HEX_block:HEX_BLOCK_UNIT|o_hex_5[3]     ; 1       ;
; HEX_block:HEX_BLOCK_UNIT|o_hex_5[4]     ; 1       ;
; HEX_block:HEX_BLOCK_UNIT|o_hex_5[5]     ; 1       ;
; HEX_block:HEX_BLOCK_UNIT|o_hex_5[6]     ; 1       ;
; HEX_block:HEX_BLOCK_UNIT|o_hex_6[0]     ; 1       ;
; HEX_block:HEX_BLOCK_UNIT|o_hex_6[1]     ; 1       ;
; HEX_block:HEX_BLOCK_UNIT|o_hex_6[2]     ; 1       ;
; HEX_block:HEX_BLOCK_UNIT|o_hex_6[3]     ; 1       ;
; HEX_block:HEX_BLOCK_UNIT|o_hex_6[4]     ; 1       ;
; HEX_block:HEX_BLOCK_UNIT|o_hex_6[5]     ; 1       ;
; HEX_block:HEX_BLOCK_UNIT|o_hex_6[6]     ; 1       ;
; HEX_block:HEX_BLOCK_UNIT|o_hex_7[0]     ; 1       ;
; HEX_block:HEX_BLOCK_UNIT|o_hex_7[1]     ; 1       ;
; HEX_block:HEX_BLOCK_UNIT|o_hex_7[2]     ; 1       ;
; HEX_block:HEX_BLOCK_UNIT|o_hex_7[3]     ; 1       ;
; HEX_block:HEX_BLOCK_UNIT|o_hex_7[4]     ; 1       ;
; HEX_block:HEX_BLOCK_UNIT|o_hex_7[5]     ; 1       ;
; HEX_block:HEX_BLOCK_UNIT|o_hex_7[6]     ; 1       ;
; Total number of inverted registers = 56 ;         ;
+-----------------------------------------+---------+


+-----------------------------------------------------------------------------------------------------------------------------------------------------------------------------------------------+
; Multiplexer Restructuring Statistics (Restructuring Performed)                                                                                                                                ;
+--------------------+-----------+---------------+----------------------+------------------------+------------+---------------------------------------------------------------------------------+
; Multiplexer Inputs ; Bus Width ; Baseline Area ; Area if Restructured ; Saving if Restructured ; Registered ; Example Multiplexer Output                                                      ;
+--------------------+-----------+---------------+----------------------+------------------------+------------+---------------------------------------------------------------------------------+
; 3:1                ; 5 bits    ; 10 LEs        ; 10 LEs               ; 0 LEs                  ; No         ; |FPU_top|FPU_unit:FPU_UNIT|EXP_adjust:EXP_ADJUST_UNIT|w_data_b[2]               ;
; 3:1                ; 8 bits    ; 16 LEs        ; 16 LEs               ; 0 LEs                  ; No         ; |FPU_top|FPU_unit:FPU_UNIT|SHF_right_28bit:SHF_RIGHT_28BIT_UNIT|o_data[4]       ;
; 3:1                ; 4 bits    ; 8 LEs         ; 8 LEs                ; 0 LEs                  ; No         ; |FPU_top|FPU_unit:FPU_UNIT|SHF_right_28bit:SHF_RIGHT_28BIT_UNIT|o_data[14]      ;
; 4:1                ; 20 bits   ; 40 LEs        ; 40 LEs               ; 0 LEs                  ; No         ; |FPU_top|FPU_unit:FPU_UNIT|MAN_ALU:MAN_ALU_UNIT|w_i_man_b[18]                   ;
; 4:1                ; 3 bits    ; 6 LEs         ; 6 LEs                ; 0 LEs                  ; No         ; |FPU_top|FPU_unit:FPU_UNIT|LOPD_24bit:LOPD_24BIT_UNIT|o_one_position[2]         ;
; 5:1                ; 12 bits   ; 36 LEs        ; 36 LEs               ; 0 LEs                  ; No         ; |FPU_top|FPU_unit:FPU_UNIT|NORMALIZATION_unit:NORMALIZATION_UNIT|o_mantissa[0]  ;
; 6:1                ; 4 bits    ; 16 LEs        ; 12 LEs               ; 4 LEs                  ; No         ; |FPU_top|FPU_unit:FPU_UNIT|NORMALIZATION_unit:NORMALIZATION_UNIT|o_mantissa[15] ;
; 6:1                ; 4 bits    ; 16 LEs        ; 16 LEs               ; 0 LEs                  ; No         ; |FPU_top|FPU_unit:FPU_UNIT|NORMALIZATION_unit:NORMALIZATION_UNIT|o_mantissa[16] ;
; 7:1                ; 4 bits    ; 16 LEs        ; 16 LEs               ; 0 LEs                  ; No         ; |FPU_top|FPU_unit:FPU_UNIT|NORMALIZATION_unit:NORMALIZATION_UNIT|o_mantissa[20] ;
; 8:1                ; 2 bits    ; 10 LEs        ; 10 LEs               ; 0 LEs                  ; No         ; |FPU_top|FPU_unit:FPU_UNIT|NORMALIZATION_unit:NORMALIZATION_UNIT|o_mantissa[24] ;
+--------------------+-----------+---------------+----------------------+------------------------+------------+---------------------------------------------------------------------------------+


+-------------------------------------------------------------------------+
; Parameter Settings for User Entity Instance: Top-level Entity: |FPU_top ;
+----------------+-------+------------------------------------------------+
; Parameter Name ; Value ; Type                                           ;
+----------------+-------+------------------------------------------------+
; SIZE_SW        ; 18    ; Signed Integer                                 ;
; SIZE_BTN       ; 4     ; Signed Integer                                 ;
; SIZE_LEDR      ; 18    ; Signed Integer                                 ;
; SIZE_LEDG      ; 4     ; Signed Integer                                 ;
; SIZE_7SEG      ; 7     ; Signed Integer                                 ;
+----------------+-------+------------------------------------------------+
Note: In order to hide this table in the UI and the text report file, please set the "Show Parameter Settings in Synthesis Report" option in "Analysis and Synthesis Settings -> More Settings" to "Off".


+------------------------------------------------------------------------------------+
; Parameter Settings for User Entity Instance: UART_SS_detect_edge:SSDE_I_VALID_UNIT ;
+----------------+-------+-----------------------------------------------------------+
; Parameter Name ; Value ; Type                                                      ;
+----------------+-------+-----------------------------------------------------------+
; POS_EDGE       ; 0     ; Signed Integer                                            ;
+----------------+-------+-----------------------------------------------------------+
Note: In order to hide this table in the UI and the text report file, please set the "Show Parameter Settings in Synthesis Report" option in "Analysis and Synthesis Settings -> More Settings" to "Off".


+------------------------------------------------------------------------------------+
; Parameter Settings for User Entity Instance: UART_SS_detect_edge:SSDE_ADD_SUB_UNIT ;
+----------------+-------+-----------------------------------------------------------+
; Parameter Name ; Value ; Type                                                      ;
+----------------+-------+-----------------------------------------------------------+
; POS_EDGE       ; 0     ; Signed Integer                                            ;
+----------------+-------+-----------------------------------------------------------+
Note: In order to hide this table in the UI and the text report file, please set the "Show Parameter Settings in Synthesis Report" option in "Analysis and Synthesis Settings -> More Settings" to "Off".


+----------------------------------------------------------------+
; Parameter Settings for User Entity Instance: FPU_unit:FPU_UNIT ;
+----------------+-------+---------------------------------------+
; Parameter Name ; Value ; Type                                  ;
+----------------+-------+---------------------------------------+
; NUM_OP         ; 1     ; Signed Integer                        ;
+----------------+-------+---------------------------------------+
Note: In order to hide this table in the UI and the text report file, please set the "Show Parameter Settings in Synthesis Report" option in "Analysis and Synthesis Settings -> More Settings" to "Off".


+---------------------------------------------------------------------------------------+
; Parameter Settings for User Entity Instance: FPU_unit:FPU_UNIT|EXP_swap:EXP_SWAP_UNIT ;
+----------------+-------+--------------------------------------------------------------+
; Parameter Name ; Value ; Type                                                         ;
+----------------+-------+--------------------------------------------------------------+
; SIZE_DATA      ; 8     ; Signed Integer                                               ;
+----------------+-------+--------------------------------------------------------------+
Note: In order to hide this table in the UI and the text report file, please set the "Show Parameter Settings in Synthesis Report" option in "Analysis and Synthesis Settings -> More Settings" to "Off".


+----------------------------------------------------------------------------------------------------------------+
; Parameter Settings for User Entity Instance: FPU_unit:FPU_UNIT|EXP_swap:EXP_SWAP_UNIT|COMP_8bit:COMP_LESS_UNIT ;
+----------------+-------+---------------------------------------------------------------------------------------+
; Parameter Name ; Value ; Type                                                                                  ;
+----------------+-------+---------------------------------------------------------------------------------------+
; SIZE_DATA      ; 8     ; Signed Integer                                                                        ;
+----------------+-------+---------------------------------------------------------------------------------------+
Note: In order to hide this table in the UI and the text report file, please set the "Show Parameter Settings in Synthesis Report" option in "Analysis and Synthesis Settings -> More Settings" to "Off".


+-------------------------------------------------------------------------------------+
; Parameter Settings for User Entity Instance: FPU_unit:FPU_UNIT|EXP_sub:EXP_SUB_UNIT ;
+----------------+-------+------------------------------------------------------------+
; Parameter Name ; Value ; Type                                                       ;
+----------------+-------+------------------------------------------------------------+
; SIZE_EXP_SUB   ; 8     ; Signed Integer                                             ;
+----------------+-------+------------------------------------------------------------+
Note: In order to hide this table in the UI and the text report file, please set the "Show Parameter Settings in Synthesis Report" option in "Analysis and Synthesis Settings -> More Settings" to "Off".


+-------------------------------------------------------------------------------------------------------+
; Parameter Settings for User Entity Instance: FPU_unit:FPU_UNIT|MAN_swap:MAN_PRE_SWAP_BY_EXPONENT_UNIT ;
+----------------+-------+------------------------------------------------------------------------------+
; Parameter Name ; Value ; Type                                                                         ;
+----------------+-------+------------------------------------------------------------------------------+
; SIZE_MAN       ; 24    ; Signed Integer                                                               ;
+----------------+-------+------------------------------------------------------------------------------+
Note: In order to hide this table in the UI and the text report file, please set the "Show Parameter Settings in Synthesis Report" option in "Analysis and Synthesis Settings -> More Settings" to "Off".


+-----------------------------------------------------------------------------------------------------+
; Parameter Settings for User Entity Instance: FPU_unit:FPU_UNIT|SHF_right_28bit:SHF_RIGHT_28BIT_UNIT ;
+----------------+-------+----------------------------------------------------------------------------+
; Parameter Name ; Value ; Type                                                                       ;
+----------------+-------+----------------------------------------------------------------------------+
; SIZE_DATA      ; 28    ; Signed Integer                                                             ;
; SIZE_SHIFT     ; 5     ; Signed Integer                                                             ;
+----------------+-------+----------------------------------------------------------------------------+
Note: In order to hide this table in the UI and the text report file, please set the "Show Parameter Settings in Synthesis Report" option in "Analysis and Synthesis Settings -> More Settings" to "Off".


+-----------------------------------------------------------------------------------------------+
; Parameter Settings for User Entity Instance: FPU_unit:FPU_UNIT|COMP_28bit:MAN_COMP_28BIT_UNIT ;
+----------------+-------+----------------------------------------------------------------------+
; Parameter Name ; Value ; Type                                                                 ;
+----------------+-------+----------------------------------------------------------------------+
; SIZE_DATA      ; 28    ; Signed Integer                                                       ;
+----------------+-------+----------------------------------------------------------------------+
Note: In order to hide this table in the UI and the text report file, please set the "Show Parameter Settings in Synthesis Report" option in "Analysis and Synthesis Settings -> More Settings" to "Off".


+--------------------------------------------------------------------------------------------------+
; Parameter Settings for User Entity Instance: FPU_unit:FPU_UNIT|MAN_swap:MAN_PRE_SWAP_BY_MAN_UNIT ;
+----------------+-------+-------------------------------------------------------------------------+
; Parameter Name ; Value ; Type                                                                    ;
+----------------+-------+-------------------------------------------------------------------------+
; SIZE_MAN       ; 28    ; Signed Integer                                                          ;
+----------------+-------+-------------------------------------------------------------------------+
Note: In order to hide this table in the UI and the text report file, please set the "Show Parameter Settings in Synthesis Report" option in "Analysis and Synthesis Settings -> More Settings" to "Off".


+-------------------------------------------------------------------------------------+
; Parameter Settings for User Entity Instance: FPU_unit:FPU_UNIT|MAN_ALU:MAN_ALU_UNIT ;
+----------------+-------+------------------------------------------------------------+
; Parameter Name ; Value ; Type                                                       ;
+----------------+-------+------------------------------------------------------------+
; NUM_OP         ; 1     ; Signed Integer                                             ;
; SIZE_MAN       ; 28    ; Signed Integer                                             ;
+----------------+-------+------------------------------------------------------------+
Note: In order to hide this table in the UI and the text report file, please set the "Show Parameter Settings in Synthesis Report" option in "Analysis and Synthesis Settings -> More Settings" to "Off".


+-------------------------------------------------------------------------------------------+
; Parameter Settings for User Entity Instance: FPU_unit:FPU_UNIT|LOPD_24bit:LOPD_24BIT_UNIT ;
+----------------+-------+------------------------------------------------------------------+
; Parameter Name ; Value ; Type                                                             ;
+----------------+-------+------------------------------------------------------------------+
; SIZE_DATA      ; 24    ; Signed Integer                                                   ;
; SIZE_LOPD      ; 5     ; Signed Integer                                                   ;
+----------------+-------+------------------------------------------------------------------+
Note: In order to hide this table in the UI and the text report file, please set the "Show Parameter Settings in Synthesis Report" option in "Analysis and Synthesis Settings -> More Settings" to "Off".


+-------------------------------------------------------------------------------------------+
; Parameter Settings for User Entity Instance: FPU_unit:FPU_UNIT|EXP_adjust:EXP_ADJUST_UNIT ;
+----------------+-------+------------------------------------------------------------------+
; Parameter Name ; Value ; Type                                                             ;
+----------------+-------+------------------------------------------------------------------+
; SIZE_EXP       ; 8     ; Signed Integer                                                   ;
; SIZE_LOPD      ; 8     ; Signed Integer                                                   ;
+----------------+-------+------------------------------------------------------------------+
Note: In order to hide this table in the UI and the text report file, please set the "Show Parameter Settings in Synthesis Report" option in "Analysis and Synthesis Settings -> More Settings" to "Off".


+------------------------------------------------------------------------------------------------------+
; Parameter Settings for User Entity Instance: FPU_unit:FPU_UNIT|NORMALIZATION_unit:NORMALIZATION_UNIT ;
+----------------+-------+-----------------------------------------------------------------------------+
; Parameter Name ; Value ; Type                                                                        ;
+----------------+-------+-----------------------------------------------------------------------------+
; SIZE_LOPD      ; 5     ; Signed Integer                                                              ;
; SIZE_DATA      ; 28    ; Signed Integer                                                              ;
+----------------+-------+-----------------------------------------------------------------------------+
Note: In order to hide this table in the UI and the text report file, please set the "Show Parameter Settings in Synthesis Report" option in "Analysis and Synthesis Settings -> More Settings" to "Off".


+-----------------------------------------------------------------------------------------------------------------------------------------+
; Parameter Settings for User Entity Instance: FPU_unit:FPU_UNIT|NORMALIZATION_unit:NORMALIZATION_UNIT|SHF_left_28bit:SHF_left_28bit_unit ;
+----------------+-------+----------------------------------------------------------------------------------------------------------------+
; Parameter Name ; Value ; Type                                                                                                           ;
+----------------+-------+----------------------------------------------------------------------------------------------------------------+
; SIZE_DATA      ; 28    ; Signed Integer                                                                                                 ;
; SIZE_SHIFT     ; 5     ; Signed Integer                                                                                                 ;
+----------------+-------+----------------------------------------------------------------------------------------------------------------+
Note: In order to hide this table in the UI and the text report file, please set the "Show Parameter Settings in Synthesis Report" option in "Analysis and Synthesis Settings -> More Settings" to "Off".


+--------------------------------------------------------------------------------------------+
; Parameter Settings for User Entity Instance: FPU_unit:FPU_UNIT|ROUNDING_unit:ROUNDING_UNIT ;
+-----------------+-------+------------------------------------------------------------------+
; Parameter Name  ; Value ; Type                                                             ;
+-----------------+-------+------------------------------------------------------------------+
; SIZE_MAN        ; 28    ; Signed Integer                                                   ;
; SIZE_MAN_RESULT ; 24    ; Signed Integer                                                   ;
+-----------------+-------+------------------------------------------------------------------+
Note: In order to hide this table in the UI and the text report file, please set the "Show Parameter Settings in Synthesis Report" option in "Analysis and Synthesis Settings -> More Settings" to "Off".


+----------------------------------------------------------------------------------------------------------------------+
; Parameter Settings for User Entity Instance: FPU_unit:FPU_UNIT|ROUNDING_unit:ROUNDING_UNIT|RND_add:INCREASE_ROUNDING ;
+----------------+-------+---------------------------------------------------------------------------------------------+
; Parameter Name ; Value ; Type                                                                                        ;
+----------------+-------+---------------------------------------------------------------------------------------------+
; SIZE_DATA      ; 24    ; Signed Integer                                                                              ;
+----------------+-------+---------------------------------------------------------------------------------------------+
Note: In order to hide this table in the UI and the text report file, please set the "Show Parameter Settings in Synthesis Report" option in "Analysis and Synthesis Settings -> More Settings" to "Off".


+------------------------------------------------------------------------------------------+
; Parameter Settings for User Entity Instance: FPU_unit:FPU_UNIT|EXP_rounding:EXP_ROUNDING ;
+----------------+-------+-----------------------------------------------------------------+
; Parameter Name ; Value ; Type                                                            ;
+----------------+-------+-----------------------------------------------------------------+
; SIZE_DATA      ; 8     ; Signed Integer                                                  ;
+----------------+-------+-----------------------------------------------------------------+
Note: In order to hide this table in the UI and the text report file, please set the "Show Parameter Settings in Synthesis Report" option in "Analysis and Synthesis Settings -> More Settings" to "Off".


+---------------------------------------------------------------------------------------------------+
; Parameter Settings for User Entity Instance: FPU_unit:FPU_UNIT|Mux_4_to_1:SEL_MANTISSA_FOR_RESULT ;
+----------------+-------+--------------------------------------------------------------------------+
; Parameter Name ; Value ; Type                                                                     ;
+----------------+-------+--------------------------------------------------------------------------+
; SIZE_DATA      ; 24    ; Signed Integer                                                           ;
+----------------+-------+--------------------------------------------------------------------------+
Note: In order to hide this table in the UI and the text report file, please set the "Show Parameter Settings in Synthesis Report" option in "Analysis and Synthesis Settings -> More Settings" to "Off".


+-----------------------------------------------------------------------+
; Parameter Settings for User Entity Instance: HEX_block:HEX_BLOCK_UNIT ;
+----------------+-------+----------------------------------------------+
; Parameter Name ; Value ; Type                                         ;
+----------------+-------+----------------------------------------------+
; SIZE_HEX       ; 7     ; Signed Integer                               ;
; SIZE_DATA      ; 32    ; Signed Integer                               ;
; TYPE_ANODE     ; 1     ; Signed Integer                               ;
+----------------+-------+----------------------------------------------+
Note: In order to hide this table in the UI and the text report file, please set the "Show Parameter Settings in Synthesis Report" option in "Analysis and Synthesis Settings -> More Settings" to "Off".


+--------------------------------------------------------------------------------------------------------+
; Parameter Settings for User Entity Instance: HEX_block:HEX_BLOCK_UNIT|HEX_trans:gen_hex[0].u_hex_trans ;
+----------------+-------+-------------------------------------------------------------------------------+
; Parameter Name ; Value ; Type                                                                          ;
+----------------+-------+-------------------------------------------------------------------------------+
; TYPE_ANODE     ; 1     ; Signed Integer                                                                ;
+----------------+-------+-------------------------------------------------------------------------------+
Note: In order to hide this table in the UI and the text report file, please set the "Show Parameter Settings in Synthesis Report" option in "Analysis and Synthesis Settings -> More Settings" to "Off".


+--------------------------------------------------------------------------------------------------------+
; Parameter Settings for User Entity Instance: HEX_block:HEX_BLOCK_UNIT|HEX_trans:gen_hex[1].u_hex_trans ;
+----------------+-------+-------------------------------------------------------------------------------+
; Parameter Name ; Value ; Type                                                                          ;
+----------------+-------+-------------------------------------------------------------------------------+
; TYPE_ANODE     ; 1     ; Signed Integer                                                                ;
+----------------+-------+-------------------------------------------------------------------------------+
Note: In order to hide this table in the UI and the text report file, please set the "Show Parameter Settings in Synthesis Report" option in "Analysis and Synthesis Settings -> More Settings" to "Off".


+--------------------------------------------------------------------------------------------------------+
; Parameter Settings for User Entity Instance: HEX_block:HEX_BLOCK_UNIT|HEX_trans:gen_hex[2].u_hex_trans ;
+----------------+-------+-------------------------------------------------------------------------------+
; Parameter Name ; Value ; Type                                                                          ;
+----------------+-------+-------------------------------------------------------------------------------+
; TYPE_ANODE     ; 1     ; Signed Integer                                                                ;
+----------------+-------+-------------------------------------------------------------------------------+
Note: In order to hide this table in the UI and the text report file, please set the "Show Parameter Settings in Synthesis Report" option in "Analysis and Synthesis Settings -> More Settings" to "Off".


+--------------------------------------------------------------------------------------------------------+
; Parameter Settings for User Entity Instance: HEX_block:HEX_BLOCK_UNIT|HEX_trans:gen_hex[3].u_hex_trans ;
+----------------+-------+-------------------------------------------------------------------------------+
; Parameter Name ; Value ; Type                                                                          ;
+----------------+-------+-------------------------------------------------------------------------------+
; TYPE_ANODE     ; 1     ; Signed Integer                                                                ;
+----------------+-------+-------------------------------------------------------------------------------+
Note: In order to hide this table in the UI and the text report file, please set the "Show Parameter Settings in Synthesis Report" option in "Analysis and Synthesis Settings -> More Settings" to "Off".


+--------------------------------------------------------------------------------------------------------+
; Parameter Settings for User Entity Instance: HEX_block:HEX_BLOCK_UNIT|HEX_trans:gen_hex[4].u_hex_trans ;
+----------------+-------+-------------------------------------------------------------------------------+
; Parameter Name ; Value ; Type                                                                          ;
+----------------+-------+-------------------------------------------------------------------------------+
; TYPE_ANODE     ; 1     ; Signed Integer                                                                ;
+----------------+-------+-------------------------------------------------------------------------------+
Note: In order to hide this table in the UI and the text report file, please set the "Show Parameter Settings in Synthesis Report" option in "Analysis and Synthesis Settings -> More Settings" to "Off".


+--------------------------------------------------------------------------------------------------------+
; Parameter Settings for User Entity Instance: HEX_block:HEX_BLOCK_UNIT|HEX_trans:gen_hex[5].u_hex_trans ;
+----------------+-------+-------------------------------------------------------------------------------+
; Parameter Name ; Value ; Type                                                                          ;
+----------------+-------+-------------------------------------------------------------------------------+
; TYPE_ANODE     ; 1     ; Signed Integer                                                                ;
+----------------+-------+-------------------------------------------------------------------------------+
Note: In order to hide this table in the UI and the text report file, please set the "Show Parameter Settings in Synthesis Report" option in "Analysis and Synthesis Settings -> More Settings" to "Off".


+--------------------------------------------------------------------------------------------------------+
; Parameter Settings for User Entity Instance: HEX_block:HEX_BLOCK_UNIT|HEX_trans:gen_hex[6].u_hex_trans ;
+----------------+-------+-------------------------------------------------------------------------------+
; Parameter Name ; Value ; Type                                                                          ;
+----------------+-------+-------------------------------------------------------------------------------+
; TYPE_ANODE     ; 1     ; Signed Integer                                                                ;
+----------------+-------+-------------------------------------------------------------------------------+
Note: In order to hide this table in the UI and the text report file, please set the "Show Parameter Settings in Synthesis Report" option in "Analysis and Synthesis Settings -> More Settings" to "Off".


+--------------------------------------------------------------------------------------------------------+
; Parameter Settings for User Entity Instance: HEX_block:HEX_BLOCK_UNIT|HEX_trans:gen_hex[7].u_hex_trans ;
+----------------+-------+-------------------------------------------------------------------------------+
; Parameter Name ; Value ; Type                                                                          ;
+----------------+-------+-------------------------------------------------------------------------------+
; TYPE_ANODE     ; 1     ; Signed Integer                                                                ;
+----------------+-------+-------------------------------------------------------------------------------+
Note: In order to hide this table in the UI and the text report file, please set the "Show Parameter Settings in Synthesis Report" option in "Analysis and Synthesis Settings -> More Settings" to "Off".


+-----------------------------------------------------------------------------------------------------------------------------+
; Port Connectivity Checks: "FPU_unit:FPU_UNIT|Mux_4_to_1:SEL_MANTISSA_FOR_RESULT"                                            ;
+-------------------+--------+----------+-------------------------------------------------------------------------------------+
; Port              ; Type   ; Severity ; Details                                                                             ;
+-------------------+--------+----------+-------------------------------------------------------------------------------------+
; i_data_10         ; Input  ; Info     ; Stuck at GND                                                                        ;
; i_data_11[23..22] ; Input  ; Info     ; Stuck at VCC                                                                        ;
; i_data_11[21..0]  ; Input  ; Info     ; Stuck at GND                                                                        ;
; o_data[23]        ; Output ; Info     ; Connected to dangling logic. Logic that only feeds a dangling port will be removed. ;
+-------------------+--------+----------+-------------------------------------------------------------------------------------+


+-------------------------------------------------------------------------------------------------+
; Port Connectivity Checks: "FPU_unit:FPU_UNIT|EXP_adjust:EXP_ADJUST_UNIT|CLA_8bit:CLA_8BIT_UNIT" ;
+---------+--------+----------+-------------------------------------------------------------------+
; Port    ; Type   ; Severity ; Details                                                           ;
+---------+--------+----------+-------------------------------------------------------------------+
; o_carry ; Output ; Info     ; Explicitly unconnected                                            ;
+---------+--------+----------+-------------------------------------------------------------------+


+--------------------------------------------------------------------------+
; Port Connectivity Checks: "FPU_unit:FPU_UNIT|EXP_adjust:EXP_ADJUST_UNIT" ;
+--------------------+-------+----------+----------------------------------+
; Port               ; Type  ; Severity ; Details                          ;
+--------------------+-------+----------+----------------------------------+
; i_lopd_value[7..5] ; Input ; Info     ; Stuck at GND                     ;
+--------------------+-------+----------+----------------------------------+


+-------------------------------------------------------------------------------------------------------------------+
; Port Connectivity Checks: "FPU_unit:FPU_UNIT|COMP_28bit:MAN_COMP_28BIT_UNIT|COMP_4bit:u_i_data_0"                 ;
+---------+--------+----------+-------------------------------------------------------------------------------------+
; Port    ; Type   ; Severity ; Details                                                                             ;
+---------+--------+----------+-------------------------------------------------------------------------------------+
; o_equal ; Output ; Info     ; Connected to dangling logic. Logic that only feeds a dangling port will be removed. ;
+---------+--------+----------+-------------------------------------------------------------------------------------+


+------------------------------------------------------------------------------------+
; Port Connectivity Checks: "FPU_unit:FPU_UNIT|SHF_right_28bit:SHF_RIGHT_28BIT_UNIT" ;
+--------------+-------+----------+--------------------------------------------------+
; Port         ; Type  ; Severity ; Details                                          ;
+--------------+-------+----------+--------------------------------------------------+
; i_data[3..0] ; Input ; Info     ; Stuck at GND                                     ;
+--------------+-------+----------+--------------------------------------------------+


+-------------------------------------------------------------------------------------------+
; Port Connectivity Checks: "FPU_unit:FPU_UNIT|EXP_sub:EXP_SUB_UNIT|CLA_8bit:CLA_8BIT_UNIT" ;
+---------+--------+----------+-------------------------------------------------------------+
; Port    ; Type   ; Severity ; Details                                                     ;
+---------+--------+----------+-------------------------------------------------------------+
; i_carry ; Input  ; Info     ; Stuck at VCC                                                ;
; o_carry ; Output ; Info     ; Explicitly unconnected                                      ;
+---------+--------+----------+-------------------------------------------------------------+


+-----------------------------------------------------------------------------------------------------------------------+
; Port Connectivity Checks: "FPU_unit:FPU_UNIT|EXP_sub:EXP_SUB_UNIT"                                                    ;
+-------------+--------+----------+-------------------------------------------------------------------------------------+
; Port        ; Type   ; Severity ; Details                                                                             ;
+-------------+--------+----------+-------------------------------------------------------------------------------------+
; o_sub[7..5] ; Output ; Info     ; Connected to dangling logic. Logic that only feeds a dangling port will be removed. ;
+-------------+--------+----------+-------------------------------------------------------------------------------------+


+-------------------------------------------------------------------------------------------------------------------+
; Port Connectivity Checks: "FPU_unit:FPU_UNIT|EXP_swap:EXP_SWAP_UNIT|COMP_8bit:COMP_LESS_UNIT|COMP_4bit:u_low"     ;
+---------+--------+----------+-------------------------------------------------------------------------------------+
; Port    ; Type   ; Severity ; Details                                                                             ;
+---------+--------+----------+-------------------------------------------------------------------------------------+
; o_equal ; Output ; Info     ; Connected to dangling logic. Logic that only feeds a dangling port will be removed. ;
+---------+--------+----------+-------------------------------------------------------------------------------------+


+--------------------------------------------------+
; Port Connectivity Checks: "FPU_unit:FPU_UNIT"    ;
+----------------+-------+----------+--------------+
; Port           ; Type  ; Severity ; Details      ;
+----------------+-------+----------+--------------+
; i_32_a[29..25] ; Input ; Info     ; Stuck at GND ;
; i_32_a[23..22] ; Input ; Info     ; Stuck at GND ;
; i_32_a[20..0]  ; Input ; Info     ; Stuck at GND ;
; i_32_a[31]     ; Input ; Info     ; Stuck at GND ;
; i_32_a[30]     ; Input ; Info     ; Stuck at VCC ;
; i_32_a[24]     ; Input ; Info     ; Stuck at VCC ;
; i_32_a[21]     ; Input ; Info     ; Stuck at VCC ;
; i_32_b[14..0]  ; Input ; Info     ; Stuck at GND ;
+----------------+-------+----------+--------------+


+-------------------------------+
; Elapsed Time Per Partition    ;
+----------------+--------------+
; Partition Name ; Elapsed Time ;
+----------------+--------------+
; Top            ; 00:00:04     ;
+----------------+--------------+


+-------------------------------+
; Analysis & Synthesis Messages ;
+-------------------------------+
Info: *******************************************************************
Info: Running Quartus II 64-Bit Analysis & Synthesis
    Info: Version 13.0.1 Build 232 06/12/2013 Service Pack 1 SJ Web Edition
    Info: Processing started: Sat Nov 22 11:56:05 2025
Info: Command: quartus_map --read_settings_files=on --write_settings_files=off FPU_top -c FPU_top
Info (11104): Parallel Compilation has detected 8 hyper-threaded processors. However, the extra hyper-threaded processors will not be used by default. Parallel Compilation will use 4 of the 4 physical processors detected instead.
Info (12021): Found 1 design units, including 1 entities, in source file /document_forme/project_tiny/bigproject/floating_point/version_final2/02_rtl/sign_unit.sv
    Info (12023): Found entity 1: SIGN_unit
Info (12021): Found 1 design units, including 1 entities, in source file /document_forme/project_tiny/bigproject/floating_point/version_final2/02_rtl/shf_right_28bit.sv
    Info (12023): Found entity 1: SHF_right_28bit
Info (12021): Found 1 design units, including 1 entities, in source file /document_forme/project_tiny/bigproject/floating_point/version_final2/02_rtl/shf_left_28bit.sv
    Info (12023): Found entity 1: SHF_left_28bit
Info (12021): Found 1 design units, including 1 entities, in source file /document_forme/project_tiny/bigproject/floating_point/version_final2/02_rtl/rounding_unit.sv
    Info (12023): Found entity 1: ROUNDING_unit
Info (12021): Found 1 design units, including 1 entities, in source file /document_forme/project_tiny/bigproject/floating_point/version_final2/02_rtl/rnd_add.sv
    Info (12023): Found entity 1: RND_add
Info (12021): Found 1 design units, including 1 entities, in source file /document_forme/project_tiny/bigproject/floating_point/version_final2/02_rtl/psc_unit.sv
    Info (12023): Found entity 1: PSC_unit
Info (12021): Found 1 design units, including 1 entities, in source file /document_forme/project_tiny/bigproject/floating_point/version_final2/02_rtl/normalization_unit.sv
    Info (12023): Found entity 1: NORMALIZATION_unit
Info (12021): Found 1 design units, including 1 entities, in source file /document_forme/project_tiny/bigproject/floating_point/version_final2/02_rtl/man_swap.sv
    Info (12023): Found entity 1: MAN_swap
Info (12021): Found 1 design units, including 1 entities, in source file /document_forme/project_tiny/bigproject/floating_point/version_final2/02_rtl/man_alu.sv
    Info (12023): Found entity 1: MAN_ALU
Info (12021): Found 1 design units, including 1 entities, in source file /document_forme/project_tiny/bigproject/floating_point/version_final2/02_rtl/lopd_24bit.sv
    Info (12023): Found entity 1: LOPD_24bit
Info (12021): Found 1 design units, including 1 entities, in source file /document_forme/project_tiny/bigproject/floating_point/version_final2/02_rtl/lopd_16bit.sv
    Info (12023): Found entity 1: LOPD_16bit
Info (12021): Found 1 design units, including 1 entities, in source file /document_forme/project_tiny/bigproject/floating_point/version_final2/02_rtl/lopd_8bit.sv
    Info (12023): Found entity 1: LOPD_8bit
Info (12021): Found 1 design units, including 1 entities, in source file /document_forme/project_tiny/bigproject/floating_point/version_final2/02_rtl/lopd_4bit.sv
    Info (12023): Found entity 1: LOPD_4bit
Info (12021): Found 2 design units, including 2 entities, in source file /document_forme/project_tiny/bigproject/floating_point/version_final2/02_rtl/fpu_unit.sv
    Info (12023): Found entity 1: FPU_unit
    Info (12023): Found entity 2: Mux_4_to_1
Info (12021): Found 1 design units, including 1 entities, in source file /document_forme/project_tiny/bigproject/floating_point/version_final2/02_rtl/exp_swap.sv
    Info (12023): Found entity 1: EXP_swap
Info (12021): Found 1 design units, including 1 entities, in source file /document_forme/project_tiny/bigproject/floating_point/version_final2/02_rtl/exp_sub.sv
    Info (12023): Found entity 1: EXP_sub
Info (12021): Found 1 design units, including 1 entities, in source file /document_forme/project_tiny/bigproject/floating_point/version_final2/02_rtl/exp_rounding.sv
    Info (12023): Found entity 1: EXP_rounding
Info (12021): Found 1 design units, including 1 entities, in source file /document_forme/project_tiny/bigproject/floating_point/version_final2/02_rtl/exp_adjust.sv
    Info (12023): Found entity 1: EXP_adjust
Info (12021): Found 1 design units, including 1 entities, in source file /document_forme/project_tiny/bigproject/floating_point/version_final2/02_rtl/comp_28bit.sv
    Info (12023): Found entity 1: COMP_28bit
Info (12021): Found 1 design units, including 1 entities, in source file /document_forme/project_tiny/bigproject/floating_point/version_final2/02_rtl/comp_8bit.sv
    Info (12023): Found entity 1: COMP_8bit
Info (12021): Found 1 design units, including 1 entities, in source file /document_forme/project_tiny/bigproject/floating_point/version_final2/02_rtl/comp_4bit.sv
    Info (12023): Found entity 1: COMP_4bit
Info (12021): Found 1 design units, including 1 entities, in source file /document_forme/project_tiny/bigproject/floating_point/version_final2/02_rtl/comp_2bit.sv
    Info (12023): Found entity 1: COMP_2bit
Info (12021): Found 1 design units, including 1 entities, in source file /document_forme/project_tiny/bigproject/floating_point/version_final2/02_rtl/cla_28bit.sv
    Info (12023): Found entity 1: CLA_28bit
Info (12021): Found 1 design units, including 1 entities, in source file /document_forme/project_tiny/bigproject/floating_point/version_final2/02_rtl/cla_24bit.sv
    Info (12023): Found entity 1: CLA_24bit
Info (12021): Found 1 design units, including 1 entities, in source file /document_forme/project_tiny/bigproject/floating_point/version_final2/02_rtl/cla_8bit.sv
    Info (12023): Found entity 1: CLA_8bit
Info (12021): Found 1 design units, including 1 entities, in source file /document_forme/project_tiny/bigproject/floating_point/version_final2/02_rtl/cla_4bit.sv
    Info (12023): Found entity 1: CLA_4bit
Info (12021): Found 1 design units, including 1 entities, in source file uart_ss_detect_start.sv
    Info (12023): Found entity 1: UART_SS_detect_start
Info (12021): Found 1 design units, including 1 entities, in source file uart_ss_detect_edge.sv
    Info (12023): Found entity 1: UART_SS_detect_edge
Info (12021): Found 1 design units, including 1 entities, in source file hex_trans.sv
    Info (12023): Found entity 1: HEX_trans
Info (12021): Found 1 design units, including 1 entities, in source file hex_block.sv
    Info (12023): Found entity 1: HEX_block
Info (12021): Found 1 design units, including 1 entities, in source file fpu_top.sv
    Info (12023): Found entity 1: FPU_top
Info (12021): Found 1 design units, including 1 entities, in source file /document_forme/project_tiny/bigproject/floating_point/version_final2/02_rtl/cska_28bit.sv
    Info (12023): Found entity 1: CKSA_28bit
Info (12021): Found 1 design units, including 1 entities, in source file /document_forme/project_tiny/bigproject/floating_point/version_final2/02_rtl/cska_4bit.sv
    Info (12023): Found entity 1: CSKA_4bit
Info (12127): Elaborating entity "FPU_top" for the top level hierarchy
Info (12128): Elaborating entity "UART_SS_detect_edge" for hierarchy "UART_SS_detect_edge:SSDE_I_VALID_UNIT"
Info (12128): Elaborating entity "FPU_unit" for hierarchy "FPU_unit:FPU_UNIT"
Info (12128): Elaborating entity "EXP_swap" for hierarchy "FPU_unit:FPU_UNIT|EXP_swap:EXP_SWAP_UNIT"
Info (12128): Elaborating entity "COMP_8bit" for hierarchy "FPU_unit:FPU_UNIT|EXP_swap:EXP_SWAP_UNIT|COMP_8bit:COMP_LESS_UNIT"
Info (12128): Elaborating entity "COMP_4bit" for hierarchy "FPU_unit:FPU_UNIT|EXP_swap:EXP_SWAP_UNIT|COMP_8bit:COMP_LESS_UNIT|COMP_4bit:u_low"
Info (12128): Elaborating entity "EXP_sub" for hierarchy "FPU_unit:FPU_UNIT|EXP_sub:EXP_SUB_UNIT"
Info (12128): Elaborating entity "CLA_8bit" for hierarchy "FPU_unit:FPU_UNIT|EXP_sub:EXP_SUB_UNIT|CLA_8bit:CLA_8BIT_UNIT"
Info (12128): Elaborating entity "CLA_4bit" for hierarchy "FPU_unit:FPU_UNIT|EXP_sub:EXP_SUB_UNIT|CLA_8bit:CLA_8BIT_UNIT|CLA_4bit:CLA_4BIT_UNIT_0"
Info (12128): Elaborating entity "MAN_swap" for hierarchy "FPU_unit:FPU_UNIT|MAN_swap:MAN_PRE_SWAP_BY_EXPONENT_UNIT"
Info (12128): Elaborating entity "SHF_right_28bit" for hierarchy "FPU_unit:FPU_UNIT|SHF_right_28bit:SHF_RIGHT_28BIT_UNIT"
Info (12128): Elaborating entity "COMP_28bit" for hierarchy "FPU_unit:FPU_UNIT|COMP_28bit:MAN_COMP_28BIT_UNIT"
Info (12128): Elaborating entity "MAN_swap" for hierarchy "FPU_unit:FPU_UNIT|MAN_swap:MAN_PRE_SWAP_BY_MAN_UNIT"
Info (12128): Elaborating entity "SIGN_unit" for hierarchy "FPU_unit:FPU_UNIT|SIGN_unit:SIGN_OUT"
Info (12128): Elaborating entity "MAN_ALU" for hierarchy "FPU_unit:FPU_UNIT|MAN_ALU:MAN_ALU_UNIT"
Info (12128): Elaborating entity "CLA_28bit" for hierarchy "FPU_unit:FPU_UNIT|MAN_ALU:MAN_ALU_UNIT|CLA_28bit:ALU_SUB_UNIT"
Info (12128): Elaborating entity "LOPD_24bit" for hierarchy "FPU_unit:FPU_UNIT|LOPD_24bit:LOPD_24BIT_UNIT"
Info (12128): Elaborating entity "LOPD_16bit" for hierarchy "FPU_unit:FPU_UNIT|LOPD_24bit:LOPD_24BIT_UNIT|LOPD_16bit:LOPD_16bit_UNIT_MSB"
Info (12128): Elaborating entity "LOPD_8bit" for hierarchy "FPU_unit:FPU_UNIT|LOPD_24bit:LOPD_24BIT_UNIT|LOPD_16bit:LOPD_16bit_UNIT_MSB|LOPD_8bit:LOPD_8bit_unit_0"
Info (12128): Elaborating entity "EXP_adjust" for hierarchy "FPU_unit:FPU_UNIT|EXP_adjust:EXP_ADJUST_UNIT"
Info (12128): Elaborating entity "NORMALIZATION_unit" for hierarchy "FPU_unit:FPU_UNIT|NORMALIZATION_unit:NORMALIZATION_UNIT"
Info (12128): Elaborating entity "SHF_left_28bit" for hierarchy "FPU_unit:FPU_UNIT|NORMALIZATION_unit:NORMALIZATION_UNIT|SHF_left_28bit:SHF_left_28bit_unit"
Info (12128): Elaborating entity "ROUNDING_unit" for hierarchy "FPU_unit:FPU_UNIT|ROUNDING_unit:ROUNDING_UNIT"
Info (12128): Elaborating entity "RND_add" for hierarchy "FPU_unit:FPU_UNIT|ROUNDING_unit:ROUNDING_UNIT|RND_add:INCREASE_ROUNDING"
Info (12128): Elaborating entity "EXP_rounding" for hierarchy "FPU_unit:FPU_UNIT|EXP_rounding:EXP_ROUNDING"
Info (12128): Elaborating entity "PSC_unit" for hierarchy "FPU_unit:FPU_UNIT|PSC_unit:PSC_UNIT"
Info (12128): Elaborating entity "Mux_4_to_1" for hierarchy "FPU_unit:FPU_UNIT|Mux_4_to_1:SEL_MANTISSA_FOR_RESULT"
Info (12128): Elaborating entity "HEX_block" for hierarchy "HEX_block:HEX_BLOCK_UNIT"
Info (12128): Elaborating entity "HEX_trans" for hierarchy "HEX_block:HEX_BLOCK_UNIT|HEX_trans:gen_hex[0].u_hex_trans"
Info (13000): Registers with preset signals will power-up high
Info (13003): DEV_CLRn pin will set, and not reset, register with preset signal due to NOT Gate Push-Back
Info (16010): Generating hard_block partition "hard_block:auto_generated_inst"
    Info (16011): Adding 0 node(s), including 0 DDIO, 0 PLL, 0 transceiver and 0 LCELL
Warning (21074): Design contains 2 input pin(s) that do not drive logic
    Warning (15610): No output dependent on input pin "KEY[2]"
    Warning (15610): No output dependent on input pin "KEY[3]"
Info (21057): Implemented 857 device resources after synthesis - the final resource count might be different
    Info (21058): Implemented 23 input pins
    Info (21059): Implemented 78 output pins
    Info (21061): Implemented 756 logic cells
Info: Quartus II 64-Bit Analysis & Synthesis was successful. 0 errors, 3 warnings
    Info: Peak virtual memory: 4611 megabytes
    Info: Processing ended: Sat Nov 22 11:56:11 2025
    Info: Elapsed time: 00:00:06
    Info: Total CPU time (on all processors): 00:00:06


