============================================================
  Generated by:           Genus(TM) Synthesis Solution GENUS15.20 - 15.20-p004_1
  Generated on:           Nov 23 2025  09:17:48 pm
  Module:                 FPU_unit
  Wireload mode:          enclosed
  Area mode:              timing library
============================================================

Timing
-------
  Cost    Critical       Violating 
 Group   Path Slack TNS    Paths   
-----------------------------------
default         0.0   0          0 
-----------------------------------
Total                 0          0 

Instance Count
--------------
Leaf Instance Count             1387 
Sequential Instance Count          0 
Combinational Instance Count    1387 
Hierarchical Instance Count       45 

Area
----
Cell Area                          2248.564
Physical Cell Area                 0.000
Total Cell Area (Cell+Physical)    2248.564
Net Area                           0.000
Total Area (Cell+Physical+Net)     2248.564

Max Fanout                         54 (w_MAN_PRE_SWAP_BY_MAN_compara)
Min Fanout                         0 (w_EXPSUB_diff_value[5])
Average Fanout                     2.2
Terms to net ratio                 3.1
Terms to instance ratio            3.4
Runtime                            14.902 seconds
Elapsed Runtime                    15 seconds
RC peak memory usage:              480.12 
EDI peak memory usage:             no_value 
Hostname                           centos7
