============================================================
  Generated by:           Genus(TM) Synthesis Solution GENUS15.20 - 15.20-p004_1
  Generated on:           Nov 23 2025  09:17:48 pm
  Module:                 FPU_unit
  Wireload mode:          enclosed
  Area mode:              timing library
============================================================

                                       Leakage   Dynamic    Total   
            Instance            Cells Power(nW) Power(nW) Power(nW) 
--------------------------------------------------------------------
FPU_unit                         1387   278.566 98385.851 98664.418 
  NORMALIZATION_UNIT              342    63.562 28267.061 28330.623 
    SHF_left_28bit_unit           224    43.512 20368.899 20412.411 
  MAN_ALU_UNIT                    194    48.146 23992.590 24040.736 
    ALU_SUB_UNIT                  162    41.398 19981.791 20023.189 
      CLA_BLOCK_..CLA_4BIT_UNIT    23     6.059  2098.144  2104.203 
      CLA_BLOCK_..CLA_4BIT_UNIT    26     5.889  2282.576  2288.465 
      CLA_BLOCK_..CLA_4BIT_UNIT    19     5.578  3502.234  3507.812 
      CLA_BLOCK_..CLA_4BIT_UNIT    19     5.221  2750.694  2755.914 
      CLA_BLOCK_..CLA_4BIT_UNIT    20     5.205  2201.431  2206.636 
      CLA_BLOCK_..CLA_4BIT_UNIT    18     5.124  3402.981  3408.105 
      CLA_BLOCK_..CLA_4BIT_UNIT    19     4.978  2844.912  2849.890 
  SHF_RIGHT_28BIT_UNIT            172    30.807 12198.902 12229.709 
  MAN_COMP_28BIT_UNIT             136    24.529  5992.454  6016.983 
    u_i_data_1                     21     3.544  1171.113  1174.657 
    u_i_data_3                     21     3.523  1010.783  1014.305 
    u_i_data_2                     21     3.520  1141.036  1144.555 
    u_i_data_4                     21     3.484   889.401   892.885 
    u_i_data_5                     21     3.437   652.834   656.271 
    u_i_data_6                     14     2.395   354.327   356.722 
    u_i_data_0                      3     0.429   155.483   155.912 
  MAN_PRE_SW..EXPONENT_UNIT        85    16.252  2540.825  2557.076 
  MAN_PRE_SWAP_BY_MAN_UNIT         79    14.594  4361.072  4375.666 
  LOPD_24BIT_UNIT                  59    14.530  3662.692  3677.222 
    LOPD_16bit_UNIT_MSB            34     5.983  1828.924  1834.908 
      LOPD_8bit_unit_1             16     2.738   595.465   598.203 
      LOPD_8bit_unit_0             13     2.156  1148.161  1150.317 
    LOPD_8bit_UNIT_LSB             13     1.994  1310.491  1312.486 
  EXP_SWAP_UNIT                    64    13.965  2070.122  2084.087 
    COMP_LESS_UNIT                 43     8.989  1128.617  1137.606 
      u_high                       28     4.947   583.404   588.352 
      u_low                        13     2.659   355.459   358.118 
  ROUNDING_UNIT                    82    13.710  5115.713  5129.423 
    INCREASE_ROUNDING              80    13.353  4893.406  4906.759 
  EXP_ADJUST_UNIT                  52    12.737  2113.779  2126.516 
    CLA_8BIT_UNIT                  36     9.504  1444.128  1453.632 
      CLA_4BIT_UNIT_0              20     5.239   877.706   882.945 
      CLA_4BIT_UNIT_1              15     4.051   535.234   539.285 
  EXP_SUB_UNIT                     32     9.872  3030.932  3040.804 
    CLA_8BIT_UNIT                  27     9.115  2920.735  2929.850 
      CLA_4BIT_UNIT_0              24     8.017  2373.274  2381.291 
      CLA_4BIT_UNIT_1               2     0.890   490.892   491.781 
  SEL_MANTISSA_FOR_RESULT          24     5.754  3477.066  3482.820 
  PSC_UNIT                         33     4.276   295.333   299.609 
  EXP_ROUNDING                     19     3.476   349.718   353.194 
  SIGN_OUT                          2     0.548    74.296    74.845 

