============================================================
  Generated by:           Genus(TM) Synthesis Solution GENUS15.20 - 15.20-p004_1
  Generated on:           Nov 23 2025  09:17:48 pm
  Module:                 FPU_unit
  Wireload mode:          enclosed
  Area mode:              timing library
============================================================


Path 1: MET (0 ps) Path Delay Check
     Startpoint: (R) i_32_a[26]
       Endpoint: (F) o_32_s[22]

                  Capture    Launch  
     Path Delay:+    4500         -  
        Arrival:=    4500            
                                     
  Required Time:=    4500            
      Data Path:-    4500            
          Slack:=       0            

#-----------------------------------------------------------------------------------------------------------------------------------
#                          Timing Point                           Flags    Arc   Edge     Cell      Fanout Load Trans Delay Arrival 
#                                                                                                          (fF)  (ps)  (ps)   (ps)  
#-----------------------------------------------------------------------------------------------------------------------------------
  i_32_a[26]                                                      -       -      R     (arrival)         5  1.4     0     0       0 
  EXP_SWAP_UNIT/COMP_LESS_UNIT/u_low/g775/Y                       -       AN->Y  R     NOR2BX1LVT        2  0.8    38    57      57 
  EXP_SWAP_UNIT/COMP_LESS_UNIT/u_low/g758/Y                       -       A->Y   F     INVX1LVT          1  0.4    17    29      86 
  EXP_SWAP_UNIT/COMP_LESS_UNIT/u_low/g752/Y                       -       A1->Y  R     AOI21X1LVT        1  0.9    48    44     130 
  EXP_SWAP_UNIT/COMP_LESS_UNIT/u_low/g750/Y                       -       A->Y   F     NAND2X2LVT        1  1.6    50    57     186 
  EXP_SWAP_UNIT/COMP_LESS_UNIT/g20/Y                              -       A1->Y  R     AOI21X4LVT        1  1.8    41    47     234 
  EXP_SWAP_UNIT/COMP_LESS_UNIT/g19/Y                              -       A->Y   F     CLKINVX4LVT      15  6.2    38    37     271 
  EXP_SWAP_UNIT/g287/Y                                            -       A->Y   R     INVX3LVT          7  2.5    23    27     298 
  EXP_SWAP_UNIT/g259/Y                                            -       B1->Y  F     OAI22X2LVT        1  0.8    56    47     346 
  EXP_SUB_UNIT/g13/Y                                              -       A->Y   R     INVX2LVT          4  1.9    27    37     382 
  EXP_SUB_UNIT/CLA_8BIT_UNIT/CLA_4BIT_UNIT_0/g693/Y               -       A->Y   F     INVX1LVT          2  1.6    34    34     416 
  EXP_SUB_UNIT/CLA_8BIT_UNIT/CLA_4BIT_UNIT_0/g687/Y               -       B->Y   R     NOR2X2LVT         1  2.7    56    49     465 
  EXP_SUB_UNIT/CLA_8BIT_UNIT/CLA_4BIT_UNIT_0/g682/Y               -       B->Y   F     NOR2X6LVT        28 11.4    53    46     512 
  EXP_SUB_UNIT/CLA_8BIT_UNIT/CLA_4BIT_UNIT_0/g678/Y               -       B->Y   R     NAND2X2LVT        2  1.1    24    34     546 
  EXP_SUB_UNIT/CLA_8BIT_UNIT/CLA_4BIT_UNIT_0/g2/Y                 -       B->Y   F     XNOR2X4LVT       27 10.8    79   152     698 
  SHF_RIGHT_28BIT_UNIT/g4347/Y                                    -       A->Y   R     CLKINVX4LVT      23  8.6    50    51     749 
  SHF_RIGHT_28BIT_UNIT/g4369/Y                                    -       B1->Y  R     OA22XLLVT         2  0.6    26    99     848 
  SHF_RIGHT_28BIT_UNIT/g4248/Y                                    -       B->Y   F     NOR2X1LVT         1  0.4    24    24     872 
  SHF_RIGHT_28BIT_UNIT/g4365/Y                                    -       B0->Y  R     AOI2BB1X1LVT      2  0.6    35    40     913 
  SHF_RIGHT_28BIT_UNIT/g4191/Y                                    -       A->Y   F     MXI2XLLVT         2  0.4    68    71     983 
  SHF_RIGHT_28BIT_UNIT/g2/Y                                       -       AN->Y  F     NOR2BX1LVT        4  1.4    40    68    1052 
  MAN_COMP_28BIT_UNIT/u_i_data_4/g375/Y                           -       B->Y   R     NOR2X1LVT         2  0.6    36    40    1092 
  MAN_COMP_28BIT_UNIT/u_i_data_4/g2/Y                             -       A1N->Y R     AOI2BB1X1LVT      1  0.4    29    58    1150 
  MAN_COMP_28BIT_UNIT/u_i_data_4/g357/Y                           -       A->Y   F     NAND2X1LVT        1  0.4    34    43    1192 
  MAN_COMP_28BIT_UNIT/g174/Y                                      -       A0->Y  R     AOI21X1LVT        1  0.4    36    49    1242 
  MAN_COMP_28BIT_UNIT/g171/Y                                      -       A1->Y  F     OAI21X1LVT        1  0.8    57    56    1297 
  MAN_COMP_28BIT_UNIT/g169/Y                                      -       A->Y   R     NOR2X2LVT         1  2.7    56    64    1361 
  MAN_COMP_28BIT_UNIT/g167/Y                                      -       A->Y   F     NAND2X6LVT       54 19.8   138   109    1470 
  MAN_PRE_SWAP_BY_MAN_UNIT/g910/Y                                 -       A->Y   R     INVX2LVT         26  8.8    89    98    1568 
  MAN_PRE_SWAP_BY_MAN_UNIT/g878/Y                                 -       B->Y   F     NOR2BX1LVT        2  0.6    30    57    1624 
  MAN_ALU_UNIT/ALU_SUB_UNIT/CLA_BLOCK_GEN[0].CLA_4BIT_UNIT/g330/Y -       A->Y   R     XNOR2X1LVT        4  1.0    26   128    1753 
  MAN_ALU_UNIT/ALU_SUB_UNIT/CLA_BLOCK_GEN[0].CLA_4BIT_UNIT/g341/Y -       AN->Y  R     NAND2BX1LVT       2  0.8    24    50    1803 
  MAN_ALU_UNIT/ALU_SUB_UNIT/CLA_BLOCK_GEN[0].CLA_4BIT_UNIT/g316/Y -       A1->Y  F     OAI21X1LVT        1  0.4    45    43    1846 
  MAN_ALU_UNIT/ALU_SUB_UNIT/CLA_BLOCK_GEN[0].CLA_4BIT_UNIT/g342/Y -       B0->Y  R     AOI2BB1X1LVT      1  0.4    30    46    1892 
  MAN_ALU_UNIT/ALU_SUB_UNIT/CLA_BLOCK_GEN[0].CLA_4BIT_UNIT/g311/Y -       B->Y   F     NAND2X1LVT        3  0.8    48    46    1938 
  MAN_ALU_UNIT/ALU_SUB_UNIT/g141/Y                                -       B->Y   F     OR2X1LVT          2  0.8    23    78    2016 
  MAN_ALU_UNIT/ALU_SUB_UNIT/CLA_BLOCK_GEN[1].CLA_4BIT_UNIT/g376/Y -       A1->Y  R     AOI21X1LVT        3  1.3    59    53    2070 
  MAN_ALU_UNIT/ALU_SUB_UNIT/CLA_BLOCK_GEN[1].CLA_4BIT_UNIT/g373/Y -       A1->Y  F     OAI21X1LVT        2  0.4    49    59    2128 
  MAN_ALU_UNIT/ALU_SUB_UNIT/g159/Y                                -       B->Y   F     OR2XLLVT          3  1.0    38    76    2204 
  MAN_ALU_UNIT/ALU_SUB_UNIT/CLA_BLOCK_GEN[2].CLA_4BIT_UNIT/g383/Y -       A1N->Y F     OAI2BB1X1LVT      2  0.4    40    61    2266 
  MAN_ALU_UNIT/ALU_SUB_UNIT/g186/Y                                -       B->Y   F     OR2XLLVT          3  0.6    26    67    2333 
  MAN_ALU_UNIT/ALU_SUB_UNIT/CLA_BLOCK_GEN[3].CLA_4BIT_UNIT/g385/Y -       A1N->Y F     OAI2BB1X1LVT      2  0.4    40    57    2390 
  MAN_ALU_UNIT/ALU_SUB_UNIT/g224/Y                                -       B->Y   F     OR2XLLVT          3  0.6    26    67    2457 
  MAN_ALU_UNIT/ALU_SUB_UNIT/CLA_BLOCK_GEN[4].CLA_4BIT_UNIT/g389/Y -       A1N->Y F     OAI2BB1X1LVT      3  0.8    53    65    2522 
  MAN_ALU_UNIT/ALU_SUB_UNIT/g261/Y                                -       B->Y   F     OR2X1LVT          4  1.4    32    85    2607 
  MAN_ALU_UNIT/ALU_SUB_UNIT/CLA_BLOCK_GEN[5].CLA_4BIT_UNIT/g646/Y -       A1N->Y F     OAI2BB1X1LVT      2  0.8    53    67    2674 
  MAN_ALU_UNIT/ALU_SUB_UNIT/g262/Y                                -       A->Y   R     INVX1LVT          1  0.9    24    37    2711 
  MAN_ALU_UNIT/ALU_SUB_UNIT/g255/Y                                -       B->Y   F     NAND2X2LVT        3  1.0    39    37    2748 
  MAN_ALU_UNIT/ALU_SUB_UNIT/CLA_BLOCK_GEN[6].CLA_4BIT_UNIT/g814/Y -       A1->Y  R     AOI21X1LVT        3  1.3    60    60    2808 
  MAN_ALU_UNIT/ALU_SUB_UNIT/CLA_BLOCK_GEN[6].CLA_4BIT_UNIT/g809/Y -       A1->Y  F     OAI21X1LVT        1  0.4    49    59    2866 
  MAN_ALU_UNIT/ALU_SUB_UNIT/CLA_BLOCK_GEN[6].CLA_4BIT_UNIT/g807/Y -       B->Y   R     CLKXOR2X1LVT      9  3.7    64   115    2981 
  LOPD_24BIT_UNIT/LOPD_16bit_UNIT_MSB/LOPD_8bit_unit_1/g332/Y     -       B->Y   F     NOR2X2LVT         2  0.8    23    40    3021 
  LOPD_24BIT_UNIT/LOPD_16bit_UNIT_MSB/LOPD_8bit_unit_1/g317/Y     -       B->Y   F     CLKAND2X3LVT      6  1.5    19    56    3077 
  LOPD_24BIT_UNIT/LOPD_16bit_UNIT_MSB/g73/Y                       -       B->Y   F     CLKAND2X2LVT     13  6.0    59    81    3158 
  LOPD_24BIT_UNIT/g139/Y                                          -       B->Y   F     CLKAND2X6LVT     15  6.4    30    74    3232 
  LOPD_24BIT_UNIT/g3/Y                                            -       B0->Y  R     AOI21X2LVT        1  1.8    48    45    3278 
  LOPD_24BIT_UNIT/g2/Y                                            -       B0->Y  F     OAI2BB1X4LVT     22  6.2    78    74    3352 
  NORMALIZATION_UNIT/SHF_left_28bit_unit/g3232/Y                  -       A->Y   R     INVX1LVT         16  3.6    66    70    3423 
  NORMALIZATION_UNIT/SHF_left_28bit_unit/g3149/Y                  -       B->Y   F     NAND2X1LVT       10  3.0   124   104    3526 
  NORMALIZATION_UNIT/SHF_left_28bit_unit/g3090/Y                  -       A->Y   R     NOR2X1LVT         1  0.4    35    77    3604 
  NORMALIZATION_UNIT/g1419/Y                                      -       B->Y   F     NAND2X1LVT        1  0.4    38    41    3645 
  NORMALIZATION_UNIT/g1366/Y                                      -       B->Y   R     NAND2X1LVT        1  0.4    24    29    3673 
  ROUNDING_UNIT/g30/Y                                             -       A->Y   F     NOR3X1LVT         1  0.4    28    34    3707 
  ROUNDING_UNIT/g2/Y                                              -       B->Y   R     NOR2BX1LVT        2  0.4    30    32    3739 
  ROUNDING_UNIT/INCREASE_ROUNDING/g1634/Y                         -       B->Y   R     AND2X1LVT         4  2.0    38    97    3836 
  ROUNDING_UNIT/INCREASE_ROUNDING/g1532/Y                         -       B->Y   F     NAND2X2LVT        2  0.6    32    39    3874 
  ROUNDING_UNIT/INCREASE_ROUNDING/g1526/Y                         -       A->Y   R     INVX1LVT          1  0.9    22    28    3902 
  ROUNDING_UNIT/INCREASE_ROUNDING/g1523/Y                         -       B->Y   F     NAND2X2LVT        2  1.2    41    37    3940 
  ROUNDING_UNIT/INCREASE_ROUNDING/g1515/Y                         -       B->Y   R     NOR2X2LVT         2  1.4    39    41    3981 
  ROUNDING_UNIT/INCREASE_ROUNDING/g1513/Y                         -       B->Y   F     NAND2X2LVT        2  1.2    42    44    4025 
  ROUNDING_UNIT/INCREASE_ROUNDING/g1510/Y                         -       B->Y   R     NOR2X2LVT         2  2.3    52    49    4074 
  ROUNDING_UNIT/INCREASE_ROUNDING/g1508/Y                         -       B->Y   F     NAND2X4LVT        3  2.4    46    49    4123 
  ROUNDING_UNIT/INCREASE_ROUNDING/g1588/Y                         -       C->Y   R     NOR3BX4LVT        3  2.7    64    52    4175 
  ROUNDING_UNIT/INCREASE_ROUNDING/g2/Y                            -       C->Y   F     NAND3X4LVT        2  1.2    62    65    4240 
  ROUNDING_UNIT/INCREASE_ROUNDING/g1490/Y                         -       B->Y   R     NOR2X2LVT         3  1.6    44    51    4291 
  ROUNDING_UNIT/INCREASE_ROUNDING/g1487/Y                         -       B->Y   F     NAND2X2LVT        2  0.8    36    43    4334 
  ROUNDING_UNIT/INCREASE_ROUNDING/g1483/Y                         -       B->Y   R     NOR2X1LVT         1  0.5    33    37    4371 
  ROUNDING_UNIT/INCREASE_ROUNDING/g1480/Y                         -       S0->Y  F     MXI2XLLVT         1  0.4    65    55    4426 
  SEL_MANTISSA_FOR_RESULT/g302/Y                                  -       B->Y   R     NAND2BX1LVT       1  0.2    20    40    4466 
  SEL_MANTISSA_FOR_RESULT/g303/Y                                  -       B0->Y  F     OAI2BB1XLLVT      1  0.0    23    34    4500 
  o_32_s[22]                                                      <<<     -      F     (port)            -    -     -     0    4500 
#-----------------------------------------------------------------------------------------------------------------------------------

