============================================================
  Generated by:           Genus(TM) Synthesis Solution GENUS15.20 - 15.20-p004_1
  Generated on:           Nov 23 2025  09:17:48 pm
  Module:                 FPU_unit
  Wireload mode:          enclosed
  Area mode:              timing library
============================================================

                                  
    Gate      Instances    Area       Library    
-------------------------------------------------
ADDHX1LVT            23    86.526    slow_vdd1v0 
AND2X1LVT             4     5.472    slow_vdd1v0 
AND2XLLVT             7     9.576    slow_vdd1v0 
AND3XLLVT             6    12.312    slow_vdd1v0 
AO21X1LVT             2     4.788    slow_vdd1v0 
AO22X1LVT            10    27.360    slow_vdd1v0 
AO22XLLVT             1     2.736    slow_vdd1v0 
AOI21X1LVT           49    83.790    slow_vdd1v0 
AOI21X2LVT            1     2.736    slow_vdd1v0 
AOI21X4LVT            1     5.130    slow_vdd1v0 
AOI21XLLVT            2     3.420    slow_vdd1v0 
AOI222X1LVT           4    12.312    slow_vdd1v0 
AOI22X1LVT           29    59.508    slow_vdd1v0 
AOI22XLLVT            1     2.052    slow_vdd1v0 
AOI2BB1X1LVT         43    88.236    slow_vdd1v0 
AOI2BB1XLLVT          1     2.052    slow_vdd1v0 
AOI31X1LVT            1     2.052    slow_vdd1v0 
AOI32X1LVT            1     2.394    slow_vdd1v0 
BUFX2LVT              1     1.710    slow_vdd1v0 
CLKAND2X2LVT          2     4.104    slow_vdd1v0 
CLKAND2X3LVT          1     3.078    slow_vdd1v0 
CLKAND2X6LVT          1     4.788    slow_vdd1v0 
CLKINVX4LVT           2     3.420    slow_vdd1v0 
CLKXOR2X1LVT         35    95.760    slow_vdd1v0 
INVX1LVT            170   116.280    slow_vdd1v0 
INVX2LVT              6     6.156    slow_vdd1v0 
INVX3LVT              2     2.736    slow_vdd1v0 
INVXLLVT              1     0.684    slow_vdd1v0 
MX2X1LVT             18    43.092    slow_vdd1v0 
MX2XLLVT             57   136.458    slow_vdd1v0 
MXI2XLLVT            68   162.792    slow_vdd1v0 
NAND2BX1LVT          25    34.200    slow_vdd1v0 
NAND2BXLLVT           9    12.312    slow_vdd1v0 
NAND2X1LVT          152   155.952    slow_vdd1v0 
NAND2X2LVT           11    18.810    slow_vdd1v0 
NAND2X4LVT            2     6.293    slow_vdd1v0 
NAND2X6LVT            1     4.566    slow_vdd1v0 
NAND2XLLVT            7     7.182    slow_vdd1v0 
NAND3BX1LVT           2     4.104    slow_vdd1v0 
NAND3BXLLVT           5     8.550    slow_vdd1v0 
NAND3X1LVT            6    10.260    slow_vdd1v0 
NAND3X4LVT            1     4.788    slow_vdd1v0 
NAND4BX1LVT           1     2.394    slow_vdd1v0 
NAND4XLLVT            6    10.260    slow_vdd1v0 
NOR2BX1LVT          142   194.256    slow_vdd1v0 
NOR2X1LVT           172   176.472    slow_vdd1v0 
NOR2X2LVT             9    15.390    slow_vdd1v0 
NOR2X6LVT             1     4.104    slow_vdd1v0 
NOR2XLLVT             5     5.130    slow_vdd1v0 
NOR3BX1LVT            8    16.416    slow_vdd1v0 
NOR3BX2LVT            1     3.420    slow_vdd1v0 
NOR3BX4LVT            1     5.814    slow_vdd1v0 
NOR3X1LVT             5     8.550    slow_vdd1v0 
NOR4BBX1LVT           1     2.736    slow_vdd1v0 
NOR4X1LVT            11    18.810    slow_vdd1v0 
OA21X1LVT             8    16.416    slow_vdd1v0 
OA22X1LVT            35    83.790    slow_vdd1v0 
OA22XLLVT             1     3.078    slow_vdd1v0 
OAI211X1LVT           2     3.420    slow_vdd1v0 
OAI21X1LVT           51    87.210    slow_vdd1v0 
OAI221X1LVT           5    11.970    slow_vdd1v0 
OAI22X1LVT           58   119.016    slow_vdd1v0 
OAI22X2LVT            1     3.420    slow_vdd1v0 
OAI22XLLVT            4     8.208    slow_vdd1v0 
OAI2BB1X1LVT         18    30.780    slow_vdd1v0 
OAI2BB1X4LVT          1     4.446    slow_vdd1v0 
OAI2BB1XLLVT          1     2.052    slow_vdd1v0 
OAI31X1LVT            3     6.156    slow_vdd1v0 
OAI32X1LVT            1     2.394    slow_vdd1v0 
OR2X1LVT             10    13.680    slow_vdd1v0 
OR2X4LVT              1     2.736    slow_vdd1v0 
OR2XLLVT              9    12.312    slow_vdd1v0 
OR3XLLVT              1     2.052    slow_vdd1v0 
XNOR2X1LVT           26    62.244    slow_vdd1v0 
XNOR2X2LVT            2     6.156    slow_vdd1v0 
XNOR2X4LVT            1     3.762    slow_vdd1v0 
XOR2X2LVT             1     3.420    slow_vdd1v0 
XOR2XLLVT            13    35.568    slow_vdd1v0 
-------------------------------------------------
total              1387  2248.565                


                                   
  Type   Instances   Area   Area % 
-----------------------------------
inverter       181  129.276    5.7 
buffer           1    1.710    0.1 
logic         1205 2117.579   94.2 
-----------------------------------
total         1387 2248.565  100.0 

