============================================================
  Generated by:           Genus(TM) Synthesis Solution GENUS15.20 - 15.20-p004_1
  Generated on:           Nov 23 2025  09:17:48 pm
  Module:                 FPU_unit
  Wireload mode:          enclosed
  Area mode:              timing library
============================================================

              Instance                Cells  Cell Area  Net Area  Total Area  Wireload     
-------------------------------------------------------------------------------------------
FPU_unit                               1387       2249         0        2249    <none> (D) 
  NORMALIZATION_UNIT                    342        479         0         479    <none> (D) 
    SHF_left_28bit_unit                 224        329         0         329    <none> (D) 
  MAN_ALU_UNIT                          194        395         0         395    <none> (D) 
    ALU_SUB_UNIT                        162        321         0         321    <none> (D) 
      CLA_BLOCK_GEN[0].CLA_4BIT_UNIT     26         44         0          44    <none> (D) 
      CLA_BLOCK_GEN[6].CLA_4BIT_UNIT     23         43         0          43    <none> (D) 
      CLA_BLOCK_GEN[5].CLA_4BIT_UNIT     20         42         0          42    <none> (D) 
      CLA_BLOCK_GEN[4].CLA_4BIT_UNIT     19         41         0          41    <none> (D) 
      CLA_BLOCK_GEN[3].CLA_4BIT_UNIT     19         41         0          41    <none> (D) 
      CLA_BLOCK_GEN[2].CLA_4BIT_UNIT     19         41         0          41    <none> (D) 
      CLA_BLOCK_GEN[1].CLA_4BIT_UNIT     18         39         0          39    <none> (D) 
  SHF_RIGHT_28BIT_UNIT                  172        278         0         278    <none> (D) 
  MAN_COMP_28BIT_UNIT                   136        193         0         193    <none> (D) 
    u_i_data_5                           21         30         0          30    <none> (D) 
    u_i_data_4                           21         30         0          30    <none> (D) 
    u_i_data_3                           21         30         0          30    <none> (D) 
    u_i_data_2                           21         30         0          30    <none> (D) 
    u_i_data_1                           21         30         0          30    <none> (D) 
    u_i_data_6                           14         19         0          19    <none> (D) 
    u_i_data_0                            3          3         0           3    <none> (D) 
  ROUNDING_UNIT                          82        138         0         138    <none> (D) 
    INCREASE_ROUNDING                    80        135         0         135    <none> (D) 
  MAN_PRE_SWAP_BY_MAN_UNIT               79        135         0         135    <none> (D) 
  MAN_PRE_SWAP_BY_EXPONENT_UNIT          85        130         0         130    <none> (D) 
  LOPD_24BIT_UNIT                        59        105         0         105    <none> (D) 
    LOPD_16bit_UNIT_MSB                  34         57         0          57    <none> (D) 
      LOPD_8bit_unit_1                   16         26         0          26    <none> (D) 
      LOPD_8bit_unit_0                   13         21         0          21    <none> (D) 
    LOPD_8bit_UNIT_LSB                   13         21         0          21    <none> (D) 
  EXP_SWAP_UNIT                          64         98         0          98    <none> (D) 
    COMP_LESS_UNIT                       43         58         0          58    <none> (D) 
      u_high                             28         34         0          34    <none> (D) 
      u_low                              13         17         0          17    <none> (D) 
  EXP_ADJUST_UNIT                        52         94         0          94    <none> (D) 
    CLA_8BIT_UNIT                        36         75         0          75    <none> (D) 
      CLA_4BIT_UNIT_0                    20         41         0          41    <none> (D) 
      CLA_4BIT_UNIT_1                    15         31         0          31    <none> (D) 
  EXP_SUB_UNIT                           32         58         0          58    <none> (D) 
    CLA_8BIT_UNIT                        27         54         0          54    <none> (D) 
      CLA_4BIT_UNIT_0                    24         47         0          47    <none> (D) 
      CLA_4BIT_UNIT_1                     2          5         0           5    <none> (D) 
  PSC_UNIT                               33         54         0          54    <none> (D) 
  EXP_ROUNDING                           19         36         0          36    <none> (D) 
  SEL_MANTISSA_FOR_RESULT                24         34         0          34    <none> (D) 
  SIGN_OUT                                2          5         0           5    <none> (D) 

 (D) = wireload is default in technology library
