xrun(64): 20.09-s001: (c) Copyright 1995-2020 Cadence Design Systems, Inc.
TOOL:	xrun(64)	20.09-s001: Started on Nov 26, 2025 at 23:21:21 EST
xrun
	+xm64bit
	-sv
	-f ./../Topmodule/flist.f
		+incdir+./../Topmodule/lib/
		./../Topmodule/tb_FPU_unit.sv
		./../../02_rtl/FPU_unit.sv
		./../../02_rtl/CLA_4bit.sv
		./../../02_rtl/CLA_8bit.sv
		./../../02_rtl/CLA_24bit.sv
		./../../02_rtl/COMP_4bit.sv
		./../../02_rtl/COMP_8bit.sv
		./../../02_rtl/COMP_24bit.sv
		./../../02_rtl/EXP_adjust.sv
		./../../02_rtl/EXP_comp.sv
		./../../02_rtl/EXP_rounding.sv
		./../../02_rtl/EXP_sub.sv
		./../../02_rtl/EXP_swap.sv
		./../../02_rtl/LOPD_4bit.sv
		./../../02_rtl/LOPD_8bit.sv
		./../../02_rtl/LOPD_16bit.sv
		./../../02_rtl/LOPD_24bit.sv
		./../../02_rtl/MAN_ALU.sv
		./../../02_rtl/MAN_rounding.sv
		./../../02_rtl/MAN_swap.sv
		./../../02_rtl/NOR_unit.sv
		./../../02_rtl/PSC_unit.sv
		./../../02_rtl/SHF_left.sv
		./../../02_rtl/SHF_right.sv
		./../../02_rtl/SIGN_unit.sv
	-top tb_FPU_unit
	-access +rwc
	-clean
	-log ./../Topmodule/Xcelium/compile.log
	+nctimescale+1ns/1ps
	+ntb_random_seed=automatic
	-allowredefinition
	-v93

   User defined plus("+") options:
	+ntb_random_seed=automatic

xrun: *W,OPDEPRREN: Command Line Option (+nctimescale+1ns/1ps) is deprecated. Use (+xmtimescale+1ns/1ps) instead.
xrun: *N,CLEAN: Removing existing directory ./xcelium.d.
file: ./../Topmodule/tb_FPU_unit.sv
	module worklib.tb_FPU_unit:sv
		errors: 0, warnings: 0
file: ./../../02_rtl/FPU_unit.sv
	module worklib.FPU_unit:sv
		errors: 0, warnings: 0
file: ./../../02_rtl/CLA_4bit.sv
	module worklib.CLA_4bit:sv
		errors: 0, warnings: 0
file: ./../../02_rtl/CLA_8bit.sv
	module worklib.CLA_8bit:sv
		errors: 0, warnings: 0
file: ./../../02_rtl/CLA_24bit.sv
	module worklib.CLA_24bit:sv
		errors: 0, warnings: 0
file: ./../../02_rtl/COMP_4bit.sv
	module worklib.COMP_4bit:sv
		errors: 0, warnings: 0
file: ./../../02_rtl/COMP_8bit.sv
	module worklib.COMP_8bit:sv
		errors: 0, warnings: 0
file: ./../../02_rtl/COMP_24bit.sv
	module worklib.COMP_24bit:sv
		errors: 0, warnings: 0
file: ./../../02_rtl/EXP_adjust.sv
	module worklib.EXP_adjust:sv
		errors: 0, warnings: 0
file: ./../../02_rtl/EXP_comp.sv
	module worklib.EXP_comp:sv
		errors: 0, warnings: 0
file: ./../../02_rtl/EXP_rounding.sv
	module worklib.EXP_rounding:sv
		errors: 0, warnings: 0
file: ./../../02_rtl/EXP_sub.sv
	module worklib.EXP_sub:sv
		errors: 0, warnings: 0
file: ./../../02_rtl/EXP_swap.sv
	module worklib.EXP_swap:sv
		errors: 0, warnings: 0
file: ./../../02_rtl/LOPD_4bit.sv
	module worklib.LOPD_4bit:sv
		errors: 0, warnings: 0
file: ./../../02_rtl/LOPD_8bit.sv
	module worklib.LOPD_8bit:sv
		errors: 0, warnings: 0
file: ./../../02_rtl/LOPD_16bit.sv
	module worklib.LOPD_16bit:sv
		errors: 0, warnings: 0
file: ./../../02_rtl/LOPD_24bit.sv
	module worklib.LOPD_24bit:sv
		errors: 0, warnings: 0
file: ./../../02_rtl/MAN_ALU.sv
	module worklib.MAN_ALU:sv
		errors: 0, warnings: 0
file: ./../../02_rtl/MAN_rounding.sv
	module worklib.MAN_rounding:sv
		errors: 0, warnings: 0
file: ./../../02_rtl/MAN_swap.sv
	module worklib.MAN_swap:sv
		errors: 0, warnings: 0
file: ./../../02_rtl/NOR_unit.sv
	module worklib.NOR_unit:sv
		errors: 0, warnings: 0
file: ./../../02_rtl/PSC_unit.sv
	module worklib.PSC_unit:sv
		errors: 0, warnings: 0
file: ./../../02_rtl/SHF_left.sv
	module worklib.SHF_left:sv
		errors: 0, warnings: 0
file: ./../../02_rtl/SHF_right.sv
	module worklib.SHF_right:sv
		errors: 0, warnings: 0
file: ./../../02_rtl/SIGN_unit.sv
	module worklib.SIGN_unit:sv
		errors: 0, warnings: 0
xmvlog: *W,SPDUSD: Include directory ./../Topmodule/lib/ given but not used.
	Total errors/warnings found outside modules and primitives:
		errors: 0, warnings: 1
	Elaborating the design hierarchy:
		Caching library 'worklib' ....... Done
	Top level design units:
		$unit_0x03d7b64c
		tb_FPU_unit
xmelab: *W,DSEMEL: This SystemVerilog design will be simulated as per IEEE 1800-2009 SystemVerilog simulation semantics. Use -disable_sem2009 option for turning off SV 2009 simulation semantics.
	Building instance overlay tables: .................... Done
	Generating native compiled code:
		worklib.NOR_unit:sv <0x5791d90f>
			streams:   2, words:   917
		worklib.EXP_adjust:sv <0x7a9f278e>
			streams:   6, words:  1863
		worklib.LOPD_8bit:sv <0x7907d4a0>
			streams:   5, words:  2314
		worklib.LOPD_8bit:sv <0x170335f1>
			streams:   5, words:  2314
		worklib.LOPD_16bit:sv <0x188c123e>
			streams:  10, words:  3832
		worklib.LOPD_24bit:sv <0x6a9bc29c>
			streams:  15, words:  5494
		worklib.CLA_24bit:sv <0x54cf2552>
			streams:   3, words:   790
		worklib.MAN_ALU:sv <0x79c6e988>
			streams:   8, words:  2626
		worklib.PSC_unit:sv <0x31064b73>
			streams:   7, words:  3000
		worklib.SIGN_unit:sv <0x3c4f2351>
			streams:   1, words:   370
		worklib.COMP_24bit:sv <0x2fce7557>
			streams:  13, words:  5452
		worklib.MAN_swap:sv <0x19789526>
			streams:   2, words:   562
		worklib.CLA_4bit:sv <0x6ebe22f3>
			streams:   9, words:  3384
		worklib.CLA_8bit:sv <0x591632b0>
			streams:  13, words:  4418
		worklib.EXP_sub:sv <0x21f6bfa4>
			streams:   4, words:  1006
		worklib.EXP_swap:sv <0x630ded4b>
			streams:   2, words:   559
		worklib.COMP_4bit:sv <0x0b1e47a2>
			streams:   2, words:  1737
		worklib.COMP_8bit:sv <0x7bca5afb>
			streams:   5, words:  1802
		worklib.EXP_comp:sv <0x039afe7a>
			streams:   1, words:   393
		worklib.FPU_unit:sv <0x2b87b14c>
			streams:  62, words: 17505
		worklib.tb_FPU_unit:sv <0x4d0294b3>
			streams:  17, words: 32866
		worklib.SHF_right:sv <0x5858792b>
			streams:   7, words:  4020
		worklib.SHF_left:sv <0x311d41ac>
			streams:   7, words:  3985
		worklib.MAN_rounding:sv <0x3a0cb6b5>
			streams:  31, words: 12810
		worklib.EXP_rounding:sv <0x048c481e>
			streams:   9, words:  3824
		worklib.\$unit_0x03d7b64c :compilation_unit <0x04977ad7>
			streams:  11, words: 10429
	Building instance specific data structures.
	Loading native compiled code:     .................... Done
	Design hierarchy summary:
		                 Instances  Unique
		Modules:                38      24
		Registers:             294     221
		Scalar wires:          222       -
		Expanded wires:         80       5
		Vectored wires:        154       -
		Initial blocks:          6       6
		Parallel blocks:         1       1
		Cont. assignments:     183      92
		Pseudo assignments:    115     104
		Compilation units:       1       1
		Simulation timescale:  1ps
	Writing initial simulation snapshot: worklib.tb_FPU_unit:sv
Loading snapshot worklib.tb_FPU_unit:sv .................... Done
xmsim: *W,DSEM2009: This SystemVerilog design is simulated as per IEEE 1800-2009 SystemVerilog simulation semantics. Use -disable_sem2009 option for turning off SV 2009 simulation semantics.
xcelium> source /opt/cadence/XCELIUM2009/tools/xcelium/files/xmsimrc
xcelium> run
==========[ (-A + B) ]==========
[SIGN][ADD]i_32_a=c00ccccd (-2.200000047683715820312500) + i_32_b=40533333 (3.299999952316284179687500) 	| o_32_s=3fc66666 (1.549999952316284179687500) 	| o_ov_flow=0, o_un_flow=1
=> FAIL: expect=1.099999904632568359375000 (3f8ccccc), dut=1.549999952316284179687500 (3fc66666), rounding_error=40.90909958 % (exp_error = 0.00001192 %)
[SIGN][ADD]i_32_a=40533333 (3.299999952316284179687500) + i_32_b=c00ccccd (-2.200000047683715820312500) 	| o_32_s=3fc66666 (1.549999952316284179687500) 	| o_ov_flow=0, o_un_flow=1
=> FAIL: expect=1.099999904632568359375000 (3f8ccccc), dut=1.549999952316284179687500 (3fc66666), rounding_error=40.90909958 % (exp_error = 0.00001192 %)
[SIGN][SUB]i_32_a=c00ccccd (-2.200000047683715820312500) - i_32_b=40533333 (3.299999952316284179687500) 	| o_32_s=c0b00000 (-5.500000000000000000000000) 	| o_ov_flow=1, o_un_flow=1
=> PASS: expect=-5.500000000000000000000000 (c0b00000), dut=-5.500000000000000000000000 (c0b00000), rounding_error=0.00000000 % (exp_error = 0.00001192 %)
[SIGN][SUB]i_32_a=40533333 (3.299999952316284179687500) - i_32_b=c00ccccd (-2.200000047683715820312500) 	| o_32_s=40b00000 (5.500000000000000000000000) 	| o_ov_flow=1, o_un_flow=1
=> PASS: expect=5.500000000000000000000000 (40b00000), dut=5.500000000000000000000000 (40b00000), rounding_error=0.00000000 % (exp_error = 0.00001192 %)
==========[ TEST SIGN ]==========
[SIGN][ADD]i_32_a=c00ccccd (-2.200000047683715820312500) + i_32_b=c0533333 (-3.299999952316284179687500) 	| o_32_s=c0b00000 (-5.500000000000000000000000) 	| o_ov_flow=1, o_un_flow=1
=> PASS: expect=-5.500000000000000000000000 (c0b00000), dut=-5.500000000000000000000000 (c0b00000), rounding_error=0.00000000 % (exp_error = 0.00001192 %)
[SIGN][ADD]i_32_a=c0533333 (-3.299999952316284179687500) + i_32_b=c00ccccd (-2.200000047683715820312500) 	| o_32_s=c0b00000 (-5.500000000000000000000000) 	| o_ov_flow=1, o_un_flow=1
=> PASS: expect=-5.500000000000000000000000 (c0b00000), dut=-5.500000000000000000000000 (c0b00000), rounding_error=0.00000000 % (exp_error = 0.00001192 %)
[SIGN][SUB]i_32_a=c00ccccd (-2.200000047683715820312500) - i_32_b=c0533333 (-3.299999952316284179687500) 	| o_32_s=3fc66666 (1.549999952316284179687500) 	| o_ov_flow=0, o_un_flow=1
=> FAIL: expect=1.099999904632568359375000 (3f8ccccc), dut=1.549999952316284179687500 (3fc66666), rounding_error=40.90909958 % (exp_error = 0.00001192 %)
[SIGN][SUB]i_32_a=c0533333 (-3.299999952316284179687500) - i_32_b=c00ccccd (-2.200000047683715820312500) 	| o_32_s=bfc66666 (-1.549999952316284179687500) 	| o_ov_flow=0, o_un_flow=1
=> FAIL: expect=-1.099999904632568359375000 (bf8ccccc), dut=-1.549999952316284179687500 (bfc66666), rounding_error=40.90909958 % (exp_error = 0.00001192 %)
==========[ TEST SIGN ]==========
[SIGN][ADD]i_32_a=c00ccccd (-2.200000047683715820312500) + i_32_b=c1b1999a (-22.200000762939453125000000) 	| o_32_s=c1c33333 (-24.399999618530273437500000) 	| o_ov_flow=0, o_un_flow=0
=> PASS: expect=-24.400001525878906250000000 (c1c33334), dut=-24.399999618530273437500000 (c1c33333), rounding_error=0.00000782 % (exp_error = 0.00001192 %)
[SIGN][ADD]i_32_a=c1b1999a (-22.200000762939453125000000) + i_32_b=c00ccccd (-2.200000047683715820312500) 	| o_32_s=c1c33333 (-24.399999618530273437500000) 	| o_ov_flow=0, o_un_flow=0
=> PASS: expect=-24.400001525878906250000000 (c1c33334), dut=-24.399999618530273437500000 (c1c33333), rounding_error=0.00000782 % (exp_error = 0.00001192 %)
[SIGN][SUB]i_32_a=c00ccccd (-2.200000047683715820312500) - i_32_b=c1b1999a (-22.200000762939453125000000) 	| o_32_s=41a00001 (20.000001907348632812500000) 	| o_ov_flow=0, o_un_flow=0
=> PASS: expect=20.000000000000000000000000 (41a00000), dut=20.000001907348632812500000 (41a00001), rounding_error=0.00000954 % (exp_error = 0.00001192 %)
[SIGN][SUB]i_32_a=c1b1999a (-22.200000762939453125000000) - i_32_b=c00ccccd (-2.200000047683715820312500) 	| o_32_s=c1a00001 (-20.000001907348632812500000) 	| o_ov_flow=0, o_un_flow=0
=> PASS: expect=-20.000000000000000000000000 (c1a00000), dut=-20.000001907348632812500000 (c1a00001), rounding_error=0.00000954 % (exp_error = 0.00001192 %)
==========[ Overflow rouding ]==========
[PRE_NOR_EXP][ADD]i_32_a=0cffffff (0.000000000000000000000000) + i_32_b=00f80000 (0.000000000000000000000000) 	| o_32_s=0d000000 (0.000000000000000000000000) 	| o_ov_flow=1, o_un_flow=0
=> PASS: expect=0.000000000000000000000000 (0d000000), dut=0.000000000000000000000000 (0d000000), rounding_error=0.00000000 % (exp_error = 0.00001192 %)
[PRE_NOR_EXP][ADD]i_32_a=00f80000 (0.000000000000000000000000) + i_32_b=0cffffff (0.000000000000000000000000) 	| o_32_s=0d000000 (0.000000000000000000000000) 	| o_ov_flow=1, o_un_flow=0
=> PASS: expect=0.000000000000000000000000 (0d000000), dut=0.000000000000000000000000 (0d000000), rounding_error=0.00000000 % (exp_error = 0.00001192 %)
[PRE_NOR_EXP][SUB]i_32_a=0cffffff (0.000000000000000000000000) - i_32_b=00f80000 (0.000000000000000000000000) 	| o_32_s=0d000000 (0.000000000000000000000000) 	| o_ov_flow=1, o_un_flow=0
=> FAIL: expect=0.000000000000000000000000 (0cfffffe), dut=0.000000000000000000000000 (0d000000), rounding_error=0.00001192 % (exp_error = 0.00001192 %)
[PRE_NOR_EXP][SUB]i_32_a=00f80000 (0.000000000000000000000000) - i_32_b=0cffffff (0.000000000000000000000000) 	| o_32_s=8d000000 (-0.000000000000000000000000) 	| o_ov_flow=1, o_un_flow=0
=> FAIL: expect=-0.000000000000000000000000 (8cfffffe), dut=-0.000000000000000000000000 (8d000000), rounding_error=0.00001192 % (exp_error = 0.00001192 %)

==================================
========== TEST SUMMARY ==========
Total test cases:     16
Passed          :     10
Failed          :      6
Pass rate       : 62.50%
==================================

Simulation complete via $finish(1) at time 821 NS + 0
../Topmodule/tb_FPU_unit.sv:259     $finish;
xcelium> exit
TOOL:	xrun(64)	20.09-s001: Exiting on Nov 26, 2025 at 23:21:22 EST  (total: 00:00:01)
