============================================================
  Generated by:           Genus(TM) Synthesis Solution GENUS15.20 - 15.20-p004_1
  Generated on:           Nov 27 2025  02:58:39 am
  Module:                 FPU_unit
  Wireload mode:          enclosed
  Area mode:              timing library
============================================================

                                       Leakage    Dynamic     Total   
            Instance            Cells Power(nW)  Power(nW)  Power(nW) 
----------------------------------------------------------------------
FPU_unit                         1734    61.807 274195.037 274256.843 
  NOR_UNIT                        448    12.711  30111.331  30124.043 
    SHF_left_unit                 325     9.620  22094.253  22103.873 
  MAN_ALU                         237     8.023  24762.427  24770.450 
    ALU_SUB_UNIT                  208     7.075  21479.917  21486.993 
      CLA_BLOCK_..CLA_4BIT_UNIT    41     1.773   5983.325   5985.099 
      CLA_BLOCK_..CLA_4BIT_UNIT    30     1.077   2183.364   2184.441 
      CLA_BLOCK_..CLA_4BIT_UNIT    27     0.896   3635.500   3636.396 
      CLA_BLOCK_..CLA_4BIT_UNIT    29     0.837   2660.552   2661.389 
      CLA_BLOCK_..CLA_4BIT_UNIT    27     0.828   2240.123   2240.952 
      CLA_BLOCK_..CLA_4BIT_UNIT    28     0.766   2673.808   2674.574 
  SHF_RIGHT_MAN                   248     6.506  13732.030  13738.536 
  MAN_COMP_24BIT                  118     4.317   5127.613   5131.930 
    u_i_data_0                     14     0.622   1105.715   1106.336 
    u_i_data_5                     18     0.474    488.135    488.609 
    u_i_data_3                     18     0.467    799.566    800.034 
    u_i_data_1                     17     0.436    960.006    960.442 
    u_i_data_4                     17     0.435    535.499    535.934 
    u_i_data_2                     17     0.434    913.252    913.687 
  MAN_RND                         150     4.228  10975.530  10979.758 
  EXP_SUB                          52     2.480   4722.374   4724.854 
    CLA_8BIT_UNIT                  47     2.378   4589.532   4591.910 
      CLA_4BIT_UNIT_0              42     2.018   3228.710   3230.728 
      CLA_4BIT_UNIT_1               4     0.331   1264.788   1265.118 
  LOPD_24BIT                       68     2.376   3646.176   3648.553 
    LOPD_16bit_UNIT_MSB            39     1.017   1597.268   1598.285 
      LOPD_8bit_unit_1             19     0.410    500.026    500.437 
      LOPD_8bit_unit_0             16     0.368   1030.756   1031.125 
    LOPD_8bit_UNIT_LSB             14     0.346   1215.340   1215.685 
  MAN_SWAP                         77     2.119   3587.015   3589.134 
  EXP_ADJUST                       92     2.089   2231.697   2233.786 
    CLA_8BIT_UNIT                  75     1.651   1571.086   1572.737 
      CLA_4BIT_UNIT_0              49     0.984    995.364    996.348 
      CLA_4BIT_UNIT_1              25     0.634    546.807    547.441 
  MAN_SWAP_PRE                     71     1.891   1953.841   1955.732 
  EXP_COM_8BIT                     40     1.386    992.473    993.859 
    COMP_LESS_UNIT                 40     1.386    992.473    993.859 
      u_high                       25     0.686    499.107    499.793 
      u_low                        13     0.475    359.172    359.648 
  PSC_UNIT                         33     0.995    278.933    279.929 
  EXP_RND                          21     0.653    524.490    525.143 
  EXP_SWAP                         17     0.620    679.299    679.920 
  SIGN_UNIT                         4     0.548   2793.233   2793.781 
  MAN_ALU_PROC_RND                  7     0.247    758.244    758.491 

