============================================================
  Generated by:           Genus(TM) Synthesis Solution GENUS15.20 - 15.20-p004_1
  Generated on:           Nov 27 2025  02:58:39 am
  Module:                 FPU_unit
  Wireload mode:          enclosed
  Area mode:              timing library
============================================================

Timing
-------
  Cost    Critical            Violating 
 Group   Path Slack    TNS      Paths   
----------------------------------------
default     -3086.7   -94373         33 
----------------------------------------
Total                 -94373         33 

Instance Count
--------------
Leaf Instance Count             1734 
Sequential Instance Count          0 
Combinational Instance Count    1734 
Hierarchical Instance Count       43 

Area
----
Cell Area                          3037.627
Physical Cell Area                 0.000
Total Cell Area (Cell+Physical)    3037.627
Net Area                           0.000
Total Area (Cell+Physical+Net)     3037.627

Max Fanout                         48 (n_49)
Min Fanout                         0 (EXP_SUB_o_sub[5])
Average Fanout                     2.1
Terms to net ratio                 3.0
Terms to instance ratio            3.2
Runtime                            41.441 seconds
Elapsed Runtime                    43 seconds
RC peak memory usage:              481.79 
EDI peak memory usage:             no_value 
Hostname                           centos7
