============================================================
  Generated by:           Genus(TM) Synthesis Solution GENUS15.20 - 15.20-p004_1
  Generated on:           Nov 27 2025  02:58:39 am
  Module:                 FPU_unit
  Wireload mode:          enclosed
  Area mode:              timing library
============================================================

                                   
     Gate      Instances    Area       Library    
--------------------------------------------------
ADDFX1HVT              1     5.130    slow_vdd1v0 
ADDHX1HVT              3    11.286    slow_vdd1v0 
AND2X1HVT             10    13.680    slow_vdd1v0 
AND2X2HVT              1     1.710    slow_vdd1v0 
AND2XLHVT              3     4.104    slow_vdd1v0 
AO21X1HVT              3     7.182    slow_vdd1v0 
AO21X4HVT              1     3.420    slow_vdd1v0 
AO21XLHVT              3     7.182    slow_vdd1v0 
AO22X1HVT              1     2.736    slow_vdd1v0 
AO22XLHVT              7    19.152    slow_vdd1v0 
AOI211X1HVT            2     4.788    slow_vdd1v0 
AOI211X2HVT            1     3.420    slow_vdd1v0 
AOI21X1HVT            33    56.430    slow_vdd1v0 
AOI21X2HVT             4    10.944    slow_vdd1v0 
AOI21X4HVT             3    15.390    slow_vdd1v0 
AOI21XLHVT            11    18.810    slow_vdd1v0 
AOI221X1HVT            1     2.394    slow_vdd1v0 
AOI222X1HVT            1     3.078    slow_vdd1v0 
AOI22X1HVT             7    14.364    slow_vdd1v0 
AOI22XLHVT             2     4.104    slow_vdd1v0 
AOI2BB1X1HVT          62   127.224    slow_vdd1v0 
AOI2BB1X2HVT           2     6.156    slow_vdd1v0 
AOI2BB1XLHVT           6    12.312    slow_vdd1v0 
BUFX2HVT              19    32.490    slow_vdd1v0 
BUFX3HVT              11    22.572    slow_vdd1v0 
BUFX6HVT               2     6.156    slow_vdd1v0 
CLKAND2X12HVT         22   165.528    slow_vdd1v0 
CLKAND2X2HVT           1     2.052    slow_vdd1v0 
CLKAND2X3HVT           9    27.702    slow_vdd1v0 
CLKAND2X6HVT           3    14.364    slow_vdd1v0 
CLKBUFX20HVT           2    16.416    slow_vdd1v0 
CLKINVX12HVT           1     4.104    slow_vdd1v0 
CLKINVX20HVT           9    58.482    slow_vdd1v0 
CLKINVX4HVT            9    15.390    slow_vdd1v0 
CLKINVX6HVT            6    14.364    slow_vdd1v0 
CLKINVX8HVT            2     6.156    slow_vdd1v0 
CLKMX2X3HVT            2     8.208    slow_vdd1v0 
CLKXOR2X1HVT          35    95.760    slow_vdd1v0 
INVX12HVT              1     4.104    slow_vdd1v0 
INVX1HVT             187   127.908    slow_vdd1v0 
INVX20HVT              1     6.498    slow_vdd1v0 
INVX2HVT              21    21.546    slow_vdd1v0 
INVX3HVT              12    16.416    slow_vdd1v0 
INVX8HVT               1     3.078    slow_vdd1v0 
INVXLHVT              27    18.468    slow_vdd1v0 
MX2X1HVT              25    59.850    slow_vdd1v0 
MX2XLHVT              66   158.004    slow_vdd1v0 
MXI2X1HVT              7    19.152    slow_vdd1v0 
MXI2X2HVT              4    17.784    slow_vdd1v0 
MXI2XLHVT             36    86.184    slow_vdd1v0 
NAND2BX1HVT           27    36.936    slow_vdd1v0 
NAND2BX2HVT            2     4.788    slow_vdd1v0 
NAND2BX4HVT            1     3.762    slow_vdd1v0 
NAND2X1HVT           139   142.614    slow_vdd1v0 
NAND2X2HVT            28    47.880    slow_vdd1v0 
NAND2X4HVT            18    56.635    slow_vdd1v0 
NAND2X6HVT             1     4.566    slow_vdd1v0 
NAND2XLHVT            26    26.676    slow_vdd1v0 
NAND3BX1HVT            3     6.156    slow_vdd1v0 
NAND3BXLHVT            2     3.420    slow_vdd1v0 
NAND3X1HVT             2     3.420    slow_vdd1v0 
NAND4X1HVT             6    12.312    slow_vdd1v0 
NOR2BX1HVT           103   140.904    slow_vdd1v0 
NOR2BX2HVT             6    16.416    slow_vdd1v0 
NOR2BXLHVT             9    15.390    slow_vdd1v0 
NOR2X1HVT            245   251.370    slow_vdd1v0 
NOR2X2HVT             51    87.210    slow_vdd1v0 
NOR2X4HVT             26    80.028    slow_vdd1v0 
NOR2X6HVT              4    16.416    slow_vdd1v0 
NOR2X8HVT              1     5.472    slow_vdd1v0 
NOR2XLHVT             31    31.806    slow_vdd1v0 
NOR3BX1HVT             6    12.312    slow_vdd1v0 
NOR3BX2HVT             2     6.840    slow_vdd1v0 
NOR3BXLHVT             1     2.052    slow_vdd1v0 
NOR3X1HVT             16    27.360    slow_vdd1v0 
NOR3X4HVT              1     5.130    slow_vdd1v0 
NOR3XLHVT              1     1.710    slow_vdd1v0 
NOR4BX1HVT             1     2.394    slow_vdd1v0 
NOR4X1HVT             10    17.100    slow_vdd1v0 
NOR4X4HVT              1     6.498    slow_vdd1v0 
OA21X1HVT              6    12.312    slow_vdd1v0 
OA22X1HVT             24    57.456    slow_vdd1v0 
OAI211X1HVT            1     1.710    slow_vdd1v0 
OAI21X1HVT            34    58.140    slow_vdd1v0 
OAI21X2HVT             8    24.624    slow_vdd1v0 
OAI21X4HVT             2     9.576    slow_vdd1v0 
OAI21XLHVT             6    10.260    slow_vdd1v0 
OAI222X2HVT            1     5.814    slow_vdd1v0 
OAI22X1HVT            24    49.248    slow_vdd1v0 
OAI22X2HVT             1     3.420    slow_vdd1v0 
OAI22XLHVT             2     4.104    slow_vdd1v0 
OAI2BB1X1HVT          21    35.910    slow_vdd1v0 
OAI2BB1X2HVT           2     6.156    slow_vdd1v0 
OAI2BB1X4HVT           1     4.446    slow_vdd1v0 
OAI2BB1XLHVT           1     2.052    slow_vdd1v0 
OAI2BB2X2HVT           1     5.472    slow_vdd1v0 
OAI31X1HVT             3     6.156    slow_vdd1v0 
OAI31XLHVT             1     2.394    slow_vdd1v0 
OAI32X1HVT             1     2.394    slow_vdd1v0 
OR2X1HVT              39    53.352    slow_vdd1v0 
OR2X6HVT               4    15.048    slow_vdd1v0 
OR2XLHVT              14    19.152    slow_vdd1v0 
OR3X1HVT               4     8.208    slow_vdd1v0 
OR3XLHVT               2     4.104    slow_vdd1v0 
OR4X1HVT               1     2.052    slow_vdd1v0 
XNOR2X1HVT            57   136.458    slow_vdd1v0 
XNOR2XLHVT             1     2.736    slow_vdd1v0 
XOR2XLHVT             13    35.568    slow_vdd1v0 
--------------------------------------------------
total               1734  3037.627                


                                   
  Type   Instances   Area   Area % 
-----------------------------------
inverter       277  296.514    9.8 
buffer          34   77.634    2.6 
logic         1423 2663.479   87.7 
-----------------------------------
total         1734 3037.627  100.0 

