============================================================
  Generated by:           Genus(TM) Synthesis Solution GENUS15.20 - 15.20-p004_1
  Generated on:           Nov 27 2025  02:58:39 am
  Module:                 FPU_unit
  Wireload mode:          enclosed
  Area mode:              timing library
============================================================


Path 1: VIOLATED (-3087 ps) Path Delay Check
     Startpoint: (R) i_32_b[23]
       Endpoint: (F) o_32_s[30]

                  Capture    Launch  
     Path Delay:+    6000         -  
        Arrival:=    6000            
                                     
  Required Time:=    6000            
      Data Path:-    9087            
          Slack:=   -3087            

#--------------------------------------------------------------------------------------------------------------------------------
#                        Timing Point                         Flags    Arc   Edge     Cell      Fanout  Load Trans Delay Arrival 
#                                                                                                       (fF)  (ps)  (ps)   (ps)  
#--------------------------------------------------------------------------------------------------------------------------------
  i_32_b[23]                                                  -       -      R     (arrival)         4   0.9   200     0       0 
  EXP_COM_8BIT/COMP_LESS_UNIT/u_low/g2/Y                      -       AN->Y  R     NOR2BX1HVT        1   0.7    92   240     240 
  EXP_COM_8BIT/COMP_LESS_UNIT/u_low/g2532/Y                   -       A1->Y  F     AOI21X2HVT        1   0.6   115   150     390 
  EXP_COM_8BIT/COMP_LESS_UNIT/u_low/g2531/Y                   -       A1->Y  R     OAI21X2HVT        1   1.3    98   130     521 
  EXP_COM_8BIT/COMP_LESS_UNIT/g23/Y                           -       A0->Y  F     AOI21X4HVT        1   1.2   118   172     693 
  EXP_COM_8BIT/COMP_LESS_UNIT/fopt/Y                          -       A->Y   R     CLKINVX4HVT      11   3.4    52    89     782 
  EXP_SWAP/g303/Y                                             -       S0->Y  F     MX2XLHVT          1   0.6    74   208     990 
  EXP_SUB/g11/Y                                               -       A->Y   R     INVX2HVT          2   2.6    61    77    1066 
  EXP_SUB/CLA_8BIT_UNIT/CLA_4BIT_UNIT_0/g2304/Y               -       A->Y   F     NAND2X4HVT        2   1.1    98   119    1185 
  EXP_SUB/CLA_8BIT_UNIT/CLA_4BIT_UNIT_0/g2298/Y               -       A->Y   R     INVX3HVT          2   1.6    41    76    1261 
  EXP_SUB/CLA_8BIT_UNIT/CLA_4BIT_UNIT_0/g2295/Y               -       B->Y   F     NOR2X4HVT         3   1.3    59    54    1314 
  EXP_SUB/CLA_8BIT_UNIT/CLA_4BIT_UNIT_0/g2285/Y               -       B->Y   R     NOR2X2HVT         1   2.0   100    96    1411 
  EXP_SUB/CLA_8BIT_UNIT/CLA_4BIT_UNIT_0/g2280/Y               -       A->Y   F     NOR2X6HVT         1   2.4    68   100    1510 
  EXP_SUB/CLA_8BIT_UNIT/CLA_4BIT_UNIT_0/fopt2330/Y            -       A->Y   R     CLKINVX8HVT      20   7.0    46    61    1572 
  SHF_RIGHT_MAN/g3713/Y                                       -       B->Y   R     AND2X1HVT         1   0.3    33   218    1790 
  SHF_RIGHT_MAN/g4022/Y                                       -       B0->Y  F     AOI2BB1X1HVT      3   0.8    71    72    1862 
  SHF_RIGHT_MAN/g3563/Y                                       -       B->Y   R     NOR2X1HVT         1   0.3    56    80    1942 
  SHF_RIGHT_MAN/g3535/Y                                       -       B->Y   F     NOR2X1HVT         2   0.6    66    75    2017 
  SHF_RIGHT_MAN/g3512/Y                                       -       B->Y   R     NOR2X1HVT         2   0.5    68    84    2102 
  SHF_RIGHT_MAN/g3457/Y                                       -       A->Y   F     NAND2X1HVT        1   0.6   121   143    2244 
  SHF_RIGHT_MAN/g3437/Y                                       -       B0->Y  R     OAI21X2HVT        4   1.4    96    99    2343 
  MAN_COMP_24BIT/u_i_data_0/g1601/Y                           -       B->Y   F     NAND2X1HVT        1   1.2   181   176    2519 
  MAN_COMP_24BIT/u_i_data_0/g1595/Y                           -       B0->Y  R     OAI21X4HVT        1   1.3    80   119    2638 
  MAN_COMP_24BIT/u_i_data_0/g1611/Y                           -       B->Y   F     NAND2X4HVT        1   1.2   101   113    2751 
  MAN_COMP_24BIT/u_i_data_0/g1593/Y                           -       B->Y   R     NAND2X4HVT        1   1.3    41    75    2826 
  MAN_COMP_24BIT/g1941/Y                                      -       B->Y   F     NAND2X4HVT        1   1.2   102    90    2916 
  MAN_COMP_24BIT/g1934/Y                                      -       C->Y   R     NOR3X4HVT         1   1.3   105   118    3034 
  MAN_COMP_24BIT/g1933/Y                                      -       B->Y   F     NOR2X4HVT         1   1.2    60    92    3126 
  MAN_COMP_24BIT/g1932/Y                                      -       B->Y   R     NAND2X4HVT        1   1.3    50    52    3178 
  MAN_COMP_24BIT/g1931/Y                                      -       B->Y   F     NOR2X4HVT         1   1.2    56    58    3236 
  MAN_COMP_24BIT/fopt1952/Y                                   -       A->Y   R     CLKINVX4HVT       8   2.2    34    51    3287 
  MAN_SWAP/g2/Y                                               -       S0->Y  F     MX2XLHVT          1   0.5    66   193    3480 
  MAN_ALU/g2/Y                                                -       S0->Y  F     MXI2X1HVT         4   1.3   228   205    3685 
  MAN_ALU/ALU_SUB_UNIT/CLA_BLOCK_GEN[0].CLA_4BIT_UNIT/g1673/Y -       B->Y   R     NAND2X1HVT        2   1.5    99   189    3874 
  MAN_ALU/ALU_SUB_UNIT/CLA_BLOCK_GEN[0].CLA_4BIT_UNIT/g1632/Y -       A1->Y  F     AOI21X4HVT        1   1.2   120   152    4026 
  MAN_ALU/ALU_SUB_UNIT/CLA_BLOCK_GEN[0].CLA_4BIT_UNIT/g1630/Y -       A->Y   R     NOR2X4HVT         1   1.3    62   117    4143 
  MAN_ALU/ALU_SUB_UNIT/CLA_BLOCK_GEN[0].CLA_4BIT_UNIT/g1627/Y -       B->Y   F     NAND2X4HVT        2   1.5   106   107    4250 
  MAN_ALU/ALU_SUB_UNIT/g102/Y                                 -       A->Y   R     NOR2X4HVT         1   1.3    61   109    4359 
  MAN_ALU/ALU_SUB_UNIT/fopt/Y                                 -       A->Y   F     CLKINVX4HVT       2   1.4    44    62    4421 
  MAN_ALU/ALU_SUB_UNIT/CLA_BLOCK_GEN[1].CLA_4BIT_UNIT/g297/Y  -       B->Y   R     NAND2X4HVT        1   0.7    33    41    4462 
  MAN_ALU/ALU_SUB_UNIT/CLA_BLOCK_GEN[1].CLA_4BIT_UNIT/g294/Y  -       B->Y   F     NAND2X2HVT        2   0.4    85    80    4542 
  MAN_ALU/ALU_SUB_UNIT/g119/Y                                 -       B->Y   F     OR2X1HVT          3   1.0    70   173    4715 
  MAN_ALU/ALU_SUB_UNIT/CLA_BLOCK_GEN[2].CLA_4BIT_UNIT/g301/Y  -       B->Y   R     NAND2X2HVT        1   0.3    34    58    4773 
  MAN_ALU/ALU_SUB_UNIT/CLA_BLOCK_GEN[2].CLA_4BIT_UNIT/g298/Y  -       B->Y   F     NAND2X1HVT        2   0.4   100    92    4865 
  MAN_ALU/ALU_SUB_UNIT/g146/Y                                 -       B->Y   F     OR2X1HVT          2   0.8    61   176    5041 
  MAN_ALU/ALU_SUB_UNIT/CLA_BLOCK_GEN[3].CLA_4BIT_UNIT/g301/Y  -       B->Y   R     NAND2X2HVT        1   0.7    38    56    5097 
  MAN_ALU/ALU_SUB_UNIT/CLA_BLOCK_GEN[3].CLA_4BIT_UNIT/g298/Y  -       B->Y   F     NAND2X2HVT        2   0.4    84    83    5180 
  MAN_ALU/ALU_SUB_UNIT/g181/Y                                 -       B->Y   F     OR2X1HVT          3   0.7    56   165    5345 
  MAN_ALU/ALU_SUB_UNIT/CLA_BLOCK_GEN[4].CLA_4BIT_UNIT/g742/Y  -       A1->Y  F     AO21X1HVT         2   0.8    63   173    5518 
  MAN_ALU/ALU_SUB_UNIT/g188/Y                                 -       B->Y   R     NOR2X2HVT         1   1.0    70    81    5599 
  MAN_ALU/ALU_SUB_UNIT/fopt245/Y                              -       A->Y   F     INVX3HVT          3   1.7    56    75    5673 
  MAN_ALU/ALU_SUB_UNIT/CLA_BLOCK_GEN[5].CLA_4BIT_UNIT/g934/Y  -       B->Y   R     NAND2X4HVT        2   0.6    34    47    5721 
  MAN_ALU/ALU_SUB_UNIT/CLA_BLOCK_GEN[5].CLA_4BIT_UNIT/g924/Y  -       B->Y   F     NAND2X1HVT        2   0.5   110    98    5818 
  MAN_ALU/ALU_SUB_UNIT/CLA_BLOCK_GEN[5].CLA_4BIT_UNIT/g919/Y  -       A1N->Y F     OAI2BB1X4HVT      5   1.0    95   189    6007 
  LOPD_24BIT/LOPD_16bit_UNIT_MSB/LOPD_8bit_unit_1/g674/Y      -       B->Y   F     OR3X1HVT          1   1.2    84   275    6282 
  LOPD_24BIT/LOPD_16bit_UNIT_MSB/LOPD_8bit_unit_1/g666/Y      -       B->Y   R     NOR2X4HVT         5   2.0    74    89    6371 
  LOPD_24BIT/LOPD_16bit_UNIT_MSB/g79/Y                        -       B->Y   R     CLKAND2X6HVT     12   6.2    61   181    6551 
  LOPD_24BIT/g203/Y                                           -       A->Y   F     INVX2HVT          2   0.9    48    68    6619 
  LOPD_24BIT/g190/Y                                           -       A1->Y  F     AO21X4HVT         5   4.7    99   236    6855 
  EXP_ADJUST/g159/Y                                           -       B->Y   R     NOR2X4HVT         6   1.5    68    93    6948 
  EXP_ADJUST/CLA_8BIT_UNIT/CLA_4BIT_UNIT_0/g3566/Y            -       B->Y   R     OR2X1HVT          2   0.6    36   131    7079 
  EXP_ADJUST/CLA_8BIT_UNIT/CLA_4BIT_UNIT_0/g3579/Y            -       A0->Y  F     AOI211X1HVT       1   0.3   139   164    7242 
  EXP_ADJUST/CLA_8BIT_UNIT/CLA_4BIT_UNIT_0/g3535/Y            -       B->Y   R     NOR2X1HVT         2   0.5    74   129    7371 
  EXP_ADJUST/CLA_8BIT_UNIT/CLA_4BIT_UNIT_0/g3526/Y            -       A0->Y  F     OAI21X1HVT        1   0.2    99   157    7528 
  EXP_ADJUST/CLA_8BIT_UNIT/g20/Y                              -       B0->Y  F     AO21X1HVT         3   0.8    63   188    7717 
  EXP_ADJUST/CLA_8BIT_UNIT/CLA_4BIT_UNIT_1/g484/Y             -       B->Y   R     NAND2X1HVT        2   0.5    42    63    7779 
  EXP_ADJUST/CLA_8BIT_UNIT/CLA_4BIT_UNIT_1/g483/Y             -       B->Y   F     NAND2X1HVT        1   0.3    89    91    7870 
  EXP_ADJUST/CLA_8BIT_UNIT/CLA_4BIT_UNIT_1/g506/Y             -       B->Y   R     XNOR2X1HVT        1   0.2    34   277    8147 
  EXP_ADJUST/g155/Y                                           -       AN->Y  R     NOR2BX1HVT        2   0.4    64   131    8278 
  EXP_RND/g682/Y                                              -       AN->Y  R     NOR2BX1HVT        1   0.3    61   146    8424 
  EXP_RND/g679/Y                                              -       B->Y   F     NAND2X1HVT        1   0.3    90   103    8527 
  EXP_RND/g677/Y                                              -       B->Y   F     XNOR2X1HVT        1   1.8   108   213    8741 
  g295/Y                                                      -       B->Y   R     NOR2X6HVT         1   6.8   114   122    8862 
  g291/Y                                                      -       A->Y   F     CLKINVX20HVT      1 100.0   292   224    9087 
  o_32_s[30]                                                  <<<     -      F     (port)            -     -     -     0    9087 
#--------------------------------------------------------------------------------------------------------------------------------

