============================================================
  Generated by:           Genus(TM) Synthesis Solution GENUS15.20 - 15.20-p004_1
  Generated on:           Nov 27 2025  03:17:24 am
  Module:                 FPU_unit
  Wireload mode:          enclosed
  Area mode:              timing library
============================================================

 
  Hierarchy Report Format : 
 
    level instance ( module ) <status>
 
    status :    preserve_<value> -- indicating preserve hierachy or inherited_preserve value
           :    blackbox --  indicating  unresolved instance
 
==================================================================

 0 FPU_unit
  1 EXP_ADJUST ( EXP_adjust_SIZE_EXP8_SIZE_LOPD8 ) 
     2 CLA_8BIT_UNIT ( CLA_8bit_1 ) 
        3 CLA_4BIT_UNIT_0 ( CLA_4bit_2 ) 
        3 CLA_4BIT_UNIT_1 ( CLA_4bit_3 ) 
  1 EXP_COM_8BIT ( EXP_comp_SIZE_DATA8 ) 
     2 COMP_LESS_UNIT ( COMP_8bit_SIZE_DATA8 ) 
        3 u_high ( COMP_4bit_1 ) 
        3 u_low ( COMP_4bit ) 
  1 EXP_RND ( EXP_rounding_SIZE_DATA8 ) 
  1 EXP_SUB ( EXP_sub_SIZE_EXP_SUB8 ) 
     2 CLA_8BIT_UNIT ( CLA_8bit ) 
        3 CLA_4BIT_UNIT_0 ( CLA_4bit ) 
        3 CLA_4BIT_UNIT_1 ( CLA_4bit_1 ) 
  1 EXP_SWAP ( EXP_swap_SIZE_DATA8 ) 
  1 LOPD_24BIT ( LOPD_24bit_SIZE_DATA24_SIZE_LOPD5 ) 
     2 LOPD_16bit_UNIT_MSB ( LOPD_16bit ) 
        3 LOPD_8bit_unit_0 ( LOPD_8bit ) 
        3 LOPD_8bit_unit_1 ( LOPD_8bit_1 ) 
     2 LOPD_8bit_UNIT_LSB ( LOPD_8bit_2 ) 
  1 MAN_ALU ( MAN_ALU_NUM_OP1_SIZE_MAN24 ) 
  1 MAN_ALU_PROC_RND ( CLS_4bit ) 
  1 MAN_COMP_24BIT ( COMP_24bit_SIZE_DATA24 ) 
     2 u_i_data_0 ( COMP_4bit_2 ) 
     2 u_i_data_1 ( COMP_4bit_3 ) 
     2 u_i_data_2 ( COMP_4bit_4 ) 
     2 u_i_data_3 ( COMP_4bit_5 ) 
     2 u_i_data_4 ( COMP_4bit_6 ) 
     2 u_i_data_5 ( COMP_4bit_7 ) 
  1 MAN_RND ( MAN_rounding_SIZE_MAN32_SIZE_MAN_RESULT24 ) 
  1 MAN_SWAP ( MAN_swap_SIZE_MAN24_1 ) 
  1 MAN_SWAP_PRE ( MAN_swap_SIZE_MAN24 ) 
  1 NOR_UNIT ( NOR_unit_SIZE_LOPD5_SIZE_DATA32 ) 
     2 SHF_left_unit ( SHF_left_SIZE_DATA32_SIZE_SHIFT5 ) 
  1 PSC_UNIT ( PSC_unit ) 
  1 SHF_RIGHT_MAN ( SHF_right_SIZE_DATA32_SIZE_SHIFT5 ) 
  1 SIGN_UNIT ( SIGN_unit ) 
