============================================================
  Generated by:           Genus(TM) Synthesis Solution GENUS15.20 - 15.20-p004_1
  Generated on:           Nov 27 2025  03:17:24 am
  Module:                 FPU_unit
  Wireload mode:          enclosed
  Area mode:              timing library
============================================================

        Instance         Cells  Cell Area  Net Area  Total Area  Wireload     
------------------------------------------------------------------------------
FPU_unit                  1446       2580         0        2580    <none> (D) 
  NOR_UNIT                 292        459         0         459    <none> (D) 
    SHF_left_unit          175        310         0         310    <none> (D) 
  MAN_ALU                  254        381         0         381    <none> (D) 
  SHF_RIGHT_MAN            192        293         0         293    <none> (D) 
  MAN_COMP_24BIT           122        174         0         174    <none> (D) 
    u_i_data_4              21         30         0          30    <none> (D) 
    u_i_data_3              21         30         0          30    <none> (D) 
    u_i_data_2              21         30         0          30    <none> (D) 
    u_i_data_1              21         30         0          30    <none> (D) 
    u_i_data_5              18         25         0          25    <none> (D) 
    u_i_data_0              12         16         0          16    <none> (D) 
  MAN_RND                   88        146         0         146    <none> (D) 
  MAN_SWAP                 102        140         0         140    <none> (D) 
  LOPD_24BIT                70        113         0         113    <none> (D) 
    LOPD_16bit_UNIT_MSB     43         63         0          63    <none> (D) 
      LOPD_8bit_unit_1      18         25         0          25    <none> (D) 
      LOPD_8bit_unit_0      18         23         0          23    <none> (D) 
    LOPD_8bit_UNIT_LSB      15         21         0          21    <none> (D) 
  MAN_SWAP_PRE              46        110         0         110    <none> (D) 
  EXP_ADJUST                54        105         0         105    <none> (D) 
    CLA_8BIT_UNIT           38         85         0          85    <none> (D) 
      CLA_4BIT_UNIT_0       22         51         0          51    <none> (D) 
      CLA_4BIT_UNIT_1       15         31         0          31    <none> (D) 
  EXP_SUB                   39         59         0          59    <none> (D) 
    CLA_8BIT_UNIT           34         55         0          55    <none> (D) 
      CLA_4BIT_UNIT_0       31         49         0          49    <none> (D) 
      CLA_4BIT_UNIT_1        2          5         0           5    <none> (D) 
  PSC_UNIT                  32         57         0          57    <none> (D) 
  EXP_COM_8BIT              39         54         0          54    <none> (D) 
    COMP_LESS_UNIT          39         54         0          54    <none> (D) 
      u_high                25         35         0          35    <none> (D) 
      u_low                 13         16         0          16    <none> (D) 
  EXP_RND                   21         40         0          40    <none> (D) 
  EXP_SWAP                  13         31         0          31    <none> (D) 
  SIGN_UNIT                  4         16         0          16    <none> (D) 
  MAN_ALU_PROC_RND           6         12         0          12    <none> (D) 

 (D) = wireload is default in technology library
