============================================================
  Generated by:           Genus(TM) Synthesis Solution GENUS15.20 - 15.20-p004_1
  Generated on:           Nov 24 2025  12:24:48 am
  Module:                 FPU_unit
  Wireload mode:          enclosed
  Area mode:              timing library
============================================================

                                  
    Gate      Instances    Area       Library    
-------------------------------------------------
ADDFX1HVT             1     5.130    fast_vdd1v0 
ADDHX1HVT            34   127.908    fast_vdd1v0 
AND2X1HVT            27    36.936    fast_vdd1v0 
AND2XLHVT            17    23.256    fast_vdd1v0 
AND3XLHVT             1     2.052    fast_vdd1v0 
AND4XLHVT             9    21.546    fast_vdd1v0 
AO21X1HVT             1     2.394    fast_vdd1v0 
AO21X2HVT             1     2.736    fast_vdd1v0 
AO21XLHVT             4     9.576    fast_vdd1v0 
AOI21X1HVT           13    22.230    fast_vdd1v0 
AOI21XLHVT            3     5.130    fast_vdd1v0 
AOI221X1HVT           3     7.182    fast_vdd1v0 
AOI222X1HVT           1     3.078    fast_vdd1v0 
AOI22X1HVT          104   213.408    fast_vdd1v0 
AOI22XLHVT           22    45.144    fast_vdd1v0 
AOI2BB1X1HVT          1     2.052    fast_vdd1v0 
AOI2BB1XLHVT          8    16.416    fast_vdd1v0 
AOI31X1HVT            2     4.104    fast_vdd1v0 
AOI32X1HVT            7    16.758    fast_vdd1v0 
BUFX6HVT             22    67.716    fast_vdd1v0 
CLKINVX6HVT           1     2.394    fast_vdd1v0 
CLKMX2X6HVT           2     8.892    fast_vdd1v0 
CLKXOR2X1HVT         18    49.248    fast_vdd1v0 
INVX1HVT             76    51.984    fast_vdd1v0 
MX2X1HVT             10    23.940    fast_vdd1v0 
MX2XLHVT            112   268.128    fast_vdd1v0 
MXI2XLHVT            33    79.002    fast_vdd1v0 
NAND2BX1HVT          25    34.200    fast_vdd1v0 
NAND2BXLHVT           4     5.472    fast_vdd1v0 
NAND2X1HVT           43    44.118    fast_vdd1v0 
NAND2XLHVT            1     1.026    fast_vdd1v0 
NAND3BXLHVT           4     6.840    fast_vdd1v0 
NAND4XLHVT            6    10.260    fast_vdd1v0 
NOR2BX1HVT           28    38.304    fast_vdd1v0 
NOR2X1HVT            40    41.040    fast_vdd1v0 
NOR2XLHVT             5     5.130    fast_vdd1v0 
NOR3BX1HVT            4     8.208    fast_vdd1v0 
NOR3X1HVT             2     3.420    fast_vdd1v0 
NOR4BBX1HVT           2     5.472    fast_vdd1v0 
NOR4BX1HVT            4     9.576    fast_vdd1v0 
NOR4X1HVT            10    17.100    fast_vdd1v0 
OA21X1HVT             6    12.312    fast_vdd1v0 
OA22X1HVT             4     9.576    fast_vdd1v0 
OAI211X1HVT           2     3.420    fast_vdd1v0 
OAI21X1HVT           25    42.750    fast_vdd1v0 
OAI21XLHVT            3     5.130    fast_vdd1v0 
OAI221X1HVT           8    19.152    fast_vdd1v0 
OAI222X1HVT          10    27.360    fast_vdd1v0 
OAI222XLHVT           1     2.736    fast_vdd1v0 
OAI22X1HVT           58   119.016    fast_vdd1v0 
OAI22XLHVT            1     2.052    fast_vdd1v0 
OAI2BB1X1HVT         46    78.660    fast_vdd1v0 
OAI32X1HVT            9    21.546    fast_vdd1v0 
OR2X1HVT              2     2.736    fast_vdd1v0 
OR2X6HVT              9    33.858    fast_vdd1v0 
OR2XLHVT             18    24.624    fast_vdd1v0 
OR4X1HVT              3     6.156    fast_vdd1v0 
XNOR2X1HVT           50   119.700    fast_vdd1v0 
XOR2XLHVT            22    60.192    fast_vdd1v0 
-------------------------------------------------
total               988  1939.482                


                                   
  Type   Instances   Area   Area % 
-----------------------------------
inverter        77   54.378    2.8 
buffer          22   67.716    3.5 
logic          889 1817.388   93.7 
-----------------------------------
total          988 1939.482  100.0 

