============================================================
  Generated by:           Genus(TM) Synthesis Solution GENUS15.20 - 15.20-p004_1
  Generated on:           Nov 24 2025  02:20:46 am
  Module:                 FPU_unit
  Wireload mode:          enclosed
  Area mode:              timing library
============================================================

                                       Leakage    Dynamic     Total   
            Instance            Cells Power(nW)  Power(nW)  Power(nW) 
----------------------------------------------------------------------
FPU_unit                          988   132.573 347510.156 347642.730 
  NORMALIZATION_UNIT              205    24.098  32051.600  32075.697 
    SHF_left_28bit_unit           142    16.105  23025.192  23041.297 
  MAN_ALU_UNIT                    173    21.247  28029.757  28051.004 
    ALU_SUB_UNIT                  141    17.561  22874.982  22892.543 
      CLA_BLOCK_..CLA_4BIT_UNIT    18     2.598   2704.874   2707.473 
      CLA_BLOCK_..CLA_4BIT_UNIT    18     2.238   2121.367   2123.605 
      CLA_BLOCK_..CLA_4BIT_UNIT    18     2.146   3403.300   3405.446 
      CLA_BLOCK_..CLA_4BIT_UNIT    18     2.146   3938.311   3940.456 
      CLA_BLOCK_..CLA_4BIT_UNIT    15     2.110   2303.852   2305.962 
      CLA_BLOCK_..CLA_4BIT_UNIT    18     2.103   4017.935   4020.038 
      CLA_BLOCK_..CLA_4BIT_UNIT    18     2.098   2924.350   2926.448 
  SHF_RIGHT_28BIT_UNIT            128    16.254  15330.904  15347.158 
  SEL_MANTISSA_FOR_RESULT          46    11.123 212663.883 212675.007 
  MAN_COMP_28BIT_UNIT              84    10.357   7092.645   7103.002 
    u_i_data_5                     13     1.656    802.470    804.126 
    u_i_data_4                     13     1.601   1067.417   1069.018 
    u_i_data_3                     13     1.592   1240.408   1242.000 
    u_i_data_2                     13     1.592   1380.196   1381.787 
    u_i_data_1                     13     1.519   1461.141   1462.660 
    u_i_data_6                     11     1.307    448.766    450.073 
    u_i_data_0                      1     0.139     93.201     93.340 
  MAN_PRE_SWAP_BY_MAN_UNIT         56     8.107   4298.154   4306.260 
  ROUNDING_UNIT                    26     6.008   5005.678   5011.686 
    INCREASE_ROUNDING              24     5.801   4691.914   4697.715 
  MAN_PRE_SW..EXPONENT_UNIT        46     5.964   2767.298   2773.262 
  EXP_ADJUST_UNIT                  45     5.867   2487.250   2493.117 
    CLA_8BIT_UNIT                  30     4.462   1575.865   1580.328 
      CLA_4BIT_UNIT_0              18     2.518   1027.435   1029.953 
      CLA_4BIT_UNIT_1              11     1.808    516.028    517.836 
  LOPD_24BIT_UNIT                  56     5.419   4845.070   4850.490 
    LOPD_16bit_UNIT_MSB            32     3.057   2327.660   2330.717 
      LOPD_8bit_unit_0             14     1.250   1475.805   1477.055 
      LOPD_8bit_unit_1             14     1.170    766.732    767.902 
    LOPD_8bit_UNIT_LSB             14     1.275   1913.860   1915.136 
  EXP_SWAP_UNIT                    37     4.345   1984.740   1989.085 
    COMP_LESS_UNIT                 24     2.632   1346.081   1348.713 
      u_high                       13     1.542    482.975    484.517 
      u_low                        10     0.893    309.622    310.515 
  PSC_UNIT                         33     3.229    370.022    373.251 
  EXP_SUB_UNIT                     25     2.849   3170.387   3173.236 
    CLA_8BIT_UNIT                  20     2.594   3048.333   3050.927 
      CLA_4BIT_UNIT_0              17     2.185   2580.737   2582.922 
      CLA_4BIT_UNIT_1               2     0.316    407.551    407.866 
  EXP_ROUNDING                     15     1.931    520.054    521.985 
  SIGN_OUT                          2     0.563   3406.491   3407.054 

