Analysis & Synthesis report for FPU_top
Sat Nov 22 12:05:55 2025
Quartus Prime Version 24.1std.0 Build 1077 03/04/2025 SC Lite Edition


---------------------
; Table of Contents ;
---------------------
  1. Legal Notice
  2. Analysis & Synthesis Summary
  3. Analysis & Synthesis Settings
  4. Parallel Compilation
  5. Analysis & Synthesis Source Files Read
  6. Analysis & Synthesis Resource Usage Summary
  7. Analysis & Synthesis Resource Utilization by Entity
  8. General Register Statistics
  9. Multiplexer Restructuring Statistics (Restructuring Performed)
 10. Parameter Settings for User Entity Instance: Top-level Entity: |FPU_top
 11. Parameter Settings for User Entity Instance: FPU_unit:FPU_UNIT
 12. Parameter Settings for User Entity Instance: FPU_unit:FPU_UNIT|EXP_swap:EXP_SWAP_UNIT
 13. Parameter Settings for User Entity Instance: FPU_unit:FPU_UNIT|EXP_swap:EXP_SWAP_UNIT|COMP_8bit:COMP_LESS_UNIT
 14. Parameter Settings for User Entity Instance: FPU_unit:FPU_UNIT|EXP_sub:EXP_SUB_UNIT
 15. Parameter Settings for User Entity Instance: FPU_unit:FPU_UNIT|MAN_swap:MAN_PRE_SWAP_BY_EXPONENT_UNIT
 16. Parameter Settings for User Entity Instance: FPU_unit:FPU_UNIT|SHF_right_28bit:SHF_RIGHT_28BIT_UNIT
 17. Parameter Settings for User Entity Instance: FPU_unit:FPU_UNIT|COMP_28bit:MAN_COMP_28BIT_UNIT
 18. Parameter Settings for User Entity Instance: FPU_unit:FPU_UNIT|MAN_swap:MAN_PRE_SWAP_BY_MAN_UNIT
 19. Parameter Settings for User Entity Instance: FPU_unit:FPU_UNIT|MAN_ALU:MAN_ALU_UNIT
 20. Parameter Settings for User Entity Instance: FPU_unit:FPU_UNIT|LOPD_24bit:LOPD_24BIT_UNIT
 21. Parameter Settings for User Entity Instance: FPU_unit:FPU_UNIT|EXP_adjust:EXP_ADJUST_UNIT
 22. Parameter Settings for User Entity Instance: FPU_unit:FPU_UNIT|NORMALIZATION_unit:NORMALIZATION_UNIT
 23. Parameter Settings for User Entity Instance: FPU_unit:FPU_UNIT|NORMALIZATION_unit:NORMALIZATION_UNIT|SHF_left_28bit:SHF_left_28bit_unit
 24. Parameter Settings for User Entity Instance: FPU_unit:FPU_UNIT|ROUNDING_unit:ROUNDING_UNIT
 25. Parameter Settings for User Entity Instance: FPU_unit:FPU_UNIT|ROUNDING_unit:ROUNDING_UNIT|RND_add:INCREASE_ROUNDING
 26. Parameter Settings for User Entity Instance: FPU_unit:FPU_UNIT|EXP_rounding:EXP_ROUNDING
 27. Parameter Settings for User Entity Instance: FPU_unit:FPU_UNIT|Mux_4_to_1:SEL_MANTISSA_FOR_RESULT
 28. Port Connectivity Checks: "FPU_unit:FPU_UNIT|Mux_4_to_1:SEL_MANTISSA_FOR_RESULT"
 29. Port Connectivity Checks: "FPU_unit:FPU_UNIT|EXP_adjust:EXP_ADJUST_UNIT|CLA_8bit:CLA_8BIT_UNIT"
 30. Port Connectivity Checks: "FPU_unit:FPU_UNIT|EXP_adjust:EXP_ADJUST_UNIT"
 31. Port Connectivity Checks: "FPU_unit:FPU_UNIT|COMP_28bit:MAN_COMP_28BIT_UNIT|COMP_4bit:u_i_data_0"
 32. Port Connectivity Checks: "FPU_unit:FPU_UNIT|SHF_right_28bit:SHF_RIGHT_28BIT_UNIT"
 33. Port Connectivity Checks: "FPU_unit:FPU_UNIT|EXP_sub:EXP_SUB_UNIT|CLA_8bit:CLA_8BIT_UNIT"
 34. Port Connectivity Checks: "FPU_unit:FPU_UNIT|EXP_sub:EXP_SUB_UNIT"
 35. Port Connectivity Checks: "FPU_unit:FPU_UNIT|EXP_swap:EXP_SWAP_UNIT|COMP_8bit:COMP_LESS_UNIT|COMP_4bit:u_low"
 36. Post-Synthesis Netlist Statistics for Top Partition
 37. Elapsed Time Per Partition
 38. Analysis & Synthesis Messages



----------------
; Legal Notice ;
----------------
Copyright (C) 2025  Altera Corporation. All rights reserved.
Your use of Altera Corporation's design tools, logic functions 
and other software and tools, and any partner logic 
functions, and any output files from any of the foregoing 
(including device programming or simulation files), and any 
associated documentation or information are expressly subject 
to the terms and conditions of the Altera Program License 
Subscription Agreement, the Altera Quartus Prime License Agreement,
the Altera IP License Agreement, or other applicable license
agreement, including, without limitation, that your use is for
the sole purpose of programming logic devices manufactured by
Altera and sold by Altera or its authorized distributors.  Please
refer to the Altera Software License Subscription Agreements 
on the Quartus Prime software download page.



+-----------------------------------------------------------------------------------+
; Analysis & Synthesis Summary                                                      ;
+---------------------------------+-------------------------------------------------+
; Analysis & Synthesis Status     ; Successful - Sat Nov 22 12:05:55 2025           ;
; Quartus Prime Version           ; 24.1std.0 Build 1077 03/04/2025 SC Lite Edition ;
; Revision Name                   ; FPU_top                                         ;
; Top-level Entity Name           ; FPU_top                                         ;
; Family                          ; Cyclone V                                       ;
; Logic utilization (in ALMs)     ; N/A                                             ;
; Total registers                 ; 99                                              ;
; Total pins                      ; 101                                             ;
; Total virtual pins              ; 0                                               ;
; Total block memory bits         ; 0                                               ;
; Total DSP Blocks                ; 0                                               ;
; Total HSSI RX PCSs              ; 0                                               ;
; Total HSSI PMA RX Deserializers ; 0                                               ;
; Total HSSI TX PCSs              ; 0                                               ;
; Total HSSI PMA TX Serializers   ; 0                                               ;
; Total PLLs                      ; 0                                               ;
; Total DLLs                      ; 0                                               ;
+---------------------------------+-------------------------------------------------+


+---------------------------------------------------------------------------------------------------------------------------+
; Analysis & Synthesis Settings                                                                                             ;
+---------------------------------------------------------------------------------+--------------------+--------------------+
; Option                                                                          ; Setting            ; Default Value      ;
+---------------------------------------------------------------------------------+--------------------+--------------------+
; Device                                                                          ; 5CGXFC7D6F31C6     ;                    ;
; Top-level entity name                                                           ; FPU_top            ; FPU_top            ;
; Family name                                                                     ; Cyclone V          ; Cyclone V          ;
; Use smart compilation                                                           ; Off                ; Off                ;
; Enable parallel Assembler and Timing Analyzer during compilation                ; On                 ; On                 ;
; Enable compact report table                                                     ; Off                ; Off                ;
; Restructure Multiplexers                                                        ; Auto               ; Auto               ;
; MLAB Add Timing Constraints For Mixed-Port Feed-Through Mode Setting Don't Care ; Off                ; Off                ;
; Create Debugging Nodes for IP Cores                                             ; Off                ; Off                ;
; Preserve fewer node names                                                       ; On                 ; On                 ;
; Intel FPGA IP Evaluation Mode                                                   ; Enable             ; Enable             ;
; Verilog Version                                                                 ; Verilog_2001       ; Verilog_2001       ;
; VHDL Version                                                                    ; VHDL_1993          ; VHDL_1993          ;
; State Machine Processing                                                        ; Auto               ; Auto               ;
; Safe State Machine                                                              ; Off                ; Off                ;
; Extract Verilog State Machines                                                  ; On                 ; On                 ;
; Extract VHDL State Machines                                                     ; On                 ; On                 ;
; Ignore Verilog initial constructs                                               ; Off                ; Off                ;
; Iteration limit for constant Verilog loops                                      ; 5000               ; 5000               ;
; Iteration limit for non-constant Verilog loops                                  ; 250                ; 250                ;
; Add Pass-Through Logic to Inferred RAMs                                         ; On                 ; On                 ;
; Infer RAMs from Raw Logic                                                       ; On                 ; On                 ;
; Parallel Synthesis                                                              ; On                 ; On                 ;
; DSP Block Balancing                                                             ; Auto               ; Auto               ;
; NOT Gate Push-Back                                                              ; On                 ; On                 ;
; Power-Up Don't Care                                                             ; On                 ; On                 ;
; Remove Redundant Logic Cells                                                    ; Off                ; Off                ;
; Remove Duplicate Registers                                                      ; On                 ; On                 ;
; Ignore CARRY Buffers                                                            ; Off                ; Off                ;
; Ignore CASCADE Buffers                                                          ; Off                ; Off                ;
; Ignore GLOBAL Buffers                                                           ; Off                ; Off                ;
; Ignore ROW GLOBAL Buffers                                                       ; Off                ; Off                ;
; Ignore LCELL Buffers                                                            ; Off                ; Off                ;
; Ignore SOFT Buffers                                                             ; On                 ; On                 ;
; Limit AHDL Integers to 32 Bits                                                  ; Off                ; Off                ;
; Optimization Technique                                                          ; Balanced           ; Balanced           ;
; Carry Chain Length                                                              ; 70                 ; 70                 ;
; Auto Carry Chains                                                               ; On                 ; On                 ;
; Auto Open-Drain Pins                                                            ; On                 ; On                 ;
; Perform WYSIWYG Primitive Resynthesis                                           ; Off                ; Off                ;
; Auto ROM Replacement                                                            ; On                 ; On                 ;
; Auto RAM Replacement                                                            ; On                 ; On                 ;
; Auto DSP Block Replacement                                                      ; On                 ; On                 ;
; Auto Shift Register Replacement                                                 ; Auto               ; Auto               ;
; Allow Shift Register Merging across Hierarchies                                 ; Auto               ; Auto               ;
; Auto Clock Enable Replacement                                                   ; On                 ; On                 ;
; Strict RAM Replacement                                                          ; Off                ; Off                ;
; Allow Synchronous Control Signals                                               ; On                 ; On                 ;
; Force Use of Synchronous Clear Signals                                          ; Off                ; Off                ;
; Auto Resource Sharing                                                           ; Off                ; Off                ;
; Allow Any RAM Size For Recognition                                              ; Off                ; Off                ;
; Allow Any ROM Size For Recognition                                              ; Off                ; Off                ;
; Allow Any Shift Register Size For Recognition                                   ; Off                ; Off                ;
; Use LogicLock Constraints during Resource Balancing                             ; On                 ; On                 ;
; Ignore translate_off and synthesis_off directives                               ; Off                ; Off                ;
; Timing-Driven Synthesis                                                         ; On                 ; On                 ;
; Report Parameter Settings                                                       ; On                 ; On                 ;
; Report Source Assignments                                                       ; On                 ; On                 ;
; Report Connectivity Checks                                                      ; On                 ; On                 ;
; Ignore Maximum Fan-Out Assignments                                              ; Off                ; Off                ;
; Synchronization Register Chain Length                                           ; 3                  ; 3                  ;
; Power Optimization During Synthesis                                             ; Normal compilation ; Normal compilation ;
; HDL message level                                                               ; Level2             ; Level2             ;
; Suppress Register Optimization Related Messages                                 ; Off                ; Off                ;
; Number of Removed Registers Reported in Synthesis Report                        ; 5000               ; 5000               ;
; Number of Swept Nodes Reported in Synthesis Report                              ; 5000               ; 5000               ;
; Number of Inverted Registers Reported in Synthesis Report                       ; 100                ; 100                ;
; Clock MUX Protection                                                            ; On                 ; On                 ;
; Auto Gated Clock Conversion                                                     ; Off                ; Off                ;
; Block Design Naming                                                             ; Auto               ; Auto               ;
; SDC constraint protection                                                       ; Off                ; Off                ;
; Synthesis Effort                                                                ; Auto               ; Auto               ;
; Shift Register Replacement - Allow Asynchronous Clear Signal                    ; On                 ; On                 ;
; Pre-Mapping Resynthesis Optimization                                            ; Off                ; Off                ;
; Analysis & Synthesis Message Level                                              ; Medium             ; Medium             ;
; Disable Register Merging Across Hierarchies                                     ; Auto               ; Auto               ;
; Resource Aware Inference For Block RAM                                          ; On                 ; On                 ;
; Automatic Parallel Synthesis                                                    ; On                 ; On                 ;
; Partial Reconfiguration Bitstream ID                                            ; Off                ; Off                ;
+---------------------------------------------------------------------------------+--------------------+--------------------+


+------------------------------------------+
; Parallel Compilation                     ;
+----------------------------+-------------+
; Processors                 ; Number      ;
+----------------------------+-------------+
; Number detected on machine ; 8           ;
; Maximum allowed            ; 4           ;
;                            ;             ;
; Average used               ; 1.00        ;
; Maximum used               ; 4           ;
;                            ;             ;
; Usage by Processor         ; % Time Used ;
;     Processor 1            ; 100.0%      ;
;     Processor 2            ;   0.0%      ;
;     Processor 3            ;   0.0%      ;
;     Processor 4            ;   0.0%      ;
+----------------------------+-------------+


+-------------------------------------------------------------------------------------------------------------------------------------------------------------------------------------------------------------+
; Analysis & Synthesis Source Files Read                                                                                                                                                                      ;
+------------------------------------+-----------------+------------------------------+-------------------------------------------------------------------------------------------------------------+---------+
; File Name with User-Entered Path   ; Used in Netlist ; File Type                    ; File Name with Absolute Path                                                                                ; Library ;
+------------------------------------+-----------------+------------------------------+-------------------------------------------------------------------------------------------------------------+---------+
; ../../02_rtl/SIGN_unit.sv          ; yes             ; User SystemVerilog HDL File  ; C:/Document_forme/project_tiny/BigProject/Floating_point/Version_Final2/02_rtl/SIGN_unit.sv                 ;         ;
; ../../02_rtl/SHF_right_28bit.sv    ; yes             ; User SystemVerilog HDL File  ; C:/Document_forme/project_tiny/BigProject/Floating_point/Version_Final2/02_rtl/SHF_right_28bit.sv           ;         ;
; ../../02_rtl/SHF_left_28bit.sv     ; yes             ; User SystemVerilog HDL File  ; C:/Document_forme/project_tiny/BigProject/Floating_point/Version_Final2/02_rtl/SHF_left_28bit.sv            ;         ;
; ../../02_rtl/ROUNDING_unit.sv      ; yes             ; User SystemVerilog HDL File  ; C:/Document_forme/project_tiny/BigProject/Floating_point/Version_Final2/02_rtl/ROUNDING_unit.sv             ;         ;
; ../../02_rtl/RND_add.sv            ; yes             ; User SystemVerilog HDL File  ; C:/Document_forme/project_tiny/BigProject/Floating_point/Version_Final2/02_rtl/RND_add.sv                   ;         ;
; ../../02_rtl/PSC_unit.sv           ; yes             ; User SystemVerilog HDL File  ; C:/Document_forme/project_tiny/BigProject/Floating_point/Version_Final2/02_rtl/PSC_unit.sv                  ;         ;
; ../../02_rtl/NORMALIZATION_unit.sv ; yes             ; User SystemVerilog HDL File  ; C:/Document_forme/project_tiny/BigProject/Floating_point/Version_Final2/02_rtl/NORMALIZATION_unit.sv        ;         ;
; ../../02_rtl/MAN_swap.sv           ; yes             ; User SystemVerilog HDL File  ; C:/Document_forme/project_tiny/BigProject/Floating_point/Version_Final2/02_rtl/MAN_swap.sv                  ;         ;
; ../../02_rtl/MAN_ALU.sv            ; yes             ; User SystemVerilog HDL File  ; C:/Document_forme/project_tiny/BigProject/Floating_point/Version_Final2/02_rtl/MAN_ALU.sv                   ;         ;
; ../../02_rtl/LOPD_24bit.sv         ; yes             ; User SystemVerilog HDL File  ; C:/Document_forme/project_tiny/BigProject/Floating_point/Version_Final2/02_rtl/LOPD_24bit.sv                ;         ;
; ../../02_rtl/LOPD_16bit.sv         ; yes             ; User SystemVerilog HDL File  ; C:/Document_forme/project_tiny/BigProject/Floating_point/Version_Final2/02_rtl/LOPD_16bit.sv                ;         ;
; ../../02_rtl/LOPD_8bit.sv          ; yes             ; User SystemVerilog HDL File  ; C:/Document_forme/project_tiny/BigProject/Floating_point/Version_Final2/02_rtl/LOPD_8bit.sv                 ;         ;
; ../../02_rtl/FPU_unit.sv           ; yes             ; User SystemVerilog HDL File  ; C:/Document_forme/project_tiny/BigProject/Floating_point/Version_Final2/02_rtl/FPU_unit.sv                  ;         ;
; ../../02_rtl/EXP_swap.sv           ; yes             ; User SystemVerilog HDL File  ; C:/Document_forme/project_tiny/BigProject/Floating_point/Version_Final2/02_rtl/EXP_swap.sv                  ;         ;
; ../../02_rtl/EXP_sub.sv            ; yes             ; User SystemVerilog HDL File  ; C:/Document_forme/project_tiny/BigProject/Floating_point/Version_Final2/02_rtl/EXP_sub.sv                   ;         ;
; ../../02_rtl/EXP_rounding.sv       ; yes             ; User SystemVerilog HDL File  ; C:/Document_forme/project_tiny/BigProject/Floating_point/Version_Final2/02_rtl/EXP_rounding.sv              ;         ;
; ../../02_rtl/EXP_adjust.sv         ; yes             ; User SystemVerilog HDL File  ; C:/Document_forme/project_tiny/BigProject/Floating_point/Version_Final2/02_rtl/EXP_adjust.sv                ;         ;
; ../../02_rtl/COMP_28bit.sv         ; yes             ; User SystemVerilog HDL File  ; C:/Document_forme/project_tiny/BigProject/Floating_point/Version_Final2/02_rtl/COMP_28bit.sv                ;         ;
; ../../02_rtl/COMP_8bit.sv          ; yes             ; User SystemVerilog HDL File  ; C:/Document_forme/project_tiny/BigProject/Floating_point/Version_Final2/02_rtl/COMP_8bit.sv                 ;         ;
; ../../02_rtl/COMP_4bit.sv          ; yes             ; User SystemVerilog HDL File  ; C:/Document_forme/project_tiny/BigProject/Floating_point/Version_Final2/02_rtl/COMP_4bit.sv                 ;         ;
; ../../02_rtl/CLA_28bit.sv          ; yes             ; User SystemVerilog HDL File  ; C:/Document_forme/project_tiny/BigProject/Floating_point/Version_Final2/02_rtl/CLA_28bit.sv                 ;         ;
; ../../02_rtl/CLA_8bit.sv           ; yes             ; User SystemVerilog HDL File  ; C:/Document_forme/project_tiny/BigProject/Floating_point/Version_Final2/02_rtl/CLA_8bit.sv                  ;         ;
; ../../02_rtl/CLA_4bit.sv           ; yes             ; User SystemVerilog HDL File  ; C:/Document_forme/project_tiny/BigProject/Floating_point/Version_Final2/02_rtl/CLA_4bit.sv                  ;         ;
; FPU_top.sv                         ; yes             ; User SystemVerilog HDL File  ; C:/Document_forme/project_tiny/BigProject/Floating_point/Version_Final2/04_imple/Check_Freq_DE10/FPU_top.sv ;         ;
+------------------------------------+-----------------+------------------------------+-------------------------------------------------------------------------------------------------------------+---------+


+-----------------------------------------------------------+
; Analysis & Synthesis Resource Usage Summary               ;
+---------------------------------------------+-------------+
; Resource                                    ; Usage       ;
+---------------------------------------------+-------------+
; Estimate of Logic utilization (ALMs needed) ; 358         ;
;                                             ;             ;
; Combinational ALUT usage for logic          ; 509         ;
;     -- 7 input functions                    ; 30          ;
;     -- 6 input functions                    ; 168         ;
;     -- 5 input functions                    ; 113         ;
;     -- 4 input functions                    ; 105         ;
;     -- <=3 input functions                  ; 93          ;
;                                             ;             ;
; Dedicated logic registers                   ; 99          ;
;                                             ;             ;
; I/O pins                                    ; 101         ;
;                                             ;             ;
; Total DSP Blocks                            ; 0           ;
;                                             ;             ;
; Maximum fan-out node                        ; i_clk~input ;
; Maximum fan-out                             ; 99          ;
; Total fan-out                               ; 2904        ;
; Average fan-out                             ; 3.59        ;
+---------------------------------------------+-------------+


+----------------------------------------------------------------------------------------------------------------------------------------------------------------------------------------------------------------------------------------------------------------------------------------------------------------------+
; Analysis & Synthesis Resource Utilization by Entity                                                                                                                                                                                                                                                                  ;
+-------------------------------------------------------+---------------------+---------------------------+-------------------+------------+------+--------------+-----------------------------------------------------------------------------------------------------------------+--------------------+--------------+
; Compilation Hierarchy Node                            ; Combinational ALUTs ; Dedicated Logic Registers ; Block Memory Bits ; DSP Blocks ; Pins ; Virtual Pins ; Full Hierarchy Name                                                                                             ; Entity Name        ; Library Name ;
+-------------------------------------------------------+---------------------+---------------------------+-------------------+------------+------+--------------+-----------------------------------------------------------------------------------------------------------------+--------------------+--------------+
; |FPU_top                                              ; 509 (0)             ; 99 (99)                   ; 0                 ; 0          ; 101  ; 0            ; |FPU_top                                                                                                        ; FPU_top            ; work         ;
;    |FPU_unit:FPU_UNIT|                                ; 509 (9)             ; 0 (0)                     ; 0                 ; 0          ; 0    ; 0            ; |FPU_top|FPU_unit:FPU_UNIT                                                                                      ; FPU_unit           ; work         ;
;       |COMP_28bit:MAN_COMP_28BIT_UNIT|                ; 47 (37)             ; 0 (0)                     ; 0                 ; 0          ; 0    ; 0            ; |FPU_top|FPU_unit:FPU_UNIT|COMP_28bit:MAN_COMP_28BIT_UNIT                                                       ; COMP_28bit         ; work         ;
;          |COMP_4bit:u_i_data_0|                       ; 1 (1)               ; 0 (0)                     ; 0                 ; 0          ; 0    ; 0            ; |FPU_top|FPU_unit:FPU_UNIT|COMP_28bit:MAN_COMP_28BIT_UNIT|COMP_4bit:u_i_data_0                                  ; COMP_4bit          ; work         ;
;          |COMP_4bit:u_i_data_1|                       ; 1 (1)               ; 0 (0)                     ; 0                 ; 0          ; 0    ; 0            ; |FPU_top|FPU_unit:FPU_UNIT|COMP_28bit:MAN_COMP_28BIT_UNIT|COMP_4bit:u_i_data_1                                  ; COMP_4bit          ; work         ;
;          |COMP_4bit:u_i_data_3|                       ; 3 (3)               ; 0 (0)                     ; 0                 ; 0          ; 0    ; 0            ; |FPU_top|FPU_unit:FPU_UNIT|COMP_28bit:MAN_COMP_28BIT_UNIT|COMP_4bit:u_i_data_3                                  ; COMP_4bit          ; work         ;
;          |COMP_4bit:u_i_data_4|                       ; 4 (4)               ; 0 (0)                     ; 0                 ; 0          ; 0    ; 0            ; |FPU_top|FPU_unit:FPU_UNIT|COMP_28bit:MAN_COMP_28BIT_UNIT|COMP_4bit:u_i_data_4                                  ; COMP_4bit          ; work         ;
;          |COMP_4bit:u_i_data_6|                       ; 1 (1)               ; 0 (0)                     ; 0                 ; 0          ; 0    ; 0            ; |FPU_top|FPU_unit:FPU_UNIT|COMP_28bit:MAN_COMP_28BIT_UNIT|COMP_4bit:u_i_data_6                                  ; COMP_4bit          ; work         ;
;       |EXP_adjust:EXP_ADJUST_UNIT|                    ; 19 (9)              ; 0 (0)                     ; 0                 ; 0          ; 0    ; 0            ; |FPU_top|FPU_unit:FPU_UNIT|EXP_adjust:EXP_ADJUST_UNIT                                                           ; EXP_adjust         ; work         ;
;          |CLA_8bit:CLA_8BIT_UNIT|                     ; 10 (0)              ; 0 (0)                     ; 0                 ; 0          ; 0    ; 0            ; |FPU_top|FPU_unit:FPU_UNIT|EXP_adjust:EXP_ADJUST_UNIT|CLA_8bit:CLA_8BIT_UNIT                                    ; CLA_8bit           ; work         ;
;             |CLA_4bit:CLA_4BIT_UNIT_0|                ; 5 (5)               ; 0 (0)                     ; 0                 ; 0          ; 0    ; 0            ; |FPU_top|FPU_unit:FPU_UNIT|EXP_adjust:EXP_ADJUST_UNIT|CLA_8bit:CLA_8BIT_UNIT|CLA_4bit:CLA_4BIT_UNIT_0           ; CLA_4bit           ; work         ;
;             |CLA_4bit:CLA_4BIT_UNIT_1|                ; 5 (5)               ; 0 (0)                     ; 0                 ; 0          ; 0    ; 0            ; |FPU_top|FPU_unit:FPU_UNIT|EXP_adjust:EXP_ADJUST_UNIT|CLA_8bit:CLA_8BIT_UNIT|CLA_4bit:CLA_4BIT_UNIT_1           ; CLA_4bit           ; work         ;
;       |EXP_rounding:EXP_ROUNDING|                     ; 2 (2)               ; 0 (0)                     ; 0                 ; 0          ; 0    ; 0            ; |FPU_top|FPU_unit:FPU_UNIT|EXP_rounding:EXP_ROUNDING                                                            ; EXP_rounding       ; work         ;
;       |EXP_sub:EXP_SUB_UNIT|                          ; 13 (0)              ; 0 (0)                     ; 0                 ; 0          ; 0    ; 0            ; |FPU_top|FPU_unit:FPU_UNIT|EXP_sub:EXP_SUB_UNIT                                                                 ; EXP_sub            ; work         ;
;          |CLA_8bit:CLA_8BIT_UNIT|                     ; 13 (1)              ; 0 (0)                     ; 0                 ; 0          ; 0    ; 0            ; |FPU_top|FPU_unit:FPU_UNIT|EXP_sub:EXP_SUB_UNIT|CLA_8bit:CLA_8BIT_UNIT                                          ; CLA_8bit           ; work         ;
;             |CLA_4bit:CLA_4BIT_UNIT_0|                ; 10 (10)             ; 0 (0)                     ; 0                 ; 0          ; 0    ; 0            ; |FPU_top|FPU_unit:FPU_UNIT|EXP_sub:EXP_SUB_UNIT|CLA_8bit:CLA_8BIT_UNIT|CLA_4bit:CLA_4BIT_UNIT_0                 ; CLA_4bit           ; work         ;
;             |CLA_4bit:CLA_4BIT_UNIT_1|                ; 2 (2)               ; 0 (0)                     ; 0                 ; 0          ; 0    ; 0            ; |FPU_top|FPU_unit:FPU_UNIT|EXP_sub:EXP_SUB_UNIT|CLA_8bit:CLA_8BIT_UNIT|CLA_4bit:CLA_4BIT_UNIT_1                 ; CLA_4bit           ; work         ;
;       |EXP_swap:EXP_SWAP_UNIT|                        ; 15 (5)              ; 0 (0)                     ; 0                 ; 0          ; 0    ; 0            ; |FPU_top|FPU_unit:FPU_UNIT|EXP_swap:EXP_SWAP_UNIT                                                               ; EXP_swap           ; work         ;
;          |COMP_8bit:COMP_LESS_UNIT|                   ; 10 (6)              ; 0 (0)                     ; 0                 ; 0          ; 0    ; 0            ; |FPU_top|FPU_unit:FPU_UNIT|EXP_swap:EXP_SWAP_UNIT|COMP_8bit:COMP_LESS_UNIT                                      ; COMP_8bit          ; work         ;
;             |COMP_4bit:u_high|                        ; 1 (1)               ; 0 (0)                     ; 0                 ; 0          ; 0    ; 0            ; |FPU_top|FPU_unit:FPU_UNIT|EXP_swap:EXP_SWAP_UNIT|COMP_8bit:COMP_LESS_UNIT|COMP_4bit:u_high                     ; COMP_4bit          ; work         ;
;             |COMP_4bit:u_low|                         ; 3 (3)               ; 0 (0)                     ; 0                 ; 0          ; 0    ; 0            ; |FPU_top|FPU_unit:FPU_UNIT|EXP_swap:EXP_SWAP_UNIT|COMP_8bit:COMP_LESS_UNIT|COMP_4bit:u_low                      ; COMP_4bit          ; work         ;
;       |LOPD_24bit:LOPD_24BIT_UNIT|                    ; 27 (19)             ; 0 (0)                     ; 0                 ; 0          ; 0    ; 0            ; |FPU_top|FPU_unit:FPU_UNIT|LOPD_24bit:LOPD_24BIT_UNIT                                                           ; LOPD_24bit         ; work         ;
;          |LOPD_16bit:LOPD_16bit_UNIT_MSB|             ; 7 (2)               ; 0 (0)                     ; 0                 ; 0          ; 0    ; 0            ; |FPU_top|FPU_unit:FPU_UNIT|LOPD_24bit:LOPD_24BIT_UNIT|LOPD_16bit:LOPD_16bit_UNIT_MSB                            ; LOPD_16bit         ; work         ;
;             |LOPD_8bit:LOPD_8bit_unit_0|              ; 2 (2)               ; 0 (0)                     ; 0                 ; 0          ; 0    ; 0            ; |FPU_top|FPU_unit:FPU_UNIT|LOPD_24bit:LOPD_24BIT_UNIT|LOPD_16bit:LOPD_16bit_UNIT_MSB|LOPD_8bit:LOPD_8bit_unit_0 ; LOPD_8bit          ; work         ;
;             |LOPD_8bit:LOPD_8bit_unit_1|              ; 3 (3)               ; 0 (0)                     ; 0                 ; 0          ; 0    ; 0            ; |FPU_top|FPU_unit:FPU_UNIT|LOPD_24bit:LOPD_24BIT_UNIT|LOPD_16bit:LOPD_16bit_UNIT_MSB|LOPD_8bit:LOPD_8bit_unit_1 ; LOPD_8bit          ; work         ;
;          |LOPD_8bit:LOPD_8bit_UNIT_LSB|               ; 1 (1)               ; 0 (0)                     ; 0                 ; 0          ; 0    ; 0            ; |FPU_top|FPU_unit:FPU_UNIT|LOPD_24bit:LOPD_24BIT_UNIT|LOPD_8bit:LOPD_8bit_UNIT_LSB                              ; LOPD_8bit          ; work         ;
;       |MAN_ALU:MAN_ALU_UNIT|                          ; 120 (9)             ; 0 (0)                     ; 0                 ; 0          ; 0    ; 0            ; |FPU_top|FPU_unit:FPU_UNIT|MAN_ALU:MAN_ALU_UNIT                                                                 ; MAN_ALU            ; work         ;
;          |CLA_28bit:ALU_SUB_UNIT|                     ; 111 (18)            ; 0 (0)                     ; 0                 ; 0          ; 0    ; 0            ; |FPU_top|FPU_unit:FPU_UNIT|MAN_ALU:MAN_ALU_UNIT|CLA_28bit:ALU_SUB_UNIT                                          ; CLA_28bit          ; work         ;
;             |CLA_4bit:CLA_BLOCK_GEN[0].CLA_4BIT_UNIT| ; 5 (5)               ; 0 (0)                     ; 0                 ; 0          ; 0    ; 0            ; |FPU_top|FPU_unit:FPU_UNIT|MAN_ALU:MAN_ALU_UNIT|CLA_28bit:ALU_SUB_UNIT|CLA_4bit:CLA_BLOCK_GEN[0].CLA_4BIT_UNIT  ; CLA_4bit           ; work         ;
;             |CLA_4bit:CLA_BLOCK_GEN[1].CLA_4BIT_UNIT| ; 11 (11)             ; 0 (0)                     ; 0                 ; 0          ; 0    ; 0            ; |FPU_top|FPU_unit:FPU_UNIT|MAN_ALU:MAN_ALU_UNIT|CLA_28bit:ALU_SUB_UNIT|CLA_4bit:CLA_BLOCK_GEN[1].CLA_4BIT_UNIT  ; CLA_4bit           ; work         ;
;             |CLA_4bit:CLA_BLOCK_GEN[2].CLA_4BIT_UNIT| ; 14 (14)             ; 0 (0)                     ; 0                 ; 0          ; 0    ; 0            ; |FPU_top|FPU_unit:FPU_UNIT|MAN_ALU:MAN_ALU_UNIT|CLA_28bit:ALU_SUB_UNIT|CLA_4bit:CLA_BLOCK_GEN[2].CLA_4BIT_UNIT  ; CLA_4bit           ; work         ;
;             |CLA_4bit:CLA_BLOCK_GEN[3].CLA_4BIT_UNIT| ; 16 (16)             ; 0 (0)                     ; 0                 ; 0          ; 0    ; 0            ; |FPU_top|FPU_unit:FPU_UNIT|MAN_ALU:MAN_ALU_UNIT|CLA_28bit:ALU_SUB_UNIT|CLA_4bit:CLA_BLOCK_GEN[3].CLA_4BIT_UNIT  ; CLA_4bit           ; work         ;
;             |CLA_4bit:CLA_BLOCK_GEN[4].CLA_4BIT_UNIT| ; 16 (16)             ; 0 (0)                     ; 0                 ; 0          ; 0    ; 0            ; |FPU_top|FPU_unit:FPU_UNIT|MAN_ALU:MAN_ALU_UNIT|CLA_28bit:ALU_SUB_UNIT|CLA_4bit:CLA_BLOCK_GEN[4].CLA_4BIT_UNIT  ; CLA_4bit           ; work         ;
;             |CLA_4bit:CLA_BLOCK_GEN[5].CLA_4BIT_UNIT| ; 17 (17)             ; 0 (0)                     ; 0                 ; 0          ; 0    ; 0            ; |FPU_top|FPU_unit:FPU_UNIT|MAN_ALU:MAN_ALU_UNIT|CLA_28bit:ALU_SUB_UNIT|CLA_4bit:CLA_BLOCK_GEN[5].CLA_4BIT_UNIT  ; CLA_4bit           ; work         ;
;             |CLA_4bit:CLA_BLOCK_GEN[6].CLA_4BIT_UNIT| ; 14 (14)             ; 0 (0)                     ; 0                 ; 0          ; 0    ; 0            ; |FPU_top|FPU_unit:FPU_UNIT|MAN_ALU:MAN_ALU_UNIT|CLA_28bit:ALU_SUB_UNIT|CLA_4bit:CLA_BLOCK_GEN[6].CLA_4BIT_UNIT  ; CLA_4bit           ; work         ;
;       |MAN_swap:MAN_PRE_SWAP_BY_EXPONENT_UNIT|        ; 23 (23)             ; 0 (0)                     ; 0                 ; 0          ; 0    ; 0            ; |FPU_top|FPU_unit:FPU_UNIT|MAN_swap:MAN_PRE_SWAP_BY_EXPONENT_UNIT                                               ; MAN_swap           ; work         ;
;       |MAN_swap:MAN_PRE_SWAP_BY_MAN_UNIT|             ; 2 (2)               ; 0 (0)                     ; 0                 ; 0          ; 0    ; 0            ; |FPU_top|FPU_unit:FPU_UNIT|MAN_swap:MAN_PRE_SWAP_BY_MAN_UNIT                                                    ; MAN_swap           ; work         ;
;       |Mux_4_to_1:SEL_MANTISSA_FOR_RESULT|            ; 1 (1)               ; 0 (0)                     ; 0                 ; 0          ; 0    ; 0            ; |FPU_top|FPU_unit:FPU_UNIT|Mux_4_to_1:SEL_MANTISSA_FOR_RESULT                                                   ; Mux_4_to_1         ; work         ;
;       |NORMALIZATION_unit:NORMALIZATION_UNIT|         ; 99 (68)             ; 0 (0)                     ; 0                 ; 0          ; 0    ; 0            ; |FPU_top|FPU_unit:FPU_UNIT|NORMALIZATION_unit:NORMALIZATION_UNIT                                                ; NORMALIZATION_unit ; work         ;
;          |SHF_left_28bit:SHF_left_28bit_unit|         ; 31 (31)             ; 0 (0)                     ; 0                 ; 0          ; 0    ; 0            ; |FPU_top|FPU_unit:FPU_UNIT|NORMALIZATION_unit:NORMALIZATION_UNIT|SHF_left_28bit:SHF_left_28bit_unit             ; SHF_left_28bit     ; work         ;
;       |PSC_unit:PSC_UNIT|                             ; 18 (18)             ; 0 (0)                     ; 0                 ; 0          ; 0    ; 0            ; |FPU_top|FPU_unit:FPU_UNIT|PSC_unit:PSC_UNIT                                                                    ; PSC_unit           ; work         ;
;       |ROUNDING_unit:ROUNDING_UNIT|                   ; 31 (2)              ; 0 (0)                     ; 0                 ; 0          ; 0    ; 0            ; |FPU_top|FPU_unit:FPU_UNIT|ROUNDING_unit:ROUNDING_UNIT                                                          ; ROUNDING_unit      ; work         ;
;          |RND_add:INCREASE_ROUNDING|                  ; 29 (29)             ; 0 (0)                     ; 0                 ; 0          ; 0    ; 0            ; |FPU_top|FPU_unit:FPU_UNIT|ROUNDING_unit:ROUNDING_UNIT|RND_add:INCREASE_ROUNDING                                ; RND_add            ; work         ;
;       |SHF_right_28bit:SHF_RIGHT_28BIT_UNIT|          ; 82 (82)             ; 0 (0)                     ; 0                 ; 0          ; 0    ; 0            ; |FPU_top|FPU_unit:FPU_UNIT|SHF_right_28bit:SHF_RIGHT_28BIT_UNIT                                                 ; SHF_right_28bit    ; work         ;
;       |SIGN_unit:SIGN_OUT|                            ; 1 (1)               ; 0 (0)                     ; 0                 ; 0          ; 0    ; 0            ; |FPU_top|FPU_unit:FPU_UNIT|SIGN_unit:SIGN_OUT                                                                   ; SIGN_unit          ; work         ;
+-------------------------------------------------------+---------------------+---------------------------+-------------------+------------+------+--------------+-----------------------------------------------------------------------------------------------------------------+--------------------+--------------+
Note: For table entries with two numbers listed, the numbers in parentheses indicate the number of resources of the given type used by the specific entity alone. The numbers listed outside of parentheses indicate the total resources of the given type used by the specific entity and all of its sub-entities in the hierarchy.


+------------------------------------------------------+
; General Register Statistics                          ;
+----------------------------------------------+-------+
; Statistic                                    ; Value ;
+----------------------------------------------+-------+
; Total registers                              ; 99    ;
; Number of registers using Synchronous Clear  ; 22    ;
; Number of registers using Synchronous Load   ; 0     ;
; Number of registers using Asynchronous Clear ; 99    ;
; Number of registers using Asynchronous Load  ; 0     ;
; Number of registers using Clock Enable       ; 0     ;
; Number of registers using Preset             ; 0     ;
+----------------------------------------------+-------+


+--------------------------------------------------------------------------------------------------------------------------------------------------------------------------------------------------------------------------------+
; Multiplexer Restructuring Statistics (Restructuring Performed)                                                                                                                                                                 ;
+--------------------+-----------+---------------+----------------------+------------------------+------------+------------------------------------------------------------------------------------------------------------------+
; Multiplexer Inputs ; Bus Width ; Baseline Area ; Area if Restructured ; Saving if Restructured ; Registered ; Example Multiplexer Output                                                                                       ;
+--------------------+-----------+---------------+----------------------+------------------------+------------+------------------------------------------------------------------------------------------------------------------+
; 4:1                ; 22 bits   ; 44 LEs        ; 44 LEs               ; 0 LEs                  ; No         ; |FPU_top|FPU_unit:FPU_UNIT|SHF_right_28bit:SHF_RIGHT_28BIT_UNIT|stage[1][6]                                      ;
; 4:1                ; 2 bits    ; 4 LEs         ; 4 LEs                ; 0 LEs                  ; No         ; |FPU_top|FPU_unit:FPU_UNIT|SHF_right_28bit:SHF_RIGHT_28BIT_UNIT|stage[3][23]                                     ;
; 4:1                ; 14 bits   ; 28 LEs        ; 28 LEs               ; 0 LEs                  ; No         ; |FPU_top|FPU_unit:FPU_UNIT|SHF_right_28bit:SHF_RIGHT_28BIT_UNIT|stage[3][13]                                     ;
; 4:1                ; 4 bits    ; 8 LEs         ; 8 LEs                ; 0 LEs                  ; No         ; |FPU_top|FPU_unit:FPU_UNIT|SHF_right_28bit:SHF_RIGHT_28BIT_UNIT|o_data[11]                                       ;
; 4:1                ; 5 bits    ; 10 LEs        ; 10 LEs               ; 0 LEs                  ; No         ; |FPU_top|FPU_unit:FPU_UNIT|MAN_ALU:MAN_ALU_UNIT|w_i_man_b[27]                                                    ;
; 4:1                ; 23 bits   ; 46 LEs        ; 46 LEs               ; 0 LEs                  ; No         ; |FPU_top|FPU_unit:FPU_UNIT|MAN_ALU:MAN_ALU_UNIT|w_i_man_b[4]                                                     ;
; 3:1                ; 5 bits    ; 10 LEs        ; 10 LEs               ; 0 LEs                  ; No         ; |FPU_top|FPU_unit:FPU_UNIT|EXP_adjust:EXP_ADJUST_UNIT|w_data_b[3]                                                ;
; 4:1                ; 21 bits   ; 42 LEs        ; 42 LEs               ; 0 LEs                  ; No         ; |FPU_top|FPU_unit:FPU_UNIT|NORMALIZATION_unit:NORMALIZATION_UNIT|SHF_left_28bit:SHF_left_28bit_unit|stage[2][5]  ;
; 3:1                ; 4 bits    ; 8 LEs         ; 8 LEs                ; 0 LEs                  ; No         ; |FPU_top|FPU_unit:FPU_UNIT|NORMALIZATION_unit:NORMALIZATION_UNIT|SHF_left_28bit:SHF_left_28bit_unit|stage[4][2]  ;
; 3:1                ; 4 bits    ; 8 LEs         ; 8 LEs                ; 0 LEs                  ; No         ; |FPU_top|FPU_unit:FPU_UNIT|NORMALIZATION_unit:NORMALIZATION_UNIT|SHF_left_28bit:SHF_left_28bit_unit|stage[4][4]  ;
; 4:1                ; 4 bits    ; 8 LEs         ; 8 LEs                ; 0 LEs                  ; No         ; |FPU_top|FPU_unit:FPU_UNIT|NORMALIZATION_unit:NORMALIZATION_UNIT|SHF_left_28bit:SHF_left_28bit_unit|stage[4][11] ;
; 3:1                ; 2 bits    ; 4 LEs         ; 4 LEs                ; 0 LEs                  ; No         ; |FPU_top|FPU_unit:FPU_UNIT|SHF_right_28bit:SHF_RIGHT_28BIT_UNIT|stage[3][27]                                     ;
; 3:1                ; 2 bits    ; 4 LEs         ; 4 LEs                ; 0 LEs                  ; No         ; |FPU_top|FPU_unit:FPU_UNIT|SHF_right_28bit:SHF_RIGHT_28BIT_UNIT|stage[3][24]                                     ;
; 3:1                ; 8 bits    ; 16 LEs        ; 16 LEs               ; 0 LEs                  ; No         ; |FPU_top|FPU_unit:FPU_UNIT|SHF_right_28bit:SHF_RIGHT_28BIT_UNIT|o_data[26]                                       ;
; 3:1                ; 8 bits    ; 16 LEs        ; 16 LEs               ; 0 LEs                  ; No         ; |FPU_top|FPU_unit:FPU_UNIT|SHF_right_28bit:SHF_RIGHT_28BIT_UNIT|o_data[15]                                       ;
; 4:1                ; 3 bits    ; 6 LEs         ; 6 LEs                ; 0 LEs                  ; No         ; |FPU_top|FPU_unit:FPU_UNIT|LOPD_24bit:LOPD_24BIT_UNIT|o_one_position[2]                                          ;
; 7:1                ; 2 bits    ; 8 LEs         ; 8 LEs                ; 0 LEs                  ; No         ; |FPU_top|FPU_unit:FPU_UNIT|SHF_right_28bit:SHF_RIGHT_28BIT_UNIT|o_data[1]                                        ;
; 7:1                ; 4 bits    ; 16 LEs        ; 16 LEs               ; 0 LEs                  ; No         ; |FPU_top|FPU_unit:FPU_UNIT|SHF_right_28bit:SHF_RIGHT_28BIT_UNIT|o_data[5]                                        ;
; 5:1                ; 12 bits   ; 36 LEs        ; 36 LEs               ; 0 LEs                  ; No         ; |FPU_top|FPU_unit:FPU_UNIT|NORMALIZATION_unit:NORMALIZATION_UNIT|o_mantissa[3]                                   ;
; 8:1                ; 4 bits    ; 20 LEs        ; 20 LEs               ; 0 LEs                  ; No         ; |FPU_top|FPU_unit:FPU_UNIT|NORMALIZATION_unit:NORMALIZATION_UNIT|o_mantissa[12]                                  ;
; 8:1                ; 8 bits    ; 40 LEs        ; 40 LEs               ; 0 LEs                  ; No         ; |FPU_top|FPU_unit:FPU_UNIT|NORMALIZATION_unit:NORMALIZATION_UNIT|o_mantissa[20]                                  ;
; 11:1               ; 3 bits    ; 21 LEs        ; 18 LEs               ; 3 LEs                  ; No         ; |FPU_top|FPU_unit:FPU_UNIT|NORMALIZATION_unit:NORMALIZATION_UNIT|o_mantissa[26]                                  ;
+--------------------+-----------+---------------+----------------------+------------------------+------------+------------------------------------------------------------------------------------------------------------------+


+-------------------------------------------------------------------------+
; Parameter Settings for User Entity Instance: Top-level Entity: |FPU_top ;
+----------------+-------+------------------------------------------------+
; Parameter Name ; Value ; Type                                           ;
+----------------+-------+------------------------------------------------+
; NUM_OP         ; 1     ; Signed Integer                                 ;
+----------------+-------+------------------------------------------------+
Note: In order to hide this table in the UI and the text report file, please set the "Show Parameter Settings in Synthesis Report" option in "Analysis and Synthesis Settings -> More Settings" to "Off".


+----------------------------------------------------------------+
; Parameter Settings for User Entity Instance: FPU_unit:FPU_UNIT ;
+----------------+-------+---------------------------------------+
; Parameter Name ; Value ; Type                                  ;
+----------------+-------+---------------------------------------+
; NUM_OP         ; 1     ; Signed Integer                        ;
+----------------+-------+---------------------------------------+
Note: In order to hide this table in the UI and the text report file, please set the "Show Parameter Settings in Synthesis Report" option in "Analysis and Synthesis Settings -> More Settings" to "Off".


+---------------------------------------------------------------------------------------+
; Parameter Settings for User Entity Instance: FPU_unit:FPU_UNIT|EXP_swap:EXP_SWAP_UNIT ;
+----------------+-------+--------------------------------------------------------------+
; Parameter Name ; Value ; Type                                                         ;
+----------------+-------+--------------------------------------------------------------+
; SIZE_DATA      ; 8     ; Signed Integer                                               ;
+----------------+-------+--------------------------------------------------------------+
Note: In order to hide this table in the UI and the text report file, please set the "Show Parameter Settings in Synthesis Report" option in "Analysis and Synthesis Settings -> More Settings" to "Off".


+----------------------------------------------------------------------------------------------------------------+
; Parameter Settings for User Entity Instance: FPU_unit:FPU_UNIT|EXP_swap:EXP_SWAP_UNIT|COMP_8bit:COMP_LESS_UNIT ;
+----------------+-------+---------------------------------------------------------------------------------------+
; Parameter Name ; Value ; Type                                                                                  ;
+----------------+-------+---------------------------------------------------------------------------------------+
; SIZE_DATA      ; 8     ; Signed Integer                                                                        ;
+----------------+-------+---------------------------------------------------------------------------------------+
Note: In order to hide this table in the UI and the text report file, please set the "Show Parameter Settings in Synthesis Report" option in "Analysis and Synthesis Settings -> More Settings" to "Off".


+-------------------------------------------------------------------------------------+
; Parameter Settings for User Entity Instance: FPU_unit:FPU_UNIT|EXP_sub:EXP_SUB_UNIT ;
+----------------+-------+------------------------------------------------------------+
; Parameter Name ; Value ; Type                                                       ;
+----------------+-------+------------------------------------------------------------+
; SIZE_EXP_SUB   ; 8     ; Signed Integer                                             ;
+----------------+-------+------------------------------------------------------------+
Note: In order to hide this table in the UI and the text report file, please set the "Show Parameter Settings in Synthesis Report" option in "Analysis and Synthesis Settings -> More Settings" to "Off".


+-------------------------------------------------------------------------------------------------------+
; Parameter Settings for User Entity Instance: FPU_unit:FPU_UNIT|MAN_swap:MAN_PRE_SWAP_BY_EXPONENT_UNIT ;
+----------------+-------+------------------------------------------------------------------------------+
; Parameter Name ; Value ; Type                                                                         ;
+----------------+-------+------------------------------------------------------------------------------+
; SIZE_MAN       ; 24    ; Signed Integer                                                               ;
+----------------+-------+------------------------------------------------------------------------------+
Note: In order to hide this table in the UI and the text report file, please set the "Show Parameter Settings in Synthesis Report" option in "Analysis and Synthesis Settings -> More Settings" to "Off".


+-----------------------------------------------------------------------------------------------------+
; Parameter Settings for User Entity Instance: FPU_unit:FPU_UNIT|SHF_right_28bit:SHF_RIGHT_28BIT_UNIT ;
+----------------+-------+----------------------------------------------------------------------------+
; Parameter Name ; Value ; Type                                                                       ;
+----------------+-------+----------------------------------------------------------------------------+
; SIZE_DATA      ; 28    ; Signed Integer                                                             ;
; SIZE_SHIFT     ; 5     ; Signed Integer                                                             ;
+----------------+-------+----------------------------------------------------------------------------+
Note: In order to hide this table in the UI and the text report file, please set the "Show Parameter Settings in Synthesis Report" option in "Analysis and Synthesis Settings -> More Settings" to "Off".


+-----------------------------------------------------------------------------------------------+
; Parameter Settings for User Entity Instance: FPU_unit:FPU_UNIT|COMP_28bit:MAN_COMP_28BIT_UNIT ;
+----------------+-------+----------------------------------------------------------------------+
; Parameter Name ; Value ; Type                                                                 ;
+----------------+-------+----------------------------------------------------------------------+
; SIZE_DATA      ; 28    ; Signed Integer                                                       ;
+----------------+-------+----------------------------------------------------------------------+
Note: In order to hide this table in the UI and the text report file, please set the "Show Parameter Settings in Synthesis Report" option in "Analysis and Synthesis Settings -> More Settings" to "Off".


+--------------------------------------------------------------------------------------------------+
; Parameter Settings for User Entity Instance: FPU_unit:FPU_UNIT|MAN_swap:MAN_PRE_SWAP_BY_MAN_UNIT ;
+----------------+-------+-------------------------------------------------------------------------+
; Parameter Name ; Value ; Type                                                                    ;
+----------------+-------+-------------------------------------------------------------------------+
; SIZE_MAN       ; 28    ; Signed Integer                                                          ;
+----------------+-------+-------------------------------------------------------------------------+
Note: In order to hide this table in the UI and the text report file, please set the "Show Parameter Settings in Synthesis Report" option in "Analysis and Synthesis Settings -> More Settings" to "Off".


+-------------------------------------------------------------------------------------+
; Parameter Settings for User Entity Instance: FPU_unit:FPU_UNIT|MAN_ALU:MAN_ALU_UNIT ;
+----------------+-------+------------------------------------------------------------+
; Parameter Name ; Value ; Type                                                       ;
+----------------+-------+------------------------------------------------------------+
; NUM_OP         ; 1     ; Signed Integer                                             ;
; SIZE_MAN       ; 28    ; Signed Integer                                             ;
+----------------+-------+------------------------------------------------------------+
Note: In order to hide this table in the UI and the text report file, please set the "Show Parameter Settings in Synthesis Report" option in "Analysis and Synthesis Settings -> More Settings" to "Off".


+-------------------------------------------------------------------------------------------+
; Parameter Settings for User Entity Instance: FPU_unit:FPU_UNIT|LOPD_24bit:LOPD_24BIT_UNIT ;
+----------------+-------+------------------------------------------------------------------+
; Parameter Name ; Value ; Type                                                             ;
+----------------+-------+------------------------------------------------------------------+
; SIZE_DATA      ; 24    ; Signed Integer                                                   ;
; SIZE_LOPD      ; 5     ; Signed Integer                                                   ;
+----------------+-------+------------------------------------------------------------------+
Note: In order to hide this table in the UI and the text report file, please set the "Show Parameter Settings in Synthesis Report" option in "Analysis and Synthesis Settings -> More Settings" to "Off".


+-------------------------------------------------------------------------------------------+
; Parameter Settings for User Entity Instance: FPU_unit:FPU_UNIT|EXP_adjust:EXP_ADJUST_UNIT ;
+----------------+-------+------------------------------------------------------------------+
; Parameter Name ; Value ; Type                                                             ;
+----------------+-------+------------------------------------------------------------------+
; SIZE_EXP       ; 8     ; Signed Integer                                                   ;
; SIZE_LOPD      ; 8     ; Signed Integer                                                   ;
+----------------+-------+------------------------------------------------------------------+
Note: In order to hide this table in the UI and the text report file, please set the "Show Parameter Settings in Synthesis Report" option in "Analysis and Synthesis Settings -> More Settings" to "Off".


+------------------------------------------------------------------------------------------------------+
; Parameter Settings for User Entity Instance: FPU_unit:FPU_UNIT|NORMALIZATION_unit:NORMALIZATION_UNIT ;
+----------------+-------+-----------------------------------------------------------------------------+
; Parameter Name ; Value ; Type                                                                        ;
+----------------+-------+-----------------------------------------------------------------------------+
; SIZE_LOPD      ; 5     ; Signed Integer                                                              ;
; SIZE_DATA      ; 28    ; Signed Integer                                                              ;
+----------------+-------+-----------------------------------------------------------------------------+
Note: In order to hide this table in the UI and the text report file, please set the "Show Parameter Settings in Synthesis Report" option in "Analysis and Synthesis Settings -> More Settings" to "Off".


+-----------------------------------------------------------------------------------------------------------------------------------------+
; Parameter Settings for User Entity Instance: FPU_unit:FPU_UNIT|NORMALIZATION_unit:NORMALIZATION_UNIT|SHF_left_28bit:SHF_left_28bit_unit ;
+----------------+-------+----------------------------------------------------------------------------------------------------------------+
; Parameter Name ; Value ; Type                                                                                                           ;
+----------------+-------+----------------------------------------------------------------------------------------------------------------+
; SIZE_DATA      ; 28    ; Signed Integer                                                                                                 ;
; SIZE_SHIFT     ; 5     ; Signed Integer                                                                                                 ;
+----------------+-------+----------------------------------------------------------------------------------------------------------------+
Note: In order to hide this table in the UI and the text report file, please set the "Show Parameter Settings in Synthesis Report" option in "Analysis and Synthesis Settings -> More Settings" to "Off".


+--------------------------------------------------------------------------------------------+
; Parameter Settings for User Entity Instance: FPU_unit:FPU_UNIT|ROUNDING_unit:ROUNDING_UNIT ;
+-----------------+-------+------------------------------------------------------------------+
; Parameter Name  ; Value ; Type                                                             ;
+-----------------+-------+------------------------------------------------------------------+
; SIZE_MAN        ; 28    ; Signed Integer                                                   ;
; SIZE_MAN_RESULT ; 24    ; Signed Integer                                                   ;
+-----------------+-------+------------------------------------------------------------------+
Note: In order to hide this table in the UI and the text report file, please set the "Show Parameter Settings in Synthesis Report" option in "Analysis and Synthesis Settings -> More Settings" to "Off".


+----------------------------------------------------------------------------------------------------------------------+
; Parameter Settings for User Entity Instance: FPU_unit:FPU_UNIT|ROUNDING_unit:ROUNDING_UNIT|RND_add:INCREASE_ROUNDING ;
+----------------+-------+---------------------------------------------------------------------------------------------+
; Parameter Name ; Value ; Type                                                                                        ;
+----------------+-------+---------------------------------------------------------------------------------------------+
; SIZE_DATA      ; 24    ; Signed Integer                                                                              ;
+----------------+-------+---------------------------------------------------------------------------------------------+
Note: In order to hide this table in the UI and the text report file, please set the "Show Parameter Settings in Synthesis Report" option in "Analysis and Synthesis Settings -> More Settings" to "Off".


+------------------------------------------------------------------------------------------+
; Parameter Settings for User Entity Instance: FPU_unit:FPU_UNIT|EXP_rounding:EXP_ROUNDING ;
+----------------+-------+-----------------------------------------------------------------+
; Parameter Name ; Value ; Type                                                            ;
+----------------+-------+-----------------------------------------------------------------+
; SIZE_DATA      ; 8     ; Signed Integer                                                  ;
+----------------+-------+-----------------------------------------------------------------+
Note: In order to hide this table in the UI and the text report file, please set the "Show Parameter Settings in Synthesis Report" option in "Analysis and Synthesis Settings -> More Settings" to "Off".


+---------------------------------------------------------------------------------------------------+
; Parameter Settings for User Entity Instance: FPU_unit:FPU_UNIT|Mux_4_to_1:SEL_MANTISSA_FOR_RESULT ;
+----------------+-------+--------------------------------------------------------------------------+
; Parameter Name ; Value ; Type                                                                     ;
+----------------+-------+--------------------------------------------------------------------------+
; SIZE_DATA      ; 24    ; Signed Integer                                                           ;
+----------------+-------+--------------------------------------------------------------------------+
Note: In order to hide this table in the UI and the text report file, please set the "Show Parameter Settings in Synthesis Report" option in "Analysis and Synthesis Settings -> More Settings" to "Off".


+-----------------------------------------------------------------------------------------------------------------------------+
; Port Connectivity Checks: "FPU_unit:FPU_UNIT|Mux_4_to_1:SEL_MANTISSA_FOR_RESULT"                                            ;
+-------------------+--------+----------+-------------------------------------------------------------------------------------+
; Port              ; Type   ; Severity ; Details                                                                             ;
+-------------------+--------+----------+-------------------------------------------------------------------------------------+
; i_data_10         ; Input  ; Info     ; Stuck at GND                                                                        ;
; i_data_11[23..22] ; Input  ; Info     ; Stuck at VCC                                                                        ;
; i_data_11[21..0]  ; Input  ; Info     ; Stuck at GND                                                                        ;
; o_data[23]        ; Output ; Info     ; Connected to dangling logic. Logic that only feeds a dangling port will be removed. ;
+-------------------+--------+----------+-------------------------------------------------------------------------------------+


+-------------------------------------------------------------------------------------------------+
; Port Connectivity Checks: "FPU_unit:FPU_UNIT|EXP_adjust:EXP_ADJUST_UNIT|CLA_8bit:CLA_8BIT_UNIT" ;
+---------+--------+----------+-------------------------------------------------------------------+
; Port    ; Type   ; Severity ; Details                                                           ;
+---------+--------+----------+-------------------------------------------------------------------+
; o_carry ; Output ; Info     ; Explicitly unconnected                                            ;
+---------+--------+----------+-------------------------------------------------------------------+


+--------------------------------------------------------------------------+
; Port Connectivity Checks: "FPU_unit:FPU_UNIT|EXP_adjust:EXP_ADJUST_UNIT" ;
+--------------------+-------+----------+----------------------------------+
; Port               ; Type  ; Severity ; Details                          ;
+--------------------+-------+----------+----------------------------------+
; i_lopd_value[7..5] ; Input ; Info     ; Stuck at GND                     ;
+--------------------+-------+----------+----------------------------------+


+-------------------------------------------------------------------------------------------------------------------+
; Port Connectivity Checks: "FPU_unit:FPU_UNIT|COMP_28bit:MAN_COMP_28BIT_UNIT|COMP_4bit:u_i_data_0"                 ;
+---------+--------+----------+-------------------------------------------------------------------------------------+
; Port    ; Type   ; Severity ; Details                                                                             ;
+---------+--------+----------+-------------------------------------------------------------------------------------+
; o_equal ; Output ; Info     ; Connected to dangling logic. Logic that only feeds a dangling port will be removed. ;
+---------+--------+----------+-------------------------------------------------------------------------------------+


+------------------------------------------------------------------------------------+
; Port Connectivity Checks: "FPU_unit:FPU_UNIT|SHF_right_28bit:SHF_RIGHT_28BIT_UNIT" ;
+--------------+-------+----------+--------------------------------------------------+
; Port         ; Type  ; Severity ; Details                                          ;
+--------------+-------+----------+--------------------------------------------------+
; i_data[3..0] ; Input ; Info     ; Stuck at GND                                     ;
+--------------+-------+----------+--------------------------------------------------+


+-------------------------------------------------------------------------------------------+
; Port Connectivity Checks: "FPU_unit:FPU_UNIT|EXP_sub:EXP_SUB_UNIT|CLA_8bit:CLA_8BIT_UNIT" ;
+---------+--------+----------+-------------------------------------------------------------+
; Port    ; Type   ; Severity ; Details                                                     ;
+---------+--------+----------+-------------------------------------------------------------+
; i_carry ; Input  ; Info     ; Stuck at VCC                                                ;
; o_carry ; Output ; Info     ; Explicitly unconnected                                      ;
+---------+--------+----------+-------------------------------------------------------------+


+-----------------------------------------------------------------------------------------------------------------------+
; Port Connectivity Checks: "FPU_unit:FPU_UNIT|EXP_sub:EXP_SUB_UNIT"                                                    ;
+-------------+--------+----------+-------------------------------------------------------------------------------------+
; Port        ; Type   ; Severity ; Details                                                                             ;
+-------------+--------+----------+-------------------------------------------------------------------------------------+
; o_sub[7..5] ; Output ; Info     ; Connected to dangling logic. Logic that only feeds a dangling port will be removed. ;
+-------------+--------+----------+-------------------------------------------------------------------------------------+


+-------------------------------------------------------------------------------------------------------------------+
; Port Connectivity Checks: "FPU_unit:FPU_UNIT|EXP_swap:EXP_SWAP_UNIT|COMP_8bit:COMP_LESS_UNIT|COMP_4bit:u_low"     ;
+---------+--------+----------+-------------------------------------------------------------------------------------+
; Port    ; Type   ; Severity ; Details                                                                             ;
+---------+--------+----------+-------------------------------------------------------------------------------------+
; o_equal ; Output ; Info     ; Connected to dangling logic. Logic that only feeds a dangling port will be removed. ;
+---------+--------+----------+-------------------------------------------------------------------------------------+


+-----------------------------------------------------+
; Post-Synthesis Netlist Statistics for Top Partition ;
+-----------------------+-----------------------------+
; Type                  ; Count                       ;
+-----------------------+-----------------------------+
; arriav_ff             ; 99                          ;
;     CLR               ; 77                          ;
;     CLR SCLR          ; 22                          ;
; arriav_lcell_comb     ; 509                         ;
;     extend            ; 30                          ;
;         7 data inputs ; 30                          ;
;     normal            ; 479                         ;
;         2 data inputs ; 32                          ;
;         3 data inputs ; 61                          ;
;         4 data inputs ; 105                         ;
;         5 data inputs ; 113                         ;
;         6 data inputs ; 168                         ;
; boundary_port         ; 101                         ;
;                       ;                             ;
; Max LUT depth         ; 28.00                       ;
; Average LUT depth     ; 21.47                       ;
+-----------------------+-----------------------------+


+-------------------------------+
; Elapsed Time Per Partition    ;
+----------------+--------------+
; Partition Name ; Elapsed Time ;
+----------------+--------------+
; Top            ; 00:00:05     ;
+----------------+--------------+


+-------------------------------+
; Analysis & Synthesis Messages ;
+-------------------------------+
Info: *******************************************************************
Info: Running Quartus Prime Analysis & Synthesis
    Info: Version 24.1std.0 Build 1077 03/04/2025 SC Lite Edition
    Info: Processing started: Sat Nov 22 12:05:42 2025
Info: Command: quartus_map --read_settings_files=on --write_settings_files=off FPU_top -c FPU_top
Warning (18236): Number of processors has not been specified which may cause overloading on shared machines.  Set the global assignment NUM_PARALLEL_PROCESSORS in your QSF to an appropriate value for best performance.
Info (20030): Parallel compilation is enabled and will use 4 of the 4 processors detected
Info (12021): Found 1 design units, including 1 entities, in source file /document_forme/project_tiny/bigproject/floating_point/version_final2/02_rtl/sign_unit.sv
    Info (12023): Found entity 1: SIGN_unit File: C:/Document_forme/project_tiny/BigProject/Floating_point/Version_Final2/02_rtl/SIGN_unit.sv Line: 1
Info (12021): Found 1 design units, including 1 entities, in source file /document_forme/project_tiny/bigproject/floating_point/version_final2/02_rtl/shf_right_28bit.sv
    Info (12023): Found entity 1: SHF_right_28bit File: C:/Document_forme/project_tiny/BigProject/Floating_point/Version_Final2/02_rtl/SHF_right_28bit.sv Line: 1
Info (12021): Found 1 design units, including 1 entities, in source file /document_forme/project_tiny/bigproject/floating_point/version_final2/02_rtl/shf_left_28bit.sv
    Info (12023): Found entity 1: SHF_left_28bit File: C:/Document_forme/project_tiny/BigProject/Floating_point/Version_Final2/02_rtl/SHF_left_28bit.sv Line: 1
Info (12021): Found 1 design units, including 1 entities, in source file /document_forme/project_tiny/bigproject/floating_point/version_final2/02_rtl/rounding_unit.sv
    Info (12023): Found entity 1: ROUNDING_unit File: C:/Document_forme/project_tiny/BigProject/Floating_point/Version_Final2/02_rtl/ROUNDING_unit.sv Line: 1
Info (12021): Found 1 design units, including 1 entities, in source file /document_forme/project_tiny/bigproject/floating_point/version_final2/02_rtl/rnd_add.sv
    Info (12023): Found entity 1: RND_add File: C:/Document_forme/project_tiny/BigProject/Floating_point/Version_Final2/02_rtl/RND_add.sv Line: 1
Info (12021): Found 1 design units, including 1 entities, in source file /document_forme/project_tiny/bigproject/floating_point/version_final2/02_rtl/psc_unit.sv
    Info (12023): Found entity 1: PSC_unit File: C:/Document_forme/project_tiny/BigProject/Floating_point/Version_Final2/02_rtl/PSC_unit.sv Line: 1
Info (12021): Found 1 design units, including 1 entities, in source file /document_forme/project_tiny/bigproject/floating_point/version_final2/02_rtl/normalization_unit.sv
    Info (12023): Found entity 1: NORMALIZATION_unit File: C:/Document_forme/project_tiny/BigProject/Floating_point/Version_Final2/02_rtl/NORMALIZATION_unit.sv Line: 1
Info (12021): Found 1 design units, including 1 entities, in source file /document_forme/project_tiny/bigproject/floating_point/version_final2/02_rtl/man_swap.sv
    Info (12023): Found entity 1: MAN_swap File: C:/Document_forme/project_tiny/BigProject/Floating_point/Version_Final2/02_rtl/MAN_swap.sv Line: 1
Info (12021): Found 1 design units, including 1 entities, in source file /document_forme/project_tiny/bigproject/floating_point/version_final2/02_rtl/man_alu.sv
    Info (12023): Found entity 1: MAN_ALU File: C:/Document_forme/project_tiny/BigProject/Floating_point/Version_Final2/02_rtl/MAN_ALU.sv Line: 1
Info (12021): Found 1 design units, including 1 entities, in source file /document_forme/project_tiny/bigproject/floating_point/version_final2/02_rtl/lopd_24bit.sv
    Info (12023): Found entity 1: LOPD_24bit File: C:/Document_forme/project_tiny/BigProject/Floating_point/Version_Final2/02_rtl/LOPD_24bit.sv Line: 1
Info (12021): Found 1 design units, including 1 entities, in source file /document_forme/project_tiny/bigproject/floating_point/version_final2/02_rtl/lopd_16bit.sv
    Info (12023): Found entity 1: LOPD_16bit File: C:/Document_forme/project_tiny/BigProject/Floating_point/Version_Final2/02_rtl/LOPD_16bit.sv Line: 1
Info (12021): Found 1 design units, including 1 entities, in source file /document_forme/project_tiny/bigproject/floating_point/version_final2/02_rtl/lopd_8bit.sv
    Info (12023): Found entity 1: LOPD_8bit File: C:/Document_forme/project_tiny/BigProject/Floating_point/Version_Final2/02_rtl/LOPD_8bit.sv Line: 1
Info (12021): Found 1 design units, including 1 entities, in source file /document_forme/project_tiny/bigproject/floating_point/version_final2/02_rtl/lopd_4bit.sv
    Info (12023): Found entity 1: LOPD_4bit File: C:/Document_forme/project_tiny/BigProject/Floating_point/Version_Final2/02_rtl/LOPD_4bit.sv Line: 1
Info (12021): Found 2 design units, including 2 entities, in source file /document_forme/project_tiny/bigproject/floating_point/version_final2/02_rtl/fpu_unit.sv
    Info (12023): Found entity 1: FPU_unit File: C:/Document_forme/project_tiny/BigProject/Floating_point/Version_Final2/02_rtl/FPU_unit.sv Line: 1
    Info (12023): Found entity 2: Mux_4_to_1 File: C:/Document_forme/project_tiny/BigProject/Floating_point/Version_Final2/02_rtl/FPU_unit.sv Line: 241
Info (12021): Found 1 design units, including 1 entities, in source file /document_forme/project_tiny/bigproject/floating_point/version_final2/02_rtl/exp_swap.sv
    Info (12023): Found entity 1: EXP_swap File: C:/Document_forme/project_tiny/BigProject/Floating_point/Version_Final2/02_rtl/EXP_swap.sv Line: 1
Info (12021): Found 1 design units, including 1 entities, in source file /document_forme/project_tiny/bigproject/floating_point/version_final2/02_rtl/exp_sub.sv
    Info (12023): Found entity 1: EXP_sub File: C:/Document_forme/project_tiny/BigProject/Floating_point/Version_Final2/02_rtl/EXP_sub.sv Line: 1
Info (12021): Found 1 design units, including 1 entities, in source file /document_forme/project_tiny/bigproject/floating_point/version_final2/02_rtl/exp_rounding.sv
    Info (12023): Found entity 1: EXP_rounding File: C:/Document_forme/project_tiny/BigProject/Floating_point/Version_Final2/02_rtl/EXP_rounding.sv Line: 1
Info (12021): Found 1 design units, including 1 entities, in source file /document_forme/project_tiny/bigproject/floating_point/version_final2/02_rtl/exp_adjust.sv
    Info (12023): Found entity 1: EXP_adjust File: C:/Document_forme/project_tiny/BigProject/Floating_point/Version_Final2/02_rtl/EXP_adjust.sv Line: 1
Info (12021): Found 1 design units, including 1 entities, in source file /document_forme/project_tiny/bigproject/floating_point/version_final2/02_rtl/cska_28bit.sv
    Info (12023): Found entity 1: CKSA_28bit File: C:/Document_forme/project_tiny/BigProject/Floating_point/Version_Final2/02_rtl/CSKA_28bit.sv Line: 1
Info (12021): Found 1 design units, including 1 entities, in source file /document_forme/project_tiny/bigproject/floating_point/version_final2/02_rtl/cska_4bit.sv
    Info (12023): Found entity 1: CSKA_4bit File: C:/Document_forme/project_tiny/BigProject/Floating_point/Version_Final2/02_rtl/CSKA_4bit.sv Line: 1
Info (12021): Found 1 design units, including 1 entities, in source file /document_forme/project_tiny/bigproject/floating_point/version_final2/02_rtl/comp_28bit.sv
    Info (12023): Found entity 1: COMP_28bit File: C:/Document_forme/project_tiny/BigProject/Floating_point/Version_Final2/02_rtl/COMP_28bit.sv Line: 1
Info (12021): Found 1 design units, including 1 entities, in source file /document_forme/project_tiny/bigproject/floating_point/version_final2/02_rtl/comp_8bit.sv
    Info (12023): Found entity 1: COMP_8bit File: C:/Document_forme/project_tiny/BigProject/Floating_point/Version_Final2/02_rtl/COMP_8bit.sv Line: 1
Info (12021): Found 1 design units, including 1 entities, in source file /document_forme/project_tiny/bigproject/floating_point/version_final2/02_rtl/comp_4bit.sv
    Info (12023): Found entity 1: COMP_4bit File: C:/Document_forme/project_tiny/BigProject/Floating_point/Version_Final2/02_rtl/COMP_4bit.sv Line: 1
Info (12021): Found 1 design units, including 1 entities, in source file /document_forme/project_tiny/bigproject/floating_point/version_final2/02_rtl/comp_2bit.sv
    Info (12023): Found entity 1: COMP_2bit File: C:/Document_forme/project_tiny/BigProject/Floating_point/Version_Final2/02_rtl/COMP_2bit.sv Line: 1
Info (12021): Found 1 design units, including 1 entities, in source file /document_forme/project_tiny/bigproject/floating_point/version_final2/02_rtl/cla_28bit.sv
    Info (12023): Found entity 1: CLA_28bit File: C:/Document_forme/project_tiny/BigProject/Floating_point/Version_Final2/02_rtl/CLA_28bit.sv Line: 1
Info (12021): Found 1 design units, including 1 entities, in source file /document_forme/project_tiny/bigproject/floating_point/version_final2/02_rtl/cla_24bit.sv
    Info (12023): Found entity 1: CLA_24bit File: C:/Document_forme/project_tiny/BigProject/Floating_point/Version_Final2/02_rtl/CLA_24bit.sv Line: 1
Info (12021): Found 1 design units, including 1 entities, in source file /document_forme/project_tiny/bigproject/floating_point/version_final2/02_rtl/cla_8bit.sv
    Info (12023): Found entity 1: CLA_8bit File: C:/Document_forme/project_tiny/BigProject/Floating_point/Version_Final2/02_rtl/CLA_8bit.sv Line: 1
Info (12021): Found 1 design units, including 1 entities, in source file /document_forme/project_tiny/bigproject/floating_point/version_final2/02_rtl/cla_4bit.sv
    Info (12023): Found entity 1: CLA_4bit File: C:/Document_forme/project_tiny/BigProject/Floating_point/Version_Final2/02_rtl/CLA_4bit.sv Line: 1
Info (12021): Found 1 design units, including 1 entities, in source file fpu_top.sv
    Info (12023): Found entity 1: FPU_top File: C:/Document_forme/project_tiny/BigProject/Floating_point/Version_Final2/04_imple/Check_Freq_DE10/FPU_top.sv Line: 1
Info (12127): Elaborating entity "FPU_top" for the top level hierarchy
Info (12128): Elaborating entity "FPU_unit" for hierarchy "FPU_unit:FPU_UNIT" File: C:/Document_forme/project_tiny/BigProject/Floating_point/Version_Final2/04_imple/Check_Freq_DE10/FPU_top.sv Line: 48
Info (12128): Elaborating entity "EXP_swap" for hierarchy "FPU_unit:FPU_UNIT|EXP_swap:EXP_SWAP_UNIT" File: C:/Document_forme/project_tiny/BigProject/Floating_point/Version_Final2/02_rtl/FPU_unit.sv Line: 73
Info (12128): Elaborating entity "COMP_8bit" for hierarchy "FPU_unit:FPU_UNIT|EXP_swap:EXP_SWAP_UNIT|COMP_8bit:COMP_LESS_UNIT" File: C:/Document_forme/project_tiny/BigProject/Floating_point/Version_Final2/02_rtl/EXP_swap.sv Line: 18
Info (12128): Elaborating entity "COMP_4bit" for hierarchy "FPU_unit:FPU_UNIT|EXP_swap:EXP_SWAP_UNIT|COMP_8bit:COMP_LESS_UNIT|COMP_4bit:u_low" File: C:/Document_forme/project_tiny/BigProject/Floating_point/Version_Final2/02_rtl/COMP_8bit.sv Line: 16
Info (12128): Elaborating entity "EXP_sub" for hierarchy "FPU_unit:FPU_UNIT|EXP_sub:EXP_SUB_UNIT" File: C:/Document_forme/project_tiny/BigProject/Floating_point/Version_Final2/02_rtl/FPU_unit.sv Line: 81
Info (12128): Elaborating entity "CLA_8bit" for hierarchy "FPU_unit:FPU_UNIT|EXP_sub:EXP_SUB_UNIT|CLA_8bit:CLA_8BIT_UNIT" File: C:/Document_forme/project_tiny/BigProject/Floating_point/Version_Final2/02_rtl/EXP_sub.sv Line: 18
Info (12128): Elaborating entity "CLA_4bit" for hierarchy "FPU_unit:FPU_UNIT|EXP_sub:EXP_SUB_UNIT|CLA_8bit:CLA_8BIT_UNIT|CLA_4bit:CLA_4BIT_UNIT_0" File: C:/Document_forme/project_tiny/BigProject/Floating_point/Version_Final2/02_rtl/CLA_8bit.sv Line: 20
Info (12128): Elaborating entity "MAN_swap" for hierarchy "FPU_unit:FPU_UNIT|MAN_swap:MAN_PRE_SWAP_BY_EXPONENT_UNIT" File: C:/Document_forme/project_tiny/BigProject/Floating_point/Version_Final2/02_rtl/FPU_unit.sv Line: 100
Info (12128): Elaborating entity "SHF_right_28bit" for hierarchy "FPU_unit:FPU_UNIT|SHF_right_28bit:SHF_RIGHT_28BIT_UNIT" File: C:/Document_forme/project_tiny/BigProject/Floating_point/Version_Final2/02_rtl/FPU_unit.sv Line: 109
Info (12128): Elaborating entity "COMP_28bit" for hierarchy "FPU_unit:FPU_UNIT|COMP_28bit:MAN_COMP_28BIT_UNIT" File: C:/Document_forme/project_tiny/BigProject/Floating_point/Version_Final2/02_rtl/FPU_unit.sv Line: 116
Info (12128): Elaborating entity "MAN_swap" for hierarchy "FPU_unit:FPU_UNIT|MAN_swap:MAN_PRE_SWAP_BY_MAN_UNIT" File: C:/Document_forme/project_tiny/BigProject/Floating_point/Version_Final2/02_rtl/FPU_unit.sv Line: 133
Info (12128): Elaborating entity "SIGN_unit" for hierarchy "FPU_unit:FPU_UNIT|SIGN_unit:SIGN_OUT" File: C:/Document_forme/project_tiny/BigProject/Floating_point/Version_Final2/02_rtl/FPU_unit.sv Line: 141
Info (12128): Elaborating entity "MAN_ALU" for hierarchy "FPU_unit:FPU_UNIT|MAN_ALU:MAN_ALU_UNIT" File: C:/Document_forme/project_tiny/BigProject/Floating_point/Version_Final2/02_rtl/FPU_unit.sv Line: 154
Info (12128): Elaborating entity "CLA_28bit" for hierarchy "FPU_unit:FPU_UNIT|MAN_ALU:MAN_ALU_UNIT|CLA_28bit:ALU_SUB_UNIT" File: C:/Document_forme/project_tiny/BigProject/Floating_point/Version_Final2/02_rtl/MAN_ALU.sv Line: 30
Info (12128): Elaborating entity "LOPD_24bit" for hierarchy "FPU_unit:FPU_UNIT|LOPD_24bit:LOPD_24BIT_UNIT" File: C:/Document_forme/project_tiny/BigProject/Floating_point/Version_Final2/02_rtl/FPU_unit.sv Line: 163
Info (12128): Elaborating entity "LOPD_16bit" for hierarchy "FPU_unit:FPU_UNIT|LOPD_24bit:LOPD_24BIT_UNIT|LOPD_16bit:LOPD_16bit_UNIT_MSB" File: C:/Document_forme/project_tiny/BigProject/Floating_point/Version_Final2/02_rtl/LOPD_24bit.sv Line: 18
Info (12128): Elaborating entity "LOPD_8bit" for hierarchy "FPU_unit:FPU_UNIT|LOPD_24bit:LOPD_24BIT_UNIT|LOPD_16bit:LOPD_16bit_UNIT_MSB|LOPD_8bit:LOPD_8bit_unit_0" File: C:/Document_forme/project_tiny/BigProject/Floating_point/Version_Final2/02_rtl/LOPD_16bit.sv Line: 16
Info (12128): Elaborating entity "EXP_adjust" for hierarchy "FPU_unit:FPU_UNIT|EXP_adjust:EXP_ADJUST_UNIT" File: C:/Document_forme/project_tiny/BigProject/Floating_point/Version_Final2/02_rtl/FPU_unit.sv Line: 175
Info (12128): Elaborating entity "NORMALIZATION_unit" for hierarchy "FPU_unit:FPU_UNIT|NORMALIZATION_unit:NORMALIZATION_UNIT" File: C:/Document_forme/project_tiny/BigProject/Floating_point/Version_Final2/02_rtl/FPU_unit.sv Line: 186
Info (12128): Elaborating entity "SHF_left_28bit" for hierarchy "FPU_unit:FPU_UNIT|NORMALIZATION_unit:NORMALIZATION_UNIT|SHF_left_28bit:SHF_left_28bit_unit" File: C:/Document_forme/project_tiny/BigProject/Floating_point/Version_Final2/02_rtl/NORMALIZATION_unit.sv Line: 21
Info (12128): Elaborating entity "ROUNDING_unit" for hierarchy "FPU_unit:FPU_UNIT|ROUNDING_unit:ROUNDING_UNIT" File: C:/Document_forme/project_tiny/BigProject/Floating_point/Version_Final2/02_rtl/FPU_unit.sv Line: 196
Info (12128): Elaborating entity "RND_add" for hierarchy "FPU_unit:FPU_UNIT|ROUNDING_unit:ROUNDING_UNIT|RND_add:INCREASE_ROUNDING" File: C:/Document_forme/project_tiny/BigProject/Floating_point/Version_Final2/02_rtl/ROUNDING_unit.sv Line: 36
Info (12128): Elaborating entity "EXP_rounding" for hierarchy "FPU_unit:FPU_UNIT|EXP_rounding:EXP_ROUNDING" File: C:/Document_forme/project_tiny/BigProject/Floating_point/Version_Final2/02_rtl/FPU_unit.sv Line: 203
Info (12128): Elaborating entity "PSC_unit" for hierarchy "FPU_unit:FPU_UNIT|PSC_unit:PSC_UNIT" File: C:/Document_forme/project_tiny/BigProject/Floating_point/Version_Final2/02_rtl/FPU_unit.sv Line: 217
Info (12128): Elaborating entity "Mux_4_to_1" for hierarchy "FPU_unit:FPU_UNIT|Mux_4_to_1:SEL_MANTISSA_FOR_RESULT" File: C:/Document_forme/project_tiny/BigProject/Floating_point/Version_Final2/02_rtl/FPU_unit.sv Line: 234
Info (286030): Timing-Driven Synthesis is running
Info (16010): Generating hard_block partition "hard_block:auto_generated_inst"
    Info (16011): Adding 0 node(s), including 0 DDIO, 0 PLL, 0 transceiver and 0 LCELL
Info (21057): Implemented 676 device resources after synthesis - the final resource count might be different
    Info (21058): Implemented 67 input pins
    Info (21059): Implemented 34 output pins
    Info (21061): Implemented 575 logic cells
Info: Quartus Prime Analysis & Synthesis was successful. 0 errors, 1 warning
    Info: Peak virtual memory: 4851 megabytes
    Info: Processing ended: Sat Nov 22 12:05:55 2025
    Info: Elapsed time: 00:00:13
    Info: Total CPU time (on all processors): 00:00:24


