============================================================
  Generated by:           Genus(TM) Synthesis Solution GENUS15.20 - 15.20-p004_1
  Generated on:           Nov 23 2025  11:08:45 pm
  Module:                 FPU_unit
  Wireload mode:          enclosed
  Area mode:              timing library
============================================================


Path 1: MET (0 ps) Path Delay Check
     Startpoint: (R) i_32_b[27]
       Endpoint: (F) o_32_s[27]

                  Capture    Launch  
     Path Delay:+   10000         -  
        Arrival:=   10000            
                                     
  Required Time:=   10000            
      Data Path:-   10000            
          Slack:=       0            

#-------------------------------------------------------------------------------------------------------------------------------------
#                            Timing Point                             Flags   Arc   Edge    Cell      Fanout Load Trans Delay Arrival 
#                                                                                                            (fF)  (ps)  (ps)   (ps)  
#-------------------------------------------------------------------------------------------------------------------------------------
  i_32_b[27]                                                          -       -     R     (arrival)        6  1.6     0     0       0 
  EXP_SWAP_UNIT/COMP_LESS_UNIT/u_high/g929/Y                          -       A->Y  F     NAND2X1HVT       1  0.3    88    79      79 
  EXP_SWAP_UNIT/COMP_LESS_UNIT/u_high/g956/Y                          -       B0->Y R     OAI21X1HVT       1  0.7    86    82     161 
  EXP_SWAP_UNIT/COMP_LESS_UNIT/u_high/g915/Y                          -       A->Y  F     NAND2X2HVT       1  0.6    96   137     298 
  EXP_SWAP_UNIT/COMP_LESS_UNIT/u_high/g913/Y                          -       A->Y  R     NOR2X2HVT        1  1.3    87   119     417 
  EXP_SWAP_UNIT/COMP_LESS_UNIT/g20/Y                                  -       A->Y  F     NAND2X4HVT       1  1.2   103   137     554 
  EXP_SWAP_UNIT/COMP_LESS_UNIT/g19/Y                                  -       B->Y  R     NAND2X4HVT       6  1.8    45    78     632 
  EXP_SWAP_UNIT/fopt282/Y                                             -       A->Y  R     BUFX3HVT        10  2.9    51   133     765 
  EXP_SWAP_UNIT/g287/Y                                                -       AN->Y R     NAND2BX1HVT      1  0.3    33   112     877 
  EXP_SWAP_UNIT/g257/Y                                                -       A->Y  F     NAND2X1HVT       1  0.3    90   102     979 
  EXP_SUB_UNIT/g11/Y                                                  -       A->Y  R     INVX1HVT         6  1.5    68    93    1072 
  EXP_SUB_UNIT/CLA_8BIT_UNIT/CLA_4BIT_UNIT_0/g1952/Y                  -       A->Y  R     OR2X1HVT         1  0.3    27   139    1212 
  EXP_SUB_UNIT/CLA_8BIT_UNIT/CLA_4BIT_UNIT_0/g1937/Y                  -       B->Y  F     NOR2X1HVT        1  0.3    52    46    1258 
  EXP_SUB_UNIT/CLA_8BIT_UNIT/CLA_4BIT_UNIT_0/g1935/Y                  -       A->Y  R     NOR2X1HVT        1  0.3    54    80    1337 
  EXP_SUB_UNIT/CLA_8BIT_UNIT/CLA_4BIT_UNIT_0/g1929/Y                  -       A->Y  F     NAND2X1HVT       1  0.3    90   117    1454 
  EXP_SUB_UNIT/CLA_8BIT_UNIT/CLA_4BIT_UNIT_0/g1924/Y                  -       B->Y  R     NAND2X1HVT       2  0.6    48    82    1536 
  EXP_SUB_UNIT/CLA_8BIT_UNIT/CLA_4BIT_UNIT_0/g1914/Y                  -       B->Y  F     NAND2X1HVT       1  0.2    80    90    1626 
  EXP_SUB_UNIT/CLA_8BIT_UNIT/g2/Y                                     -       B->Y  F     OR2X1HVT         1  0.3    38   154    1780 
  EXP_SUB_UNIT/CLA_8BIT_UNIT/CLA_4BIT_UNIT_1/g2/Y                     -       B->Y  R     XNOR2X1HVT      11  3.6   129   305    2085 
  SHF_RIGHT_28BIT_UNIT/g3345/Y                                        -       B->Y  R     OR2X2HVT        13  3.5    78   225    2310 
  SHF_RIGHT_28BIT_UNIT/g3341/Y                                        -       A->Y  F     INVX2HVT         4  1.0    54    80    2391 
  SHF_RIGHT_28BIT_UNIT/g3180/Y                                        -       B->Y  R     NAND2X1HVT       1  0.3    36    54    2444 
  SHF_RIGHT_28BIT_UNIT/g3159/Y                                        -       B->Y  F     NAND2X1HVT       5  1.2   178   138    2583 
  MAN_COMP_28BIT_UNIT/u_i_data_3/g390/Y                               -       A->Y  R     INVX1HVT         2  0.6    59   138    2720 
  MAN_COMP_28BIT_UNIT/u_i_data_3/g381/Y                               -       B1->Y F     OAI22X1HVT       1  0.3   143   136    2856 
  MAN_COMP_28BIT_UNIT/u_i_data_3/g374/Y                               -       B->Y  R     NAND2X1HVT       1  0.7    67   120    2975 
  MAN_COMP_28BIT_UNIT/u_i_data_3/g373/Y                               -       B->Y  F     NOR2X2HVT        1  0.6    56    72    3047 
  MAN_COMP_28BIT_UNIT/g1509/Y                                         -       B->Y  R     NAND2X2HVT       2  0.6    45    53    3100 
  MAN_COMP_28BIT_UNIT/g1499/Y                                         -       B->Y  F     NOR2BX1HVT       1  0.3    48    59    3159 
  MAN_COMP_28BIT_UNIT/g1495/Y                                         -       A1->Y R     AOI21X1HVT       1  0.2    56    79    3238 
  MAN_COMP_28BIT_UNIT/g1494/Y                                         -       B->Y  R     AND2X1HVT        1  0.7    44   230    3468 
  MAN_COMP_28BIT_UNIT/g1493/Y                                         -       B->Y  F     NAND2X2HVT       3  1.1   117   107    3575 
  MAN_PRE_SWAP_BY_MAN_UNIT/g899/Y                                     -       A->Y  F     BUFX6HVT         9  3.4    54   150    3725 
  MAN_PRE_SWAP_BY_MAN_UNIT/g876/Y                                     -       B->Y  R     NOR2BX1HVT       1  0.5    67    77    3802 
  MAN_ALU_UNIT/g129/Y                                                 -       S0->Y R     MXI2X1HVT        1  0.5   100   145    3947 
  MAN_ALU_UNIT/ALU_SUB_UNIT/CLA_BLOCK_GEN[0].CLA_4BIT_UNIT/g2038/S    -       B->S  F     ADDHX1HVT        3  1.0    72   247    4194 
  MAN_ALU_UNIT/ALU_SUB_UNIT/CLA_BLOCK_GEN[0].CLA_4BIT_UNIT/g2027/Y    -       A1->Y F     AO21X1HVT        1  0.6    54   177    4371 
  MAN_ALU_UNIT/ALU_SUB_UNIT/CLA_BLOCK_GEN[0].CLA_4BIT_UNIT/g2020/Y    -       B->Y  R     NOR2X2HVT        1  1.3    78    81    4452 
  MAN_ALU_UNIT/ALU_SUB_UNIT/CLA_BLOCK_GEN[0].CLA_4BIT_UNIT/g2019/Y    -       B->Y  F     NAND2X4HVT       4  1.2   101   112    4563 
  MAN_ALU_UNIT/ALU_SUB_UNIT/g141/Y                                    -       B->Y  F     OR2X6HVT         3  1.7    52   200    4764 
  MAN_ALU_UNIT/ALU_SUB_UNIT/CLA_BLOCK_GEN[1].CLA_4BIT_UNIT/g294/Y     -       B->Y  R     NAND2X4HVT       1  1.3    40    48    4812 
  MAN_ALU_UNIT/ALU_SUB_UNIT/CLA_BLOCK_GEN[1].CLA_4BIT_UNIT/g291/Y     -       B->Y  F     NAND2X4HVT       4  0.9    92    86    4898 
  MAN_ALU_UNIT/ALU_SUB_UNIT/g159/Y                                    -       B->Y  F     OR2X1HVT         3  0.6    52   167    5064 
  MAN_ALU_UNIT/ALU_SUB_UNIT/CLA_BLOCK_GEN[2].CLA_4BIT_UNIT/g343/Y     -       A1->Y F     AO21X1HVT        4  0.8    63   171    5235 
  MAN_ALU_UNIT/ALU_SUB_UNIT/g186/Y                                    -       B->Y  F     OR2X1HVT         3  1.0    70   162    5397 
  MAN_ALU_UNIT/ALU_SUB_UNIT/CLA_BLOCK_GEN[3].CLA_4BIT_UNIT/g346/Y     -       B->Y  R     NAND2X2HVT       1  1.3    48    66    5464 
  MAN_ALU_UNIT/ALU_SUB_UNIT/CLA_BLOCK_GEN[3].CLA_4BIT_UNIT/g343/Y     -       B->Y  F     NAND2X4HVT       4  1.9   118   105    5569 
  MAN_ALU_UNIT/ALU_SUB_UNIT/g225/Y                                    -       B->Y  R     NOR2X4HVT        1  1.0    63    98    5667 
  MAN_ALU_UNIT/ALU_SUB_UNIT/g224/Y                                    -       A->Y  F     INVX3HVT         3  1.6    53    69    5736 
  MAN_ALU_UNIT/ALU_SUB_UNIT/CLA_BLOCK_GEN[4].CLA_4BIT_UNIT/g346/Y     -       B->Y  R     NAND2X4HVT       1  2.0    46    51    5787 
  MAN_ALU_UNIT/ALU_SUB_UNIT/CLA_BLOCK_GEN[4].CLA_4BIT_UNIT/g343/Y     -       B->Y  F     NAND2X6HVT       3  1.6    95    93    5880 
  MAN_ALU_UNIT/ALU_SUB_UNIT/g262/Y                                    -       B->Y  R     NOR2X4HVT        1  1.3    64    89    5969 
  MAN_ALU_UNIT/ALU_SUB_UNIT/g261/Y                                    -       A->Y  F     CLKINVX4HVT      3  1.8    50    66    6035 
  MAN_ALU_UNIT/ALU_SUB_UNIT/CLA_BLOCK_GEN[5].CLA_4BIT_UNIT/g349/Y     -       B->Y  R     NAND2X4HVT       1  1.3    52    47    6082 
  MAN_ALU_UNIT/ALU_SUB_UNIT/CLA_BLOCK_GEN[5].CLA_4BIT_UNIT/g345/Y     -       B->Y  F     NAND2X4HVT       2  1.4   116   100    6182 
  MAN_ALU_UNIT/ALU_SUB_UNIT/g256/Y                                    -       B->Y  R     NOR2X4HVT        1  1.0    63    97    6279 
  MAN_ALU_UNIT/ALU_SUB_UNIT/g255/Y                                    -       A->Y  F     INVX3HVT         4  1.4    50    67    6346 
  MAN_ALU_UNIT/ALU_SUB_UNIT/CLA_BLOCK_GEN[6].CLA_4BIT_UNIT/g632_dup/Y -       A1->Y R     AOI21X1HVT       1  0.2    58    80    6426 
  MAN_ALU_UNIT/ALU_SUB_UNIT/CLA_BLOCK_GEN[6].CLA_4BIT_UNIT/g630/Y     -       A->Y  F     XNOR2X1HVT       6  1.8   108   286    6712 
  LOPD_24BIT_UNIT/LOPD_16bit_UNIT_MSB/LOPD_8bit_unit_1/g358/Y         -       B->Y  R     NOR2X2HVT        2  1.0    76   107    6819 
  LOPD_24BIT_UNIT/LOPD_16bit_UNIT_MSB/LOPD_8bit_unit_1/g343/Y         -       A->Y  F     NAND2X2HVT       1  1.2   128   148    6967 
  LOPD_24BIT_UNIT/LOPD_16bit_UNIT_MSB/LOPD_8bit_unit_1/g342/Y         -       A->Y  R     NOR2X4HVT        5  1.9    72   127    7094 
  LOPD_24BIT_UNIT/LOPD_16bit_UNIT_MSB/g67/Y                           -       S0->Y R     MX2X1HVT         1  0.2    34   240    7334 
  LOPD_24BIT_UNIT/g3/Y                                                -       A->Y  R     MX2X1HVT         1  1.3    64   278    7612 
  LOPD_24BIT_UNIT/g171/Y                                              -       A->Y  F     NOR2X4HVT        1  2.4    70    84    7696 
  LOPD_24BIT_UNIT/g146/Y                                              -       A->Y  R     CLKINVX8HVT     33 10.4    59    70    7766 
  NORMALIZATION_UNIT/SHF_left_28bit_unit/g6394/Y                      -       B->Y  F     NOR2X1HVT        1  0.3    55    70    7836 
  NORMALIZATION_UNIT/SHF_left_28bit_unit/g6375/Y                      -       B0->Y R     AOI21X1HVT       1  0.7    86    94    7930 
  NORMALIZATION_UNIT/SHF_left_28bit_unit/g6354/Y                      -       B->Y  F     NAND2X2HVT       3  0.7   102   120    8050 
  NORMALIZATION_UNIT/SHF_left_28bit_unit/g6280/Y                      -       B->Y  R     NOR2X1HVT        1  0.3    59    99    8149 
  NORMALIZATION_UNIT/g1505/Y                                          -       A->Y  F     INVX1HVT         1  0.3    39    66    8215 
  NORMALIZATION_UNIT/g1393/Y                                          -       A1->Y R     OAI21X1HVT       1  0.3    70    75    8290 
  ROUNDING_UNIT/g39/Y                                                 -       B->Y  F     NOR3X1HVT        1  0.6    82    99    8389 
  ROUNDING_UNIT/g2/Y                                                  -       B->Y  R     NOR2BX2HVT       2  0.9    72    90    8479 
  ROUNDING_UNIT/INCREASE_ROUNDING/g1428/Y                             -       B->Y  F     NAND2X2HVT       2  0.9   110   118    8597 
  ROUNDING_UNIT/INCREASE_ROUNDING/g1387/Y                             -       B->Y  R     NOR2X2HVT        2  1.6    95   119    8716 
  ROUNDING_UNIT/INCREASE_ROUNDING/g1385/Y                             -       B->Y  F     NAND2X4HVT       2  2.1   126   134    8850 
  ROUNDING_UNIT/INCREASE_ROUNDING/g1382/Y                             -       B->Y  R     NOR2X6HVT        3  2.5    73   106    8956 
  ROUNDING_UNIT/INCREASE_ROUNDING/g1379/Y                             -       B->Y  F     NAND2X6HVT       3  2.2   110   113    9069 
  ROUNDING_UNIT/INCREASE_ROUNDING/g1373/Y                             -       B->Y  R     NOR2X6HVT        2  2.3    70    96    9165 
  ROUNDING_UNIT/INCREASE_ROUNDING/g1370/Y                             -       B->Y  F     NAND2X6HVT       2  2.1   114   110    9276 
  ROUNDING_UNIT/INCREASE_ROUNDING/g1363/Y                             -       B->Y  R     NOR2X6HVT        2  2.4    71    99    9375 
  ROUNDING_UNIT/INCREASE_ROUNDING/g1359/Y                             -       B->Y  F     NAND2X6HVT       2  1.5    99   105    9480 
  ROUNDING_UNIT/INCREASE_ROUNDING/g1345/Y                             -       B->Y  R     NOR2X4HVT        3  1.4    66    92    9571 
  EXP_ROUNDING/g449/Y                                                 -       A->Y  F     INVX2HVT         6  1.8    70    82    9654 
  EXP_ROUNDING/g454/Y                                                 -       B->Y  R     NOR2BX1HVT       1  0.5    69    87    9740 
  EXP_ROUNDING/g429/Y                                                 -       S0->Y F     MXI2X1HVT        1  0.2   116   115    9855 
  g35/Y                                                               -       B->Y  F     OR2XLHVT         1  0.0    23   144   10000 
  o_32_s[27]                                                          <<<     -     F     (port)           -    -     -     0   10000 
#-------------------------------------------------------------------------------------------------------------------------------------

