============================================================
  Generated by:           Genus(TM) Synthesis Solution GENUS15.20 - 15.20-p004_1
  Generated on:           Nov 23 2025  09:08:18 pm
  Module:                 FPU_unit
  Wireload mode:          enclosed
  Area mode:              timing library
============================================================


Path 1: MET (0 ps) Path Delay Check
     Startpoint: (F) i_32_b[27]
       Endpoint: (R) o_32_s[19]

                  Capture    Launch  
     Path Delay:+    2500         -  
        Arrival:=    2500            
                                     
  Required Time:=    2500            
      Data Path:-    2500            
          Slack:=       0            

#-----------------------------------------------------------------------------------------------------------------------------------
#                          Timing Point                           Flags    Arc   Edge     Cell      Fanout Load Trans Delay Arrival 
#                                                                                                          (fF)  (ps)  (ps)   (ps)  
#-----------------------------------------------------------------------------------------------------------------------------------
  i_32_b[27]                                                      -       -      F     (arrival)         6  1.8     0     0       0 
  EXP_SWAP_UNIT/COMP_LESS_UNIT/u_high/g753/Y                      -       A->Y   R     NOR2X1LVT         1  0.3    16    16      16 
  EXP_SWAP_UNIT/COMP_LESS_UNIT/u_high/g770/Y                      -       AN->Y  R     NAND2BX1LVT       1  1.0    19    33      49 
  EXP_SWAP_UNIT/COMP_LESS_UNIT/u_high/g738/Y                      -       A->Y   F     NAND2X2LVT        1  0.9    23    25      75 
  EXP_SWAP_UNIT/COMP_LESS_UNIT/u_high/g736/Y                      -       A->Y   R     NOR2X2LVT         1  1.9    30    30     104 
  EXP_SWAP_UNIT/COMP_LESS_UNIT/g20/Y                              -       A1->Y  F     AOI21X4LVT        1  2.6    37    36     141 
  EXP_SWAP_UNIT/COMP_LESS_UNIT/g19/Y                              -       A->Y   R     CLKINVX6LVT      16  8.2    23    21     162 
  EXP_SWAP_UNIT/g279/Y                                            -       A->Y   F     INVX3LVT          5  1.4    12    15     177 
  EXP_SWAP_UNIT/g268/Y                                            -       B->Y   R     NAND2X1LVT        1  0.5    12    13     190 
  EXP_SWAP_UNIT/g248/Y                                            -       B->Y   F     NAND2X1LVT        1  0.8    29    25     215 
  EXP_SUB_UNIT/g13/Y                                              -       A->Y   R     INVX2LVT          3  1.8    17    18     233 
  EXP_SUB_UNIT/CLA_8BIT_UNIT/CLA_4BIT_UNIT_0/g2940/Y              -       A->Y   F     INVX1LVT          1  0.8    14    16     249 
  EXP_SUB_UNIT/CLA_8BIT_UNIT/CLA_4BIT_UNIT_0/g2926/Y              -       B->Y   R     NAND2X2LVT        1  1.9    26    16     265 
  EXP_SUB_UNIT/CLA_8BIT_UNIT/CLA_4BIT_UNIT_0/g2921/Y              -       B->Y   F     NAND2X4LVT        3  3.4    33    29     294 
  EXP_SUB_UNIT/CLA_8BIT_UNIT/CLA_4BIT_UNIT_0/g2913/Y              -       B->Y   R     NOR2X4LVT         2  2.4    26    24     318 
  EXP_SUB_UNIT/CLA_8BIT_UNIT/CLA_4BIT_UNIT_0/g2907/Y              -       A1N->Y R     AOI2BB2X4LVT      1  3.9    44    65     383 
  EXP_SUB_UNIT/CLA_8BIT_UNIT/CLA_4BIT_UNIT_0/g2905/Y              -       A->Y   F     INVX8LVT         27 10.9    27    24     408 
  SHF_RIGHT_28BIT_UNIT/g4055/Y                                    -       A->Y   R     INVX3LVT          7  3.1    18    18     426 
  SHF_RIGHT_28BIT_UNIT/g3979/Y                                    -       B->Y   F     NOR2X1LVT         1  0.4    20    15     441 
  SHF_RIGHT_28BIT_UNIT/g4107/Y                                    -       B0->Y  R     AOI2BB1X1LVT      2  1.0    30    31     472 
  SHF_RIGHT_28BIT_UNIT/g3913/Y                                    -       A->Y   F     NOR2X1LVT         1  0.4    17    23     495 
  SHF_RIGHT_28BIT_UNIT/g4100/Y                                    -       B0->Y  R     AOI2BB1X1LVT      2  0.8    27    28     523 
  SHF_RIGHT_28BIT_UNIT/g3874/Y                                    -       A->Y   F     INVX1LVT          1  0.9    16    20     543 
  SHF_RIGHT_28BIT_UNIT/g3814/Y                                    -       A1->Y  R     AOI22X2LVT        2  1.0    34    33     576 
  SHF_RIGHT_28BIT_UNIT/g3806/Y                                    -       A->Y   F     INVX1LVT          1  0.9    18    23     599 
  SHF_RIGHT_28BIT_UNIT/g3785/Y                                    -       A1->Y  R     AOI211X2LVT       1  0.5    34    37     636 
  SHF_RIGHT_28BIT_UNIT/g4088/Y                                    -       B0->Y  F     OAI2BB1X1LVT      3  0.9    33    38     674 
  MAN_COMP_28BIT_UNIT/u_i_data_0/g129/Y                           -       A->Y   R     NOR2X1LVT         1  0.5    22    29     703 
  MAN_COMP_28BIT_UNIT/u_i_data_0/g128/Y                           -       B->Y   F     NAND2X1LVT        1  0.8    30    29     732 
  MAN_COMP_28BIT_UNIT/g1403/Y                                     -       A->Y   R     NAND3X2LVT        1  1.0    20    23     755 
  MAN_COMP_28BIT_UNIT/g1399/Y                                     -       B->Y   F     NAND2X2LVT        1  0.8    22    23     777 
  MAN_COMP_28BIT_UNIT/g1397/Y                                     -       B->Y   R     NAND2X2LVT        1  1.9    19    18     795 
  MAN_COMP_28BIT_UNIT/g1395/Y                                     -       B->Y   F     NAND2X4LVT        7  3.7    35    28     824 
  MAN_PRE_SWAP_BY_MAN_UNIT/g934/Y                                 -       A->Y   F     BUFX2LVT          4  1.6    15    42     866 
  MAN_PRE_SWAP_BY_MAN_UNIT/g933/Y                                 -       A->Y   R     INVX1LVT          4  2.0    24    21     886 
  MAN_PRE_SWAP_BY_MAN_UNIT/g862/Y                                 -       B1->Y  F     OAI22X1LVT        1  0.4    40    34     921 
  MAN_ALU_UNIT/g281/Y                                             -       S0->Y  F     MXI2XLLVT         2  0.9    65    53     974 
  MAN_ALU_UNIT/ALU_SUB_UNIT/CLA_BLOCK_GEN[1].CLA_4BIT_UNIT/g374/Y -       B->Y   R     XNOR2X1LVT        4  1.8    25    78    1052 
  MAN_ALU_UNIT/ALU_SUB_UNIT/CLA_BLOCK_GEN[1].CLA_4BIT_UNIT/g346/Y -       A1->Y  F     OAI21X1LVT        1  0.4    30    29    1081 
  MAN_ALU_UNIT/ALU_SUB_UNIT/CLA_BLOCK_GEN[1].CLA_4BIT_UNIT/g342/Y -       A0->Y  R     AOI21X1LVT        1  1.0    36    39    1120 
  MAN_ALU_UNIT/ALU_SUB_UNIT/CLA_BLOCK_GEN[1].CLA_4BIT_UNIT/g340/Y -       A->Y   F     NAND2X2LVT        4  0.8    23    30    1150 
  MAN_ALU_UNIT/ALU_SUB_UNIT/g144/Y                                -       AN->Y  F     NAND2BX1LVT       2  1.0    35    45    1196 
  MAN_ALU_UNIT/ALU_SUB_UNIT/CLA_BLOCK_GEN[2].CLA_4BIT_UNIT/g346/Y -       B->Y   R     NAND2X2LVT        1  1.0    16    19    1215 
  MAN_ALU_UNIT/ALU_SUB_UNIT/CLA_BLOCK_GEN[2].CLA_4BIT_UNIT/g343/Y -       B->Y   F     NAND2X2LVT        5  1.6    31    26    1241 
  MAN_ALU_UNIT/ALU_SUB_UNIT/g163/Y                                -       AN->Y  F     NAND2BX4LVT       3  1.7    27    52    1293 
  MAN_ALU_UNIT/ALU_SUB_UNIT/CLA_BLOCK_GEN[3].CLA_4BIT_UNIT/g347/Y -       B->Y   R     NAND2X2LVT        1  1.0    17    17    1310 
  MAN_ALU_UNIT/ALU_SUB_UNIT/CLA_BLOCK_GEN[3].CLA_4BIT_UNIT/g344/Y -       B->Y   F     NAND2X2LVT        4  1.2    26    24    1333 
  MAN_ALU_UNIT/ALU_SUB_UNIT/g193/Y                                -       AN->Y  F     NAND2BX4LVT       3  1.7    30    50    1384 
  MAN_ALU_UNIT/ALU_SUB_UNIT/CLA_BLOCK_GEN[4].CLA_4BIT_UNIT/g348/Y -       A->Y   R     NAND2X2LVT        1  1.0    17    20    1403 
  MAN_ALU_UNIT/ALU_SUB_UNIT/CLA_BLOCK_GEN[4].CLA_4BIT_UNIT/g345/Y -       B->Y   F     NAND2X2LVT        3  1.0    27    23    1426 
  MAN_ALU_UNIT/ALU_SUB_UNIT/g296/Y                                -       AN->Y  F     NAND2BX1LVT       2  0.6    27    42    1468 
  MAN_ALU_UNIT/ALU_SUB_UNIT/CLA_BLOCK_GEN[5].CLA_4BIT_UNIT/g375/Y -       A->Y   F     BUFX2LVT          3  1.3    13    39    1507 
  MAN_ALU_UNIT/ALU_SUB_UNIT/CLA_BLOCK_GEN[5].CLA_4BIT_UNIT/g359/Y -       A1->Y  R     AOI21X1LVT        1  0.5    25    25    1532 
  MAN_ALU_UNIT/ALU_SUB_UNIT/CLA_BLOCK_GEN[5].CLA_4BIT_UNIT/g376/Y -       B->Y   F     XNOR2X1LVT        6  1.6    24    59    1591 
  LOPD_24BIT_UNIT/LOPD_16bit_UNIT_MSB/LOPD_8bit_unit_1/g317/Y     -       B->Y   F     OR2X1LVT          2  0.6    13    46    1636 
  LOPD_24BIT_UNIT/LOPD_16bit_UNIT_MSB/LOPD_8bit_unit_1/g313/Y     -       A->Y   R     NOR2X1LVT         1  0.5    22    23    1659 
  LOPD_24BIT_UNIT/LOPD_16bit_UNIT_MSB/LOPD_8bit_unit_1/g326/Y     -       B->Y   F     NAND2BX1LVT       2  0.6    26    26    1685 
  LOPD_24BIT_UNIT/LOPD_16bit_UNIT_MSB/LOPD_8bit_unit_1/g306/Y     -       A->Y   R     NOR2X1LVT         1  0.3    18    25    1710 
  LOPD_24BIT_UNIT/LOPD_16bit_UNIT_MSB/LOPD_8bit_unit_1/g303/Y     -       B->Y   R     CLKAND2X2LVT      5  2.6    20    44    1754 
  LOPD_24BIT_UNIT/LOPD_16bit_UNIT_MSB/g81/Y                       -       S0->Y  F     MX2XLLVT          1  0.2    10    54    1808 
  LOPD_24BIT_UNIT/g161/Y                                          -       A->Y   F     MX2X1LVT          1  0.8    15    58    1866 
  LOPD_24BIT_UNIT/g158/Y                                          -       B->Y   F     OR2X6LVT         26 11.2    34    60    1926 
  NORMALIZATION_UNIT/SHF_left_28bit_unit/g3411/Y                  -       B->Y   R     NOR2X2LVT         3  1.3    26    26    1952 
  NORMALIZATION_UNIT/SHF_left_28bit_unit/g3358/Y                  -       B->Y   F     NAND2X1LVT        4  1.0    35    33    1985 
  NORMALIZATION_UNIT/SHF_left_28bit_unit/g3440/Y                  -       A1->Y  F     OA22X1LVT         2  0.8    18    73    2058 
  NORMALIZATION_UNIT/SHF_left_28bit_unit/g3191/Y                  -       A->Y   R     INVX1LVT          2  1.0    15    16    2074 
  NORMALIZATION_UNIT/SHF_left_28bit_unit/g3189/Y                  -       B->Y   F     NAND2X1LVT        1  0.4    22    22    2095 
  NORMALIZATION_UNIT/SHF_left_28bit_unit/g3167/Y                  -       B0->Y  R     OAI21X1LVT        1  0.5    30    17    2112 
  NORMALIZATION_UNIT/g1453/Y                                      -       B->Y   F     NAND2X1LVT        1  0.4    23    27    2139 
  NORMALIZATION_UNIT/g1400/Y                                      -       B->Y   R     NAND2X1LVT        4  2.1    33    26    2165 
  ROUNDING_UNIT/INCREASE_ROUNDING/g1375/Y                         -       A->Y   R     AND2X1LVT         2  0.8    14    53    2218 
  ROUNDING_UNIT/INCREASE_ROUNDING/g1418/Y                         -       A->Y   R     AND3XLLVT         1  0.5    15    72    2290 
  ROUNDING_UNIT/INCREASE_ROUNDING/g1401/Y                         -       B->Y   F     NAND2BX1LVT       2  0.8    30    26    2316 
  ROUNDING_UNIT/INCREASE_ROUNDING/g1282/Y                         -       B->Y   R     NOR2X1LVT         2  1.0    32    30    2346 
  ROUNDING_UNIT/INCREASE_ROUNDING/g1414/Y                         -       D->Y   F     NAND4BBX1LVT      1  0.5    66    53    2398 
  ROUNDING_UNIT/INCREASE_ROUNDING/g1412/Y                         -       B->Y   R     XNOR2X1LVT        1  0.3    10    70    2469 
  SEL_MANTISSA_FOR_RESULT/g284/Y                                  -       AN->Y  R     NOR2BX1LVT        1  0.0    21    31    2500 
  o_32_s[19]                                                      <<<     -      R     (port)            -    -     -     0    2500 
#-----------------------------------------------------------------------------------------------------------------------------------

