============================================================
  Generated by:           Genus(TM) Synthesis Solution GENUS15.20 - 15.20-p004_1
  Generated on:           Nov 23 2025  09:08:18 pm
  Module:                 FPU_unit
  Wireload mode:          enclosed
  Area mode:              timing library
============================================================

                                  
    Gate      Instances    Area       Library    
-------------------------------------------------
ADDHX1LVT            17    63.954    slow_vdd1v2 
AND2X1LVT            19    25.992    slow_vdd1v2 
AND2X2LVT             1     1.710    slow_vdd1v2 
AND2X6LVT             1     3.762    slow_vdd1v2 
AND2XLLVT             5     6.840    slow_vdd1v2 
AND3XLLVT             5    10.260    slow_vdd1v2 
AND4XLLVT             1     2.394    slow_vdd1v2 
AO21XLLVT             1     2.394    slow_vdd1v2 
AO22X1LVT             8    21.888    slow_vdd1v2 
AO22XLLVT             1     2.736    slow_vdd1v2 
AOI211X1LVT           1     2.394    slow_vdd1v2 
AOI211X2LVT           1     3.420    slow_vdd1v2 
AOI21X1LVT           65   111.150    slow_vdd1v2 
AOI21X2LVT            2     5.472    slow_vdd1v2 
AOI21X4LVT            2    10.260    slow_vdd1v2 
AOI221X1LVT           1     2.394    slow_vdd1v2 
AOI22X1LVT           12    24.624    slow_vdd1v2 
AOI22X2LVT            2     7.524    slow_vdd1v2 
AOI22XLLVT            1     2.052    slow_vdd1v2 
AOI2BB1X1LVT         55   112.860    slow_vdd1v2 
AOI2BB1XLLVT          1     2.052    slow_vdd1v2 
AOI2BB2X4LVT          1     7.524    slow_vdd1v2 
BUFX2LVT              8    13.680    slow_vdd1v2 
BUFX3LVT              1     2.052    slow_vdd1v2 
CLKAND2X2LVT          4     8.208    slow_vdd1v2 
CLKAND2X3LVT          2     6.156    slow_vdd1v2 
CLKINVX12LVT          2     8.208    slow_vdd1v2 
CLKINVX4LVT           1     1.710    slow_vdd1v2 
CLKINVX6LVT           2     4.788    slow_vdd1v2 
CLKXOR2X1LVT         24    65.664    slow_vdd1v2 
INVX1LVT            183   125.172    slow_vdd1v2 
INVX2LVT             10    10.260    slow_vdd1v2 
INVX3LVT              4     5.472    slow_vdd1v2 
INVX8LVT              1     3.078    slow_vdd1v2 
INVXLLVT              3     2.052    slow_vdd1v2 
MX2X1LVT             20    47.880    slow_vdd1v2 
MX2XLLVT             56   134.064    slow_vdd1v2 
MXI2X1LVT             5    13.680    slow_vdd1v2 
MXI2X6LVT             1     5.130    slow_vdd1v2 
MXI2XLLVT           123   294.462    slow_vdd1v2 
NAND2BX1LVT          32    43.776    slow_vdd1v2 
NAND2BX4LVT           4    15.048    slow_vdd1v2 
NAND2BXLLVT           9    12.312    slow_vdd1v2 
NAND2X1LVT          177   181.602    slow_vdd1v2 
NAND2X2LVT           22    37.620    slow_vdd1v2 
NAND2X4LVT            4    12.586    slow_vdd1v2 
NAND2X8LVT            1     5.250    slow_vdd1v2 
NAND2XLLVT            9     9.234    slow_vdd1v2 
NAND3BX1LVT           3     6.156    slow_vdd1v2 
NAND3BXLLVT           7    11.970    slow_vdd1v2 
NAND3X1LVT            3     5.130    slow_vdd1v2 
NAND3X2LVT            3     8.208    slow_vdd1v2 
NAND4BBX1LVT          1     3.420    slow_vdd1v2 
NAND4XLLVT            6    10.260    slow_vdd1v2 
NOR2BX1LVT          108   147.744    slow_vdd1v2 
NOR2X1LVT           166   170.316    slow_vdd1v2 
NOR2X2LVT            12    20.520    slow_vdd1v2 
NOR2X4LVT             5    15.390    slow_vdd1v2 
NOR2X6LVT             1     4.104    slow_vdd1v2 
NOR2XLLVT             2     2.052    slow_vdd1v2 
NOR3BX1LVT           11    22.572    slow_vdd1v2 
NOR3BX2LVT            1     3.420    slow_vdd1v2 
NOR3X1LVT             4     6.840    slow_vdd1v2 
NOR3X2LVT             1     2.736    slow_vdd1v2 
NOR4X1LVT            10    17.100    slow_vdd1v2 
OA21X1LVT             7    14.364    slow_vdd1v2 
OA22X1LVT            18    43.092    slow_vdd1v2 
OA22XLLVT             2     6.156    slow_vdd1v2 
OAI211X1LVT           2     3.420    slow_vdd1v2 
OAI21X1LVT           40    68.400    slow_vdd1v2 
OAI21X2LVT            4    12.312    slow_vdd1v2 
OAI21XLLVT            2     3.420    slow_vdd1v2 
OAI221X1LVT           3     7.182    slow_vdd1v2 
OAI22X1LVT           38    77.976    slow_vdd1v2 
OAI22X2LVT            1     3.420    slow_vdd1v2 
OAI2BB1X1LVT         17    29.070    slow_vdd1v2 
OAI31X1LVT            2     4.104    slow_vdd1v2 
OAI32X1LVT            1     2.394    slow_vdd1v2 
OR2X1LVT              7     9.576    slow_vdd1v2 
OR2X2LVT              1     1.710    slow_vdd1v2 
OR2X4LVT              1     2.736    slow_vdd1v2 
OR2X6LVT              1     3.762    slow_vdd1v2 
OR2XLLVT              7     9.576    slow_vdd1v2 
OR3XLLVT              1     2.052    slow_vdd1v2 
OR4X1LVT              1     2.052    slow_vdd1v2 
XNOR2X1LVT           39    93.366    slow_vdd1v2 
XOR2X4LVT             1     4.104    slow_vdd1v2 
XOR2XLLVT            12    32.832    slow_vdd1v2 
-------------------------------------------------
total              1463  2397.813                


                                   
  Type   Instances   Area   Area % 
-----------------------------------
inverter       206  160.740    6.7 
buffer           9   15.732    0.7 
logic         1248 2221.341   92.6 
-----------------------------------
total         1463 2397.813  100.0 

