============================================================
  Generated by:           Genus(TM) Synthesis Solution GENUS15.20 - 15.20-p004_1
  Generated on:           Nov 23 2025  09:08:18 pm
  Module:                 FPU_unit
  Wireload mode:          enclosed
  Area mode:              timing library
============================================================

                                       Leakage    Dynamic     Total   
            Instance            Cells Power(nW)  Power(nW)  Power(nW) 
----------------------------------------------------------------------
FPU_unit                         1463   430.376 156126.586 156556.962 
  MAN_ALU_UNIT                    236    82.802  43354.782  43437.584 
    ALU_SUB_UNIT                  204    73.643  37117.958  37191.601 
      CLA_BLOCK_..CLA_4BIT_UNIT    26    10.906   4223.462   4234.368 
      CLA_BLOCK_..CLA_4BIT_UNIT    30     9.865   3859.003   3868.868 
      CLA_BLOCK_..CLA_4BIT_UNIT    27     8.796   5936.418   5945.214 
      CLA_BLOCK_..CLA_4BIT_UNIT    24     8.692   5054.953   5063.645 
      CLA_BLOCK_..CLA_4BIT_UNIT    27     8.477   5681.528   5690.005 
      CLA_BLOCK_..CLA_4BIT_UNIT    22     8.018   3540.221   3548.239 
      CLA_BLOCK_..CLA_4BIT_UNIT    21     7.965   4303.018   4310.983 
  NORMALIZATION_UNIT              317    81.492  36584.866  36666.358 
    SHF_left_28bit_unit           199    52.121  24756.287  24808.408 
  SHF_RIGHT_28BIT_UNIT            198    52.370  21001.649  21054.019 
  MAN_COMP_28BIT_UNIT             137    34.884   8887.428   8922.312 
    u_i_data_2                     21     5.069   1817.811   1822.880 
    u_i_data_1                     21     5.009   1769.800   1774.809 
    u_i_data_3                     21     4.977   1512.912   1517.889 
    u_i_data_4                     21     4.910   1322.576   1327.485 
    u_i_data_5                     21     4.825    970.832    975.657 
    u_i_data_6                     14     3.783    640.823    644.606 
    u_i_data_0                      3     0.608    244.848    245.455 
  LOPD_24BIT_UNIT                  65    25.153   6192.555   6217.708 
    LOPD_16bit_UNIT_MSB            36     9.188   2832.418   2841.606 
      LOPD_8bit_unit_1             15     3.804   1009.072   1012.876 
      LOPD_8bit_unit_0             17     3.650   1727.764   1731.414 
    LOPD_8bit_UNIT_LSB             14     2.933   1956.222   1959.156 
  MAN_PRE_SWAP_BY_MAN_UNIT         70    23.985   6432.291   6456.277 
  MAN_PRE_SW..EXPONENT_UNIT        85    22.712   3800.893   3823.606 
  EXP_SUB_UNIT                     41    22.346   7000.118   7022.464 
    CLA_8BIT_UNIT                  36    21.296   6831.295   6852.592 
      CLA_4BIT_UNIT_0              31    16.808   5002.566   5019.374 
      CLA_4BIT_UNIT_1               4     4.197   1711.433   1715.629 
  ROUNDING_UNIT                    96    22.276   8746.577   8768.853 
    INCREASE_ROUNDING              94    21.773   8349.185   8370.958 
  EXP_SWAP_UNIT                    66    21.219   3249.716   3270.935 
    COMP_LESS_UNIT                 44    14.382   1915.686   1930.068 
      u_high                       28     7.688    970.568    978.256 
      u_low                        14     4.233    617.295    621.528 
  EXP_ADJUST_UNIT                  51    17.349   3044.619   3061.969 
    CLA_8BIT_UNIT                  34    13.016   2166.402   2179.418 
      CLA_4BIT_UNIT_0              20     7.213   1283.145   1290.358 
      CLA_4BIT_UNIT_1              13     5.581    842.623    848.204 
  SEL_MANTISSA_FOR_RESULT          23     7.887   5184.995   5192.882 
  PSC_UNIT                         33     6.183    429.632    435.815 
  EXP_ROUNDING                     30     6.016    590.385    596.401 
  SIGN_OUT                          2     0.759    108.133    108.893 

