============================================================
  Generated by:           Genus(TM) Synthesis Solution GENUS15.20 - 15.20-p004_1
  Generated on:           Nov 23 2025  09:08:18 pm
  Module:                 FPU_unit
  Wireload mode:          enclosed
  Area mode:              timing library
============================================================

              Instance                Cells  Cell Area  Net Area  Total Area  Wireload     
-------------------------------------------------------------------------------------------
FPU_unit                               1463       2398         0        2398    <none> (D) 
  NORMALIZATION_UNIT                    317        466         0         466    <none> (D) 
    SHF_left_28bit_unit                 199        314         0         314    <none> (D) 
  MAN_ALU_UNIT                          236        453         0         453    <none> (D) 
    ALU_SUB_UNIT                        204        379         0         379    <none> (D) 
      CLA_BLOCK_GEN[6].CLA_4BIT_UNIT     26         52         0          52    <none> (D) 
      CLA_BLOCK_GEN[0].CLA_4BIT_UNIT     30         51         0          51    <none> (D) 
      CLA_BLOCK_GEN[2].CLA_4BIT_UNIT     27         48         0          48    <none> (D) 
      CLA_BLOCK_GEN[3].CLA_4BIT_UNIT     24         45         0          45    <none> (D) 
      CLA_BLOCK_GEN[1].CLA_4BIT_UNIT     27         44         0          44    <none> (D) 
      CLA_BLOCK_GEN[5].CLA_4BIT_UNIT     22         43         0          43    <none> (D) 
      CLA_BLOCK_GEN[4].CLA_4BIT_UNIT     21         43         0          43    <none> (D) 
  SHF_RIGHT_28BIT_UNIT                  198        317         0         317    <none> (D) 
  MAN_COMP_28BIT_UNIT                   137        200         0         200    <none> (D) 
    u_i_data_2                           21         30         0          30    <none> (D) 
    u_i_data_5                           21         30         0          30    <none> (D) 
    u_i_data_4                           21         30         0          30    <none> (D) 
    u_i_data_3                           21         30         0          30    <none> (D) 
    u_i_data_1                           21         30         0          30    <none> (D) 
    u_i_data_6                           14         22         0          22    <none> (D) 
    u_i_data_0                            3          3         0           3    <none> (D) 
  ROUNDING_UNIT                          96        152         0         152    <none> (D) 
    INCREASE_ROUNDING                    94        149         0         149    <none> (D) 
  MAN_PRE_SWAP_BY_MAN_UNIT               70        138         0         138    <none> (D) 
  MAN_PRE_SWAP_BY_EXPONENT_UNIT          85        131         0         131    <none> (D) 
  LOPD_24BIT_UNIT                        65        111         0         111    <none> (D) 
    LOPD_16bit_UNIT_MSB                  36         57         0          57    <none> (D) 
      LOPD_8bit_unit_1                   15         24         0          24    <none> (D) 
      LOPD_8bit_unit_0                   17         22         0          22    <none> (D) 
    LOPD_8bit_UNIT_LSB                   14         21         0          21    <none> (D) 
  EXP_SWAP_UNIT                          66        102         0         102    <none> (D) 
    COMP_LESS_UNIT                       44         63         0          63    <none> (D) 
      u_high                             28         36         0          36    <none> (D) 
      u_low                              14         19         0          19    <none> (D) 
  EXP_ADJUST_UNIT                        51         95         0          95    <none> (D) 
    CLA_8BIT_UNIT                        34         75         0          75    <none> (D) 
      CLA_4BIT_UNIT_0                    20         42         0          42    <none> (D) 
      CLA_4BIT_UNIT_1                    13         31         0          31    <none> (D) 
  EXP_SUB_UNIT                           41         79         0          79    <none> (D) 
    CLA_8BIT_UNIT                        36         75         0          75    <none> (D) 
      CLA_4BIT_UNIT_0                    31         63         0          63    <none> (D) 
      CLA_4BIT_UNIT_1                     4         11         0          11    <none> (D) 
  PSC_UNIT                               33         54         0          54    <none> (D) 
  EXP_ROUNDING                           30         43         0          43    <none> (D) 
  SEL_MANTISSA_FOR_RESULT                23         32         0          32    <none> (D) 
  SIGN_OUT                                2          5         0           5    <none> (D) 

 (D) = wireload is default in technology library
