============================================================
  Generated by:           Genus(TM) Synthesis Solution 21.19-s055_1
  Generated on:           Nov 22 2025  01:35:39 pm
  Module:                 FPU_unit
  Operating conditions:   PVT_1P08V_125C (balanced_tree)
  Wireload mode:          enclosed
  Area mode:              timing library
============================================================


Path 1: VIOLATED (-2715 ps) Late External Delay Assertion at pin o_32_s[28]
     Startpoint: (F) i_32_a[27]
          Clock: (R) clk
       Endpoint: (F) o_32_s[28]
          Clock: (R) clk

                     Capture       Launch     
        Clock Edge:+  100000            0     
        Drv Adjust:+       0            0     
       Src Latency:+       0            0     
       Net Latency:+       0 (I)        0 (I) 
           Arrival:=  100000            0     
                                              
      Output Delay:-   50000                  
       Uncertainty:-    1000                  
     Required Time:=   49000                  
      Launch Clock:-       0                  
       Input Delay:-   50000                  
         Data Path:-    1715                  
             Slack:=   -2715                  

Exceptions/Constraints:
  input_delay             50000            delay_in  
  output_delay            50000            delay_out 

#--------------------------------------------------------------------------------------------
#  Timing Point   Flags    Arc   Edge     Cell      Fanout Load Trans Delay Arrival Instance 
#                                                          (fF)  (ps)  (ps)   (ps)  Location 
#--------------------------------------------------------------------------------------------
  i_32_a[27]      -       -      F     (arrival)         6  7.2     0     0   50000    (-,-) 
  g90078/Y        -       A->Y   R     CLKINVX6LVT       1  2.9     7     9   50009    (-,-) 
  g90077/Y        -       B->Y   F     NAND2X6LVT        2  2.5    21    19   50028    (-,-) 
  g89746/Y        -       A->Y   R     NAND2X2LVT        1  2.0    20    20   50048    (-,-) 
  g89745/Y        -       A0->Y  F     OAI31X4LVT        1  1.7    36    41   50089    (-,-) 
  g3030/Y         -       B->Y   R     NAND2X4LVT        1  3.0    20    19   50108    (-,-) 
  g92197/Y        -       A->Y   F     NAND2X6LVT        3  4.4    30    29   50138    (-,-) 
  g92545/Y        -       B->Y   R     NOR2X4LVT         8  5.1    38    30   50168    (-,-) 
  g90498/Y        -       B->Y   F     NOR2X2LVT         1  0.8    15    21   50189    (-,-) 
  g87591/Y        -       B0->Y  R     AOI21X2LVT        4  2.2    36    29   50218    (-,-) 
  g87745/Y        -       AN->Y  R     NOR2BX1LVT        1  0.5    24    43   50261    (-,-) 
  g85965/Y        -       B->Y   F     NOR2X1LVT         1  0.8    20    20   50280    (-,-) 
  g91883/Y        -       B->Y   R     NOR2X2LVT         5  2.6    36    29   50310    (-,-) 
  g90638/Y        -       B->Y   F     NOR2X2LVT         1  2.7    27    26   50335    (-,-) 
  g90683/Y        -       A->Y   R     NOR2X6LVT         8  6.2    31    31   50367    (-,-) 
  g92509/Y        -       B->Y   R     CLKAND2X3LVT      9  4.2    21    44   50411    (-,-) 
  g91492/Y        -       A1N->Y R     OAI2BB1X1LVT      1  1.0    20    52   50463    (-,-) 
  g85583/Y        -       B->Y   F     NOR2X2LVT         4  1.6    21    17   50481    (-,-) 
  g90005/Y        -       A->Y   R     NOR2X1LVT         1  1.0    30    31   50511    (-,-) 
  g92612/Y        -       A->Y   F     NOR2X2LVT         3  1.4    20    24   50535    (-,-) 
  g92614/Y        -       B->Y   R     NAND2X1LVT        1  1.0    18    19   50554    (-,-) 
  g92613/Y        -       A->Y   F     NAND2X2LVT        1  0.8    22    25   50578    (-,-) 
  g90796/Y        -       B->Y   R     NOR2X2LVT         2  1.0    21    21   50599    (-,-) 
  g90165/Y        -       B->Y   F     NAND2X1LVT        1  0.9    32    30   50629    (-,-) 
  g91852/Y        -       A->Y   R     NOR3X2LVT         1  1.0    36    43   50672    (-,-) 
  g88457/Y        -       A->Y   F     NAND2X2LVT        2  2.6    41    40   50712    (-,-) 
  g92427/Y        -       A->Y   F     CLKAND2X6LVT     15  8.8    25    54   50766    (-,-) 
  g92314/Y        -       A->Y   R     INVX2LVT          5  2.6    20    20   50786    (-,-) 
  g92191/Y        -       B->Y   F     NOR2X2LVT         1  0.8    14    15   50800    (-,-) 
  g92145/Y        -       B->Y   R     NOR2X2LVT         2  1.5    26    21   50822    (-,-) 
  g85042__86941/Y -       B->Y   F     XOR3X1LVT         4  1.7    32    96   50917    (-,-) 
  g84977__5526/Y  -       A1->Y  R     AOI21X2LVT        2  0.8    23    29   50946    (-,-) 
  g64/Y           -       B->Y   F     NAND2X1LVT        1  0.8    30    29   50975    (-,-) 
  g90133/Y        -       B->Y   R     NAND2X2LVT        1  1.9    20    20   50996    (-,-) 
  g90387/Y        -       B->Y   F     NAND2X4LVT        3  2.0    25    23   51019    (-,-) 
  g90135/Y        -       B->Y   R     NOR2X2LVT         2  1.5    27    25   51044    (-,-) 
  g91574/Y        -       A1->Y  F     OAI21X2LVT        2  0.6    27    28   51071    (-,-) 
  g91573/Y        -       S0->Y  F     MXI2XLLVT         1  0.2    35    36   51107    (-,-) 
  g84787__7410/Y  -       B->Y   R     NAND2XLLVT        1  0.3    15    22   51129    (-,-) 
  g89869/Y        -       A->Y   R     CLKAND2X2LVT      2  2.2    18    46   51175    (-,-) 
  g89946/Y        -       B->Y   F     NAND2X4LVT        3  1.4    21    21   51196    (-,-) 
  g89971/Y        -       B->Y   R     NOR2X1LVT         1  0.6    23    23   51219    (-,-) 
  g89969/Y        -       B->Y   R     CLKAND2X3LVT      2  2.5    15    40   51258    (-,-) 
  g89968/Y        -       A->Y   F     INVX3LVT          1  1.7    12    14   51272    (-,-) 
  g89539/Y        -       B->Y   R     NAND2X4LVT        1  3.9    20    15   51287    (-,-) 
  g90916/Y        -       B->Y   F     NAND2X8LVT       29 10.9    45    34   51321    (-,-) 
  g84581__6417/Y  -       B->Y   R     NOR2X1LVT         1  0.5    24    30   51351    (-,-) 
  g84549__86998/Y -       B0->Y  F     AOI21X1LVT        3  0.8    39    20   51371    (-,-) 
  g376/Y          -       B->Y   F     AND2XLLVT         1  0.9    23    36   51407    (-,-) 
  g156/Y          -       B->Y   R     NOR3X2LVT         1  1.0    36    37   51444    (-,-) 
  g90578/Y        -       B->Y   F     NOR2X2LVT         2  1.6    20    22   51466    (-,-) 
  g90577/Y        -       A1->Y  R     OAI21X2LVT        2  1.3    30    28   51494    (-,-) 
  fopt161/Y       -       A->Y   F     INVX2LVT          3  1.0    14    18   51512    (-,-) 
  g90501/Y        -       B->Y   R     NOR2X1LVT         1  0.5    21    19   51531    (-,-) 
  fopt87587/Y     -       A->Y   F     INVX1LVT          2  1.0    17    19   51550    (-,-) 
  g84286__3680/Y  -       B->Y   R     NOR2X2LVT         1  1.0    21    19   51569    (-,-) 
  g84264__5115/Y  -       B->Y   F     NAND2X2LVT        1  1.8    32    29   51598    (-,-) 
  g88438/Y        -       A->Y   R     NOR2X4LVT         1  2.0    23    27   51624    (-,-) 
  g73/Y           -       A->Y   F     NAND2X4LVT        9  2.4    27    28   51653    (-,-) 
  g84123__5115/Y  -       C->Y   R     NOR3XLLVT         1  0.3    38    31   51684    (-,-) 
  g82/Y           -       A1->Y  F     OAI21XLLVT        1  0.0    24    31   51715    (-,-) 
  o_32_s[28]      -       -      F     (port)            -    -     -     0   51715    (-,-) 
#--------------------------------------------------------------------------------------------



Path 2: VIOLATED (-2715 ps) Late External Delay Assertion at pin o_32_s[30]
     Startpoint: (F) i_32_a[27]
          Clock: (R) clk
       Endpoint: (F) o_32_s[30]
          Clock: (R) clk

                     Capture       Launch     
        Clock Edge:+  100000            0     
        Drv Adjust:+       0            0     
       Src Latency:+       0            0     
       Net Latency:+       0 (I)        0 (I) 
           Arrival:=  100000            0     
                                              
      Output Delay:-   50000                  
       Uncertainty:-    1000                  
     Required Time:=   49000                  
      Launch Clock:-       0                  
       Input Delay:-   50000                  
         Data Path:-    1715                  
             Slack:=   -2715                  

Exceptions/Constraints:
  input_delay             50000            delay_in  
  output_delay            50000            delay_out 

#--------------------------------------------------------------------------------------------
#  Timing Point   Flags    Arc   Edge     Cell      Fanout Load Trans Delay Arrival Instance 
#                                                          (fF)  (ps)  (ps)   (ps)  Location 
#--------------------------------------------------------------------------------------------
  i_32_a[27]      -       -      F     (arrival)         6  7.2     0     0   50000    (-,-) 
  g90078/Y        -       A->Y   R     CLKINVX6LVT       1  2.9     7     9   50009    (-,-) 
  g90077/Y        -       B->Y   F     NAND2X6LVT        2  2.5    21    19   50028    (-,-) 
  g89746/Y        -       A->Y   R     NAND2X2LVT        1  2.0    20    20   50048    (-,-) 
  g89745/Y        -       A0->Y  F     OAI31X4LVT        1  1.7    36    41   50089    (-,-) 
  g3030/Y         -       B->Y   R     NAND2X4LVT        1  3.0    20    19   50108    (-,-) 
  g92197/Y        -       A->Y   F     NAND2X6LVT        3  4.4    30    29   50138    (-,-) 
  g92545/Y        -       B->Y   R     NOR2X4LVT         8  5.1    38    30   50168    (-,-) 
  g90498/Y        -       B->Y   F     NOR2X2LVT         1  0.8    15    21   50189    (-,-) 
  g87591/Y        -       B0->Y  R     AOI21X2LVT        4  2.2    36    29   50218    (-,-) 
  g87745/Y        -       AN->Y  R     NOR2BX1LVT        1  0.5    24    43   50261    (-,-) 
  g85965/Y        -       B->Y   F     NOR2X1LVT         1  0.8    20    20   50280    (-,-) 
  g91883/Y        -       B->Y   R     NOR2X2LVT         5  2.6    36    29   50310    (-,-) 
  g90638/Y        -       B->Y   F     NOR2X2LVT         1  2.7    27    26   50335    (-,-) 
  g90683/Y        -       A->Y   R     NOR2X6LVT         8  6.2    31    31   50367    (-,-) 
  g92509/Y        -       B->Y   R     CLKAND2X3LVT      9  4.2    21    44   50411    (-,-) 
  g91492/Y        -       A1N->Y R     OAI2BB1X1LVT      1  1.0    20    52   50463    (-,-) 
  g85583/Y        -       B->Y   F     NOR2X2LVT         4  1.6    21    17   50481    (-,-) 
  g90005/Y        -       A->Y   R     NOR2X1LVT         1  1.0    30    31   50511    (-,-) 
  g92612/Y        -       A->Y   F     NOR2X2LVT         3  1.4    20    24   50535    (-,-) 
  g92614/Y        -       B->Y   R     NAND2X1LVT        1  1.0    18    19   50554    (-,-) 
  g92613/Y        -       A->Y   F     NAND2X2LVT        1  0.8    22    25   50578    (-,-) 
  g90796/Y        -       B->Y   R     NOR2X2LVT         2  1.0    21    21   50599    (-,-) 
  g90165/Y        -       B->Y   F     NAND2X1LVT        1  0.9    32    30   50629    (-,-) 
  g91852/Y        -       A->Y   R     NOR3X2LVT         1  1.0    36    43   50672    (-,-) 
  g88457/Y        -       A->Y   F     NAND2X2LVT        2  2.6    41    40   50712    (-,-) 
  g92427/Y        -       A->Y   F     CLKAND2X6LVT     15  8.8    25    54   50766    (-,-) 
  g92314/Y        -       A->Y   R     INVX2LVT          5  2.6    20    20   50786    (-,-) 
  g92191/Y        -       B->Y   F     NOR2X2LVT         1  0.8    14    15   50800    (-,-) 
  g92145/Y        -       B->Y   R     NOR2X2LVT         2  1.5    26    21   50822    (-,-) 
  g85042__86941/Y -       B->Y   F     XOR3X1LVT         4  1.7    32    96   50917    (-,-) 
  g84977__5526/Y  -       A1->Y  R     AOI21X2LVT        2  0.8    23    29   50946    (-,-) 
  g64/Y           -       B->Y   F     NAND2X1LVT        1  0.8    30    29   50975    (-,-) 
  g90133/Y        -       B->Y   R     NAND2X2LVT        1  1.9    20    20   50996    (-,-) 
  g90387/Y        -       B->Y   F     NAND2X4LVT        3  2.0    25    23   51019    (-,-) 
  g90135/Y        -       B->Y   R     NOR2X2LVT         2  1.5    27    25   51044    (-,-) 
  g91574/Y        -       A1->Y  F     OAI21X2LVT        2  0.6    27    28   51071    (-,-) 
  g91573/Y        -       S0->Y  F     MXI2XLLVT         1  0.2    35    36   51107    (-,-) 
  g84787__7410/Y  -       B->Y   R     NAND2XLLVT        1  0.3    15    22   51129    (-,-) 
  g89869/Y        -       A->Y   R     CLKAND2X2LVT      2  2.2    18    46   51175    (-,-) 
  g89946/Y        -       B->Y   F     NAND2X4LVT        3  1.4    21    21   51196    (-,-) 
  g89971/Y        -       B->Y   R     NOR2X1LVT         1  0.6    23    23   51219    (-,-) 
  g89969/Y        -       B->Y   R     CLKAND2X3LVT      2  2.5    15    40   51258    (-,-) 
  g89968/Y        -       A->Y   F     INVX3LVT          1  1.7    12    14   51272    (-,-) 
  g89539/Y        -       B->Y   R     NAND2X4LVT        1  3.9    20    15   51287    (-,-) 
  g90916/Y        -       B->Y   F     NAND2X8LVT       29 10.9    45    34   51321    (-,-) 
  g84581__6417/Y  -       B->Y   R     NOR2X1LVT         1  0.5    24    30   51351    (-,-) 
  g84549__86998/Y -       B0->Y  F     AOI21X1LVT        3  0.8    39    20   51371    (-,-) 
  g376/Y          -       B->Y   F     AND2XLLVT         1  0.9    23    36   51407    (-,-) 
  g156/Y          -       B->Y   R     NOR3X2LVT         1  1.0    36    37   51444    (-,-) 
  g90578/Y        -       B->Y   F     NOR2X2LVT         2  1.6    20    22   51466    (-,-) 
  g90577/Y        -       A1->Y  R     OAI21X2LVT        2  1.3    30    28   51494    (-,-) 
  fopt161/Y       -       A->Y   F     INVX2LVT          3  1.0    14    18   51512    (-,-) 
  g90501/Y        -       B->Y   R     NOR2X1LVT         1  0.5    21    19   51531    (-,-) 
  fopt87587/Y     -       A->Y   F     INVX1LVT          2  1.0    17    19   51550    (-,-) 
  g84286__3680/Y  -       B->Y   R     NOR2X2LVT         1  1.0    21    19   51569    (-,-) 
  g84264__5115/Y  -       B->Y   F     NAND2X2LVT        1  1.8    32    29   51598    (-,-) 
  g88438/Y        -       A->Y   R     NOR2X4LVT         1  2.0    23    27   51624    (-,-) 
  g73/Y           -       A->Y   F     NAND2X4LVT        9  2.4    27    28   51653    (-,-) 
  g62/Y           -       C->Y   R     NOR3XLLVT         1  0.3    38    31   51684    (-,-) 
  g84111__4319/Y  -       A1->Y  F     OAI21XLLVT        1  0.0    24    31   51715    (-,-) 
  o_32_s[30]      -       -      F     (port)            -    -     -     0   51715    (-,-) 
#--------------------------------------------------------------------------------------------



Path 3: VIOLATED (-2715 ps) Late External Delay Assertion at pin o_32_s[19]
     Startpoint: (F) i_32_a[27]
          Clock: (R) clk
       Endpoint: (F) o_32_s[19]
          Clock: (R) clk

                     Capture       Launch     
        Clock Edge:+  100000            0     
        Drv Adjust:+       0            0     
       Src Latency:+       0            0     
       Net Latency:+       0 (I)        0 (I) 
           Arrival:=  100000            0     
                                              
      Output Delay:-   50000                  
       Uncertainty:-    1000                  
     Required Time:=   49000                  
      Launch Clock:-       0                  
       Input Delay:-   50000                  
         Data Path:-    1715                  
             Slack:=   -2715                  

Exceptions/Constraints:
  input_delay             50000            delay_in  
  output_delay            50000            delay_out 

#--------------------------------------------------------------------------------------------
#  Timing Point   Flags    Arc   Edge     Cell      Fanout Load Trans Delay Arrival Instance 
#                                                          (fF)  (ps)  (ps)   (ps)  Location 
#--------------------------------------------------------------------------------------------
  i_32_a[27]      -       -      F     (arrival)         6  7.2     0     0   50000    (-,-) 
  g90078/Y        -       A->Y   R     CLKINVX6LVT       1  2.9     7     9   50009    (-,-) 
  g90077/Y        -       B->Y   F     NAND2X6LVT        2  2.5    21    19   50028    (-,-) 
  g89746/Y        -       A->Y   R     NAND2X2LVT        1  2.0    20    20   50048    (-,-) 
  g89745/Y        -       A0->Y  F     OAI31X4LVT        1  1.7    36    41   50089    (-,-) 
  g3030/Y         -       B->Y   R     NAND2X4LVT        1  3.0    20    19   50108    (-,-) 
  g92197/Y        -       A->Y   F     NAND2X6LVT        3  4.4    30    29   50138    (-,-) 
  g92545/Y        -       B->Y   R     NOR2X4LVT         8  5.1    38    30   50168    (-,-) 
  g90498/Y        -       B->Y   F     NOR2X2LVT         1  0.8    15    21   50189    (-,-) 
  g87591/Y        -       B0->Y  R     AOI21X2LVT        4  2.2    36    29   50218    (-,-) 
  g87745/Y        -       AN->Y  R     NOR2BX1LVT        1  0.5    24    43   50261    (-,-) 
  g85965/Y        -       B->Y   F     NOR2X1LVT         1  0.8    20    20   50280    (-,-) 
  g91883/Y        -       B->Y   R     NOR2X2LVT         5  2.6    36    29   50310    (-,-) 
  g90638/Y        -       B->Y   F     NOR2X2LVT         1  2.7    27    26   50335    (-,-) 
  g90683/Y        -       A->Y   R     NOR2X6LVT         8  6.2    31    31   50367    (-,-) 
  g92509/Y        -       B->Y   R     CLKAND2X3LVT      9  4.2    21    44   50411    (-,-) 
  g91492/Y        -       A1N->Y R     OAI2BB1X1LVT      1  1.0    20    52   50463    (-,-) 
  g85583/Y        -       B->Y   F     NOR2X2LVT         4  1.6    21    17   50481    (-,-) 
  g90005/Y        -       A->Y   R     NOR2X1LVT         1  1.0    30    31   50511    (-,-) 
  g92612/Y        -       A->Y   F     NOR2X2LVT         3  1.4    20    24   50535    (-,-) 
  g92614/Y        -       B->Y   R     NAND2X1LVT        1  1.0    18    19   50554    (-,-) 
  g92613/Y        -       A->Y   F     NAND2X2LVT        1  0.8    22    25   50578    (-,-) 
  g90796/Y        -       B->Y   R     NOR2X2LVT         2  1.0    21    21   50599    (-,-) 
  g90165/Y        -       B->Y   F     NAND2X1LVT        1  0.9    32    30   50629    (-,-) 
  g91852/Y        -       A->Y   R     NOR3X2LVT         1  1.0    36    43   50672    (-,-) 
  g88457/Y        -       A->Y   F     NAND2X2LVT        2  2.6    41    40   50712    (-,-) 
  g92427/Y        -       A->Y   F     CLKAND2X6LVT     15  8.8    25    54   50766    (-,-) 
  g92314/Y        -       A->Y   R     INVX2LVT          5  2.6    20    20   50786    (-,-) 
  g92191/Y        -       B->Y   F     NOR2X2LVT         1  0.8    14    15   50800    (-,-) 
  g92145/Y        -       B->Y   R     NOR2X2LVT         2  1.5    26    21   50822    (-,-) 
  g85042__86941/Y -       B->Y   F     XOR3X1LVT         4  1.7    32    96   50917    (-,-) 
  g84977__5526/Y  -       A1->Y  R     AOI21X2LVT        2  0.8    23    29   50946    (-,-) 
  g64/Y           -       B->Y   F     NAND2X1LVT        1  0.8    30    29   50975    (-,-) 
  g90133/Y        -       B->Y   R     NAND2X2LVT        1  1.9    20    20   50996    (-,-) 
  g90387/Y        -       B->Y   F     NAND2X4LVT        3  2.0    25    23   51019    (-,-) 
  g90135/Y        -       B->Y   R     NOR2X2LVT         2  1.5    27    25   51044    (-,-) 
  g91574/Y        -       A1->Y  F     OAI21X2LVT        2  0.6    27    28   51071    (-,-) 
  g91573/Y        -       S0->Y  F     MXI2XLLVT         1  0.2    35    36   51107    (-,-) 
  g84787__7410/Y  -       B->Y   R     NAND2XLLVT        1  0.3    15    22   51129    (-,-) 
  g89869/Y        -       A->Y   R     CLKAND2X2LVT      2  2.2    18    46   51175    (-,-) 
  g89946/Y        -       B->Y   F     NAND2X4LVT        3  1.4    21    21   51196    (-,-) 
  g89971/Y        -       B->Y   R     NOR2X1LVT         1  0.6    23    23   51219    (-,-) 
  g89969/Y        -       B->Y   R     CLKAND2X3LVT      2  2.5    15    40   51258    (-,-) 
  g89968/Y        -       A->Y   F     INVX3LVT          1  1.7    12    14   51272    (-,-) 
  g89539/Y        -       B->Y   R     NAND2X4LVT        1  3.9    20    15   51287    (-,-) 
  g90916/Y        -       B->Y   F     NAND2X8LVT       29 10.9    45    34   51321    (-,-) 
  g84581__6417/Y  -       B->Y   R     NOR2X1LVT         1  0.5    24    30   51351    (-,-) 
  g84549__86998/Y -       B0->Y  F     AOI21X1LVT        3  0.8    39    20   51371    (-,-) 
  g376/Y          -       B->Y   F     AND2XLLVT         1  0.9    23    36   51407    (-,-) 
  g156/Y          -       B->Y   R     NOR3X2LVT         1  1.0    36    37   51444    (-,-) 
  g90578/Y        -       B->Y   F     NOR2X2LVT         2  1.6    20    22   51466    (-,-) 
  g90577/Y        -       A1->Y  R     OAI21X2LVT        2  1.3    30    28   51494    (-,-) 
  fopt161/Y       -       A->Y   F     INVX2LVT          3  1.0    14    18   51512    (-,-) 
  g90501/Y        -       B->Y   R     NOR2X1LVT         1  0.5    21    19   51531    (-,-) 
  fopt87587/Y     -       A->Y   F     INVX1LVT          2  1.0    17    19   51550    (-,-) 
  fopt87586/Y     -       A->Y   R     INVXLLVT          2  1.3    28    24   51573    (-,-) 
  g84289__87380/Y -       A->Y   F     NAND2X2LVT        2  2.2    40    36   51609    (-,-) 
  g594/Y          -       A->Y   R     NOR2X1LVT         2  0.6    24    32   51641    (-,-) 
  g593/Y          -       A->Y   F     INVXLLVT          1  0.2    10    17   51658    (-,-) 
  g589/Y          -       C->Y   R     NOR3XLLVT         1  0.3    38    25   51684    (-,-) 
  g587/Y          -       A1->Y  F     OAI21XLLVT        1  0.0    23    31   51715    (-,-) 
  o_32_s[19]      -       -      F     (port)            -    -     -     0   51715    (-,-) 
#--------------------------------------------------------------------------------------------



Path 4: VIOLATED (-2715 ps) Late External Delay Assertion at pin o_32_s[21]
     Startpoint: (F) i_32_a[27]
          Clock: (R) clk
       Endpoint: (R) o_32_s[21]
          Clock: (R) clk

                     Capture       Launch     
        Clock Edge:+  100000            0     
        Drv Adjust:+       0            0     
       Src Latency:+       0            0     
       Net Latency:+       0 (I)        0 (I) 
           Arrival:=  100000            0     
                                              
      Output Delay:-   50000                  
       Uncertainty:-    1000                  
     Required Time:=   49000                  
      Launch Clock:-       0                  
       Input Delay:-   50000                  
         Data Path:-    1715                  
             Slack:=   -2715                  

Exceptions/Constraints:
  input_delay             50000            delay_in  
  output_delay            50000            delay_out 

#--------------------------------------------------------------------------------------------
#  Timing Point   Flags    Arc   Edge     Cell      Fanout Load Trans Delay Arrival Instance 
#                                                          (fF)  (ps)  (ps)   (ps)  Location 
#--------------------------------------------------------------------------------------------
  i_32_a[27]      -       -      F     (arrival)         6  7.2     0     0   50000    (-,-) 
  g90078/Y        -       A->Y   R     CLKINVX6LVT       1  2.9     7     9   50009    (-,-) 
  g90077/Y        -       B->Y   F     NAND2X6LVT        2  2.5    21    19   50028    (-,-) 
  g89746/Y        -       A->Y   R     NAND2X2LVT        1  2.0    20    20   50048    (-,-) 
  g89745/Y        -       A0->Y  F     OAI31X4LVT        1  1.7    36    41   50089    (-,-) 
  g3030/Y         -       B->Y   R     NAND2X4LVT        1  3.0    20    19   50108    (-,-) 
  g92197/Y        -       A->Y   F     NAND2X6LVT        3  4.4    30    29   50138    (-,-) 
  g92545/Y        -       B->Y   R     NOR2X4LVT         8  5.1    38    30   50168    (-,-) 
  g90498/Y        -       B->Y   F     NOR2X2LVT         1  0.8    15    21   50189    (-,-) 
  g87591/Y        -       B0->Y  R     AOI21X2LVT        4  2.2    36    29   50218    (-,-) 
  g87745/Y        -       AN->Y  R     NOR2BX1LVT        1  0.5    24    43   50261    (-,-) 
  g85965/Y        -       B->Y   F     NOR2X1LVT         1  0.8    20    20   50280    (-,-) 
  g91883/Y        -       B->Y   R     NOR2X2LVT         5  2.6    36    29   50310    (-,-) 
  g90638/Y        -       B->Y   F     NOR2X2LVT         1  2.7    27    26   50335    (-,-) 
  g90683/Y        -       A->Y   R     NOR2X6LVT         8  6.2    31    31   50367    (-,-) 
  g92509/Y        -       B->Y   R     CLKAND2X3LVT      9  4.2    21    44   50411    (-,-) 
  g91492/Y        -       A1N->Y R     OAI2BB1X1LVT      1  1.0    20    52   50463    (-,-) 
  g85583/Y        -       B->Y   F     NOR2X2LVT         4  1.6    21    17   50481    (-,-) 
  g90005/Y        -       A->Y   R     NOR2X1LVT         1  1.0    30    31   50511    (-,-) 
  g92612/Y        -       A->Y   F     NOR2X2LVT         3  1.4    20    24   50535    (-,-) 
  g92614/Y        -       B->Y   R     NAND2X1LVT        1  1.0    18    19   50554    (-,-) 
  g92613/Y        -       A->Y   F     NAND2X2LVT        1  0.8    22    25   50578    (-,-) 
  g90796/Y        -       B->Y   R     NOR2X2LVT         2  1.0    21    21   50599    (-,-) 
  g90165/Y        -       B->Y   F     NAND2X1LVT        1  0.9    32    30   50629    (-,-) 
  g91852/Y        -       A->Y   R     NOR3X2LVT         1  1.0    36    43   50672    (-,-) 
  g88457/Y        -       A->Y   F     NAND2X2LVT        2  2.6    41    40   50712    (-,-) 
  g92427/Y        -       A->Y   F     CLKAND2X6LVT     15  8.8    25    54   50766    (-,-) 
  g92314/Y        -       A->Y   R     INVX2LVT          5  2.6    20    20   50786    (-,-) 
  g92191/Y        -       B->Y   F     NOR2X2LVT         1  0.8    14    15   50800    (-,-) 
  g92145/Y        -       B->Y   R     NOR2X2LVT         2  1.5    26    21   50822    (-,-) 
  g85042__86941/Y -       B->Y   F     XOR3X1LVT         4  1.7    32    96   50917    (-,-) 
  g84977__5526/Y  -       A1->Y  R     AOI21X2LVT        2  0.8    23    29   50946    (-,-) 
  g64/Y           -       B->Y   F     NAND2X1LVT        1  0.8    30    29   50975    (-,-) 
  g90133/Y        -       B->Y   R     NAND2X2LVT        1  1.9    20    20   50996    (-,-) 
  g90387/Y        -       B->Y   F     NAND2X4LVT        3  2.0    25    23   51019    (-,-) 
  g90135/Y        -       B->Y   R     NOR2X2LVT         2  1.5    27    25   51044    (-,-) 
  g91574/Y        -       A1->Y  F     OAI21X2LVT        2  0.6    27    28   51071    (-,-) 
  g91573/Y        -       S0->Y  F     MXI2XLLVT         1  0.2    35    36   51107    (-,-) 
  g84787__7410/Y  -       B->Y   R     NAND2XLLVT        1  0.3    15    22   51129    (-,-) 
  g89869/Y        -       A->Y   R     CLKAND2X2LVT      2  2.2    18    46   51175    (-,-) 
  g89946/Y        -       B->Y   F     NAND2X4LVT        3  1.4    21    21   51196    (-,-) 
  g89971/Y        -       B->Y   R     NOR2X1LVT         1  0.6    23    23   51219    (-,-) 
  g89969/Y        -       B->Y   R     CLKAND2X3LVT      2  2.5    15    40   51258    (-,-) 
  g26/Y           -       A->Y   F     NAND2X2LVT        1  3.4    48    39   51297    (-,-) 
  g90916/Y        -       A->Y   R     NAND2X8LVT       29 13.7    33    29   51326    (-,-) 
  g84581__6417/Y  -       B->Y   F     NOR2X1LVT         1  0.4    17    21   51347    (-,-) 
  g84549__86998/Y -       B0->Y  R     AOI21X1LVT        3  1.1    38    30   51378    (-,-) 
  g87004/Y        -       B->Y   F     NAND2X1LVT        2  0.6    28    32   51410    (-,-) 
  g91275/Y        -       B->Y   R     NAND2X1LVT        4  1.6    30    25   51434    (-,-) 
  g91342/Y        -       A1->Y  F     OAI21X1LVT        1  0.4    29    31   51465    (-,-) 
  g91340/Y        -       B->Y   R     NOR2X1LVT         1  1.0    32    30   51495    (-,-) 
  g91328/Y        -       A->Y   F     NAND2X2LVT        3  1.0    24    30   51525    (-,-) 
  g90527/Y        -       A->Y   R     INVX1LVT          2  1.0    16    19   51543    (-,-) 
  g90528/Y        -       B0->Y  F     AOI2BB1X1LVT      1  0.4    15    18   51561    (-,-) 
  g91142/Y        -       A->Y   R     NAND2X1LVT        2  1.0    19    18   51580    (-,-) 
  g91140/Y        -       B->Y   F     NOR2X1LVT         1  0.6    17    17   51596    (-,-) 
  g88379/Y        -       A->Y   F     CLKAND2X3LVT      3  1.0    11    41   51637    (-,-) 
  g89999/Y        -       B->Y   R     NAND2X1LVT        1  0.5    14    12   51650    (-,-) 
  g84135__7482/Y  -       B->Y   F     XOR2XLLVT         1  0.2    10    52   51702    (-,-) 
  g84125__2802/Y  -       B->Y   R     NOR2XLLVT         1  0.0    17    12   51715    (-,-) 
  o_32_s[21]      -       -      R     (port)            -    -     -     0   51715    (-,-) 
#--------------------------------------------------------------------------------------------



Path 5: VIOLATED (-2715 ps) Late External Delay Assertion at pin o_32_s[27]
     Startpoint: (F) i_32_a[27]
          Clock: (R) clk
       Endpoint: (R) o_32_s[27]
          Clock: (R) clk

                     Capture       Launch     
        Clock Edge:+  100000            0     
        Drv Adjust:+       0            0     
       Src Latency:+       0            0     
       Net Latency:+       0 (I)        0 (I) 
           Arrival:=  100000            0     
                                              
      Output Delay:-   50000                  
       Uncertainty:-    1000                  
     Required Time:=   49000                  
      Launch Clock:-       0                  
       Input Delay:-   50000                  
         Data Path:-    1715                  
             Slack:=   -2715                  

Exceptions/Constraints:
  input_delay             50000            delay_in  
  output_delay            50000            delay_out 

#--------------------------------------------------------------------------------------------
#  Timing Point   Flags    Arc   Edge     Cell      Fanout Load Trans Delay Arrival Instance 
#                                                          (fF)  (ps)  (ps)   (ps)  Location 
#--------------------------------------------------------------------------------------------
  i_32_a[27]      -       -      F     (arrival)         6  7.2     0     0   50000    (-,-) 
  g90078/Y        -       A->Y   R     CLKINVX6LVT       1  2.9     7     9   50009    (-,-) 
  g90077/Y        -       B->Y   F     NAND2X6LVT        2  2.5    21    19   50028    (-,-) 
  g89746/Y        -       A->Y   R     NAND2X2LVT        1  2.0    20    20   50048    (-,-) 
  g89745/Y        -       A0->Y  F     OAI31X4LVT        1  1.7    36    41   50089    (-,-) 
  g3030/Y         -       B->Y   R     NAND2X4LVT        1  3.0    20    19   50108    (-,-) 
  g92197/Y        -       A->Y   F     NAND2X6LVT        3  4.4    30    29   50138    (-,-) 
  g92545/Y        -       B->Y   R     NOR2X4LVT         8  5.1    38    30   50168    (-,-) 
  g90498/Y        -       B->Y   F     NOR2X2LVT         1  0.8    15    21   50189    (-,-) 
  g87591/Y        -       B0->Y  R     AOI21X2LVT        4  2.2    36    29   50218    (-,-) 
  g87745/Y        -       AN->Y  R     NOR2BX1LVT        1  0.5    24    43   50261    (-,-) 
  g85965/Y        -       B->Y   F     NOR2X1LVT         1  0.8    20    20   50280    (-,-) 
  g91883/Y        -       B->Y   R     NOR2X2LVT         5  2.6    36    29   50310    (-,-) 
  g90638/Y        -       B->Y   F     NOR2X2LVT         1  2.7    27    26   50335    (-,-) 
  g90683/Y        -       A->Y   R     NOR2X6LVT         8  6.2    31    31   50367    (-,-) 
  g92509/Y        -       B->Y   R     CLKAND2X3LVT      9  4.2    21    44   50411    (-,-) 
  g91492/Y        -       A1N->Y R     OAI2BB1X1LVT      1  1.0    20    52   50463    (-,-) 
  g85583/Y        -       B->Y   F     NOR2X2LVT         4  1.6    21    17   50481    (-,-) 
  g90005/Y        -       A->Y   R     NOR2X1LVT         1  1.0    30    31   50511    (-,-) 
  g92612/Y        -       A->Y   F     NOR2X2LVT         3  1.4    20    24   50535    (-,-) 
  g92614/Y        -       B->Y   R     NAND2X1LVT        1  1.0    18    19   50554    (-,-) 
  g92613/Y        -       A->Y   F     NAND2X2LVT        1  0.8    22    25   50578    (-,-) 
  g90796/Y        -       B->Y   R     NOR2X2LVT         2  1.0    21    21   50599    (-,-) 
  g90165/Y        -       B->Y   F     NAND2X1LVT        1  0.9    32    30   50629    (-,-) 
  g91852/Y        -       A->Y   R     NOR3X2LVT         1  1.0    36    43   50672    (-,-) 
  g88457/Y        -       A->Y   F     NAND2X2LVT        2  2.6    41    40   50712    (-,-) 
  g92427/Y        -       A->Y   F     CLKAND2X6LVT     15  8.8    25    54   50766    (-,-) 
  g92314/Y        -       A->Y   R     INVX2LVT          5  2.6    20    20   50786    (-,-) 
  g92191/Y        -       B->Y   F     NOR2X2LVT         1  0.8    14    15   50800    (-,-) 
  g92145/Y        -       B->Y   R     NOR2X2LVT         2  1.5    26    21   50822    (-,-) 
  g85042__86941/Y -       B->Y   F     XOR3X1LVT         4  1.7    32    96   50917    (-,-) 
  g84977__5526/Y  -       A1->Y  R     AOI21X2LVT        2  0.8    23    29   50946    (-,-) 
  g64/Y           -       B->Y   F     NAND2X1LVT        1  0.8    30    29   50975    (-,-) 
  g90133/Y        -       B->Y   R     NAND2X2LVT        1  1.9    20    20   50996    (-,-) 
  g90387/Y        -       B->Y   F     NAND2X4LVT        3  2.0    25    23   51019    (-,-) 
  g90135/Y        -       B->Y   R     NOR2X2LVT         2  1.5    27    25   51044    (-,-) 
  g91574/Y        -       A1->Y  F     OAI21X2LVT        2  0.6    27    28   51071    (-,-) 
  g91573/Y        -       S0->Y  F     MXI2XLLVT         1  0.2    35    36   51107    (-,-) 
  g84787__7410/Y  -       B->Y   R     NAND2XLLVT        1  0.3    15    22   51129    (-,-) 
  g89869/Y        -       A->Y   R     CLKAND2X2LVT      2  2.2    18    46   51175    (-,-) 
  g89946/Y        -       B->Y   F     NAND2X4LVT        3  1.4    21    21   51196    (-,-) 
  g89971/Y        -       B->Y   R     NOR2X1LVT         1  0.6    23    23   51219    (-,-) 
  g89969/Y        -       B->Y   R     CLKAND2X3LVT      2  2.5    15    40   51258    (-,-) 
  g89968/Y        -       A->Y   F     INVX3LVT          1  1.7    12    14   51272    (-,-) 
  g89539/Y        -       B->Y   R     NAND2X4LVT        1  3.9    20    15   51287    (-,-) 
  g90916/Y        -       B->Y   F     NAND2X8LVT       29 10.9    45    34   51321    (-,-) 
  g84581__6417/Y  -       B->Y   R     NOR2X1LVT         1  0.5    24    30   51351    (-,-) 
  g84549__86998/Y -       B0->Y  F     AOI21X1LVT        3  0.8    39    20   51371    (-,-) 
  g376/Y          -       B->Y   F     AND2XLLVT         1  0.9    23    36   51407    (-,-) 
  g156/Y          -       B->Y   R     NOR3X2LVT         1  1.0    36    37   51444    (-,-) 
  g90578/Y        -       B->Y   F     NOR2X2LVT         2  1.6    20    22   51466    (-,-) 
  g90577/Y        -       A1->Y  R     OAI21X2LVT        2  1.3    30    28   51494    (-,-) 
  fopt161/Y       -       A->Y   F     INVX2LVT          3  1.0    14    18   51512    (-,-) 
  g90501/Y        -       B->Y   R     NOR2X1LVT         1  0.5    21    19   51531    (-,-) 
  fopt87587/Y     -       A->Y   F     INVX1LVT          2  1.0    17    19   51550    (-,-) 
  g84286__3680/Y  -       B->Y   R     NOR2X2LVT         1  1.0    21    19   51569    (-,-) 
  g84264__5115/Y  -       B->Y   F     NAND2X2LVT        1  1.8    32    29   51598    (-,-) 
  g88438/Y        -       A->Y   R     NOR2X4LVT         1  2.0    23    27   51624    (-,-) 
  g73/Y           -       A->Y   F     NAND2X4LVT        9  2.4    27    28   51653    (-,-) 
  g84124__4733/Y  -       C->Y   R     NOR3BX1LVT        1  0.3    31    27   51680    (-,-) 
  g84118__3680/Y  -       B->Y   F     NOR2XLLVT         1  0.2    20    21   51701    (-,-) 
  g84116__6260/Y  -       B0->Y  R     OAI21XLLVT        1  0.0    20    14   51715    (-,-) 
  o_32_s[27]      -       -      R     (port)            -    -     -     0   51715    (-,-) 
#--------------------------------------------------------------------------------------------



Path 6: VIOLATED (-2714 ps) Late External Delay Assertion at pin o_32_s[24]
     Startpoint: (F) i_32_a[27]
          Clock: (R) clk
       Endpoint: (R) o_32_s[24]
          Clock: (R) clk

                     Capture       Launch     
        Clock Edge:+  100000            0     
        Drv Adjust:+       0            0     
       Src Latency:+       0            0     
       Net Latency:+       0 (I)        0 (I) 
           Arrival:=  100000            0     
                                              
      Output Delay:-   50000                  
       Uncertainty:-    1000                  
     Required Time:=   49000                  
      Launch Clock:-       0                  
       Input Delay:-   50000                  
         Data Path:-    1714                  
             Slack:=   -2714                  

Exceptions/Constraints:
  input_delay             50000            delay_in  
  output_delay            50000            delay_out 

#--------------------------------------------------------------------------------------------
#  Timing Point   Flags    Arc   Edge     Cell      Fanout Load Trans Delay Arrival Instance 
#                                                          (fF)  (ps)  (ps)   (ps)  Location 
#--------------------------------------------------------------------------------------------
  i_32_a[27]      -       -      F     (arrival)         6  7.2     0     0   50000    (-,-) 
  g90078/Y        -       A->Y   R     CLKINVX6LVT       1  2.9     7     9   50009    (-,-) 
  g90077/Y        -       B->Y   F     NAND2X6LVT        2  2.5    21    19   50028    (-,-) 
  g89746/Y        -       A->Y   R     NAND2X2LVT        1  2.0    20    20   50048    (-,-) 
  g89745/Y        -       A0->Y  F     OAI31X4LVT        1  1.7    36    41   50089    (-,-) 
  g3030/Y         -       B->Y   R     NAND2X4LVT        1  3.0    20    19   50108    (-,-) 
  g92197/Y        -       A->Y   F     NAND2X6LVT        3  4.4    30    29   50138    (-,-) 
  g92545/Y        -       B->Y   R     NOR2X4LVT         8  5.1    38    30   50168    (-,-) 
  g90498/Y        -       B->Y   F     NOR2X2LVT         1  0.8    15    21   50189    (-,-) 
  g87591/Y        -       B0->Y  R     AOI21X2LVT        4  2.2    36    29   50218    (-,-) 
  g87745/Y        -       AN->Y  R     NOR2BX1LVT        1  0.5    24    43   50261    (-,-) 
  g85965/Y        -       B->Y   F     NOR2X1LVT         1  0.8    20    20   50280    (-,-) 
  g91883/Y        -       B->Y   R     NOR2X2LVT         5  2.6    36    29   50310    (-,-) 
  g90638/Y        -       B->Y   F     NOR2X2LVT         1  2.7    27    26   50335    (-,-) 
  g90683/Y        -       A->Y   R     NOR2X6LVT         8  6.2    31    31   50367    (-,-) 
  g92509/Y        -       B->Y   R     CLKAND2X3LVT      9  4.2    21    44   50411    (-,-) 
  g91492/Y        -       A1N->Y R     OAI2BB1X1LVT      1  1.0    20    52   50463    (-,-) 
  g85583/Y        -       B->Y   F     NOR2X2LVT         4  1.6    21    17   50481    (-,-) 
  g90005/Y        -       A->Y   R     NOR2X1LVT         1  1.0    30    31   50511    (-,-) 
  g92612/Y        -       A->Y   F     NOR2X2LVT         3  1.4    20    24   50535    (-,-) 
  g92614/Y        -       B->Y   R     NAND2X1LVT        1  1.0    18    19   50554    (-,-) 
  g92613/Y        -       A->Y   F     NAND2X2LVT        1  0.8    22    25   50578    (-,-) 
  g90796/Y        -       B->Y   R     NOR2X2LVT         2  1.0    21    21   50599    (-,-) 
  g90165/Y        -       B->Y   F     NAND2X1LVT        1  0.9    32    30   50629    (-,-) 
  g91852/Y        -       A->Y   R     NOR3X2LVT         1  1.0    36    43   50672    (-,-) 
  g88457/Y        -       A->Y   F     NAND2X2LVT        2  2.6    41    40   50712    (-,-) 
  g92427/Y        -       A->Y   F     CLKAND2X6LVT     15  8.8    25    54   50766    (-,-) 
  g92314/Y        -       A->Y   R     INVX2LVT          5  2.6    20    20   50786    (-,-) 
  g92191/Y        -       B->Y   F     NOR2X2LVT         1  0.8    14    15   50800    (-,-) 
  g92145/Y        -       B->Y   R     NOR2X2LVT         2  1.5    26    21   50822    (-,-) 
  g85042__86941/Y -       B->Y   F     XOR3X1LVT         4  1.7    32    96   50917    (-,-) 
  g84977__5526/Y  -       A1->Y  R     AOI21X2LVT        2  0.8    23    29   50946    (-,-) 
  g64/Y           -       B->Y   F     NAND2X1LVT        1  0.8    30    29   50975    (-,-) 
  g90133/Y        -       B->Y   R     NAND2X2LVT        1  1.9    20    20   50996    (-,-) 
  g90387/Y        -       B->Y   F     NAND2X4LVT        3  2.0    25    23   51019    (-,-) 
  g90135/Y        -       B->Y   R     NOR2X2LVT         2  1.5    27    25   51044    (-,-) 
  g91574/Y        -       A1->Y  F     OAI21X2LVT        2  0.6    27    28   51071    (-,-) 
  g91573/Y        -       S0->Y  F     MXI2XLLVT         1  0.2    35    36   51107    (-,-) 
  g84787__7410/Y  -       B->Y   R     NAND2XLLVT        1  0.3    15    22   51129    (-,-) 
  g89869/Y        -       A->Y   R     CLKAND2X2LVT      2  2.2    18    46   51175    (-,-) 
  g89946/Y        -       B->Y   F     NAND2X4LVT        3  1.4    21    21   51196    (-,-) 
  g89971/Y        -       B->Y   R     NOR2X1LVT         1  0.6    23    23   51219    (-,-) 
  g89969/Y        -       B->Y   R     CLKAND2X3LVT      2  2.5    15    40   51258    (-,-) 
  g89968/Y        -       A->Y   F     INVX3LVT          1  1.7    12    14   51272    (-,-) 
  g89539/Y        -       B->Y   R     NAND2X4LVT        1  3.9    20    15   51287    (-,-) 
  g90916/Y        -       B->Y   F     NAND2X8LVT       29 10.9    45    34   51321    (-,-) 
  g84539__5107/Y  -       S0->Y  F     MXI2X1LVT         2  0.6    38    45   51366    (-,-) 
  g49/Y           -       B->Y   R     NOR2X1LVT         1  1.0    32    33   51399    (-,-) 
  g88917/Y        -       A->Y   F     NOR2X2LVT         5  2.0    24    26   51425    (-,-) 
  g90934/Y        -       B->Y   R     NOR2X1LVT         1  0.5    22    23   51448    (-,-) 
  g90933/Y        -       A->Y   F     NOR2X1LVT         2  1.2    24    25   51473    (-,-) 
  g168/Y          -       B->Y   R     NOR2X2LVT         1  0.5    19    19   51492    (-,-) 
  g92175/Y        -       B->Y   F     NOR2X1LVT         1  0.8    19    18   51509    (-,-) 
  g92173/Y        -       B->Y   R     NAND2X2LVT        2  1.5    16    16   51525    (-,-) 
  g163/Y          -       A->Y   F     CLKINVX1LVT       2  1.0    16    17   51542    (-,-) 
  g161/Y          -       B->Y   R     NOR2X2LVT         1  0.5    16    16   51559    (-,-) 
  g84268__9945/Y  -       B->Y   F     NAND2X1LVT        2  0.8    30    26   51585    (-,-) 
  g90952/Y        -       B->Y   R     NOR2X1LVT         1  0.5    22    24   51610    (-,-) 
  g90950/Y        -       B->Y   F     NAND2BX1LVT       4  1.0    34    31   51641    (-,-) 
  g90042/Y        -       B->Y   R     NOR3XLLVT         1  0.3    38    43   51684    (-,-) 
  g90041/Y        -       AN->Y  R     NAND3BXLLVT       1  0.0    13    31   51714    (-,-) 
  o_32_s[24]      -       -      R     (port)            -    -     -     0   51714    (-,-) 
#--------------------------------------------------------------------------------------------



Path 7: VIOLATED (-2714 ps) Late External Delay Assertion at pin o_32_s[15]
     Startpoint: (F) i_32_a[27]
          Clock: (R) clk
       Endpoint: (R) o_32_s[15]
          Clock: (R) clk

                     Capture       Launch     
        Clock Edge:+  100000            0     
        Drv Adjust:+       0            0     
       Src Latency:+       0            0     
       Net Latency:+       0 (I)        0 (I) 
           Arrival:=  100000            0     
                                              
      Output Delay:-   50000                  
       Uncertainty:-    1000                  
     Required Time:=   49000                  
      Launch Clock:-       0                  
       Input Delay:-   50000                  
         Data Path:-    1714                  
             Slack:=   -2714                  

Exceptions/Constraints:
  input_delay             50000            delay_in  
  output_delay            50000            delay_out 

#--------------------------------------------------------------------------------------------
#  Timing Point   Flags    Arc   Edge     Cell      Fanout Load Trans Delay Arrival Instance 
#                                                          (fF)  (ps)  (ps)   (ps)  Location 
#--------------------------------------------------------------------------------------------
  i_32_a[27]      -       -      F     (arrival)         6  7.2     0     0   50000    (-,-) 
  g90078/Y        -       A->Y   R     CLKINVX6LVT       1  2.9     7     9   50009    (-,-) 
  g90077/Y        -       B->Y   F     NAND2X6LVT        2  2.5    21    19   50028    (-,-) 
  g89746/Y        -       A->Y   R     NAND2X2LVT        1  2.0    20    20   50048    (-,-) 
  g89745/Y        -       A0->Y  F     OAI31X4LVT        1  1.7    36    41   50089    (-,-) 
  g3030/Y         -       B->Y   R     NAND2X4LVT        1  3.0    20    19   50108    (-,-) 
  g92197/Y        -       A->Y   F     NAND2X6LVT        3  4.4    30    29   50138    (-,-) 
  g92545/Y        -       B->Y   R     NOR2X4LVT         8  5.1    38    30   50168    (-,-) 
  g90498/Y        -       B->Y   F     NOR2X2LVT         1  0.8    15    21   50189    (-,-) 
  g87591/Y        -       B0->Y  R     AOI21X2LVT        4  2.2    36    29   50218    (-,-) 
  g87745/Y        -       AN->Y  R     NOR2BX1LVT        1  0.5    24    43   50261    (-,-) 
  g85965/Y        -       B->Y   F     NOR2X1LVT         1  0.8    20    20   50280    (-,-) 
  g91883/Y        -       B->Y   R     NOR2X2LVT         5  2.6    36    29   50310    (-,-) 
  g90638/Y        -       B->Y   F     NOR2X2LVT         1  2.7    27    26   50335    (-,-) 
  g90683/Y        -       A->Y   R     NOR2X6LVT         8  6.2    31    31   50367    (-,-) 
  g92509/Y        -       B->Y   R     CLKAND2X3LVT      9  4.2    21    44   50411    (-,-) 
  g91492/Y        -       A1N->Y R     OAI2BB1X1LVT      1  1.0    20    52   50463    (-,-) 
  g85583/Y        -       B->Y   F     NOR2X2LVT         4  1.6    21    17   50481    (-,-) 
  g90005/Y        -       A->Y   R     NOR2X1LVT         1  1.0    30    31   50511    (-,-) 
  g92612/Y        -       A->Y   F     NOR2X2LVT         3  1.4    20    24   50535    (-,-) 
  g92614/Y        -       B->Y   R     NAND2X1LVT        1  1.0    18    19   50554    (-,-) 
  g92613/Y        -       A->Y   F     NAND2X2LVT        1  0.8    22    25   50578    (-,-) 
  g90796/Y        -       B->Y   R     NOR2X2LVT         2  1.0    21    21   50599    (-,-) 
  g90165/Y        -       B->Y   F     NAND2X1LVT        1  0.9    32    30   50629    (-,-) 
  g91852/Y        -       A->Y   R     NOR3X2LVT         1  1.0    36    43   50672    (-,-) 
  g88457/Y        -       A->Y   F     NAND2X2LVT        2  2.6    41    40   50712    (-,-) 
  g92427/Y        -       A->Y   F     CLKAND2X6LVT     15  8.8    25    54   50766    (-,-) 
  g92314/Y        -       A->Y   R     INVX2LVT          5  2.6    20    20   50786    (-,-) 
  g92191/Y        -       B->Y   F     NOR2X2LVT         1  0.8    14    15   50800    (-,-) 
  g92145/Y        -       B->Y   R     NOR2X2LVT         2  1.5    26    21   50822    (-,-) 
  g85042__86941/Y -       B->Y   F     XOR3X1LVT         4  1.7    32    96   50917    (-,-) 
  g84977__5526/Y  -       A1->Y  R     AOI21X2LVT        2  0.8    23    29   50946    (-,-) 
  g64/Y           -       B->Y   F     NAND2X1LVT        1  0.8    30    29   50975    (-,-) 
  g90133/Y        -       B->Y   R     NAND2X2LVT        1  1.9    20    20   50996    (-,-) 
  g90387/Y        -       B->Y   F     NAND2X4LVT        3  2.0    25    23   51019    (-,-) 
  g90135/Y        -       B->Y   R     NOR2X2LVT         2  1.5    27    25   51044    (-,-) 
  g91574/Y        -       A1->Y  F     OAI21X2LVT        2  0.6    27    28   51071    (-,-) 
  g91573/Y        -       S0->Y  F     MXI2XLLVT         1  0.2    35    36   51107    (-,-) 
  g84787__7410/Y  -       B->Y   R     NAND2XLLVT        1  0.3    15    22   51129    (-,-) 
  g89869/Y        -       A->Y   R     CLKAND2X2LVT      2  2.2    18    46   51175    (-,-) 
  g89946/Y        -       B->Y   F     NAND2X4LVT        3  1.4    21    21   51196    (-,-) 
  g89971/Y        -       B->Y   R     NOR2X1LVT         1  0.6    23    23   51219    (-,-) 
  g89969/Y        -       B->Y   R     CLKAND2X3LVT      2  2.5    15    40   51258    (-,-) 
  g89968/Y        -       A->Y   F     INVX3LVT          1  1.7    12    14   51272    (-,-) 
  g89539/Y        -       B->Y   R     NAND2X4LVT        1  3.9    20    15   51287    (-,-) 
  g90916/Y        -       B->Y   F     NAND2X8LVT       29 10.9    45    34   51321    (-,-) 
  g84581__6417/Y  -       B->Y   R     NOR2X1LVT         1  0.5    24    30   51351    (-,-) 
  g84549__86998/Y -       B0->Y  F     AOI21X1LVT        3  0.8    39    20   51371    (-,-) 
  g376/Y          -       B->Y   F     AND2XLLVT         1  0.9    23    36   51407    (-,-) 
  g156/Y          -       B->Y   R     NOR3X2LVT         1  1.0    36    37   51444    (-,-) 
  g90578/Y        -       B->Y   F     NOR2X2LVT         2  1.6    20    22   51466    (-,-) 
  g90577/Y        -       A1->Y  R     OAI21X2LVT        2  1.3    30    28   51494    (-,-) 
  fopt161/Y       -       A->Y   F     INVX2LVT          3  1.0    14    18   51512    (-,-) 
  g90501/Y        -       B->Y   R     NOR2X1LVT         1  0.5    21    19   51531    (-,-) 
  fopt87587/Y     -       A->Y   F     INVX1LVT          2  1.0    17    19   51550    (-,-) 
  fopt87586/Y     -       A->Y   R     INVXLLVT          2  1.3    28    24   51573    (-,-) 
  g84289__87380/Y -       A->Y   F     NAND2X2LVT        2  2.2    40    36   51609    (-,-) 
  g88235/Y        -       A->Y   R     NOR2X4LVT         2  1.0    18    26   51635    (-,-) 
  g88234/Y        -       B->Y   F     NAND2BX1LVT       1  0.4    22    23   51658    (-,-) 
  g130/Y          -       S0->Y  F     MXI2XLLVT         1  0.2    34    35   51693    (-,-) 
  g84144__7410/Y  -       B->Y   R     NOR2XLLVT         1  0.0    17    22   51714    (-,-) 
  o_32_s[15]      -       -      R     (port)            -    -     -     0   51714    (-,-) 
#--------------------------------------------------------------------------------------------



Path 8: VIOLATED (-2714 ps) Late External Delay Assertion at pin o_32_s[25]
     Startpoint: (F) i_32_a[27]
          Clock: (R) clk
       Endpoint: (F) o_32_s[25]
          Clock: (R) clk

                     Capture       Launch     
        Clock Edge:+  100000            0     
        Drv Adjust:+       0            0     
       Src Latency:+       0            0     
       Net Latency:+       0 (I)        0 (I) 
           Arrival:=  100000            0     
                                              
      Output Delay:-   50000                  
       Uncertainty:-    1000                  
     Required Time:=   49000                  
      Launch Clock:-       0                  
       Input Delay:-   50000                  
         Data Path:-    1714                  
             Slack:=   -2714                  

Exceptions/Constraints:
  input_delay             50000            delay_in  
  output_delay            50000            delay_out 

#--------------------------------------------------------------------------------------------
#  Timing Point   Flags    Arc   Edge     Cell      Fanout Load Trans Delay Arrival Instance 
#                                                          (fF)  (ps)  (ps)   (ps)  Location 
#--------------------------------------------------------------------------------------------
  i_32_a[27]      -       -      F     (arrival)         6  7.2     0     0   50000    (-,-) 
  g90078/Y        -       A->Y   R     CLKINVX6LVT       1  2.9     7     9   50009    (-,-) 
  g90077/Y        -       B->Y   F     NAND2X6LVT        2  2.5    21    19   50028    (-,-) 
  g89746/Y        -       A->Y   R     NAND2X2LVT        1  2.0    20    20   50048    (-,-) 
  g89745/Y        -       A0->Y  F     OAI31X4LVT        1  1.7    36    41   50089    (-,-) 
  g3030/Y         -       B->Y   R     NAND2X4LVT        1  3.0    20    19   50108    (-,-) 
  g92197/Y        -       A->Y   F     NAND2X6LVT        3  4.4    30    29   50138    (-,-) 
  g92545/Y        -       B->Y   R     NOR2X4LVT         8  5.1    38    30   50168    (-,-) 
  g90498/Y        -       B->Y   F     NOR2X2LVT         1  0.8    15    21   50189    (-,-) 
  g87591/Y        -       B0->Y  R     AOI21X2LVT        4  2.2    36    29   50218    (-,-) 
  g87745/Y        -       AN->Y  R     NOR2BX1LVT        1  0.5    24    43   50261    (-,-) 
  g85965/Y        -       B->Y   F     NOR2X1LVT         1  0.8    20    20   50280    (-,-) 
  g91883/Y        -       B->Y   R     NOR2X2LVT         5  2.6    36    29   50310    (-,-) 
  g90638/Y        -       B->Y   F     NOR2X2LVT         1  2.7    27    26   50335    (-,-) 
  g90683/Y        -       A->Y   R     NOR2X6LVT         8  6.2    31    31   50367    (-,-) 
  g92509/Y        -       B->Y   R     CLKAND2X3LVT      9  4.2    21    44   50411    (-,-) 
  g91492/Y        -       A1N->Y R     OAI2BB1X1LVT      1  1.0    20    52   50463    (-,-) 
  g85583/Y        -       B->Y   F     NOR2X2LVT         4  1.6    21    17   50481    (-,-) 
  g90005/Y        -       A->Y   R     NOR2X1LVT         1  1.0    30    31   50511    (-,-) 
  g92612/Y        -       A->Y   F     NOR2X2LVT         3  1.4    20    24   50535    (-,-) 
  g92614/Y        -       B->Y   R     NAND2X1LVT        1  1.0    18    19   50554    (-,-) 
  g92613/Y        -       A->Y   F     NAND2X2LVT        1  0.8    22    25   50578    (-,-) 
  g90796/Y        -       B->Y   R     NOR2X2LVT         2  1.0    21    21   50599    (-,-) 
  g90165/Y        -       B->Y   F     NAND2X1LVT        1  0.9    32    30   50629    (-,-) 
  g91852/Y        -       A->Y   R     NOR3X2LVT         1  1.0    36    43   50672    (-,-) 
  g88457/Y        -       A->Y   F     NAND2X2LVT        2  2.6    41    40   50712    (-,-) 
  g92427/Y        -       A->Y   F     CLKAND2X6LVT     15  8.8    25    54   50766    (-,-) 
  g92314/Y        -       A->Y   R     INVX2LVT          5  2.6    20    20   50786    (-,-) 
  g92191/Y        -       B->Y   F     NOR2X2LVT         1  0.8    14    15   50800    (-,-) 
  g92145/Y        -       B->Y   R     NOR2X2LVT         2  1.5    26    21   50822    (-,-) 
  g85042__86941/Y -       B->Y   F     XOR3X1LVT         4  1.7    32    96   50917    (-,-) 
  g84977__5526/Y  -       A1->Y  R     AOI21X2LVT        2  0.8    23    29   50946    (-,-) 
  g64/Y           -       B->Y   F     NAND2X1LVT        1  0.8    30    29   50975    (-,-) 
  g90133/Y        -       B->Y   R     NAND2X2LVT        1  1.9    20    20   50996    (-,-) 
  g90387/Y        -       B->Y   F     NAND2X4LVT        3  2.0    25    23   51019    (-,-) 
  g90135/Y        -       B->Y   R     NOR2X2LVT         2  1.5    27    25   51044    (-,-) 
  g91574/Y        -       A1->Y  F     OAI21X2LVT        2  0.6    27    28   51071    (-,-) 
  g91573/Y        -       S0->Y  F     MXI2XLLVT         1  0.2    35    36   51107    (-,-) 
  g84787__7410/Y  -       B->Y   R     NAND2XLLVT        1  0.3    15    22   51129    (-,-) 
  g89869/Y        -       A->Y   R     CLKAND2X2LVT      2  2.2    18    46   51175    (-,-) 
  g89946/Y        -       B->Y   F     NAND2X4LVT        3  1.4    21    21   51196    (-,-) 
  g89971/Y        -       B->Y   R     NOR2X1LVT         1  0.6    23    23   51219    (-,-) 
  g89969/Y        -       B->Y   R     CLKAND2X3LVT      2  2.5    15    40   51258    (-,-) 
  g89968/Y        -       A->Y   F     INVX3LVT          1  1.7    12    14   51272    (-,-) 
  g89539/Y        -       B->Y   R     NAND2X4LVT        1  3.9    20    15   51287    (-,-) 
  g90916/Y        -       B->Y   F     NAND2X8LVT       29 10.9    45    34   51321    (-,-) 
  g84539__5107/Y  -       S0->Y  F     MXI2X1LVT         2  0.6    38    45   51366    (-,-) 
  g88897/Y        -       B->Y   R     NAND2BXLLVT       1  1.0    28    30   51397    (-,-) 
  g88896/Y        -       B->Y   F     NAND2X2LVT        3  1.4    29    28   51425    (-,-) 
  g88900/Y        -       B->Y   R     NOR2X2LVT         2  1.5    27    26   51451    (-,-) 
  g88289/Y        -       B->Y   F     NOR2X2LVT         2  1.6    24    20   51471    (-,-) 
  g91326/Y        -       B->Y   R     NOR2X2LVT         4  1.4    26    24   51494    (-,-) 
  g91325/Y        -       A0->Y  F     OAI21X1LVT        2  0.8    38    41   51536    (-,-) 
  g90529/Y        -       B->Y   R     NOR2X1LVT         2  0.8    29    31   51566    (-,-) 
  g714/Y          -       A->Y   F     NAND2X1LVT        3  0.6    28    31   51597    (-,-) 
  g711/Y          -       B->Y   F     OR2X1LVT          4  1.0    17    49   51646    (-,-) 
  g88217/Y        -       B->Y   R     NOR3XLLVT         1  0.3    38    37   51683    (-,-) 
  g88362/Y        -       A1->Y  F     OAI21XLLVT        1  0.0    24    31   51714    (-,-) 
  o_32_s[25]      -       -      F     (port)            -    -     -     0   51714    (-,-) 
#--------------------------------------------------------------------------------------------



Path 9: VIOLATED (-2712 ps) Late External Delay Assertion at pin o_32_s[20]
     Startpoint: (F) i_32_a[27]
          Clock: (R) clk
       Endpoint: (R) o_32_s[20]
          Clock: (R) clk

                     Capture       Launch     
        Clock Edge:+  100000            0     
        Drv Adjust:+       0            0     
       Src Latency:+       0            0     
       Net Latency:+       0 (I)        0 (I) 
           Arrival:=  100000            0     
                                              
      Output Delay:-   50000                  
       Uncertainty:-    1000                  
     Required Time:=   49000                  
      Launch Clock:-       0                  
       Input Delay:-   50000                  
         Data Path:-    1712                  
             Slack:=   -2712                  

Exceptions/Constraints:
  input_delay             50000            delay_in  
  output_delay            50000            delay_out 

#--------------------------------------------------------------------------------------------
#  Timing Point   Flags    Arc   Edge     Cell      Fanout Load Trans Delay Arrival Instance 
#                                                          (fF)  (ps)  (ps)   (ps)  Location 
#--------------------------------------------------------------------------------------------
  i_32_a[27]      -       -      F     (arrival)         6  7.2     0     0   50000    (-,-) 
  g90078/Y        -       A->Y   R     CLKINVX6LVT       1  2.9     7     9   50009    (-,-) 
  g90077/Y        -       B->Y   F     NAND2X6LVT        2  2.5    21    19   50028    (-,-) 
  g89746/Y        -       A->Y   R     NAND2X2LVT        1  2.0    20    20   50048    (-,-) 
  g89745/Y        -       A0->Y  F     OAI31X4LVT        1  1.7    36    41   50089    (-,-) 
  g3030/Y         -       B->Y   R     NAND2X4LVT        1  3.0    20    19   50108    (-,-) 
  g92197/Y        -       A->Y   F     NAND2X6LVT        3  4.4    30    29   50138    (-,-) 
  g92545/Y        -       B->Y   R     NOR2X4LVT         8  5.1    38    30   50168    (-,-) 
  g90498/Y        -       B->Y   F     NOR2X2LVT         1  0.8    15    21   50189    (-,-) 
  g87591/Y        -       B0->Y  R     AOI21X2LVT        4  2.2    36    29   50218    (-,-) 
  g87745/Y        -       AN->Y  R     NOR2BX1LVT        1  0.5    24    43   50261    (-,-) 
  g85965/Y        -       B->Y   F     NOR2X1LVT         1  0.8    20    20   50280    (-,-) 
  g91883/Y        -       B->Y   R     NOR2X2LVT         5  2.6    36    29   50310    (-,-) 
  g90638/Y        -       B->Y   F     NOR2X2LVT         1  2.7    27    26   50335    (-,-) 
  g90683/Y        -       A->Y   R     NOR2X6LVT         8  6.2    31    31   50367    (-,-) 
  g92509/Y        -       B->Y   R     CLKAND2X3LVT      9  4.2    21    44   50411    (-,-) 
  g91492/Y        -       A1N->Y R     OAI2BB1X1LVT      1  1.0    20    52   50463    (-,-) 
  g85583/Y        -       B->Y   F     NOR2X2LVT         4  1.6    21    17   50481    (-,-) 
  g90005/Y        -       A->Y   R     NOR2X1LVT         1  1.0    30    31   50511    (-,-) 
  g92612/Y        -       A->Y   F     NOR2X2LVT         3  1.4    20    24   50535    (-,-) 
  g92614/Y        -       B->Y   R     NAND2X1LVT        1  1.0    18    19   50554    (-,-) 
  g92613/Y        -       A->Y   F     NAND2X2LVT        1  0.8    22    25   50578    (-,-) 
  g90796/Y        -       B->Y   R     NOR2X2LVT         2  1.0    21    21   50599    (-,-) 
  g90165/Y        -       B->Y   F     NAND2X1LVT        1  0.9    32    30   50629    (-,-) 
  g91852/Y        -       A->Y   R     NOR3X2LVT         1  1.0    36    43   50672    (-,-) 
  g88457/Y        -       A->Y   F     NAND2X2LVT        2  2.6    41    40   50712    (-,-) 
  g92427/Y        -       A->Y   F     CLKAND2X6LVT     15  8.8    25    54   50766    (-,-) 
  g92314/Y        -       A->Y   R     INVX2LVT          5  2.6    20    20   50786    (-,-) 
  g92191/Y        -       B->Y   F     NOR2X2LVT         1  0.8    14    15   50800    (-,-) 
  g92145/Y        -       B->Y   R     NOR2X2LVT         2  1.5    26    21   50822    (-,-) 
  g85042__86941/Y -       B->Y   F     XOR3X1LVT         4  1.7    32    96   50917    (-,-) 
  g84977__5526/Y  -       A1->Y  R     AOI21X2LVT        2  0.8    23    29   50946    (-,-) 
  g64/Y           -       B->Y   F     NAND2X1LVT        1  0.8    30    29   50975    (-,-) 
  g90133/Y        -       B->Y   R     NAND2X2LVT        1  1.9    20    20   50996    (-,-) 
  g90387/Y        -       B->Y   F     NAND2X4LVT        3  2.0    25    23   51019    (-,-) 
  g90135/Y        -       B->Y   R     NOR2X2LVT         2  1.5    27    25   51044    (-,-) 
  g91574/Y        -       A1->Y  F     OAI21X2LVT        2  0.6    27    28   51071    (-,-) 
  g91573/Y        -       S0->Y  F     MXI2XLLVT         1  0.2    35    36   51107    (-,-) 
  g84787__7410/Y  -       B->Y   R     NAND2XLLVT        1  0.3    15    22   51129    (-,-) 
  g89869/Y        -       A->Y   R     CLKAND2X2LVT      2  2.2    18    46   51175    (-,-) 
  g89946/Y        -       B->Y   F     NAND2X4LVT        3  1.4    21    21   51196    (-,-) 
  g89971/Y        -       B->Y   R     NOR2X1LVT         1  0.6    23    23   51219    (-,-) 
  g89969/Y        -       B->Y   R     CLKAND2X3LVT      2  2.5    15    40   51258    (-,-) 
  g89968/Y        -       A->Y   F     INVX3LVT          1  1.7    12    14   51272    (-,-) 
  g89539/Y        -       B->Y   R     NAND2X4LVT        1  3.9    20    15   51287    (-,-) 
  g90916/Y        -       B->Y   F     NAND2X8LVT       29 10.9    45    34   51321    (-,-) 
  g89354/Y        -       S0->Y  F     MXI2X1LVT         2  0.5    36    44   51365    (-,-) 
  g88150/Y        -       B->Y   F     CLKAND2X2LVT      1  0.4     9    44   51409    (-,-) 
  g43/Y           -       B->Y   R     NOR2X1LVT         2  1.0    30    23   51431    (-,-) 
  g90024/Y        -       B->Y   F     NOR2X1LVT         1  0.4    15    20   51451    (-,-) 
  g88831/Y        -       B->Y   R     NOR2X1LVT         1  1.0    30    25   51476    (-,-) 
  g88830/Y        -       A->Y   F     NAND2X2LVT        1  0.9    24    29   51504    (-,-) 
  g88880/Y        -       A->Y   R     NOR2X2LVT         2  1.3    24    27   51531    (-,-) 
  fopt2/Y         -       A->Y   R     BUFX2LVT          5  2.1    17    42   51573    (-,-) 
  g88930/Y        -       A->Y   F     NOR2X1LVT         1  0.4    15    18   51592    (-,-) 
  g89050/Y        -       B->Y   R     NAND2X1LVT        3  1.1    20    17   51609    (-,-) 
  g91042/Y        -       AN->Y  R     NAND2BXLLVT       1  0.3    14    27   51636    (-,-) 
  g91041/Y        -       A->Y   F     NOR2XLLVT         1  0.4    19    20   51656    (-,-) 
  g91663/Y        -       S0->Y  F     MXI2XLLVT         1  0.2    35    35   51690    (-,-) 
  g84156__1881/Y  -       B->Y   R     NOR2XLLVT         1  0.0    17    22   51712    (-,-) 
  o_32_s[20]      -       -      R     (port)            -    -     -     0   51712    (-,-) 
#--------------------------------------------------------------------------------------------



Path 10: VIOLATED (-2711 ps) Late External Delay Assertion at pin o_32_s[29]
     Startpoint: (F) i_32_a[27]
          Clock: (R) clk
       Endpoint: (F) o_32_s[29]
          Clock: (R) clk

                     Capture       Launch     
        Clock Edge:+  100000            0     
        Drv Adjust:+       0            0     
       Src Latency:+       0            0     
       Net Latency:+       0 (I)        0 (I) 
           Arrival:=  100000            0     
                                              
      Output Delay:-   50000                  
       Uncertainty:-    1000                  
     Required Time:=   49000                  
      Launch Clock:-       0                  
       Input Delay:-   50000                  
         Data Path:-    1711                  
             Slack:=   -2711                  

Exceptions/Constraints:
  input_delay             50000            delay_in  
  output_delay            50000            delay_out 

#--------------------------------------------------------------------------------------------
#  Timing Point   Flags    Arc   Edge     Cell      Fanout Load Trans Delay Arrival Instance 
#                                                          (fF)  (ps)  (ps)   (ps)  Location 
#--------------------------------------------------------------------------------------------
  i_32_a[27]      -       -      F     (arrival)         6  7.2     0     0   50000    (-,-) 
  g90078/Y        -       A->Y   R     CLKINVX6LVT       1  2.9     7     9   50009    (-,-) 
  g90077/Y        -       B->Y   F     NAND2X6LVT        2  2.5    21    19   50028    (-,-) 
  g89746/Y        -       A->Y   R     NAND2X2LVT        1  2.0    20    20   50048    (-,-) 
  g89745/Y        -       A0->Y  F     OAI31X4LVT        1  1.7    36    41   50089    (-,-) 
  g3030/Y         -       B->Y   R     NAND2X4LVT        1  3.0    20    19   50108    (-,-) 
  g92197/Y        -       A->Y   F     NAND2X6LVT        3  4.4    30    29   50138    (-,-) 
  g92545/Y        -       B->Y   R     NOR2X4LVT         8  5.1    38    30   50168    (-,-) 
  g90498/Y        -       B->Y   F     NOR2X2LVT         1  0.8    15    21   50189    (-,-) 
  g87591/Y        -       B0->Y  R     AOI21X2LVT        4  2.2    36    29   50218    (-,-) 
  g87745/Y        -       AN->Y  R     NOR2BX1LVT        1  0.5    24    43   50261    (-,-) 
  g85965/Y        -       B->Y   F     NOR2X1LVT         1  0.8    20    20   50280    (-,-) 
  g91883/Y        -       B->Y   R     NOR2X2LVT         5  2.6    36    29   50310    (-,-) 
  g90638/Y        -       B->Y   F     NOR2X2LVT         1  2.7    27    26   50335    (-,-) 
  g90683/Y        -       A->Y   R     NOR2X6LVT         8  6.2    31    31   50367    (-,-) 
  g92509/Y        -       B->Y   R     CLKAND2X3LVT      9  4.2    21    44   50411    (-,-) 
  g91492/Y        -       A1N->Y R     OAI2BB1X1LVT      1  1.0    20    52   50463    (-,-) 
  g85583/Y        -       B->Y   F     NOR2X2LVT         4  1.6    21    17   50481    (-,-) 
  g90005/Y        -       A->Y   R     NOR2X1LVT         1  1.0    30    31   50511    (-,-) 
  g92612/Y        -       A->Y   F     NOR2X2LVT         3  1.4    20    24   50535    (-,-) 
  g92614/Y        -       B->Y   R     NAND2X1LVT        1  1.0    18    19   50554    (-,-) 
  g92613/Y        -       A->Y   F     NAND2X2LVT        1  0.8    22    25   50578    (-,-) 
  g90796/Y        -       B->Y   R     NOR2X2LVT         2  1.0    21    21   50599    (-,-) 
  g90165/Y        -       B->Y   F     NAND2X1LVT        1  0.9    32    30   50629    (-,-) 
  g91852/Y        -       A->Y   R     NOR3X2LVT         1  1.0    36    43   50672    (-,-) 
  g88457/Y        -       A->Y   F     NAND2X2LVT        2  2.6    41    40   50712    (-,-) 
  g92427/Y        -       A->Y   F     CLKAND2X6LVT     15  8.8    25    54   50766    (-,-) 
  g92314/Y        -       A->Y   R     INVX2LVT          5  2.6    20    20   50786    (-,-) 
  g92191/Y        -       B->Y   F     NOR2X2LVT         1  0.8    14    15   50800    (-,-) 
  g92145/Y        -       B->Y   R     NOR2X2LVT         2  1.5    26    21   50822    (-,-) 
  g85042__86941/Y -       B->Y   F     XOR3X1LVT         4  1.7    32    96   50917    (-,-) 
  g84977__5526/Y  -       A1->Y  R     AOI21X2LVT        2  0.8    23    29   50946    (-,-) 
  g64/Y           -       B->Y   F     NAND2X1LVT        1  0.8    30    29   50975    (-,-) 
  g90133/Y        -       B->Y   R     NAND2X2LVT        1  1.9    20    20   50996    (-,-) 
  g90387/Y        -       B->Y   F     NAND2X4LVT        3  2.0    25    23   51019    (-,-) 
  g90135/Y        -       B->Y   R     NOR2X2LVT         2  1.5    27    25   51044    (-,-) 
  g91574/Y        -       A1->Y  F     OAI21X2LVT        2  0.6    27    28   51071    (-,-) 
  g91573/Y        -       S0->Y  F     MXI2XLLVT         1  0.2    35    36   51107    (-,-) 
  g84787__7410/Y  -       B->Y   R     NAND2XLLVT        1  0.3    15    22   51129    (-,-) 
  g89869/Y        -       A->Y   R     CLKAND2X2LVT      2  2.2    18    46   51175    (-,-) 
  g89946/Y        -       B->Y   F     NAND2X4LVT        3  1.4    21    21   51196    (-,-) 
  g89971/Y        -       B->Y   R     NOR2X1LVT         1  0.6    23    23   51219    (-,-) 
  g89969/Y        -       B->Y   R     CLKAND2X3LVT      2  2.5    15    40   51258    (-,-) 
  g26/Y           -       A->Y   F     NAND2X2LVT        1  3.4    48    39   51297    (-,-) 
  g90916/Y        -       A->Y   R     NAND2X8LVT       29 13.7    33    29   51326    (-,-) 
  fopt90224/Y     -       A->Y   R     BUFX3LVT          5  2.8    16    40   51366    (-,-) 
  g88204/Y        -       A1->Y  F     OAI21X2LVT        2  0.8    30    25   51391    (-,-) 
  g88203/Y        -       A1->Y  R     AOI21X1LVT        2  0.6    27    31   51422    (-,-) 
  g84409__91316/Y -       A1->Y  F     OAI21XLLVT        1  0.4    38    35   51458    (-,-) 
  g88374/Y        -       C->Y   R     NOR3X1LVT         1  0.5    37    34   51492    (-,-) 
  g89048/Y        -       A->Y   F     INVX1LVT          1  0.8    17    24   51516    (-,-) 
  g89046/Y        -       B->Y   R     NOR2X2LVT         2  2.2    32    26   51542    (-,-) 
  g89045/Y        -       A->Y   F     NOR2X4LVT         4  1.2    17    21   51562    (-,-) 
  g91447/Y        -       AN->Y  F     NOR2BX1LVT        1  0.6    16    32   51594    (-,-) 
  g84173__86822/Y -       B->Y   F     CLKAND2X3LVT      1  1.7    13    38   51631    (-,-) 
  g73/Y           -       B->Y   R     NAND2X4LVT        9  3.3    17    14   51646    (-,-) 
  g92394/Y        -       A0N->Y R     AOI2BB1XLLVT      1  0.3    23    36   51682    (-,-) 
  g91761/Y        -       B0->Y  F     OAI21XLLVT        1  0.0    24    29   51711    (-,-) 
  o_32_s[29]      -       -      F     (port)            -    -     -     0   51711    (-,-) 
#--------------------------------------------------------------------------------------------

