============================================================
  Generated by:           Genus(TM) Synthesis Solution 21.19-s055_1
  Generated on:           Nov 22 2025  01:35:40 pm
  Module:                 FPU_unit
  Operating conditions:   PVT_1P08V_125C (balanced_tree)
  Wireload mode:          enclosed
  Area mode:              timing library
============================================================

Timing
--------

Clock  Period  
---------------
clk   100000.0 


  Cost    Critical              Violating 
 Group   Path Slack     TNS       Paths   
------------------------------------------
default     -2715.0   -89996.4         34 
------------------------------------------
Total                 -89996.4         34 

Instance Count
--------------
Leaf Instance Count             2203 
Physical Instance count            0 
Sequential Instance Count          0 
Combinational Instance Count    2203 
Hierarchical Instance Count        0 

Area
----
Cell Area                          3560.152
Physical Cell Area                 0.000
Total Cell Area (Cell+Physical)    3560.152
Net Area                           0.000
Total Area (Cell+Physical+Net)     3560.152

Max Fanout                         39 (n_9601)
Min Fanout                         1 (n_33)
Average Fanout                     2.1
Terms to net ratio                 3.0123
Terms to instance ratio            3.1012
Runtime                            777.0 seconds
Elapsed Runtime                    804 seconds
Genus peak memory usage            1519.71 
Innovus peak memory usage          no_value 
Hostname                           pink
