============================================================
  Generated by:           Genus(TM) Synthesis Solution GENUS15.20 - 15.20-p004_1
  Generated on:           Nov 23 2025  11:11:39 pm
  Module:                 FPU_unit
  Wireload mode:          enclosed
  Area mode:              timing library
============================================================


Path 1: MET (6559 ps) Path Delay Check
     Startpoint: (R) i_32_b[28]
       Endpoint: (F) o_32_s[30]

                  Capture    Launch  
     Path Delay:+   10000         -  
        Arrival:=   10000            
                                     
  Required Time:=   10000            
      Data Path:-    3441            
          Slack:=    6559            

#-----------------------------------------------------------------------------------------------------------------------------------
#                          Timing Point                           Flags    Arc   Edge     Cell      Fanout Load Trans Delay Arrival 
#                                                                                                          (fF)  (ps)  (ps)   (ps)  
#-----------------------------------------------------------------------------------------------------------------------------------
  i_32_b[28]                                                      -       -      R     (arrival)         3  1.0     0     0       0 
  EXP_SWAP_UNIT/COMP_LESS_UNIT/u_high/g341/Y                      -       A->Y   F     INVX1HVT          2  1.0     8     8       8 
  EXP_SWAP_UNIT/COMP_LESS_UNIT/u_high/g334/CO                     -       B->CO  F     ADDHX1HVT         1  0.4     6    18      26 
  EXP_SWAP_UNIT/COMP_LESS_UNIT/u_high/g332/Y                      -       A2->Y  R     OAI32X1HVT        1  0.4    41    27      52 
  EXP_SWAP_UNIT/COMP_LESS_UNIT/u_high/g331/Y                      -       A1->Y  F     AOI22X1HVT        2  0.6    31    33      85 
  EXP_SWAP_UNIT/COMP_LESS_UNIT/u_high/g330/Y                      -       A1N->Y F     OAI2BB1X1HVT      1  0.4    12    25     110 
  EXP_SWAP_UNIT/COMP_LESS_UNIT/u_high/g329/Y                      -       B0->Y  R     OAI21X1HVT        1  0.3    18     9     120 
  EXP_SWAP_UNIT/COMP_LESS_UNIT/g16/Y                              -       B0->Y  R     AO21X1HVT        60 29.8   239   150     270 
  EXP_SWAP_UNIT/g223/Y                                            -       S0->Y  R     MX2XLHVT          3  0.9    16    64     333 
  EXP_SUB_UNIT/CLA_8BIT_UNIT/CLA_4BIT_UNIT_0/g276/Y               -       A->Y   F     XNOR2X1HVT       27  9.0    69    78     410 
  EXP_SUB_UNIT/CLA_8BIT_UNIT/CLA_4BIT_UNIT_0/g275/Y               -       AN->Y  F     NOR2BX1HVT        2  0.9    12    29     439 
  EXP_SUB_UNIT/CLA_8BIT_UNIT/CLA_4BIT_UNIT_0/g268/Y               -       A1->Y  R     OAI21X1HVT        2  0.9    24    22     461 
  EXP_SUB_UNIT/CLA_8BIT_UNIT/CLA_4BIT_UNIT_0/g266/Y               -       B->Y   F     CLKXOR2X1HVT     20  7.9    61    68     528 
  SHF_RIGHT_28BIT_UNIT/g3725/Y                                    -       A->Y   R     INVX1HVT         24  9.7    88    65     593 
  SHF_RIGHT_28BIT_UNIT/g3648/Y                                    -       A1->Y  F     AOI22X1HVT        3  1.0    42    52     645 
  SHF_RIGHT_28BIT_UNIT/g3622/Y                                    -       B->Y   F     MX2XLHVT          1  0.4     8    36     681 
  SHF_RIGHT_28BIT_UNIT/g3599/Y                                    -       A1->Y  R     OAI22X1HVT        3  1.0    40    24     705 
  MAN_COMP_28BIT_UNIT/u_i_data_1/g332/Y                           -       A->Y   F     INVX1HVT          2  1.0    15    20     725 
  MAN_COMP_28BIT_UNIT/u_i_data_1/g325/CO                          -       B->CO  F     ADDHX1HVT         1  0.4     6    19     744 
  MAN_COMP_28BIT_UNIT/u_i_data_1/g323/Y                           -       A2->Y  R     OAI32X1HVT        1  0.4    41    27     771 
  MAN_COMP_28BIT_UNIT/u_i_data_1/g322/Y                           -       A1->Y  F     AOI22X1HVT        2  0.6    31    33     804 
  MAN_COMP_28BIT_UNIT/u_i_data_1/g321/Y                           -       A1N->Y F     OAI2BB1X1HVT      1  0.4    16    25     829 
  MAN_COMP_28BIT_UNIT/u_i_data_1/g320/Y                           -       B0->Y  R     OAI21X1HVT        1  0.4    20    11     840 
  MAN_COMP_28BIT_UNIT/g162/Y                                      -       B0->Y  F     AOI21X1HVT        1  0.4    16    12     852 
  MAN_COMP_28BIT_UNIT/g161/Y                                      -       B->Y   R     NOR2BX1HVT        1  0.3    12    14     866 
  MAN_COMP_28BIT_UNIT/g160/Y                                      -       A1->Y  R     OA21X1HVT         1  0.3     6    27     893 
  MAN_COMP_28BIT_UNIT/g159/Y                                      -       A1->Y  R     OA21X1HVT         1  0.4     7    26     919 
  MAN_COMP_28BIT_UNIT/g158/Y                                      -       A1->Y  F     OAI21X1HVT        1  0.4    16    14     934 
  MAN_COMP_28BIT_UNIT/g157/Y                                      -       B->Y   R     NAND2BX1HVT       1  0.2     7    10     944 
  MAN_COMP_28BIT_UNIT/g156/Y                                      -       A1->Y  R     AO21X1HVT        57 26.5   213   144    1088 
  MAN_PRE_SWAP_BY_MAN_UNIT/g875/Y                                 -       B->Y   F     NOR2BX1HVT        1  0.5    44    72    1160 
  MAN_ALU_UNIT/g118/Y                                             -       S0->Y  R     MX2XLHVT          2  0.9    15    38    1198 
  MAN_ALU_UNIT/ALU_SUB_UNIT/CLA_BLOCK_GEN[0].CLA_4BIT_UNIT/g322/Y -       B->Y   F     XOR2XLHVT         3  0.8    12    36    1234 
  MAN_ALU_UNIT/ALU_SUB_UNIT/CLA_BLOCK_GEN[0].CLA_4BIT_UNIT/g316/Y -       A1N->Y F     OAI2BB1X1HVT      1  0.2    10    21    1254 
  MAN_ALU_UNIT/ALU_SUB_UNIT/CLA_BLOCK_GEN[0].CLA_4BIT_UNIT/g313/Y -       A1->Y  F     AO21XLHVT         1  0.4     8    26    1281 
  MAN_ALU_UNIT/ALU_SUB_UNIT/CLA_BLOCK_GEN[0].CLA_4BIT_UNIT/g311/Y -       A1->Y  R     AOI22X1HVT        1  0.5    23    22    1302 
  MAN_ALU_UNIT/ALU_SUB_UNIT/CLA_BLOCK_GEN[0].CLA_4BIT_UNIT/g310/Y -       B0->Y  F     OAI2BB1X1HVT      2  0.4    13    19    1321 
  MAN_ALU_UNIT/ALU_SUB_UNIT/g141/Y                                -       B0->Y  F     AO21X1HVT         2  0.7     9    32    1353 
  MAN_ALU_UNIT/ALU_SUB_UNIT/CLA_BLOCK_GEN[1].CLA_4BIT_UNIT/g449/Y -       A1N->Y F     OAI2BB1X1HVT      2  0.7    17    24    1377 
  MAN_ALU_UNIT/ALU_SUB_UNIT/CLA_BLOCK_GEN[1].CLA_4BIT_UNIT/g445/Y -       A1N->Y F     OAI2BB1X1HVT      2  0.9    19    27    1404 
  MAN_ALU_UNIT/ALU_SUB_UNIT/CLA_BLOCK_GEN[1].CLA_4BIT_UNIT/g443/Y -       A1->Y  R     AOI22X1HVT        2  0.9    28    28    1431 
  MAN_ALU_UNIT/ALU_SUB_UNIT/CLA_BLOCK_GEN[1].CLA_4BIT_UNIT/g441/Y -       A1->Y  F     OAI21X1HVT        3  0.8    21    24    1455 
  MAN_ALU_UNIT/ALU_SUB_UNIT/g159/Y                                -       B->Y   F     OR2XLHVT          2  0.7    11    26    1481 
  MAN_ALU_UNIT/ALU_SUB_UNIT/CLA_BLOCK_GEN[2].CLA_4BIT_UNIT/g445/Y -       A1N->Y F     OAI2BB1X1HVT      2  0.7    17    24    1506 
  MAN_ALU_UNIT/ALU_SUB_UNIT/CLA_BLOCK_GEN[2].CLA_4BIT_UNIT/g441/Y -       A1N->Y F     OAI2BB1X1HVT      2  0.9    19    27    1532 
  MAN_ALU_UNIT/ALU_SUB_UNIT/CLA_BLOCK_GEN[2].CLA_4BIT_UNIT/g439/Y -       A1->Y  R     AOI22X1HVT        2  0.9    28    28    1560 
  MAN_ALU_UNIT/ALU_SUB_UNIT/CLA_BLOCK_GEN[2].CLA_4BIT_UNIT/g437/Y -       A1->Y  F     OAI21X1HVT        3  0.8    21    24    1584 
  MAN_ALU_UNIT/ALU_SUB_UNIT/g186/Y                                -       AN->Y  F     NAND2BX1HVT       2  0.9    20    28    1611 
  MAN_ALU_UNIT/ALU_SUB_UNIT/CLA_BLOCK_GEN[3].CLA_4BIT_UNIT/g449/Y -       A1->Y  R     AOI21X1HVT        2  0.9    23    22    1634 
  MAN_ALU_UNIT/ALU_SUB_UNIT/CLA_BLOCK_GEN[3].CLA_4BIT_UNIT/g445/Y -       A1->Y  F     OAI21X1HVT        2  0.9    22    23    1656 
  MAN_ALU_UNIT/ALU_SUB_UNIT/CLA_BLOCK_GEN[3].CLA_4BIT_UNIT/g443/Y -       A1->Y  R     AOI22X1HVT        2  0.9    28    28    1685 
  MAN_ALU_UNIT/ALU_SUB_UNIT/CLA_BLOCK_GEN[3].CLA_4BIT_UNIT/g441/Y -       A1->Y  F     OAI21X1HVT        3  0.8    21    24    1709 
  MAN_ALU_UNIT/ALU_SUB_UNIT/g224/Y                                -       AN->Y  F     NAND2BX1HVT       2  0.9    20    28    1736 
  MAN_ALU_UNIT/ALU_SUB_UNIT/CLA_BLOCK_GEN[4].CLA_4BIT_UNIT/g449/Y -       A1->Y  R     AOI21X1HVT        2  0.9    23    22    1759 
  MAN_ALU_UNIT/ALU_SUB_UNIT/CLA_BLOCK_GEN[4].CLA_4BIT_UNIT/g445/Y -       A1->Y  F     OAI21X1HVT        2  0.9    22    23    1782 
  MAN_ALU_UNIT/ALU_SUB_UNIT/CLA_BLOCK_GEN[4].CLA_4BIT_UNIT/g443/Y -       A1->Y  R     AOI22X1HVT        2  0.9    28    29    1810 
  MAN_ALU_UNIT/ALU_SUB_UNIT/CLA_BLOCK_GEN[4].CLA_4BIT_UNIT/g441/Y -       A1->Y  F     OAI21X1HVT        3  0.8    21    24    1834 
  MAN_ALU_UNIT/ALU_SUB_UNIT/g253/Y                                -       AN->Y  F     NAND2BX1HVT       2  0.9    20    28    1862 
  MAN_ALU_UNIT/ALU_SUB_UNIT/CLA_BLOCK_GEN[5].CLA_4BIT_UNIT/g366/Y -       A1->Y  R     AOI22X1HVT        2  0.9    29    28    1889 
  MAN_ALU_UNIT/ALU_SUB_UNIT/CLA_BLOCK_GEN[5].CLA_4BIT_UNIT/g364/Y -       A1->Y  F     OAI21X1HVT        2  0.9    22    24    1914 
  MAN_ALU_UNIT/ALU_SUB_UNIT/CLA_BLOCK_GEN[5].CLA_4BIT_UNIT/g362/Y -       A1->Y  R     AOI22X1HVT        2  0.9    28    28    1942 
  MAN_ALU_UNIT/ALU_SUB_UNIT/CLA_BLOCK_GEN[5].CLA_4BIT_UNIT/g360/Y -       A1->Y  F     OAI21X1HVT        2  0.6    18    22    1965 
  MAN_ALU_UNIT/ALU_SUB_UNIT/g295/Y                                -       AN->Y  F     NAND2BX1HVT       2  0.7    17    26    1991 
  MAN_ALU_UNIT/ALU_SUB_UNIT/CLA_BLOCK_GEN[6].CLA_4BIT_UNIT/g507/Y -       A1N->Y F     OAI2BB1X1HVT      2  0.7    17    25    2016 
  MAN_ALU_UNIT/ALU_SUB_UNIT/CLA_BLOCK_GEN[6].CLA_4BIT_UNIT/g503/Y -       A1N->Y F     OAI2BB1X1HVT      2  0.9    19    27    2042 
  MAN_ALU_UNIT/ALU_SUB_UNIT/CLA_BLOCK_GEN[6].CLA_4BIT_UNIT/g501/Y -       A1->Y  R     AOI22X1HVT        2  0.9    29    28    2070 
  MAN_ALU_UNIT/ALU_SUB_UNIT/CLA_BLOCK_GEN[6].CLA_4BIT_UNIT/g500/Y -       B->Y   F     CLKXOR2X1HVT      9  2.8    24    48    2118 
  LOPD_24BIT_UNIT/LOPD_16bit_UNIT_MSB/LOPD_8bit_unit_1/g276/Y     -       B->Y   F     OR2XLHVT          3  1.2    17    30    2148 
  LOPD_24BIT_UNIT/LOPD_16bit_UNIT_MSB/LOPD_8bit_unit_1/g267/Y     -       C->Y   R     NOR3BX1HVT        5  2.0    55    38    2185 
  LOPD_24BIT_UNIT/LOPD_16bit_UNIT_MSB/g65/Y                       -       A->Y   R     AND2X1HVT        11  4.7    41    50    2236 
  LOPD_24BIT_UNIT/g133/Y                                          -       A->Y   F     INVX1HVT          5  1.8    21    23    2259 
  LOPD_24BIT_UNIT/g132/Y                                          -       B->Y   R     NOR2BX1HVT       13  5.1    80    54    2313 
  LOPD_24BIT_UNIT/g131/Y                                          -       A->Y   F     INVX1HVT          4  1.6    27    35    2348 
  LOPD_24BIT_UNIT/g126/Y                                          -       A->Y   R     NAND2X1HVT       28 11.8   102    66    2414 
  NORMALIZATION_UNIT/SHF_left_28bit_unit/g2988/Y                  -       A->Y   F     INVX1HVT         20  8.0    77    67    2481 
  NORMALIZATION_UNIT/SHF_left_28bit_unit/g2916/Y                  -       B0->Y  R     OAI22X1HVT        2  0.8    43    37    2518 
  NORMALIZATION_UNIT/SHF_left_28bit_unit/g2909/Y                  -       A->Y   F     INVX1HVT          1  0.2    10    18    2536 
  NORMALIZATION_UNIT/SHF_left_28bit_unit/g2896/Y                  -       A->Y   F     MX2XLHVT          3  1.0    15    35    2570 
  NORMALIZATION_UNIT/SHF_left_28bit_unit/g2888/Y                  -       B->Y   R     NOR2X1HVT         1  0.4    16    14    2585 
  NORMALIZATION_UNIT/g1410/Y                                      -       A1->Y  F     AOI22X1HVT        1  0.4    42    23    2608 
  NORMALIZATION_UNIT/g1384/Y                                      -       B0->Y  R     OAI2BB1X1HVT      1  0.5    15    21    2628 
  ROUNDING_UNIT/INCREASE_ROUNDING/g621/CO                         -       A->CO  R     ADDHX1HVT         1  0.7     9    28    2656 
  ROUNDING_UNIT/INCREASE_ROUNDING/g620/CO                         -       B->CO  R     ADDHX1HVT         1  0.7     9    25    2682 
  ROUNDING_UNIT/INCREASE_ROUNDING/g619/CO                         -       B->CO  R     ADDHX1HVT         1  0.7     9    25    2707 
  ROUNDING_UNIT/INCREASE_ROUNDING/g618/CO                         -       B->CO  R     ADDHX1HVT         1  0.7     9    25    2732 
  ROUNDING_UNIT/INCREASE_ROUNDING/g617/CO                         -       B->CO  R     ADDHX1HVT         1  0.7     9    25    2757 
  ROUNDING_UNIT/INCREASE_ROUNDING/g616/CO                         -       B->CO  R     ADDHX1HVT         1  0.7     9    25    2782 
  ROUNDING_UNIT/INCREASE_ROUNDING/g615/CO                         -       B->CO  R     ADDHX1HVT         1  0.7     9    25    2808 
  ROUNDING_UNIT/INCREASE_ROUNDING/g614/CO                         -       B->CO  R     ADDHX1HVT         1  0.7     9    25    2833 
  ROUNDING_UNIT/INCREASE_ROUNDING/g613/CO                         -       B->CO  R     ADDHX1HVT         1  0.7     9    25    2858 
  ROUNDING_UNIT/INCREASE_ROUNDING/g612/CO                         -       B->CO  R     ADDHX1HVT         1  0.7     9    25    2883 
  ROUNDING_UNIT/INCREASE_ROUNDING/g611/CO                         -       B->CO  R     ADDHX1HVT         1  0.7     9    25    2908 
  ROUNDING_UNIT/INCREASE_ROUNDING/g610/CO                         -       B->CO  R     ADDHX1HVT         1  0.7     9    25    2934 
  ROUNDING_UNIT/INCREASE_ROUNDING/g609/CO                         -       B->CO  R     ADDHX1HVT         1  0.7     9    25    2959 
  ROUNDING_UNIT/INCREASE_ROUNDING/g608/CO                         -       B->CO  R     ADDHX1HVT         1  0.7     9    25    2984 
  ROUNDING_UNIT/INCREASE_ROUNDING/g607/CO                         -       B->CO  R     ADDHX1HVT         1  0.7     9    25    3009 
  ROUNDING_UNIT/INCREASE_ROUNDING/g606/CO                         -       B->CO  R     ADDHX1HVT         1  0.7     9    25    3034 
  ROUNDING_UNIT/INCREASE_ROUNDING/g605/CO                         -       B->CO  R     ADDHX1HVT         1  0.7     9    25    3060 
  ROUNDING_UNIT/INCREASE_ROUNDING/g604/CO                         -       B->CO  R     ADDHX1HVT         1  0.7     9    25    3085 
  ROUNDING_UNIT/INCREASE_ROUNDING/g603/CO                         -       B->CO  R     ADDHX1HVT         1  0.7     9    25    3110 
  ROUNDING_UNIT/INCREASE_ROUNDING/g602/CO                         -       B->CO  R     ADDHX1HVT         1  0.7     9    25    3135 
  ROUNDING_UNIT/INCREASE_ROUNDING/g601/CO                         -       B->CO  R     ADDHX1HVT         1  0.7     9    25    3160 
  ROUNDING_UNIT/INCREASE_ROUNDING/g600/CO                         -       B->CO  R     ADDHX1HVT         2  0.7     9    25    3186 
  ROUNDING_UNIT/INCREASE_ROUNDING/g598/Y                          -       C->Y   R     AND3XLHVT         3  1.2    19    36    3221 
  EXP_ROUNDING/g187/Y                                             -       B->Y   F     NAND2X1HVT        2  0.7    17    18    3239 
  EXP_ROUNDING/g185/Y                                             -       AN->Y  F     NAND2BX1HVT       2  0.7    17    26    3265 
  EXP_ROUNDING/g183/Y                                             -       AN->Y  F     NAND2BX1HVT       2  0.7    17    26    3291 
  EXP_ROUNDING/g181/Y                                             -       AN->Y  F     NAND2BX1HVT       2  0.7    17    26    3316 
  EXP_ROUNDING/g179/Y                                             -       AN->Y  F     NAND2BX1HVT       2  0.7    17    26    3342 
  EXP_ROUNDING/g177/Y                                             -       AN->Y  F     NAND2BX1HVT       2  0.7    17    26    3368 
  EXP_ROUNDING/g175/Y                                             -       AN->Y  F     NAND2BXLHVT       1  0.5    18    23    3392 
  EXP_ROUNDING/g173/Y                                             -       B->Y   F     XNOR2X1HVT        1  0.2     5    30    3422 
  g36/Y                                                           -       B->Y   F     OR2XLHVT          1  0.0     3    20    3441 
  o_32_s[30]                                                      <<<     -      F     (port)            -    -     -     0    3441 
#-----------------------------------------------------------------------------------------------------------------------------------

