============================================================
  Generated by:           Genus(TM) Synthesis Solution GENUS15.20 - 15.20-p004_1
  Generated on:           Nov 23 2025  11:11:39 pm
  Module:                 FPU_unit
  Wireload mode:          enclosed
  Area mode:              timing library
============================================================

 
  Hierarchy Report Format : 
 
    level instance ( module ) <status>
 
    status :    preserve_<value> -- indicating preserve hierachy or inherited_preserve value
           :    blackbox --  indicating  unresolved instance
 
==================================================================

 0 FPU_unit
  1 EXP_ADJUST_UNIT ( EXP_adjust_SIZE_EXP8_SIZE_LOPD8 ) 
     2 CLA_8BIT_UNIT ( CLA_8bit_1 ) 
        3 CLA_4BIT_UNIT_0 ( CLA_4bit_9 ) 
        3 CLA_4BIT_UNIT_1 ( CLA_4bit_10 ) 
  1 EXP_ROUNDING ( EXP_rounding_SIZE_DATA8 ) 
  1 EXP_SUB_UNIT ( EXP_sub_SIZE_EXP_SUB8 ) 
     2 CLA_8BIT_UNIT ( CLA_8bit ) 
        3 CLA_4BIT_UNIT_0 ( CLA_4bit ) 
        3 CLA_4BIT_UNIT_1 ( CLA_4bit_1 ) 
  1 EXP_SWAP_UNIT ( EXP_swap_SIZE_DATA8 ) 
     2 COMP_LESS_UNIT ( COMP_8bit_SIZE_DATA8 ) 
        3 u_high ( COMP_4bit_1 ) 
        3 u_low ( COMP_4bit ) 
  1 LOPD_24BIT_UNIT ( LOPD_24bit_SIZE_DATA24_SIZE_LOPD5 ) 
     2 LOPD_16bit_UNIT_MSB ( LOPD_16bit ) 
        3 LOPD_8bit_unit_0 ( LOPD_8bit ) 
        3 LOPD_8bit_unit_1 ( LOPD_8bit_1 ) 
     2 LOPD_8bit_UNIT_LSB ( LOPD_8bit_2 ) 
  1 MAN_ALU_UNIT ( MAN_ALU_NUM_OP1_SIZE_MAN28 ) 
     2 ALU_SUB_UNIT ( CLA_28bit ) 
        3 CLA_BLOCK_GEN[0].CLA_4BIT_UNIT ( CLA_4bit_2 ) 
        3 CLA_BLOCK_GEN[1].CLA_4BIT_UNIT ( CLA_4bit_3 ) 
        3 CLA_BLOCK_GEN[2].CLA_4BIT_UNIT ( CLA_4bit_4 ) 
        3 CLA_BLOCK_GEN[3].CLA_4BIT_UNIT ( CLA_4bit_5 ) 
        3 CLA_BLOCK_GEN[4].CLA_4BIT_UNIT ( CLA_4bit_6 ) 
        3 CLA_BLOCK_GEN[5].CLA_4BIT_UNIT ( CLA_4bit_7 ) 
        3 CLA_BLOCK_GEN[6].CLA_4BIT_UNIT ( CLA_4bit_8 ) 
  1 MAN_COMP_28BIT_UNIT ( COMP_28bit_SIZE_DATA28 ) 
     2 u_i_data_0 ( COMP_4bit_2 ) 
     2 u_i_data_1 ( COMP_4bit_3 ) 
     2 u_i_data_2 ( COMP_4bit_4 ) 
     2 u_i_data_3 ( COMP_4bit_5 ) 
     2 u_i_data_4 ( COMP_4bit_6 ) 
     2 u_i_data_5 ( COMP_4bit_7 ) 
     2 u_i_data_6 ( COMP_4bit_8 ) 
  1 MAN_PRE_SWAP_BY_EXPONENT_UNIT ( MAN_swap_SIZE_MAN24 ) 
  1 MAN_PRE_SWAP_BY_MAN_UNIT ( MAN_swap_SIZE_MAN28 ) 
  1 NORMALIZATION_UNIT ( NORMALIZATION_unit_SIZE_LOPD5_SIZE_DATA28 ) 
     2 SHF_left_28bit_unit ( SHF_left_28bit_SIZE_DATA28_SIZE_SHIFT5 ) 
  1 PSC_UNIT ( PSC_unit ) 
  1 ROUNDING_UNIT ( ROUNDING_unit_SIZE_MAN28_SIZE_MAN_RESULT24 ) 
     2 INCREASE_ROUNDING ( RND_add_SIZE_DATA24 ) 
  1 SEL_MANTISSA_FOR_RESULT ( Mux_4_to_1_SIZE_DATA24 ) 
  1 SHF_RIGHT_28BIT_UNIT ( SHF_right_28bit_SIZE_DATA28_SIZE_SHIFT5 ) 
  1 SIGN_OUT ( SIGN_unit ) 
