============================================================
  Generated by:           Genus(TM) Synthesis Solution GENUS15.20 - 15.20-p004_1
  Generated on:           Nov 23 2025  11:11:39 pm
  Module:                 FPU_unit
  Wireload mode:          enclosed
  Area mode:              timing library
============================================================

                                  
    Gate      Instances    Area       Library    
-------------------------------------------------
ADDFX1HVT             1     5.130    fast_vdd1v2 
ADDHX1HVT            33   124.146    fast_vdd1v2 
AND2X1HVT             5     6.840    fast_vdd1v2 
AND2XLHVT            12    16.416    fast_vdd1v2 
AND3XLHVT             1     2.052    fast_vdd1v2 
AND4XLHVT             8    19.152    fast_vdd1v2 
AO21X1HVT             3     7.182    fast_vdd1v2 
AO21XLHVT             2     4.788    fast_vdd1v2 
AOI21X1HVT           11    18.810    fast_vdd1v2 
AOI21XLHVT            1     1.710    fast_vdd1v2 
AOI221X1HVT           2     4.788    fast_vdd1v2 
AOI222X1HVT           1     3.078    fast_vdd1v2 
AOI22X1HVT           94   192.888    fast_vdd1v2 
AOI22XLHVT           33    67.716    fast_vdd1v2 
AOI2BB1X1HVT          1     2.052    fast_vdd1v2 
AOI2BB1XLHVT          8    16.416    fast_vdd1v2 
AOI31X1HVT            2     4.104    fast_vdd1v2 
AOI32X1HVT            5    11.970    fast_vdd1v2 
CLKXOR2X1HVT         21    57.456    fast_vdd1v2 
INVX1HVT             77    52.668    fast_vdd1v2 
INVXLHVT              1     0.684    fast_vdd1v2 
MX2X1HVT             31    74.214    fast_vdd1v2 
MX2XLHVT             90   215.460    fast_vdd1v2 
MXI2XLHVT            38    90.972    fast_vdd1v2 
NAND2BX1HVT          22    30.096    fast_vdd1v2 
NAND2BXLHVT           4     5.472    fast_vdd1v2 
NAND2X1HVT           51    52.326    fast_vdd1v2 
NAND2XLHVT            4     4.104    fast_vdd1v2 
NAND3BXLHVT           2     3.420    fast_vdd1v2 
NAND3X1HVT            1     1.710    fast_vdd1v2 
NAND4XLHVT            6    10.260    fast_vdd1v2 
NOR2BX1HVT           51    69.768    fast_vdd1v2 
NOR2X1HVT            41    42.066    fast_vdd1v2 
NOR2XLHVT             4     4.104    fast_vdd1v2 
NOR3BX1HVT            4     8.208    fast_vdd1v2 
NOR3X1HVT             3     5.130    fast_vdd1v2 
NOR4BBX1HVT           2     5.472    fast_vdd1v2 
NOR4BX1HVT            5    11.970    fast_vdd1v2 
NOR4X1HVT            10    17.100    fast_vdd1v2 
OA21X1HVT             7    14.364    fast_vdd1v2 
OA22X1HVT             9    21.546    fast_vdd1v2 
OAI211X1HVT           4     6.840    fast_vdd1v2 
OAI21X1HVT           26    44.460    fast_vdd1v2 
OAI21XLHVT            1     1.710    fast_vdd1v2 
OAI221X1HVT           9    21.546    fast_vdd1v2 
OAI222X1HVT           9    24.624    fast_vdd1v2 
OAI22X1HVT           47    96.444    fast_vdd1v2 
OAI22XLHVT           11    22.572    fast_vdd1v2 
OAI2BB1X1HVT         47    80.370    fast_vdd1v2 
OAI32X1HVT            8    19.152    fast_vdd1v2 
OR2X1HVT              6     8.208    fast_vdd1v2 
OR2XLHVT             26    35.568    fast_vdd1v2 
OR4X1HVT              3     6.156    fast_vdd1v2 
XNOR2X1HVT           49   117.306    fast_vdd1v2 
XOR2XLHVT            16    43.776    fast_vdd1v2 
-------------------------------------------------
total               969  1836.540                


                                   
  Type   Instances   Area   Area % 
-----------------------------------
inverter        78   53.352    2.9 
logic          891 1783.188   97.1 
-----------------------------------
total          969 1836.540  100.0 

