============================================================
  Generated by:           Genus(TM) Synthesis Solution GENUS15.20 - 15.20-p004_1
  Generated on:           Nov 23 2025  11:11:39 pm
  Module:                 FPU_unit
  Wireload mode:          enclosed
  Area mode:              timing library
============================================================

                                       Leakage    Dynamic     Total   
            Instance            Cells Power(nW)  Power(nW)  Power(nW) 
----------------------------------------------------------------------
FPU_unit                          969   266.713 169649.347 169916.060 
  NORMALIZATION_UNIT              204    54.243  47272.493  47326.736 
    SHF_left_28bit_unit           142    36.315  33632.936  33669.251 
  MAN_ALU_UNIT                    173    47.756  43078.978  43126.735 
    ALU_SUB_UNIT                  141    39.477  35211.094  35250.571 
      CLA_BLOCK_..CLA_4BIT_UNIT    18     5.876   4230.468   4236.344 
      CLA_BLOCK_..CLA_4BIT_UNIT    18     4.839   5137.281   5142.120 
      CLA_BLOCK_..CLA_4BIT_UNIT    18     4.813   6245.485   6250.298 
      CLA_BLOCK_..CLA_4BIT_UNIT    15     4.772   3555.654   3560.426 
      CLA_BLOCK_..CLA_4BIT_UNIT    18     4.692   4473.563   4478.255 
      CLA_BLOCK_..CLA_4BIT_UNIT    18     4.654   3211.267   3215.921 
      CLA_BLOCK_..CLA_4BIT_UNIT    18     4.612   6091.407   6096.019 
  SHF_RIGHT_28BIT_UNIT            132    34.065  22139.919  22173.984 
  MAN_COMP_28BIT_UNIT              85    23.311  10544.627  10567.938 
    u_i_data_5                     13     3.754   1209.510   1213.264 
    u_i_data_4                     13     3.646   1604.647   1608.293 
    u_i_data_3                     13     3.634   1851.274   1854.908 
    u_i_data_2                     13     3.442   1981.284   1984.726 
    u_i_data_1                     13     3.408   2164.088   2167.496 
    u_i_data_6                     12     2.974    665.375    668.348 
    u_i_data_0                      1     0.306    141.000    141.306 
  MAN_PRE_SWAP_BY_MAN_UNIT         56    18.316   6740.440   6758.757 
  MAN_PRE_SW..EXPONENT_UNIT        46    14.130   4746.476   4760.606 
  ROUNDING_UNIT                    26    13.464   7360.599   7374.062 
    INCREASE_ROUNDING              24    12.996   6896.535   6909.531 
  EXP_ADJUST_UNIT                  45    12.530   3604.415   3616.945 
    CLA_8BIT_UNIT                  30     9.363   2234.965   2244.328 
      CLA_4BIT_UNIT_0              18     4.994   1410.409   1415.403 
      CLA_4BIT_UNIT_1              11     4.061    777.085    781.146 
  LOPD_24BIT_UNIT                  56    12.158   7140.986   7153.145 
    LOPD_16bit_UNIT_MSB            32     6.832   3395.305   3402.137 
      LOPD_8bit_unit_0             14     2.756   2139.837   2142.592 
      LOPD_8bit_unit_1             14     2.641   1130.588   1133.230 
    LOPD_8bit_UNIT_LSB             14     2.877   2814.164   2817.042 
  EXP_SWAP_UNIT                    37     9.794   3119.443   3129.238 
    COMP_LESS_UNIT                 24     5.909   2038.887   2044.796 
      u_high                       13     3.339    686.800    690.139 
      u_low                        10     2.244    495.931    498.175 
  PSC_UNIT                         33     7.352    566.697    574.050 
  EXP_SUB_UNIT                     25     6.358   4403.549   4409.906 
    CLA_8BIT_UNIT                  20     5.787   4212.474   4218.261 
      CLA_4BIT_UNIT_0              17     4.875   3507.703   3512.578 
      CLA_4BIT_UNIT_1               2     0.703    610.782    611.485 
  SEL_MANTISSA_FOR_RESULT          23     6.149   6662.662   6668.811 
  EXP_ROUNDING                     15     4.330    602.432    606.762 
  SIGN_OUT                          2     0.584    142.453    143.037 

