Cadence Genus(TM) Synthesis Solution.
Copyright 2015 Cadence Design Systems, Inc. All rights reserved worldwide.
Cadence and the Cadence logo are registered trademarks and Genus is a trademark
of Cadence Design Systems, Inc. in the United States and other countries.

Version: GENUS15.20 - 15.20-p004_1, built Sat Nov 14 2015
Options: -files genus_synth.tcl 
Date:    Thu Nov 27 02:54:31 2025
Host:    centos7 (x86_64 w/Linux 3.10.0-1160.108.1.el7.x86_64) (2*Intel(R) Core(TM) i5-10300H CPU @ 2.50GHz 8192KB)
OS:      CentOS Linux release 7.9.2009 (Core)

Checking out license: Genus_Synthesis

Loading tool scripts...
Sourcing GUI preferences file /home/admin/.cadence/genus/gui.tcl...
Finished loading tool scripts (5 seconds elapsed).

Sourcing genus_synth.tcl ...
TOP_MODULE = FPU_unit
LIB_DIR = ./../PDK45nm/gpdk045_lib
LIB_NAME = fast_vdd1v0_basicCells_hvt
LIB_FILE = ./../PDK45nm/gpdk045_lib/fast_vdd1v0_basicCells_hvt.lib
SDC_FILE = ./constraint.sdc
SRD_FILE = ./../../02_rtl/

  Message Summary for Library ./../PDK45nm/gpdk045_lib/fast_vdd1v0_basicCells_hvt.lib:
  ************************************************************************************
  Could not find an attribute in the library. [LBR-436]: 574
  Missing a function attribute in the output pin definition. [LBR-518]: 1
  ************************************************************************************
 
Info    : Created nominal operating condition. [LBR-412]
        : Operating condition '_nominal_' was created for the PVT values (1.000000, 1.100000, 0.000000) in library 'fast_vdd1v0_basicCells_hvt.lib'.
        : The nominal operating condition represents either the nominal PVT values if specified in the library source, or the default PVT values (1.0, 1.0, 1.0).
Warning : Library cell has no output pins defined. [LBR-9]
        : Library cell 'ANTENNAHVT' must have an output pin.
        : Add the missing output pin(s), then reload the library. Otherwise, the library cell will be marked as unusable and as timing model.
Warning : Library cell has no output pins defined. [LBR-9]
        : Library cell 'ANTENNAHVT' must have an output pin.
  Setting attribute of root '/': 'library' = ./../PDK45nm/gpdk045_lib/fast_vdd1v0_basicCells_hvt.lib
  Library has 324 usable logic and 128 usable sequential lib-cells.
Info    : Elaborating Design. [ELAB-1]
        : Elaborating top-level block 'FPU_unit' from file './../../02_rtl/FPU_unit.sv'.
Warning : Using default parameter value for module elaboration. [CDFG-818]
        : Elaborating block 'FPU_unit' with default parameters value.
Warning : Using default parameter value for module elaboration. [CDFG-818]
        : Elaborating block 'EXP_comp' with default parameters value.
Warning : Using default parameter value for module elaboration. [CDFG-818]
        : Elaborating block 'COMP_8bit' with default parameters value.
Warning : Using default parameter value for module elaboration. [CDFG-818]
        : Elaborating block 'EXP_swap' with default parameters value.
Warning : Using default parameter value for module elaboration. [CDFG-818]
        : Elaborating block 'EXP_sub' with default parameters value.
Warning : Using default parameter value for module elaboration. [CDFG-818]
        : Elaborating block 'MAN_swap' with default parameters value.
Warning : Using default parameter value for module elaboration. [CDFG-818]
        : Elaborating block 'SHF_right' with default parameters value.
Warning : Using default parameter value for module elaboration. [CDFG-818]
        : Elaborating block 'COMP_24bit' with default parameters value.
Warning : Using default parameter value for module elaboration. [CDFG-818]
        : Elaborating block 'MAN_ALU' with default parameters value.
Warning : Using default parameter value for module elaboration. [CDFG-818]
        : Elaborating block 'LOPD_24bit' with default parameters value.
Warning : Using default parameter value for module elaboration. [CDFG-818]
        : Elaborating block 'EXP_adjust' with default parameters value.
Warning : Using default parameter value for module elaboration. [CDFG-818]
        : Elaborating block 'NOR_unit' with default parameters value.
Warning : Using default parameter value for module elaboration. [CDFG-818]
        : Elaborating block 'SHF_left' with default parameters value.
Warning : Using default parameter value for module elaboration. [CDFG-818]
        : Elaborating block 'MAN_rounding' with default parameters value.
Warning : Using default parameter value for module elaboration. [CDFG-818]
        : Elaborating block 'EXP_rounding' with default parameters value.
Info    : Done Elaborating Design. [ELAB-3]
        : Done elaborating 'FPU_unit'.
Info    : Elaborating Design. [ELAB-1]
        : Elaborating top-level block 'LOPD_4bit' from file './../../02_rtl/LOPD_4bit.sv'.
Info    : Done Elaborating Design. [ELAB-3]
        : Done elaborating 'LOPD_4bit'.
Info    : Elaborating Design. [ELAB-1]
        : Elaborating top-level block 'COMP_CLA_24bit' from file './../../02_rtl/COMP_CLA_24bit.sv'.
Warning : Using default parameter value for module elaboration. [CDFG-818]
        : Elaborating block 'COMP_CLA_24bit' with default parameters value.
Info    : Done Elaborating Design. [ELAB-3]
        : Done elaborating 'COMP_CLA_24bit'.
  Checking the design.

 	 Check Design Report
	 -------------------- 

 Long Module Names
----------------------
No subdesign's name is greater than 1.5k in length.

  Unresolved References & Empty Modules
  ------------------------------------- 
No unresolved references in design 'FPU_unit'

No empty modules in design 'FPU_unit'

 Unloaded Pin(s), Port(s)
 -------------------------
No unloaded sequential element in 'FPU_unit'

No unloaded port in 'FPU_unit'

 Unloaded Combinational Pin(s)
 -------------------------------
No unloaded combinational element in 'FPU_unit'

 Assigns
 ------- 
Total number of assign statements in design 'FPU_unit' : 0

 Undriven Port(s)/Pin(s)
 ------------------------
No undriven combinational pin in 'FPU_unit'

No undriven sequential pin in 'FPU_unit'

No undriven hierarchical pin in 'FPU_unit'

No undriven port in 'FPU_unit'

 Multidriven Port(s)/Pin(s)
--------------------------

No multidriven combinational pin in 'FPU_unit'

No multidriven sequential pin in 'FPU_unit'

No multidriven hierarchical pin in 'FPU_unit'

No multidriven ports in 'FPU_unit'

No multidriven unloaded nets in 'FPU_unit'

  Constant Pin(s)
  ----------------
No constant combinational pin(s) in design 'FPU_unit'

No constant sequential pin(s) in design 'FPU_unit'

design 'FPU_unit' has the following constant input hierarchical pin(s)
hpin:FPU_unit/NOR_UNIT/i_mantissa[1] 	 (fanout : 3)
hpin:FPU_unit/NOR_UNIT/i_mantissa[2] 	 (fanout : 3)
hpin:FPU_unit/NOR_UNIT/i_mantissa[3] 	 (fanout : 3)
hpin:FPU_unit/SHF_RIGHT_MAN/i_data[1] 	 (fanout : 2)
hpin:FPU_unit/SHF_RIGHT_MAN/i_data[2] 	 (fanout : 2)
hpin:FPU_unit/SHF_RIGHT_MAN/i_data[3] 	 (fanout : 2)
hpin:FPU_unit/SHF_RIGHT_MAN/i_data[4] 	 (fanout : 2)
hpin:FPU_unit/SHF_RIGHT_MAN/i_data[5] 	 (fanout : 2)
hpin:FPU_unit/SHF_RIGHT_MAN/i_data[6] 	 (fanout : 2)
hpin:FPU_unit/SHF_RIGHT_MAN/i_data[7] 	 (fanout : 2)
hpin:FPU_unit/MAN_ALU_PROC_RND/Bin 	 (fanout : 2)
hpin:FPU_unit/NOR_UNIT/i_mantissa[0] 	 (fanout : 2)
hpin:FPU_unit/MAN_SWAP_PRE/i_man_a[23] 	 (fanout : 2)
hpin:FPU_unit/MAN_SWAP_PRE/i_man_b[23] 	 (fanout : 2)
hpin:FPU_unit/EXP_SUB/CLA_8BIT_UNIT/i_carry 	 (fanout : 2)
hpin:FPU_unit/mux_216_46/in_0[0] 	 (fanout : 1)
hpin:FPU_unit/mux_216_46/in_0[1] 	 (fanout : 1)
hpin:FPU_unit/mux_216_28/in_1[0] 	 (fanout : 1)
hpin:FPU_unit/mux_216_28/in_1[1] 	 (fanout : 1)
hpin:FPU_unit/mux_216_28/in_1[2] 	 (fanout : 1)
hpin:FPU_unit/mux_216_28/in_1[3] 	 (fanout : 1)
hpin:FPU_unit/mux_216_28/in_1[4] 	 (fanout : 1)
hpin:FPU_unit/mux_216_28/in_1[5] 	 (fanout : 1)
hpin:FPU_unit/mux_216_28/in_1[6] 	 (fanout : 1)
hpin:FPU_unit/mux_216_28/in_1[7] 	 (fanout : 1)
hpin:FPU_unit/mux_216_28/in_1[8] 	 (fanout : 1)
hpin:FPU_unit/mux_216_28/in_1[9] 	 (fanout : 1)
hpin:FPU_unit/mux_216_28/in_1[10] 	 (fanout : 1)
hpin:FPU_unit/mux_216_28/in_1[11] 	 (fanout : 1)
hpin:FPU_unit/mux_216_28/in_1[12] 	 (fanout : 1)
hpin:FPU_unit/mux_216_28/in_1[13] 	 (fanout : 1)
hpin:FPU_unit/mux_216_28/in_1[14] 	 (fanout : 1)
hpin:FPU_unit/mux_216_28/in_1[15] 	 (fanout : 1)
hpin:FPU_unit/mux_216_28/in_1[16] 	 (fanout : 1)
hpin:FPU_unit/mux_216_28/in_1[17] 	 (fanout : 1)
hpin:FPU_unit/mux_216_28/in_1[18] 	 (fanout : 1)
hpin:FPU_unit/mux_216_28/in_1[19] 	 (fanout : 1)
hpin:FPU_unit/mux_216_28/in_1[20] 	 (fanout : 1)
hpin:FPU_unit/mux_216_28/in_1[21] 	 (fanout : 1)
hpin:FPU_unit/mux_216_46/in_1[0] 	 (fanout : 1)
hpin:FPU_unit/mux_216_46/in_1[1] 	 (fanout : 1)
hpin:FPU_unit/mux_215_28/in_1[0] 	 (fanout : 1)
hpin:FPU_unit/mux_215_28/in_1[1] 	 (fanout : 1)
hpin:FPU_unit/mux_215_28/in_1[2] 	 (fanout : 1)
hpin:FPU_unit/mux_215_28/in_1[3] 	 (fanout : 1)
hpin:FPU_unit/mux_215_28/in_1[4] 	 (fanout : 1)
hpin:FPU_unit/mux_215_28/in_1[5] 	 (fanout : 1)
hpin:FPU_unit/mux_215_28/in_1[6] 	 (fanout : 1)
hpin:FPU_unit/mux_215_28/in_1[7] 	 (fanout : 1)
hpin:FPU_unit/SHF_RIGHT_MAN/i_data[0] 	 (fanout : 1)
hpin:FPU_unit/EXP_ADJUST/i_lopd_value[5] 	 (fanout : 1)
hpin:FPU_unit/EXP_ADJUST/i_lopd_value[6] 	 (fanout : 1)
hpin:FPU_unit/EXP_ADJUST/i_lopd_value[7] 	 (fanout : 1)
hpin:FPU_unit/SHF_RIGHT_MAN/mux_18_33/in_1[31] 	 (fanout : 1)
hpin:FPU_unit/SHF_RIGHT_MAN/mux_18_6/in_1[30] 	 (fanout : 1)
hpin:FPU_unit/SHF_RIGHT_MAN/mux_18_6/in_1[31] 	 (fanout : 1)
hpin:FPU_unit/SHF_RIGHT_MAN/mux_18_7/in_1[28] 	 (fanout : 1)
hpin:FPU_unit/SHF_RIGHT_MAN/mux_18_7/in_1[29] 	 (fanout : 1)
hpin:FPU_unit/SHF_RIGHT_MAN/mux_18_7/in_1[30] 	 (fanout : 1)
hpin:FPU_unit/SHF_RIGHT_MAN/mux_18_7/in_1[31] 	 (fanout : 1)
hpin:FPU_unit/SHF_RIGHT_MAN/mux_18_8/in_1[24] 	 (fanout : 1)
hpin:FPU_unit/SHF_RIGHT_MAN/mux_18_8/in_1[25] 	 (fanout : 1)
hpin:FPU_unit/SHF_RIGHT_MAN/mux_18_8/in_1[26] 	 (fanout : 1)
hpin:FPU_unit/SHF_RIGHT_MAN/mux_18_8/in_1[27] 	 (fanout : 1)
hpin:FPU_unit/SHF_RIGHT_MAN/mux_18_8/in_1[28] 	 (fanout : 1)
hpin:FPU_unit/SHF_RIGHT_MAN/mux_18_8/in_1[29] 	 (fanout : 1)
hpin:FPU_unit/SHF_RIGHT_MAN/mux_18_8/in_1[30] 	 (fanout : 1)
hpin:FPU_unit/SHF_RIGHT_MAN/mux_18_8/in_1[31] 	 (fanout : 1)
hpin:FPU_unit/SHF_RIGHT_MAN/mux_18_9/in_1[16] 	 (fanout : 1)
hpin:FPU_unit/SHF_RIGHT_MAN/mux_18_9/in_1[17] 	 (fanout : 1)
hpin:FPU_unit/SHF_RIGHT_MAN/mux_18_9/in_1[18] 	 (fanout : 1)
hpin:FPU_unit/SHF_RIGHT_MAN/mux_18_9/in_1[19] 	 (fanout : 1)
hpin:FPU_unit/SHF_RIGHT_MAN/mux_18_9/in_1[20] 	 (fanout : 1)
hpin:FPU_unit/SHF_RIGHT_MAN/mux_18_9/in_1[21] 	 (fanout : 1)
hpin:FPU_unit/SHF_RIGHT_MAN/mux_18_9/in_1[22] 	 (fanout : 1)
hpin:FPU_unit/SHF_RIGHT_MAN/mux_18_9/in_1[23] 	 (fanout : 1)
hpin:FPU_unit/SHF_RIGHT_MAN/mux_18_9/in_1[24] 	 (fanout : 1)
hpin:FPU_unit/SHF_RIGHT_MAN/mux_18_9/in_1[25] 	 (fanout : 1)
hpin:FPU_unit/SHF_RIGHT_MAN/mux_18_9/in_1[26] 	 (fanout : 1)
hpin:FPU_unit/SHF_RIGHT_MAN/mux_18_9/in_1[27] 	 (fanout : 1)
hpin:FPU_unit/SHF_RIGHT_MAN/mux_18_9/in_1[28] 	 (fanout : 1)
hpin:FPU_unit/SHF_RIGHT_MAN/mux_18_9/in_1[29] 	 (fanout : 1)
hpin:FPU_unit/SHF_RIGHT_MAN/mux_18_9/in_1[30] 	 (fanout : 1)
hpin:FPU_unit/SHF_RIGHT_MAN/mux_18_9/in_1[31] 	 (fanout : 1)
hpin:FPU_unit/MAN_ALU/mux_38_21/in_0 	 (fanout : 1)
hpin:FPU_unit/LOPD_24BIT/mux_33_30/in_1 	 (fanout : 1)
hpin:FPU_unit/LOPD_24BIT/mux_37_25/in_1[0] 	 (fanout : 1)
hpin:FPU_unit/LOPD_24BIT/mux_37_25/in_1[1] 	 (fanout : 1)
hpin:FPU_unit/LOPD_24BIT/mux_37_25/in_1[2] 	 (fanout : 1)
hpin:FPU_unit/LOPD_24BIT/mux_37_25/in_1[3] 	 (fanout : 1)
hpin:FPU_unit/LOPD_24BIT/mux_37_25/in_1[4] 	 (fanout : 1)
hpin:FPU_unit/EXP_ADJUST/mux_21_48/in_1[0] 	 (fanout : 1)
hpin:FPU_unit/EXP_ADJUST/mux_21_48/in_1[1] 	 (fanout : 1)
hpin:FPU_unit/EXP_ADJUST/mux_21_48/in_1[2] 	 (fanout : 1)
hpin:FPU_unit/EXP_ADJUST/mux_21_48/in_1[3] 	 (fanout : 1)
hpin:FPU_unit/EXP_ADJUST/mux_21_48/in_1[4] 	 (fanout : 1)
hpin:FPU_unit/EXP_ADJUST/mux_21_48/in_1[5] 	 (fanout : 1)
hpin:FPU_unit/EXP_ADJUST/mux_21_48/in_1[6] 	 (fanout : 1)
hpin:FPU_unit/EXP_ADJUST/mux_21_48/in_1[7] 	 (fanout : 1)
hpin:FPU_unit/EXP_ADJUST/mux_21_19/in_1[1] 	 (fanout : 1)
hpin:FPU_unit/EXP_ADJUST/mux_21_19/in_1[2] 	 (fanout : 1)
hpin:FPU_unit/EXP_ADJUST/mux_21_19/in_1[3] 	 (fanout : 1)
hpin:FPU_unit/EXP_ADJUST/mux_21_19/in_1[4] 	 (fanout : 1)
hpin:FPU_unit/EXP_ADJUST/mux_21_19/in_1[5] 	 (fanout : 1)
hpin:FPU_unit/EXP_ADJUST/mux_21_19/in_1[6] 	 (fanout : 1)
hpin:FPU_unit/EXP_ADJUST/mux_21_19/in_1[7] 	 (fanout : 1)
hpin:FPU_unit/EXP_ADJUST/mux_33_23/in_1[0] 	 (fanout : 1)
hpin:FPU_unit/EXP_ADJUST/mux_33_23/in_1[1] 	 (fanout : 1)
hpin:FPU_unit/EXP_ADJUST/mux_33_23/in_1[2] 	 (fanout : 1)
hpin:FPU_unit/EXP_ADJUST/mux_33_23/in_1[3] 	 (fanout : 1)
hpin:FPU_unit/EXP_ADJUST/mux_33_23/in_1[4] 	 (fanout : 1)
hpin:FPU_unit/EXP_ADJUST/mux_33_23/in_1[5] 	 (fanout : 1)
hpin:FPU_unit/EXP_ADJUST/mux_33_23/in_1[6] 	 (fanout : 1)
hpin:FPU_unit/EXP_ADJUST/mux_33_23/in_1[7] 	 (fanout : 1)
hpin:FPU_unit/EXP_ADJUST/mux_21_19/in_1[0] 	 (fanout : 1)
hpin:FPU_unit/NOR_UNIT/SHF_left_unit/mux_20_33/in_1[0] 	 (fanout : 1)
hpin:FPU_unit/NOR_UNIT/SHF_left_unit/mux_20_6/in_1[0] 	 (fanout : 1)
hpin:FPU_unit/NOR_UNIT/SHF_left_unit/mux_20_6/in_1[1] 	 (fanout : 1)
hpin:FPU_unit/NOR_UNIT/SHF_left_unit/mux_20_7/in_1[0] 	 (fanout : 1)
hpin:FPU_unit/NOR_UNIT/SHF_left_unit/mux_20_7/in_1[1] 	 (fanout : 1)
hpin:FPU_unit/NOR_UNIT/SHF_left_unit/mux_20_7/in_1[2] 	 (fanout : 1)
hpin:FPU_unit/NOR_UNIT/SHF_left_unit/mux_20_7/in_1[3] 	 (fanout : 1)
hpin:FPU_unit/NOR_UNIT/SHF_left_unit/mux_20_8/in_1[0] 	 (fanout : 1)
hpin:FPU_unit/NOR_UNIT/SHF_left_unit/mux_20_8/in_1[1] 	 (fanout : 1)
hpin:FPU_unit/NOR_UNIT/SHF_left_unit/mux_20_8/in_1[2] 	 (fanout : 1)
hpin:FPU_unit/NOR_UNIT/SHF_left_unit/mux_20_8/in_1[3] 	 (fanout : 1)
hpin:FPU_unit/NOR_UNIT/SHF_left_unit/mux_20_8/in_1[4] 	 (fanout : 1)
hpin:FPU_unit/NOR_UNIT/SHF_left_unit/mux_20_8/in_1[5] 	 (fanout : 1)
hpin:FPU_unit/NOR_UNIT/SHF_left_unit/mux_20_8/in_1[6] 	 (fanout : 1)
hpin:FPU_unit/NOR_UNIT/SHF_left_unit/mux_20_8/in_1[7] 	 (fanout : 1)
hpin:FPU_unit/NOR_UNIT/SHF_left_unit/mux_20_9/in_1[0] 	 (fanout : 1)
hpin:FPU_unit/NOR_UNIT/SHF_left_unit/mux_20_9/in_1[1] 	 (fanout : 1)
hpin:FPU_unit/NOR_UNIT/SHF_left_unit/mux_20_9/in_1[2] 	 (fanout : 1)
hpin:FPU_unit/NOR_UNIT/SHF_left_unit/mux_20_9/in_1[3] 	 (fanout : 1)
hpin:FPU_unit/NOR_UNIT/SHF_left_unit/mux_20_9/in_1[4] 	 (fanout : 1)
hpin:FPU_unit/NOR_UNIT/SHF_left_unit/mux_20_9/in_1[5] 	 (fanout : 1)
hpin:FPU_unit/NOR_UNIT/SHF_left_unit/mux_20_9/in_1[6] 	 (fanout : 1)
hpin:FPU_unit/NOR_UNIT/SHF_left_unit/mux_20_9/in_1[7] 	 (fanout : 1)
hpin:FPU_unit/NOR_UNIT/SHF_left_unit/mux_20_9/in_1[8] 	 (fanout : 1)
hpin:FPU_unit/NOR_UNIT/SHF_left_unit/mux_20_9/in_1[9] 	 (fanout : 1)
hpin:FPU_unit/NOR_UNIT/SHF_left_unit/mux_20_9/in_1[10] 	 (fanout : 1)
hpin:FPU_unit/NOR_UNIT/SHF_left_unit/mux_20_9/in_1[11] 	 (fanout : 1)
hpin:FPU_unit/NOR_UNIT/SHF_left_unit/mux_20_9/in_1[12] 	 (fanout : 1)
hpin:FPU_unit/NOR_UNIT/SHF_left_unit/mux_20_9/in_1[13] 	 (fanout : 1)
hpin:FPU_unit/NOR_UNIT/SHF_left_unit/mux_20_9/in_1[14] 	 (fanout : 1)
hpin:FPU_unit/NOR_UNIT/SHF_left_unit/mux_20_9/in_1[15] 	 (fanout : 1)
hpin:FPU_unit/NOR_UNIT/mux_23_21/in_1[0] 	 (fanout : 1)
hpin:FPU_unit/NOR_UNIT/mux_23_21/in_1[1] 	 (fanout : 1)
hpin:FPU_unit/NOR_UNIT/mux_23_21/in_1[2] 	 (fanout : 1)
hpin:FPU_unit/NOR_UNIT/mux_23_21/in_1[3] 	 (fanout : 1)
hpin:FPU_unit/NOR_UNIT/mux_23_21/in_1[4] 	 (fanout : 1)
hpin:FPU_unit/NOR_UNIT/mux_23_21/in_1[5] 	 (fanout : 1)
hpin:FPU_unit/NOR_UNIT/mux_23_21/in_1[6] 	 (fanout : 1)
hpin:FPU_unit/NOR_UNIT/mux_23_21/in_1[7] 	 (fanout : 1)
hpin:FPU_unit/NOR_UNIT/mux_23_21/in_1[8] 	 (fanout : 1)
hpin:FPU_unit/NOR_UNIT/mux_23_21/in_1[9] 	 (fanout : 1)
hpin:FPU_unit/NOR_UNIT/mux_23_21/in_1[10] 	 (fanout : 1)
hpin:FPU_unit/NOR_UNIT/mux_23_21/in_1[11] 	 (fanout : 1)
hpin:FPU_unit/NOR_UNIT/mux_23_21/in_1[12] 	 (fanout : 1)
hpin:FPU_unit/NOR_UNIT/mux_23_21/in_1[13] 	 (fanout : 1)
hpin:FPU_unit/NOR_UNIT/mux_23_21/in_1[14] 	 (fanout : 1)
hpin:FPU_unit/NOR_UNIT/mux_23_21/in_1[15] 	 (fanout : 1)
hpin:FPU_unit/NOR_UNIT/mux_23_21/in_1[16] 	 (fanout : 1)
hpin:FPU_unit/NOR_UNIT/mux_23_21/in_1[17] 	 (fanout : 1)
hpin:FPU_unit/NOR_UNIT/mux_23_21/in_1[18] 	 (fanout : 1)
hpin:FPU_unit/NOR_UNIT/mux_23_21/in_1[19] 	 (fanout : 1)
hpin:FPU_unit/NOR_UNIT/mux_23_21/in_1[20] 	 (fanout : 1)
hpin:FPU_unit/NOR_UNIT/mux_23_21/in_1[21] 	 (fanout : 1)
hpin:FPU_unit/NOR_UNIT/mux_23_21/in_1[22] 	 (fanout : 1)
hpin:FPU_unit/NOR_UNIT/mux_23_21/in_1[23] 	 (fanout : 1)
hpin:FPU_unit/NOR_UNIT/mux_23_21/in_1[24] 	 (fanout : 1)
hpin:FPU_unit/NOR_UNIT/mux_23_21/in_1[25] 	 (fanout : 1)
hpin:FPU_unit/NOR_UNIT/mux_23_21/in_1[26] 	 (fanout : 1)
hpin:FPU_unit/NOR_UNIT/mux_23_21/in_1[27] 	 (fanout : 1)
hpin:FPU_unit/NOR_UNIT/mux_23_21/in_1[28] 	 (fanout : 1)
hpin:FPU_unit/NOR_UNIT/mux_23_21/in_1[29] 	 (fanout : 1)
hpin:FPU_unit/NOR_UNIT/mux_23_21/in_1[30] 	 (fanout : 1)
hpin:FPU_unit/NOR_UNIT/mux_23_21/in_1[31] 	 (fanout : 1)
hpin:FPU_unit/NOR_UNIT/mux_23_41/in_1[31] 	 (fanout : 1)
hpin:FPU_unit/MAN_ALU_PROC_RND/A[0] 	 (fanout : 0)
hpin:FPU_unit/MAN_ALU_PROC_RND/A[1] 	 (fanout : 0)
hpin:FPU_unit/MAN_ALU_PROC_RND/A[2] 	 (fanout : 0)
hpin:FPU_unit/MAN_ALU_PROC_RND/A[3] 	 (fanout : 0)
hpin:FPU_unit/PSC_UNIT/i_man_a[23] 	 (fanout : 0)
hpin:FPU_unit/PSC_UNIT/i_man_b[23] 	 (fanout : 0)
Total number of constant hierarchical pins in design 'FPU_unit' : 185

No constant connected ports in design 'FPU_unit'

  Preserved instances(s)
  ----------------
No preserved combinational instance(s) in design 'FPU_unit'
No preserved sequential instance(s) in design 'FPU_unit'
No preserved hierarchical instance(s) in design 'FPU_unit'

  Physical only instances(s)
  ----------------
No physical only instance(s) in design 'FPU_unit'

Libcells with no corresponding LEF
----------------------------------
No libcell(s) found.

LEF cells with no corresponding libcell
---------------------------------------

No physical (LEF) cells found.

 Summary
 ------- 

                Name                 Total 
-------------------------------------------
Unresolved References                    0 
Empty Modules                            0 
Unloaded Port(s)                         0 
Unloaded Sequential Pin(s)               0 
Unloaded Combinational Pin(s)            0 
Assigns                                  0 
Undriven Port(s)                         0 
Undriven Leaf Pin(s)                     0 
Undriven hierarchical pin(s)             0 
Multidriven Port(s)                      0 
Multidriven Leaf Pin(s)                  0 
Multidriven hierarchical Pin(s)          0 
Multidriven unloaded net(s)              0 
Constant Port(s)                         0 
Constant Leaf Pin(s)                     0 
Constant hierarchical Pin(s)           185 
Preserved leaf instance(s)               0 
Preserved hierarchical instance(s)       0 
Libcells with no LEF cell                0 
Physical (LEF) cells with no libcell     0 
Subdesigns with long module name         0 
Physical only instance(s)                0 

  Done Checking the design.
Warning : Could not find requested search value. [SDC-208] [get_ports]
        : The 'get_ports' command on line '6' of the SDC file './constraint.sdc'  cannot find any ports named 'clk'
        : Use the 'cd' and 'ls' commands to browse the virtual directories to find the object because the specified name and/or location does not exist.
Error   : A required object parameter could not be found. [TUI-61] [parse_options]
        : An object of type 'port|pin|hpin' named '' could not be found.
        : Check to make sure that the object exists and is of the correct type.  The 'what_is' command can be used to determine the type of an object.

Usage: create_clock [-add] [-name <string>] [-comment <string>] [-domain <string>] -period <float> [-waveform <float>+] [-apply_inverted <port|pin|hpin>+] [<port|pin|hpin>+]

    [-add]:
        should the sources add or overwrite 
    [-name <string>]:
        name of the clock 
    [-comment <string>]:
        comment to be tagged with this command 
    [-domain <string>]:
        name of the clock domain for the clock 
    -period <float>:
        clock period 
    [-waveform <float>+]:
        waveform string 
    [-apply_inverted <port|pin|hpin>+]:
        sources of the clock that are inverted 
    [<port|pin|hpin>+]:
        sources that are not inverted 
Error   : Could not interpret SDC command. [SDC-202] [read_sdc]
        : The 'read_sdc' command encountered an error while processing this command on line '6' of the SDC file './constraint.sdc': create_clock -name clk -period 10.0 [get_ports clk].
        : The 'read_sdc' command encountered a problem while trying to evaluate an SDC command. This SDC command will be added to the Tcl variable $::dc::sdc_failed_commands.
Error   : A required object parameter could not be found. [TUI-61] [parse_options]
        : An object of type 'clock' named 'clk' could not be found.

Usage: set_input_delay [-clock <clock>] [-clock_rise] [-clock_fall] [-level_sensitive] [-network_latency_included] [-source_latency_included] [-max] [-min] [-rise] [-fall]
           [-reference_pin <pin|port>] [-add_delay] [-name <string>] <float> <port|pin|hpin|port_bus>+

    [-clock <clock>]:
        the clock waveform 
    [-clock_rise]:
        rise clock edge 
    [-clock_fall]:
        fall clock edge 
    [-level_sensitive]:
        clocked obj is a latch 
    [-network_latency_included]:
        value includes clock latency 
    [-source_latency_included]:
        value includes clock latency 
    [-max]:
        maximum delays 
    [-min]:
        minimum delays 
    [-rise]:
        rise delays 
    [-fall]:
        fall delays 
    [-reference_pin <pin|port>]:
        reference pin for this external delay 
    [-add_delay]:
        don't remove existing delays 
    [-name <string>]:
        a name for the external delay object 
    <float>:
        delay value 
    <port|pin|hpin|port_bus>+:
        ports to receive the external delay 
errorInfo: 
    while executing
"set_io_delay 1 $args"
Error   : Could not interpret SDC command. [SDC-202] [read_sdc]
        : The 'read_sdc' command encountered an error while processing this command on line '7' of the SDC file './constraint.sdc': set_input_delay 0.5 -clock clk [all_inputs] .
Error   : A required object parameter could not be found. [TUI-61] [parse_options]
        : An object of type 'clock' named 'clk' could not be found.

Usage: set_output_delay [-clock <clock>] [-clock_rise] [-clock_fall] [-level_sensitive] [-network_latency_included] [-source_latency_included] [-max] [-min] [-rise] [-fall]
           [-reference_pin <pin|port>] [-add_delay] [-name <string>] <float> <port|pin|hpin|port_bus>+

    [-clock <clock>]:
        the clock waveform 
    [-clock_rise]:
        rise clock edge 
    [-clock_fall]:
        fall clock edge 
    [-level_sensitive]:
        clocked obj is a latch 
    [-network_latency_included]:
        value includes clock latency 
    [-source_latency_included]:
        value includes clock latency 
    [-max]:
        maximum delays 
    [-min]:
        minimum delays 
    [-rise]:
        rise delays 
    [-fall]:
        fall delays 
    [-reference_pin <pin|port>]:
        reference pin for this external delay 
    [-add_delay]:
        don't remove existing delays 
    [-name <string>]:
        a name for the external delay object 
    <float>:
        delay value 
    <port|pin|hpin|port_bus>+:
        ports to receive the external delay 
errorInfo: 
    while executing
"set_io_delay 0 $args"
Error   : Could not interpret SDC command. [SDC-202] [read_sdc]
        : The 'read_sdc' command encountered an error while processing this command on line '8' of the SDC file './constraint.sdc': set_output_delay 0.5 -clock clk [all_outputs].
Error   : Could not interpret SDC command. [SDC-202] [read_sdc]
        : The TCL interpreter encountered the following error while processing line '10' of the SDC file './constraint.sdc': invalid command name 'set_timing_report_unconstrained'.
Statistics for commands executed by read_sdc:
 "all_inputs"               - successful      3 , failed      0 (runtime  0.00)
 "all_outputs"              - successful      3 , failed      0 (runtime  0.00)
 "create_clock"             - successful      0 , failed      1 (runtime  0.00)
 "get_ports"                - successful      0 , failed      1 (runtime  0.00)
 "set_input_delay"          - successful      0 , failed      1 (runtime  0.00)
 "set_input_transition"     - successful      1 , failed      0 (runtime  0.00)
 "set_load"                 - successful      1 , failed      0 (runtime  0.00)
 "set_max_delay"            - successful      1 , failed      0 (runtime  0.00)
 "set_output_delay"         - successful      0 , failed      1 (runtime  0.00)
Warning : Total failed commands during read_sdc are 4
Warning : One or more commands failed when these constraints were applied. [SDC-209]
        : The 'read_sdc' command encountered a problem while processing commands.
        : You can examine the failed commands or save them to a file by querying the Tcl variable $::dc::sdc_failed_commands.
Total runtime 0
  Setting attribute of root '/': 'syn_generic_effort' = medium
  Setting attribute of root '/': 'syn_map_effort' = medium
  Setting attribute of root '/': 'syn_opt_effort' = medium
Remove 0 fopt buffers added by long-wire annotation.
Info    : Synthesizing. [SYNTH-1]
        : Synthesizing 'FPU_unit' to generic gates using 'medium' effort.
Info    : Optimizing RTL. [RTLOPT-1]
        : Optimizing RTL in 'FPU_unit' using 'medium' effort.
Info    : Done optimizing RTL. [RTLOPT-2]
        : Done optimizing RTL in 'FPU_unit'.
  Setting attribute of root '/': 'super_thread_servers' = localhost localhost localhost localhost localhost localhost localhost localhost   
Info    : Done synthesizing. [SYNTH-2]
        : Done synthesizing 'FPU_unit' to generic gates.
Info    : Mapping. [SYNTH-4]
        : Mapping 'FPU_unit' using 'medium' effort.
Multi-threaded constant propagation [1|0] ...
  Setting attribute of root '/': 'super_thread_servers' = localhost localhost localhost localhost localhost localhost localhost localhost   
Multi-threaded Virtual Mapping    (8 threads per ST process, 8 of 8 CPUs usable)
 
Global mapping target info
==========================
Cost Group 'default' target slack:   298 ps
Target path end-point (Port: FPU_unit/o_32_s[30])

Multi-threaded Technology Mapping (8 threads per ST process, 8 of 8 CPUs usable)
 
Global mapping status
=====================
                                    Worst 
                           Total  Weighted
Operation                   Area  Neg Slk Worst Path
-------------------------------------------------------------------------------
 global_map                 2004        0  N/A

    Cost Group            Target    Slack    Clock
--------------------------------------------------
       default               298     5273     N.A. 

 
Global incremental target info
==============================
Cost Group 'default' target slack:   198 ps
Target path end-point (Port: FPU_unit/o_32_s[30])

 
Global incremental optimization status
======================================
                                    Worst 
                           Total  Weighted
Operation                   Area  Neg Slk Worst Path
-------------------------------------------------------------------------------
 global_incr                2005        0  N/A

    Cost Group            Target    Slack    Clock
--------------------------------------------------
       default               198     5190     N.A. 

Info    : Done mapping. [SYNTH-5]
        : Done mapping 'FPU_unit'.
Info    : Incrementally optimizing. [SYNTH-7]
        : Incrementally optimizing 'FPU_unit' using 'medium' effort.
Warning : The Parallel Incremental Optimization failed. [MAP-136]
        : Cannot run parallel IOPT, design size less than 130000
        : Switching to Normal Incremental Optimization flow.
 
Incremental optimization status
===============================
                                    Worst     Total - - DRC Totals - -
                           Total  Weighted     Neg      Max       Max 
Operation                   Area  Neg Slk     Slack    Trans      Cap 
-------------------------------------------------------------------------------
 init_iopt                  2005        0         0         0        0
 const_prop                 2005        0         0         0        0
 
Incremental optimization status
===============================
                                    Worst     Total - - DRC Totals - -
                           Total  Weighted     Neg      Max       Max 
Operation                   Area  Neg Slk     Slack    Trans      Cap 
-------------------------------------------------------------------------------
 init_delay                 2005        0         0         0        0

           Trick     Calls     Accepts   Attempts    Time(secs) 
-----------------------------------------------------------
       crit_upsz         0  (        0 /        0 )  0.00
    plc_bal_star         0  (        0 /        0 )  0.00
     drc_buftimb         0  (        0 /        0 )  0.00
          plc_st         0  (        0 /        0 )  0.00
          plc_st         0  (        0 /        0 )  0.00
        plc_star         0  (        0 /        0 )  0.00
     drc_buftims         0  (        0 /        0 )  0.00
       plc_lo_st         0  (        0 /        0 )  0.00
            fopt         0  (        0 /        0 )  0.00
       crit_dnsz         0  (        0 /        0 )  0.00
             dup         0  (        0 /        0 )  0.00
            fopt         0  (        0 /        0 )  0.00
        setup_dn         0  (        0 /        0 )  0.00
         buf2inv         0  (        0 /        0 )  0.00
             exp         0  (        0 /        0 )  0.00
       gate_deco         0  (        0 /        0 )  0.00
       gcomp_tim         0  (        0 /        0 )  0.00
  inv_pair_2_buf         0  (        0 /        0 )  0.00

 init_drc                   2005        0         0         0        0

           Trick     Calls     Accepts   Attempts    Time(secs) 
-----------------------------------------------------------
          plc_st         0  (        0 /        0 )  0.00
        plc_star         0  (        0 /        0 )  0.00
        drc_bufs         0  (        0 /        0 )  0.00
        drc_fopt         0  (        0 /        0 )  0.00
        drc_bufb         0  (        0 /        0 )  0.00
      simple_buf         0  (        0 /        0 )  0.00
             dup         0  (        0 /        0 )  0.00
       crit_dnsz         0  (        0 /        0 )  0.00
       crit_upsz         0  (        0 /        0 )  0.00


           Trick     Calls     Accepts   Attempts    Time(secs) 
-----------------------------------------------------------
          plc_st         0  (        0 /        0 )  0.00
        plc_star         0  (        0 /        0 )  0.00
      drc_buf_sp         0  (        0 /        0 )  0.00
        drc_bufs         0  (        0 /        0 )  0.00
        drc_fopt         0  (        0 /        0 )  0.00
        drc_bufb         0  (        0 /        0 )  0.00
      simple_buf         0  (        0 /        0 )  0.00
             dup         0  (        0 /        0 )  0.00
       crit_dnsz         0  (        0 /        0 )  0.00
       crit_upsz         0  (        0 /        0 )  0.00


           Trick     Calls     Accepts   Attempts    Time(secs) 
-----------------------------------------------------------
          plc_st         0  (        0 /        0 )  0.00
        plc_star         0  (        0 /        0 )  0.00
      drc_buf_sp         0  (        0 /        0 )  0.00
        drc_bufs         0  (        0 /        0 )  0.00
        drc_fopt         0  (        0 /        0 )  0.00
        drc_bufb         0  (        0 /        0 )  0.00
             dup         0  (        0 /        0 )  0.00
       crit_dnsz         0  (        0 /        0 )  0.00
       crit_upsz         0  (        0 /        0 )  0.00

 init_tns                   2005        0         0         0        0

           Trick     Calls     Accepts   Attempts    Time(secs) 
-----------------------------------------------------------
    plc_bal_star         0  (        0 /        0 )  0.00
     drc_buftimb         0  (        0 /        0 )  0.00
     drc_buftims         0  (        0 /        0 )  0.00
       crit_upsz         0  (        0 /        0 )  0.00
       plc_lo_st         0  (        0 /        0 )  0.00
            fopt         0  (        0 /        0 )  0.00
       crit_dnsz         0  (        0 /        0 )  0.00
             dup         0  (        0 /        0 )  0.00
        setup_dn         0  (        0 /        0 )  0.00
         buf2inv         0  (        0 /        0 )  0.00

 init_area                  2005        0         0         0        0
 undup                      1987        0         0         0        0
 rem_buf                    1876        0         0         0        0
 gcomp_mog                  1876        0         0         0        0
 glob_area                  1873        0         0         0        0
 area_down                  1871        0         0         0        0

           Trick     Calls     Accepts   Attempts    Time(secs) 
-----------------------------------------------------------
           undup        11  (       11 /       11 )  0.04
         rem_buf        87  (       65 /       65 )  0.10
         rem_inv         0  (        0 /        0 )  0.00
        merge_bi         0  (        0 /        0 )  0.00
      rem_inv_qb         0  (        0 /        0 )  0.00
        io_phase         2  (        0 /        0 )  0.00
       gate_comp        29  (        0 /        0 )  0.07
       gcomp_mog        14  (        1 /        1 )  0.06
       glob_area        72  (        1 /       72 )  0.01
       area_down        38  (        5 /        5 )  0.06
  gate_deco_area         0  (        0 /        0 )  0.00
         rem_buf        22  (        0 /        0 )  0.02
         rem_inv         0  (        0 /        0 )  0.00
        merge_bi         0  (        0 /        0 )  0.00
      rem_inv_qb         0  (        0 /        0 )  0.00

 
Incremental optimization status
===============================
                                    Worst     Total - - DRC Totals - -
                           Total  Weighted     Neg      Max       Max 
Operation                   Area  Neg Slk     Slack    Trans      Cap 
-------------------------------------------------------------------------------
 init_delay                 1871        0         0         0        0

           Trick     Calls     Accepts   Attempts    Time(secs) 
-----------------------------------------------------------
       crit_upsz         0  (        0 /        0 )  0.00
    plc_bal_star         0  (        0 /        0 )  0.00
     drc_buftimb         0  (        0 /        0 )  0.00
          plc_st         0  (        0 /        0 )  0.00
          plc_st         0  (        0 /        0 )  0.00
        plc_star         0  (        0 /        0 )  0.00
     drc_buftims         0  (        0 /        0 )  0.00
       plc_lo_st         0  (        0 /        0 )  0.00
            fopt         0  (        0 /        0 )  0.00
       crit_dnsz         0  (        0 /        0 )  0.00
             dup         0  (        0 /        0 )  0.00
            fopt         0  (        0 /        0 )  0.00
        setup_dn         0  (        0 /        0 )  0.00
         buf2inv         0  (        0 /        0 )  0.00
             exp         0  (        0 /        0 )  0.00
       gate_deco         0  (        0 /        0 )  0.00
       gcomp_tim         0  (        0 /        0 )  0.00
  inv_pair_2_buf         0  (        0 /        0 )  0.00

 init_drc                   1871        0         0         0        0

           Trick     Calls     Accepts   Attempts    Time(secs) 
-----------------------------------------------------------
          plc_st         0  (        0 /        0 )  0.00
        plc_star         0  (        0 /        0 )  0.00
        drc_bufs         0  (        0 /        0 )  0.00
        drc_fopt         0  (        0 /        0 )  0.00
        drc_bufb         0  (        0 /        0 )  0.00
      simple_buf         0  (        0 /        0 )  0.00
             dup         0  (        0 /        0 )  0.00
       crit_dnsz         0  (        0 /        0 )  0.00
       crit_upsz         0  (        0 /        0 )  0.00


           Trick     Calls     Accepts   Attempts    Time(secs) 
-----------------------------------------------------------
          plc_st         0  (        0 /        0 )  0.00
        plc_star         0  (        0 /        0 )  0.00
        drc_bufs         0  (        0 /        0 )  0.00
        drc_fopt         0  (        0 /        0 )  0.00
        drc_bufb         0  (        0 /        0 )  0.00
      simple_buf         0  (        0 /        0 )  0.00
             dup         0  (        0 /        0 )  0.00
       crit_dnsz         0  (        0 /        0 )  0.00
       crit_upsz         0  (        0 /        0 )  0.00


           Trick     Calls     Accepts   Attempts    Time(secs) 
-----------------------------------------------------------
          plc_st         0  (        0 /        0 )  0.00
        plc_star         0  (        0 /        0 )  0.00
        drc_bufs         0  (        0 /        0 )  0.00
        drc_fopt         0  (        0 /        0 )  0.00
        drc_bufb         0  (        0 /        0 )  0.00
             dup         0  (        0 /        0 )  0.00
       crit_dnsz         0  (        0 /        0 )  0.00
       crit_upsz         0  (        0 /        0 )  0.00

 init_area                  1871        0         0         0        0

           Trick     Calls     Accepts   Attempts    Time(secs) 
-----------------------------------------------------------
           undup         0  (        0 /        0 )  0.00
         rem_buf        22  (        0 /        0 )  0.03
         rem_inv         0  (        0 /        0 )  0.00
        merge_bi         0  (        0 /        0 )  0.00
      rem_inv_qb         0  (        0 /        0 )  0.00
        io_phase         2  (        0 /        0 )  0.00
       gate_comp        29  (        0 /        0 )  0.07
       gcomp_mog        13  (        0 /        0 )  0.06
       glob_area        50  (        0 /       50 )  0.01
       area_down        33  (        0 /        0 )  0.02
  gate_deco_area         0  (        0 /        0 )  0.00

Info    : Done incrementally optimizing. [SYNTH-8]
        : Done incrementally optimizing 'FPU_unit'.
============================================================
  Generated by:           Genus(TM) Synthesis Solution GENUS15.20 - 15.20-p004_1
  Generated on:           Nov 27 2025  02:54:44 am
  Module:                 FPU_unit
  Technology libraries:   fast_vdd1v0 1.0
                          abstract_models 
  Operating conditions:   PVT_1P1V_0C (balanced_tree)
  Wireload mode:          enclosed
  Area mode:              timing library
============================================================

-------------------------------------------------------------------------------
Inputs without clocked external delays

The following primary inputs have no clocked external delays.  As a result the  
timing paths leading from the ports have no timing constraints derived from     
clock waveforms.  The'external_delay' command is used to create new external    
delays.                                                                         

port:FPU_unit/i_32_a[0]
port:FPU_unit/i_32_a[10]
port:FPU_unit/i_32_a[11]
  ... 62 other warnings in this category.
 Use the -verbose option for more details.
-------------------------------------------------------------------------------

-------------------------------------------------------------------------------
Outputs without clocked external delays

The following primary outputs have no clocked external delays.  As a result the 
timing paths leading to the ports have no timing constraints derived from clock 
waveforms.  The'external_delay' command is used to create new external delays.  

port:FPU_unit/o_32_s[0]
port:FPU_unit/o_32_s[10]
port:FPU_unit/o_32_s[11]
  ... 31 other warnings in this category.
 Use the -verbose option for more details.
-------------------------------------------------------------------------------


Lint summary
 Generated clocks without clock waveform                          0
 Generated clocks with incompatible options                       0
 Generated clocks with multi-master clock                         0
 Paths constrained with different clocks                          0
 Loop-breaking cells for combinational feedback                   0
 Nets with multiple drivers                                       0
 Timing exceptions with no effect                                 0
 Suspicious multi_cycle exceptions                                0
 Pins/ports with conflicting case constants                       0
 Inputs without clocked external delays                          65
 Outputs without clocked external delays                         34
 Inputs without external driver/transition                        0
 Outputs without external load                                    0
 Exceptions with invalid timing start-/endpoints                  0

                                                  Total:         99
Warning : Possible timing problems have been detected in this design. [TIM-11]
        : The design is 'FPU_unit'.
        : Use 'report timing -lint' for more information.
Beginning report datapath command
Warning : The filename, column and line number information will not be available in the report. [RPT_DP-100]
        : The attribute for getting HDL filename and line number is not set.
        : You must set the 'hdl_track_filename_row_col' attribute to 'true' (before elaborate) to enable filename, column, and line number tracking in the datapath report.
Warning : No clock. [RPT-10]
        : There are no clocks in the design.
        : Clock is not defined.
Done. Using library: ./../PDK45nm/gpdk045_lib/fast_vdd1v0_basicCells_hvt.lib
Elaborated    -> ./fast_vdd1v0_basicCells_hvt/FPU_unit_elab.v
Generic       -> ./fast_vdd1v0_basicCells_hvt/FPU_unit_generic.v
Tech-mapped   -> ./fast_vdd1v0_basicCells_hvt/FPU_unit_tech_map.v
Netlist       -> ./fast_vdd1v0_basicCells_hvt/FPU_unit_netlist.v
SDF           -> ./fast_vdd1v0_basicCells_hvt/FPU_unit.sdf
Reports       -> ./fast_vdd1v0_basicCells_hvt/report/
WARNING: This version of the tool is 3666 days old.
Normal exit.