xrun(64): 20.09-s001: (c) Copyright 1995-2020 Cadence Design Systems, Inc.
TOOL:	xrun(64)	20.09-s001: Started on Nov 26, 2025 at 23:51:21 EST
xrun
	+xm64bit
	-sv
	-f ./../Topmodule/flist.f
		+incdir+./../Topmodule/lib/
		./../Topmodule/tb_FPU_unit.sv
		./../../02_rtl/CLA_4bit.sv
		./../../02_rtl/CLA_8bit.sv
		./../../02_rtl/CLA_24bit.sv
		./../../02_rtl/CLA_28bit.sv
		./../../02_rtl/COMP_2bit.sv
		./../../02_rtl/COMP_4bit.sv
		./../../02_rtl/COMP_8bit.sv
		./../../02_rtl/COMP_28bit.sv
		./../../02_rtl/EXP_adjust.sv
		./../../02_rtl/EXP_rounding.sv
		./../../02_rtl/EXP_sub.sv
		./../../02_rtl/EXP_swap.sv
		./../../02_rtl/FPU_unit.sv
		./../../02_rtl/LOPD_4bit.sv
		./../../02_rtl/LOPD_8bit.sv
		./../../02_rtl/LOPD_16bit.sv
		./../../02_rtl/LOPD_24bit.sv
		./../../02_rtl/MAN_ALU.sv
		./../../02_rtl/MAN_swap.sv
		./../../02_rtl/NORMALIZATION_unit.sv
		./../../02_rtl/PSC_unit.sv
		./../../02_rtl/RND_add.sv
		./../../02_rtl/ROUNDING_unit.sv
		./../../02_rtl/SHF_left_28bit.sv
		./../../02_rtl/SHF_right_28bit.sv
		./../../02_rtl/SIGN_unit.sv
	-top tb_FPU_unit
	-access +rwc
	-clean
	-log ./../Topmodule/Xcelium/compile.log
	+nctimescale+1ns/1ps
	+ntb_random_seed=automatic
	-allowredefinition
	-v93

   User defined plus("+") options:
	+ntb_random_seed=automatic

xrun: *W,OPDEPRREN: Command Line Option (+nctimescale+1ns/1ps) is deprecated. Use (+xmtimescale+1ns/1ps) instead.
xrun: *N,CLEAN: Removing existing directory ./xcelium.d.
file: ./../Topmodule/tb_FPU_unit.sv
	module worklib.tb_FPU_unit:sv
		errors: 0, warnings: 0
file: ./../../02_rtl/CLA_4bit.sv
	module worklib.CLA_4bit:sv
		errors: 0, warnings: 0
file: ./../../02_rtl/CLA_8bit.sv
	module worklib.CLA_8bit:sv
		errors: 0, warnings: 0
file: ./../../02_rtl/CLA_24bit.sv
	module worklib.CLA_24bit:sv
		errors: 0, warnings: 0
file: ./../../02_rtl/CLA_28bit.sv
	module worklib.CLA_28bit:sv
		errors: 0, warnings: 0
file: ./../../02_rtl/COMP_2bit.sv
	module worklib.COMP_2bit:sv
		errors: 0, warnings: 0
file: ./../../02_rtl/COMP_4bit.sv
	module worklib.COMP_4bit:sv
		errors: 0, warnings: 0
file: ./../../02_rtl/COMP_8bit.sv
	module worklib.COMP_8bit:sv
		errors: 0, warnings: 0
file: ./../../02_rtl/COMP_28bit.sv
	module worklib.COMP_28bit:sv
		errors: 0, warnings: 0
file: ./../../02_rtl/EXP_adjust.sv
	module worklib.EXP_adjust:sv
		errors: 0, warnings: 0
file: ./../../02_rtl/EXP_rounding.sv
	module worklib.EXP_rounding:sv
		errors: 0, warnings: 0
file: ./../../02_rtl/EXP_sub.sv
	module worklib.EXP_sub:sv
		errors: 0, warnings: 0
file: ./../../02_rtl/EXP_swap.sv
	module worklib.EXP_swap:sv
		errors: 0, warnings: 0
file: ./../../02_rtl/FPU_unit.sv
	module worklib.FPU_unit:sv
		errors: 0, warnings: 0
	module worklib.Mux_4_to_1:sv
		errors: 0, warnings: 0
file: ./../../02_rtl/LOPD_4bit.sv
	module worklib.LOPD_4bit:sv
		errors: 0, warnings: 0
file: ./../../02_rtl/LOPD_8bit.sv
	module worklib.LOPD_8bit:sv
		errors: 0, warnings: 0
file: ./../../02_rtl/LOPD_16bit.sv
	module worklib.LOPD_16bit:sv
		errors: 0, warnings: 0
file: ./../../02_rtl/LOPD_24bit.sv
	module worklib.LOPD_24bit:sv
		errors: 0, warnings: 0
file: ./../../02_rtl/MAN_ALU.sv
	module worklib.MAN_ALU:sv
		errors: 0, warnings: 0
file: ./../../02_rtl/MAN_swap.sv
	module worklib.MAN_swap:sv
		errors: 0, warnings: 0
file: ./../../02_rtl/NORMALIZATION_unit.sv
	module worklib.NORMALIZATION_unit:sv
		errors: 0, warnings: 0
file: ./../../02_rtl/PSC_unit.sv
	module worklib.PSC_unit:sv
		errors: 0, warnings: 0
file: ./../../02_rtl/RND_add.sv
	module worklib.RND_add:sv
		errors: 0, warnings: 0
file: ./../../02_rtl/ROUNDING_unit.sv
	module worklib.ROUNDING_unit:sv
		errors: 0, warnings: 0
file: ./../../02_rtl/SHF_left_28bit.sv
	module worklib.SHF_left_28bit:sv
		errors: 0, warnings: 0
file: ./../../02_rtl/SHF_right_28bit.sv
	module worklib.SHF_right_28bit:sv
		errors: 0, warnings: 0
file: ./../../02_rtl/SIGN_unit.sv
	module worklib.SIGN_unit:sv
		errors: 0, warnings: 0
xmvlog: *W,SPDUSD: Include directory ./../Topmodule/lib/ given but not used.
	Total errors/warnings found outside modules and primitives:
		errors: 0, warnings: 1
	Elaborating the design hierarchy:
		Caching library 'worklib' ....... Done
	Top level design units:
		$unit_0x7269bbf1
		tb_FPU_unit
xmelab: *W,DSEMEL: This SystemVerilog design will be simulated as per IEEE 1800-2009 SystemVerilog simulation semantics. Use -disable_sem2009 option for turning off SV 2009 simulation semantics.
	Building instance overlay tables: .................... Done
	Generating native compiled code:
		worklib.Mux_4_to_1:sv <0x0617b92e>
			streams:   2, words:   587
		worklib.PSC_unit:sv <0x0be19d90>
			streams:   7, words:  3000
		worklib.ROUNDING_unit:sv <0x7e0dd35b>
			streams:   9, words:  2461
		worklib.NORMALIZATION_unit:sv <0x2d0b5543>
			streams:   2, words:   933
		worklib.EXP_adjust:sv <0x63b1f33e>
			streams:   6, words:  1863
		worklib.LOPD_8bit:sv <0x0a6a34d8>
			streams:   5, words:  2314
		worklib.LOPD_8bit:sv <0x646ed589>
			streams:   5, words:  2314
		worklib.LOPD_16bit:sv <0x2e83a3aa>
			streams:  10, words:  3832
		worklib.LOPD_24bit:sv <0x79101a8d>
			streams:  15, words:  5494
		worklib.MAN_ALU:sv <0x15d2dea9>
			streams:   8, words:  2626
		worklib.SIGN_unit:sv <0x0eb5e71f>
			streams:   1, words:   370
		worklib.MAN_swap:sv <0x41756d8f>
			streams:   2, words:   562
		worklib.COMP_28bit:sv <0x3f50909d>
			streams:  15, words:  6442
		worklib.MAN_swap:sv <0x08680d84>
			streams:   2, words:   562
		worklib.CLA_4bit:sv <0x1e380dc1>
			streams:   9, words:  3384
		worklib.CLA_8bit:sv <0x4a9deaa1>
			streams:  13, words:  4418
		worklib.EXP_sub:sv <0x01e0c6b6>
			streams:   4, words:  1006
		worklib.COMP_4bit:sv <0x0c6a3b35>
			streams:   2, words:  1737
		worklib.COMP_8bit:sv <0x7e6be6c0>
			streams:   5, words:  1802
		worklib.EXP_swap:sv <0x2f4a9d09>
			streams:   2, words:  1249
		worklib.FPU_unit:sv <0x10e1138d>
			streams:  66, words: 17692
		worklib.tb_FPU_unit:sv <0x2399d7f4>
			streams:  17, words: 31687
		worklib.SHF_right_28bit:sv <0x5cdb8f5a>
			streams:   7, words:  5653
		worklib.CLA_28bit:sv <0x286f7902>
			streams:  51, words: 17581
		worklib.SHF_left_28bit:sv <0x7d03e04d>
			streams:   7, words:  5526
		worklib.RND_add:sv <0x6a823a42>
			streams:  26, words: 11706
		worklib.EXP_rounding:sv <0x11869415>
			streams:   9, words:  3824
		worklib.\$unit_0x7269bbf1 :compilation_unit <0x30e90851>
			streams:  11, words: 10429
	Building instance specific data structures.
	Loading native compiled code:     .................... Done
	Design hierarchy summary:
		                 Instances  Unique
		Modules:                47      25
		Registers:             350     229
		Scalar wires:          316       -
		Expanded wires:         88       5
		Vectored wires:        196       -
		Always blocks:          12       4
		Initial blocks:          6       6
		Parallel blocks:         1       1
		Cont. assignments:     242      94
		Pseudo assignments:    168     157
		Compilation units:       1       1
		Simulation timescale:  1ps
	Writing initial simulation snapshot: worklib.tb_FPU_unit:sv
Loading snapshot worklib.tb_FPU_unit:sv .................... Done
xmsim: *W,DSEM2009: This SystemVerilog design is simulated as per IEEE 1800-2009 SystemVerilog simulation semantics. Use -disable_sem2009 option for turning off SV 2009 simulation semantics.
xcelium> source /opt/cadence/XCELIUM2009/tools/xcelium/files/xmsimrc
xcelium> run
==========[ Overflow rouding ]==========
[PRE_NOR_EXP][ADD]i_32_a=0cffffff (0.000000000000000000000000) + i_32_b=00f80000 (0.000000000000000000000000) 	| o_32_s=0d000000 (0.000000000000000000000000) 	| o_ov_flow=1, o_un_flow=0
=> PASS: expect=0.000000000000000000000000 (0d000000), dut=0.000000000000000000000000 (0d000000), rounding_error=0.00000000 % (exp_error = 0.00001192 %)
[PRE_NOR_EXP][ADD]i_32_a=00f80000 (0.000000000000000000000000) + i_32_b=0cffffff (0.000000000000000000000000) 	| o_32_s=0d000000 (0.000000000000000000000000) 	| o_ov_flow=1, o_un_flow=0
=> PASS: expect=0.000000000000000000000000 (0d000000), dut=0.000000000000000000000000 (0d000000), rounding_error=0.00000000 % (exp_error = 0.00001192 %)
[PRE_NOR_EXP][SUB]i_32_a=0cffffff (0.000000000000000000000000) - i_32_b=00f80000 (0.000000000000000000000000) 	| o_32_s=0cfffffe (0.000000000000000000000000) 	| o_ov_flow=0, o_un_flow=0
=> PASS: expect=0.000000000000000000000000 (0cfffffe), dut=0.000000000000000000000000 (0cfffffe), rounding_error=0.00000000 % (exp_error = 0.00001192 %)
[PRE_NOR_EXP][SUB]i_32_a=00f80000 (0.000000000000000000000000) - i_32_b=0cffffff (0.000000000000000000000000) 	| o_32_s=8cfffffe (-0.000000000000000000000000) 	| o_ov_flow=0, o_un_flow=0
=> PASS: expect=-0.000000000000000000000000 (8cfffffe), dut=-0.000000000000000000000000 (8cfffffe), rounding_error=0.00000000 % (exp_error = 0.00001192 %)

==================================
========== TEST SUMMARY ==========
Total test cases:      4
Passed          :      4
Failed          :      0
Pass rate       : 100.00%
==================================

Simulation complete via $finish(1) at time 581 NS + 0
../Topmodule/tb_FPU_unit.sv:259     $finish;
xcelium> exit
TOOL:	xrun(64)	20.09-s001: Exiting on Nov 26, 2025 at 23:51:23 EST  (total: 00:00:02)
