============================================================
  Generated by:           Genus(TM) Synthesis Solution GENUS15.20 - 15.20-p004_1
  Generated on:           Nov 23 2025  09:24:38 pm
  Module:                 FPU_unit
  Wireload mode:          enclosed
  Area mode:              timing library
============================================================

              Instance                Cells  Cell Area  Net Area  Total Area  Wireload     
-------------------------------------------------------------------------------------------
FPU_unit                               1845       2932         0        2932    <none> (D) 
  NORMALIZATION_UNIT                    416        603         0         603    <none> (D) 
    SHF_left_28bit_unit                 271        402         0         402    <none> (D) 
  MAN_ALU_UNIT                          292        540         0         540    <none> (D) 
    ALU_SUB_UNIT                        257        462         0         462    <none> (D) 
      CLA_BLOCK_GEN[0].CLA_4BIT_UNIT     48         80         0          80    <none> (D) 
      CLA_BLOCK_GEN[6].CLA_4BIT_UNIT     34         63         0          63    <none> (D) 
      CLA_BLOCK_GEN[1].CLA_4BIT_UNIT     29         56         0          56    <none> (D) 
      CLA_BLOCK_GEN[5].CLA_4BIT_UNIT     27         51         0          51    <none> (D) 
      CLA_BLOCK_GEN[2].CLA_4BIT_UNIT     28         49         0          49    <none> (D) 
      CLA_BLOCK_GEN[4].CLA_4BIT_UNIT     23         48         0          48    <none> (D) 
      CLA_BLOCK_GEN[3].CLA_4BIT_UNIT     28         47         0          47    <none> (D) 
  SHF_RIGHT_28BIT_UNIT                  252        388         0         388    <none> (D) 
  MAN_COMP_28BIT_UNIT                   193        274         0         274    <none> (D) 
    u_i_data_1                           30         45         0          45    <none> (D) 
    u_i_data_4                           30         40         0          40    <none> (D) 
    u_i_data_3                           30         40         0          40    <none> (D) 
    u_i_data_5                           29         38         0          38    <none> (D) 
    u_i_data_2                           30         38         0          38    <none> (D) 
    u_i_data_6                           27         34         0          34    <none> (D) 
    u_i_data_0                            3          4         0           4    <none> (D) 
  ROUNDING_UNIT                         157        252         0         252    <none> (D) 
    INCREASE_ROUNDING                   155        248         0         248    <none> (D) 
  MAN_PRE_SWAP_BY_MAN_UNIT               78        153         0         153    <none> (D) 
  MAN_PRE_SWAP_BY_EXPONENT_UNIT          75        125         0         125    <none> (D) 
  EXP_ADJUST_UNIT                        85        123         0         123    <none> (D) 
    CLA_8BIT_UNIT                        69        103         0         103    <none> (D) 
      CLA_4BIT_UNIT_0                    46         62         0          62    <none> (D) 
      CLA_4BIT_UNIT_1                    22         38         0          38    <none> (D) 
  LOPD_24BIT_UNIT                        78        119         0         119    <none> (D) 
    LOPD_16bit_UNIT_MSB                  46         67         0          67    <none> (D) 
      LOPD_8bit_unit_1                   23         31         0          31    <none> (D) 
      LOPD_8bit_unit_0                   16         23         0          23    <none> (D) 
    LOPD_8bit_UNIT_LSB                   15         21         0          21    <none> (D) 
  EXP_SWAP_UNIT                          63        117         0         117    <none> (D) 
    COMP_LESS_UNIT                       40         74         0          74    <none> (D) 
      u_high                             24         37         0          37    <none> (D) 
      u_low                              14         30         0          30    <none> (D) 
  EXP_SUB_UNIT                           57         77         0          77    <none> (D) 
    CLA_8BIT_UNIT                        52         73         0          73    <none> (D) 
      CLA_4BIT_UNIT_0                    45         63         0          63    <none> (D) 
      CLA_4BIT_UNIT_1                     6          9         0           9    <none> (D) 
  PSC_UNIT                               33         57         0          57    <none> (D) 
  EXP_ROUNDING                           28         45         0          45    <none> (D) 
  SEL_MANTISSA_FOR_RESULT                25         39         0          39    <none> (D) 
  SIGN_OUT                                2          5         0           5    <none> (D) 

 (D) = wireload is default in technology library
