============================================================
  Generated by:           Genus(TM) Synthesis Solution GENUS15.20 - 15.20-p004_1
  Generated on:           Nov 23 2025  09:24:38 pm
  Module:                 FPU_unit
  Wireload mode:          enclosed
  Area mode:              timing library
============================================================

                                  
    Gate      Instances    Area       Library    
-------------------------------------------------
ADDHX1HVT             7    26.334    slow_vdd1v0 
AND2X1HVT            13    17.784    slow_vdd1v0 
AND2X6HVT             1     3.762    slow_vdd1v0 
AND2XLHVT            11    15.048    slow_vdd1v0 
AO21X1HVT             3     7.182    slow_vdd1v0 
AO21XLHVT             1     2.394    slow_vdd1v0 
AO22X1HVT             1     2.736    slow_vdd1v0 
AOI21X1HVT           41    70.110    slow_vdd1v0 
AOI21X2HVT            6    16.416    slow_vdd1v0 
AOI21X4HVT            4    20.520    slow_vdd1v0 
AOI21XLHVT            8    13.680    slow_vdd1v0 
AOI221X1HVT           3     7.182    slow_vdd1v0 
AOI22X1HVT            3     6.156    slow_vdd1v0 
AOI22XLHVT            1     2.052    slow_vdd1v0 
AOI2BB1X1HVT         91   186.732    slow_vdd1v0 
AOI2BB1XLHVT         14    28.728    slow_vdd1v0 
BUFX2HVT             14    23.940    slow_vdd1v0 
BUFX3HVT             18    36.936    slow_vdd1v0 
CLKAND2X3HVT          6    18.468    slow_vdd1v0 
CLKAND2X6HVT          1     4.788    slow_vdd1v0 
CLKINVX4HVT          12    20.520    slow_vdd1v0 
CLKINVX6HVT           5    11.970    slow_vdd1v0 
CLKINVX8HVT           1     3.078    slow_vdd1v0 
CLKMX2X3HVT           2     8.208    slow_vdd1v0 
CLKXOR2X1HVT         18    49.248    slow_vdd1v0 
INVX1HVT            250   171.000    slow_vdd1v0 
INVX2HVT             14    14.364    slow_vdd1v0 
INVX3HVT             13    17.784    slow_vdd1v0 
INVXLHVT             13     8.892    slow_vdd1v0 
MX2X1HVT             34    81.396    slow_vdd1v0 
MX2XLHVT             72   172.368    slow_vdd1v0 
MXI2X1HVT            18    49.248    slow_vdd1v0 
MXI2X2HVT             2     8.892    slow_vdd1v0 
MXI2XLHVT            57   136.458    slow_vdd1v0 
NAND2BX1HVT          26    35.568    slow_vdd1v0 
NAND2BX2HVT           1     2.394    slow_vdd1v0 
NAND2BX4HVT           2     7.524    slow_vdd1v0 
NAND2X1HVT          145   148.770    slow_vdd1v0 
NAND2X2HVT           54    92.340    slow_vdd1v0 
NAND2X4HVT           19    59.782    slow_vdd1v0 
NAND2X6HVT            1     4.566    slow_vdd1v0 
NAND2X8HVT            1     5.250    slow_vdd1v0 
NAND2XLHVT           21    21.546    slow_vdd1v0 
NAND3BX1HVT           3     6.156    slow_vdd1v0 
NAND3BXLHVT           1     1.710    slow_vdd1v0 
NAND3X1HVT            1     1.710    slow_vdd1v0 
NAND4X1HVT            6    12.312    slow_vdd1v0 
NOR2BX1HVT          114   155.952    slow_vdd1v0 
NOR2BX2HVT            3     8.208    slow_vdd1v0 
NOR2BXLHVT           34    58.140    slow_vdd1v0 
NOR2X1HVT           240   246.240    slow_vdd1v0 
NOR2X2HVT            38    64.980    slow_vdd1v0 
NOR2X4HVT             9    27.702    slow_vdd1v0 
NOR2X6HVT             3    12.312    slow_vdd1v0 
NOR2X8HVT             1     5.472    slow_vdd1v0 
NOR2XLHVT            41    42.066    slow_vdd1v0 
NOR3BX1HVT            6    12.312    slow_vdd1v0 
NOR3X1HVT            17    29.070    slow_vdd1v0 
NOR3X2HVT             1     2.736    slow_vdd1v0 
NOR3X4HVT             1     5.130    slow_vdd1v0 
NOR3X6HVT             1     7.182    slow_vdd1v0 
NOR3XLHVT             3     5.130    slow_vdd1v0 
NOR4BBX1HVT           1     2.736    slow_vdd1v0 
NOR4X1HVT            10    17.100    slow_vdd1v0 
OA21X1HVT            11    22.572    slow_vdd1v0 
OA22X1HVT            15    35.910    slow_vdd1v0 
OA22XLHVT             1     3.078    slow_vdd1v0 
OAI211X1HVT           3     5.130    slow_vdd1v0 
OAI21X1HVT           35    59.850    slow_vdd1v0 
OAI21X2HVT            2     6.156    slow_vdd1v0 
OAI21X4HVT            2     9.576    slow_vdd1v0 
OAI21XLHVT           10    17.100    slow_vdd1v0 
OAI221X1HVT           1     2.394    slow_vdd1v0 
OAI221X2HVT           1     4.788    slow_vdd1v0 
OAI22X1HVT           25    51.300    slow_vdd1v0 
OAI22X2HVT            1     3.420    slow_vdd1v0 
OAI22XLHVT            2     4.104    slow_vdd1v0 
OAI2BB1X1HVT         19    32.490    slow_vdd1v0 
OAI2BB1XLHVT          1     2.052    slow_vdd1v0 
OAI31X1HVT            7    14.364    slow_vdd1v0 
OAI31X2HVT            1     3.762    slow_vdd1v0 
OAI32X1HVT            2     4.788    slow_vdd1v0 
OR2X1HVT             49    67.032    slow_vdd1v0 
OR2X4HVT              2     5.472    slow_vdd1v0 
OR2X6HVT              3    11.286    slow_vdd1v0 
OR2XLHVT             24    32.832    slow_vdd1v0 
OR3X1HVT              2     4.104    slow_vdd1v0 
OR3XLHVT              3     6.156    slow_vdd1v0 
XNOR2X1HVT           32    76.608    slow_vdd1v0 
XNOR2X2HVT            1     3.078    slow_vdd1v0 
XNOR2XLHVT            4    10.944    slow_vdd1v0 
XOR2XLHVT            24    65.664    slow_vdd1v0 
-------------------------------------------------
total              1845  2932.479                


                                   
  Type   Instances   Area   Area % 
-----------------------------------
inverter       308  247.608    8.4 
buffer          32   60.876    2.1 
logic         1505 2623.995   89.5 
-----------------------------------
total         1845 2932.479  100.0 

