============================================================
  Generated by:           Genus(TM) Synthesis Solution GENUS15.20 - 15.20-p004_1
  Generated on:           Nov 23 2025  09:24:38 pm
  Module:                 FPU_unit
  Wireload mode:          enclosed
  Area mode:              timing library
============================================================

Timing
-------
  Cost    Critical            Violating 
 Group   Path Slack    TNS      Paths   
----------------------------------------
default      -515.6   -11027         31 
----------------------------------------
Total                 -11027         31 

Instance Count
--------------
Leaf Instance Count             1845 
Sequential Instance Count          0 
Combinational Instance Count    1845 
Hierarchical Instance Count       45 

Area
----
Cell Area                          2932.479
Physical Cell Area                 0.000
Total Cell Area (Cell+Physical)    2932.479
Net Area                           0.000
Total Area (Cell+Physical+Net)     2932.479

Max Fanout                         53 (w_EXPSWAP_compare)
Min Fanout                         0 (w_EXPSUB_diff_value[5])
Average Fanout                     2.1
Terms to net ratio                 3.0
Terms to instance ratio            3.2
Runtime                            38.469 seconds
Elapsed Runtime                    40 seconds
RC peak memory usage:              482.77 
EDI peak memory usage:             no_value 
Hostname                           centos7
