============================================================
  Generated by:           Genus(TM) Synthesis Solution GENUS15.20 - 15.20-p004_1
  Generated on:           Nov 23 2025  09:24:37 pm
  Module:                 FPU_unit
  Wireload mode:          enclosed
  Area mode:              timing library
============================================================


Path 1: VIOLATED (-516 ps) Path Delay Check
     Startpoint: (F) i_32_a[23]
       Endpoint: (F) o_32_s[28]

                  Capture    Launch  
     Path Delay:+    8500         -  
        Arrival:=    8500            
                                     
  Required Time:=    8500            
      Data Path:-    9016            
          Slack:=    -516            

#------------------------------------------------------------------------------------------------------------------------------------------
#                             Timing Point                               Flags    Arc   Edge     Cell      Fanout Load Trans Delay Arrival 
#                                                                                                                 (fF)  (ps)  (ps)   (ps)  
#------------------------------------------------------------------------------------------------------------------------------------------
  i_32_a[23]                                                             -       -      F     (arrival)         4  1.0     0     0       0 
  EXP_SWAP_UNIT/COMP_LESS_UNIT/u_low/g2547/Y                             -       A->Y   R     INVX1HVT          1  0.7    29    21      21 
  EXP_SWAP_UNIT/COMP_LESS_UNIT/u_low/g2541/Y                             -       B->Y   F     NAND2X2HVT        1  0.6    91    83     104 
  EXP_SWAP_UNIT/COMP_LESS_UNIT/u_low/g2535/Y                             -       A->Y   R     NOR2X2HVT         1  1.3    80   115     219 
  EXP_SWAP_UNIT/COMP_LESS_UNIT/u_low/g2532/Y                             -       B->Y   F     NOR2X4HVT         1  1.2    65    76     295 
  EXP_SWAP_UNIT/COMP_LESS_UNIT/u_low/g2531/Y                             -       A1->Y  R     OAI21X4HVT        1  1.3    74    86     381 
  EXP_SWAP_UNIT/COMP_LESS_UNIT/g23/Y                                     -       A0->Y  F     AOI21X4HVT        1  1.2   118   157     538 
  EXP_SWAP_UNIT/COMP_LESS_UNIT/fopt/Y                                    -       A->Y   R     CLKINVX4HVT      10  2.9    49    87     625 
  EXP_SWAP_UNIT/g256/Y                                                   -       B->Y   F     NAND2XLHVT        1  0.3   118   113     738 
  EXP_SWAP_UNIT/g242/Y                                                   -       B->Y   R     NAND2X1HVT        1  0.3    45    96     834 
  EXP_SUB_UNIT/g11/Y                                                     -       A->Y   F     INVX1HVT          3  0.8    59    68     902 
  EXP_SUB_UNIT/CLA_8BIT_UNIT/CLA_4BIT_UNIT_0/g3165/Y                     -       A->Y   R     NOR2X1HVT         3  0.8    87   101    1003 
  EXP_SUB_UNIT/CLA_8BIT_UNIT/CLA_4BIT_UNIT_0/g3143/Y                     -       A->Y   F     INVX1HVT          1  0.3    44    86    1089 
  EXP_SUB_UNIT/CLA_8BIT_UNIT/CLA_4BIT_UNIT_0/g3124/Y                     -       A0->Y  R     AOI21X1HVT        2  0.5    75    98    1187 
  EXP_SUB_UNIT/CLA_8BIT_UNIT/CLA_4BIT_UNIT_0/g3207/Y                     -       B->Y   R     OR2X1HVT          1  0.3    27   130    1317 
  EXP_SUB_UNIT/CLA_8BIT_UNIT/CLA_4BIT_UNIT_0/g3112/Y                     -       A->Y   F     NAND2X1HVT        1  0.2    80    92    1409 
  EXP_SUB_UNIT/CLA_8BIT_UNIT/g2/Y                                        -       B->Y   F     OR2X1HVT          2  0.9    65   168    1577 
  EXP_SUB_UNIT/CLA_8BIT_UNIT/CLA_4BIT_UNIT_1/g82/Y                       -       B->Y   R     NOR2X1HVT         1  0.7    79    90    1668 
  EXP_SUB_UNIT/CLA_8BIT_UNIT/CLA_4BIT_UNIT_1/g2/Y                        -       B0->Y  F     AOI21X2HVT        1  1.2   143    88    1756 
  EXP_SUB_UNIT/CLA_8BIT_UNIT/CLA_4BIT_UNIT_1/fopt/Y                      -       A->Y   R     CLKINVX4HVT      11  5.8    74   113    1869 
  SHF_RIGHT_28BIT_UNIT/g4066/Y                                           -       B->Y   F     NOR2X4HVT        10  3.2    81    85    1954 
  SHF_RIGHT_28BIT_UNIT/g4050/Y                                           -       A->Y   R     INVX3HVT          6  1.5    38    65    2019 
  SHF_RIGHT_28BIT_UNIT/g3801/Y                                           -       A1N->Y R     AOI2BB1X1HVT      1  0.7    80   136    2155 
  SHF_RIGHT_28BIT_UNIT/g3788/Y                                           -       A->Y   F     NAND2X2HVT        4  1.0   116   144    2300 
  MAN_COMP_28BIT_UNIT/u_i_data_1/g1367/Y                                 -       A->Y   R     INVX1HVT          2  1.0    59   102    2402 
  MAN_COMP_28BIT_UNIT/u_i_data_1/g1344/Y                                 -       A1->Y  F     OAI31X2HVT        1  0.6   124   157    2560 
  MAN_COMP_28BIT_UNIT/u_i_data_1/g1338/Y                                 -       B->Y   R     NAND2X2HVT        1  1.3    57   100    2659 
  MAN_COMP_28BIT_UNIT/u_i_data_1/g1336/Y                                 -       B->Y   F     NAND2X4HVT        1  1.2    98   100    2759 
  MAN_COMP_28BIT_UNIT/g2851/Y                                            -       B0->Y  R     AOI21X4HVT        1  1.3    71   100    2859 
  MAN_COMP_28BIT_UNIT/g2844/Y                                            -       B->Y   F     NOR2X4HVT         1  1.2    52    71    2930 
  MAN_COMP_28BIT_UNIT/g2842/Y                                            -       A1->Y  R     AOI21X4HVT        1  1.3    67    84    3014 
  MAN_COMP_28BIT_UNIT/g2841/Y                                            -       B->Y   F     NAND2X4HVT        6  1.6   109   111    3125 
  MAN_PRE_SWAP_BY_MAN_UNIT/fopt1001/Y                                    -       A->Y   R     INVX2HVT          3  1.9    57    92    3217 
  MAN_PRE_SWAP_BY_MAN_UNIT/fopt997/Y                                     -       A->Y   F     CLKINVX4HVT       6  2.6    57    67    3284 
  MAN_PRE_SWAP_BY_MAN_UNIT/g954/Y                                        -       S0->Y  R     MX2XLHVT          1  0.3    35   235    3520 
  MAN_ALU_UNIT/g304/Y                                                    -       B->Y   F     XNOR2X1HVT        3  0.8    63   183    3703 
  MAN_ALU_UNIT/ALU_SUB_UNIT/CLA_BLOCK_GEN[1].CLA_4BIT_UNIT/g327_dup344/Y -       B->Y   R     XNOR2XLHVT        1  0.2    30   234    3937 
  MAN_ALU_UNIT/ALU_SUB_UNIT/CLA_BLOCK_GEN[1].CLA_4BIT_UNIT/g297/Y        -       A1N->Y R     AOI2BB1X1HVT      1  0.3    56   118    4055 
  MAN_ALU_UNIT/ALU_SUB_UNIT/CLA_BLOCK_GEN[1].CLA_4BIT_UNIT/g296/Y        -       A1->Y  F     OAI21X1HVT        1  0.2    99   120    4174 
  MAN_ALU_UNIT/ALU_SUB_UNIT/CLA_BLOCK_GEN[1].CLA_4BIT_UNIT/g2/Y          -       AN->Y  F     NAND2BX2HVT       2  0.4    84   186    4360 
  MAN_ALU_UNIT/ALU_SUB_UNIT/g159/Y                                       -       B->Y   F     OR2X1HVT          3  1.0    70   173    4532 
  MAN_ALU_UNIT/ALU_SUB_UNIT/CLA_BLOCK_GEN[2].CLA_4BIT_UNIT/g301/Y        -       B->Y   R     NAND2X2HVT        1  0.7    39    62    4594 
  MAN_ALU_UNIT/ALU_SUB_UNIT/CLA_BLOCK_GEN[2].CLA_4BIT_UNIT/g298/Y        -       B->Y   F     NAND2X2HVT        3  0.6    95    89    4683 
  MAN_ALU_UNIT/ALU_SUB_UNIT/g186/Y                                       -       B->Y   F     OR2X1HVT          3  1.0    70   178    4861 
  MAN_ALU_UNIT/ALU_SUB_UNIT/CLA_BLOCK_GEN[3].CLA_4BIT_UNIT/g301/Y        -       B->Y   R     NAND2X2HVT        1  0.7    42    62    4923 
  MAN_ALU_UNIT/ALU_SUB_UNIT/CLA_BLOCK_GEN[3].CLA_4BIT_UNIT/g298/Y        -       B->Y   F     NAND2X2HVT        2  0.5    90    88    5011 
  MAN_ALU_UNIT/ALU_SUB_UNIT/g194/Y                                       -       B->Y   F     OR2X1HVT          3  1.0    70   175    5186 
  MAN_ALU_UNIT/ALU_SUB_UNIT/CLA_BLOCK_GEN[4].CLA_4BIT_UNIT/g301/Y        -       B->Y   R     NAND2X2HVT        1  1.3    48    66    5253 
  MAN_ALU_UNIT/ALU_SUB_UNIT/CLA_BLOCK_GEN[4].CLA_4BIT_UNIT/g321/Y        -       B->Y   F     NAND2X4HVT        3  1.6   107   101    5353 
  MAN_ALU_UNIT/ALU_SUB_UNIT/g262/Y                                       -       B->Y   R     NOR2X4HVT         1  1.3    66    95    5448 
  MAN_ALU_UNIT/ALU_SUB_UNIT/g261/Y                                       -       A->Y   F     CLKINVX4HVT       3  1.1    42    63    5511 
  MAN_ALU_UNIT/ALU_SUB_UNIT/CLA_BLOCK_GEN[5].CLA_4BIT_UNIT/g2/Y          -       A1->Y  F     AO21X1HVT         2  0.8    63   165    5676 
  MAN_ALU_UNIT/ALU_SUB_UNIT/g300/Y                                       -       B->Y   R     NOR2X2HVT         1  1.0    70    81    5757 
  MAN_ALU_UNIT/ALU_SUB_UNIT/fopt315/Y                                    -       A->Y   F     INVX3HVT          4  2.0    61    77    5834 
  MAN_ALU_UNIT/ALU_SUB_UNIT/CLA_BLOCK_GEN[6].CLA_4BIT_UNIT/fopt/Y        -       A->Y   R     CLKINVX4HVT       2  2.3    36    54    5888 
  MAN_ALU_UNIT/ALU_SUB_UNIT/CLA_BLOCK_GEN[6].CLA_4BIT_UNIT/g930/Y        -       B->Y   F     NOR2X6HVT         2  2.1    64    51    5939 
  MAN_ALU_UNIT/ALU_SUB_UNIT/CLA_BLOCK_GEN[6].CLA_4BIT_UNIT/g915/Y        -       A1->Y  R     OAI21X4HVT        1  1.3    72    85    6024 
  MAN_ALU_UNIT/ALU_SUB_UNIT/CLA_BLOCK_GEN[6].CLA_4BIT_UNIT/g909/Y        -       B->Y   F     NAND2X4HVT        3  0.6    84    99    6123 
  LOPD_24BIT_UNIT/LOPD_16bit_UNIT_MSB/LOPD_8bit_unit_1/g6/Y              -       B->Y   F     OR2XLHVT          1  0.2    39   138    6261 
  LOPD_24BIT_UNIT/LOPD_16bit_UNIT_MSB/LOPD_8bit_unit_1/g5/Y              -       B->Y   F     OR2X1HVT          1  0.6    52   140    6401 
  LOPD_24BIT_UNIT/LOPD_16bit_UNIT_MSB/LOPD_8bit_unit_1/g639/Y            -       B->Y   R     NOR2X2HVT         4  1.2    75    78    6479 
  LOPD_24BIT_UNIT/LOPD_16bit_UNIT_MSB/g77/Y                              -       S0->Y  R     MX2XLHVT          1  0.3    36   214    6693 
  LOPD_24BIT_UNIT/fopt/Y                                                 -       A->Y   F     INVX1HVT          1  0.3    35    49    6742 
  LOPD_24BIT_UNIT/g193/Y                                                 -       B->Y   R     NOR2X1HVT         1  0.7    78    72    6813 
  LOPD_24BIT_UNIT/g200/Y                                                 -       B->Y   R     OR2X6HVT         30 10.6    80   175    6989 
  NORMALIZATION_UNIT/SHF_left_28bit_unit/g12168/Y                        -       A->Y   F     CLKINVX8HVT      17  3.7    53    74    7063 
  NORMALIZATION_UNIT/SHF_left_28bit_unit/g12097/Y                        -       B1->Y  F     OA22X1HVT         2  0.5    52   187    7250 
  NORMALIZATION_UNIT/SHF_left_28bit_unit/g12078/Y                        -       B->Y   R     NOR2X1HVT         1  0.3    55    68    7319 
  NORMALIZATION_UNIT/SHF_left_28bit_unit/g12034/Y                        -       A->Y   F     NOR2X1HVT         2  0.5    62    82    7400 
  NORMALIZATION_UNIT/SHF_left_28bit_unit/g12262/Y                        -       B->Y   R     NOR2X1HVT         1  0.3    55    74    7475 
  NORMALIZATION_UNIT/SHF_left_28bit_unit/g11956/Y                        -       B->Y   F     NOR2X1HVT         2  0.5    62    72    7546 
  NORMALIZATION_UNIT/SHF_left_28bit_unit/g11923/Y                        -       A1N->Y F     AOI2BB1X1HVT      1  0.6    72   156    7702 
  NORMALIZATION_UNIT/SHF_left_28bit_unit/g11904/Y                        -       B0->Y  R     OAI21X2HVT        1  1.3    94    68    7770 
  NORMALIZATION_UNIT/g1409/Y                                             -       B->Y   F     NAND2X4HVT        1  1.2   103   120    7891 
  NORMALIZATION_UNIT/g1354/Y                                             -       B->Y   R     NAND2X4HVT        1  2.0    47    78    7969 
  ROUNDING_UNIT/INCREASE_ROUNDING/fopt2762/Y                             -       A->Y   F     CLKINVX6HVT       2  2.6    46    56    8025 
  ROUNDING_UNIT/INCREASE_ROUNDING/g2618/Y                                -       B->Y   R     NOR2X8HVT         1  2.7    58    62    8087 
  ROUNDING_UNIT/INCREASE_ROUNDING/g2604/Y                                -       B->Y   F     NAND2X8HVT        2  2.0    97    98    8185 
  ROUNDING_UNIT/INCREASE_ROUNDING/g3/Y                                   -       C->Y   R     NOR3X6HVT         1  1.3    94   106    8292 
  ROUNDING_UNIT/INCREASE_ROUNDING/g2668/Y                                -       B->Y   F     NAND2BX4HVT       1  1.2   106   122    8414 
  ROUNDING_UNIT/INCREASE_ROUNDING/g2742/Y                                -       C->Y   R     NOR3X4HVT         3  1.8   119   126    8540 
  EXP_ROUNDING/g681/Y                                                    -       A->Y   F     CLKINVX4HVT       7  2.0    63   101    8641 
  EXP_ROUNDING/g711/Y                                                    -       B->Y   R     NOR2BX1HVT        1  0.3    56    75    8716 
  EXP_ROUNDING/g730/Y                                                    -       B->Y   F     XOR2XLHVT         1  0.2    41   191    8907 
  g38/Y                                                                  -       B->Y   F     OR2XLHVT          1  0.0    23   108    9016 
  o_32_s[28]                                                             <<<     -      F     (port)            -    -     -     0    9016 
#------------------------------------------------------------------------------------------------------------------------------------------

