============================================================
  Generated by:           Genus(TM) Synthesis Solution GENUS15.20 - 15.20-p004_1
  Generated on:           Nov 23 2025  09:24:38 pm
  Module:                 FPU_unit
  Wireload mode:          enclosed
  Area mode:              timing library
============================================================

                                       Leakage    Dynamic     Total   
            Instance            Cells Power(nW)  Power(nW)  Power(nW) 
----------------------------------------------------------------------
FPU_unit                         1845    53.193 109415.580 109468.773 
  NORMALIZATION_UNIT              416    11.216  29189.346  29200.563 
    SHF_left_28bit_unit           271     7.274  18244.118  18251.391 
  MAN_ALU_UNIT                    292     9.327  27344.639  27353.967 
    ALU_SUB_UNIT                  257     8.255  23546.505  23554.760 
      CLA_BLOCK_..CLA_4BIT_UNIT    48     1.436   3426.308   3427.744 
      CLA_BLOCK_..CLA_4BIT_UNIT    34     1.378   2864.345   2865.723 
      CLA_BLOCK_..CLA_4BIT_UNIT    29     0.935   3776.067   3777.002 
      CLA_BLOCK_..CLA_4BIT_UNIT    28     0.837   3283.743   3284.580 
      CLA_BLOCK_..CLA_4BIT_UNIT    27     0.834   2344.251   2345.086 
      CLA_BLOCK_..CLA_4BIT_UNIT    23     0.825   2701.782   2702.607 
      CLA_BLOCK_..CLA_4BIT_UNIT    28     0.775   2650.114   2650.889 
  SHF_RIGHT_28BIT_UNIT            252     7.057  14795.760  14802.818 
  MAN_COMP_28BIT_UNIT             193     5.316   6525.045   6530.361 
    u_i_data_1                     30     0.847   1561.872   1562.719 
    u_i_data_3                     30     0.716   1140.647   1141.363 
    u_i_data_5                     29     0.680    686.408    687.087 
    u_i_data_4                     30     0.677    909.722    910.399 
    u_i_data_2                     30     0.658   1081.832   1082.490 
    u_i_data_6                     27     0.611    488.686    489.297 
    u_i_data_0                      3     0.118    217.738    217.855 
  ROUNDING_UNIT                   157     4.763  10468.913  10473.676 
    INCREASE_ROUNDING             155     4.694  10104.359  10109.053 
  EXP_SWAP_UNIT                    63     2.485   2225.800   2228.285 
    COMP_LESS_UNIT                 40     1.749   1282.758   1284.507 
      u_high                       24     0.765    529.168    529.933 
      u_low                        14     0.759    625.637    626.396 
  MAN_PRE_SWAP_BY_MAN_UNIT         78     2.450   3691.420   3693.870 
  EXP_ADJUST_UNIT                  85     2.273   2416.902   2419.175 
    CLA_8BIT_UNIT                  69     1.894   1802.580   1804.473 
      CLA_4BIT_UNIT_0              46     1.150   1162.161   1163.311 
      CLA_4BIT_UNIT_1              22     0.711    605.143    605.854 
  LOPD_24BIT_UNIT                  78     2.136   3653.830   3655.966 
    LOPD_16bit_UNIT_MSB            46     1.022   1769.140   1770.162 
      LOPD_8bit_unit_1             23     0.483    695.439    695.922 
      LOPD_8bit_unit_0             16     0.322   1010.990   1011.312 
    LOPD_8bit_UNIT_LSB             15     0.331   1230.339   1230.670 
  MAN_PRE_SW..EXPONENT_UNIT        75     2.036   2245.783   2247.820 
  EXP_SUB_UNIT                     57     1.647   3108.488   3110.134 
    CLA_8BIT_UNIT                  52     1.560   3005.884   3007.444 
      CLA_4BIT_UNIT_0              45     1.314   2318.793   2320.107 
      CLA_4BIT_UNIT_1               6     0.216    617.635    617.851 
  PSC_UNIT                         33     0.910    283.801    284.711 
  EXP_ROUNDING                     28     0.709    446.338    447.047 
  SEL_MANTISSA_FOR_RESULT          25     0.578   2277.203   2277.781 
  SIGN_OUT                          2     0.064     66.691     66.755 

