============================================================
  Generated by:           Genus(TM) Synthesis Solution GENUS15.20 - 15.20-p004_1
  Generated on:           Nov 22 2025  08:38:50 am
  Module:                 FPU_unit
  Wireload mode:          enclosed
  Area mode:              timing library
============================================================

                                  
    Gate      Instances    Area       Library    
-------------------------------------------------
ADDFX1LVT            12    61.560    slow_vdd1v2 
ADDHX1LVT             4    15.048    slow_vdd1v2 
AND2X1LVT             8    10.944    slow_vdd1v2 
AND2X2LVT             1     1.710    slow_vdd1v2 
AND2XLLVT             9    12.312    slow_vdd1v2 
AND3XLLVT             1     2.052    slow_vdd1v2 
AND4XLLVT             1     2.394    slow_vdd1v2 
AO21XLLVT             1     2.394    slow_vdd1v2 
AO22X1LVT             4    10.944    slow_vdd1v2 
AOI211X2LVT           1     3.420    slow_vdd1v2 
AOI211XLLVT           8    16.416    slow_vdd1v2 
AOI21X1LVT           26    44.460    slow_vdd1v2 
AOI221X1LVT          13    31.122    slow_vdd1v2 
AOI22X1LVT           94   192.888    slow_vdd1v2 
AOI22XLLVT            2     4.104    slow_vdd1v2 
AOI2BB1X1LVT         27    55.404    slow_vdd1v2 
AOI2BB1X4LVT          1     4.104    slow_vdd1v2 
AOI31X1LVT            1     2.052    slow_vdd1v2 
AOI32X1LVT            1     2.394    slow_vdd1v2 
CLKAND2X2LVT          2     4.104    slow_vdd1v2 
CLKINVX4LVT           2     3.420    slow_vdd1v2 
CLKINVX6LVT           1     2.394    slow_vdd1v2 
CLKMX2X2LVT           1     3.078    slow_vdd1v2 
CLKXOR2X1LVT         12    32.832    slow_vdd1v2 
INVX1LVT             68    46.512    slow_vdd1v2 
INVX2LVT              3     3.078    slow_vdd1v2 
INVX3LVT              1     1.368    slow_vdd1v2 
INVXLLVT              5     3.420    slow_vdd1v2 
MX2X1LVT             23    55.062    slow_vdd1v2 
MX2XLLVT             30    71.820    slow_vdd1v2 
MXI2XLLVT            54   129.276    slow_vdd1v2 
NAND2BX1LVT          22    30.096    slow_vdd1v2 
NAND2X1LVT           62    63.612    slow_vdd1v2 
NAND2X2LVT            2     3.420    slow_vdd1v2 
NAND2X4LVT            1     3.146    slow_vdd1v2 
NAND3BX2LVT           1     3.078    slow_vdd1v2 
NAND3BXLLVT           7    11.970    slow_vdd1v2 
NAND3X1LVT            2     3.420    slow_vdd1v2 
NAND4BBXLLVT          1     3.078    slow_vdd1v2 
NAND4BX1LVT           2     4.788    slow_vdd1v2 
NAND4XLLVT            7    11.970    slow_vdd1v2 
NOR2BX1LVT           48    65.664    slow_vdd1v2 
NOR2X1LVT           103   105.678    slow_vdd1v2 
NOR2X2LVT             1     1.710    slow_vdd1v2 
NOR2XLLVT             3     3.078    slow_vdd1v2 
NOR3BX1LVT            4     8.208    slow_vdd1v2 
NOR3X1LVT             6    10.260    slow_vdd1v2 
NOR3X2LVT             1     2.736    slow_vdd1v2 
NOR4BBX1LVT           2     5.472    slow_vdd1v2 
NOR4BX1LVT            2     4.788    slow_vdd1v2 
NOR4BX2LVT            1     4.788    slow_vdd1v2 
NOR4X1LVT            16    27.360    slow_vdd1v2 
NOR4X2LVT             1     3.420    slow_vdd1v2 
OA21X1LVT             2     4.104    slow_vdd1v2 
OA22X1LVT             8    19.152    slow_vdd1v2 
OAI211X1LVT          32    54.720    slow_vdd1v2 
OAI21X1LVT           12    20.520    slow_vdd1v2 
OAI21XLLVT            2     3.420    slow_vdd1v2 
OAI221X1LVT           8    19.152    slow_vdd1v2 
OAI222X1LVT           3     8.208    slow_vdd1v2 
OAI22X1LVT           53   108.756    slow_vdd1v2 
OAI22XLLVT            3     6.156    slow_vdd1v2 
OAI2BB1X1LVT         22    37.620    slow_vdd1v2 
OAI31X1LVT            7    14.364    slow_vdd1v2 
OAI33X1LVT            1     2.736    slow_vdd1v2 
OR2X1LVT              1     1.368    slow_vdd1v2 
OR2XLLVT             13    17.784    slow_vdd1v2 
OR3X2LVT              1     2.394    slow_vdd1v2 
OR3XLLVT              1     2.052    slow_vdd1v2 
OR4X1LVT              2     4.104    slow_vdd1v2 
XNOR2X1LVT           46   110.124    slow_vdd1v2 
XNOR2X2LVT            1     3.078    slow_vdd1v2 
XOR2X4LVT             1     4.104    slow_vdd1v2 
XOR2XLLVT             8    21.888    slow_vdd1v2 
-------------------------------------------------
total               939  1679.630                


                                   
  Type   Instances   Area   Area % 
-----------------------------------
inverter        80   60.192    3.6 
logic          859 1619.438   96.4 
-----------------------------------
total          939 1679.630  100.0 

