============================================================
  Generated by:           Genus(TM) Synthesis Solution GENUS15.20 - 15.20-p004_1
  Generated on:           Nov 22 2025  08:44:52 am
  Module:                 FPU_unit
  Wireload mode:          enclosed
  Area mode:              timing library
============================================================

Timing
-------
  Cost    Critical       Violating 
 Group   Path Slack TNS    Paths   
-----------------------------------
default         0.1   0          0 
-----------------------------------
Total                 0          0 

Instance Count
--------------
Leaf Instance Count             1533 
Sequential Instance Count          0 
Combinational Instance Count    1533 
Hierarchical Instance Count        0 

Area
----
Cell Area                          2391.196
Physical Cell Area                 0.000
Total Cell Area (Cell+Physical)    2391.196
Net Area                           0.000
Total Area (Cell+Physical+Net)     2391.196

Max Fanout                         48 (w_MAN_PRE_SWAP_BY_MAN_compara)
Min Fanout                         1 (MAN_ALU_UNIT_w_i_man_b[0])
Average Fanout                     2.3
Terms to net ratio                 3.2
Terms to instance ratio            3.3
Runtime                            38.540 seconds
Elapsed Runtime                    40 seconds
RC peak memory usage:              491.57 
EDI peak memory usage:             no_value 
Hostname                           centos7
