============================================================
  Generated by:           Genus(TM) Synthesis Solution GENUS15.20 - 15.20-p004_1
  Generated on:           Nov 22 2025  08:44:51 am
  Module:                 FPU_unit
  Wireload mode:          enclosed
  Area mode:              timing library
============================================================


Path 1: MET (0 ps) Path Delay Check
     Startpoint: (R) i_32_b[29]
       Endpoint: (R) o_32_s[19]

                  Capture    Launch  
     Path Delay:+    2000         -  
        Arrival:=    2000            
                                     
  Required Time:=    2000            
      Data Path:-    2000            
          Slack:=       0            

#------------------------------------------------------------------------------------------------------
#           Timing Point             Flags    Arc   Edge     Cell      Fanout Load Trans Delay Arrival 
#                                                                             (fF)  (ps)  (ps)   (ps)  
#------------------------------------------------------------------------------------------------------
  i_32_b[29]                         -       -      R     (arrival)         5  3.3     0     0       0 
  g60117/Y                           -       A->Y   F     INVX1LVT          2  0.8    11    10      10 
  g60107/Y                           -       B->Y   R     NAND2X1LVT        1  0.5    12    12      22 
  g60091/Y                           -       B->Y   F     NAND2X1LVT        1  0.8    29    25      47 
  g60081/Y                           -       B->Y   R     NOR2X2LVT         1  1.0    23    23      70 
  g60067/Y                           -       B->Y   F     NAND2X2LVT        2  1.8    34    29      99 
  g60061/Y                           -       B->Y   R     NOR3X2LVT         1  0.5    28    36     135 
  g60054/Y                           -       B->Y   F     NOR2X1LVT         1  0.8    21    22     157 
  g60051/Y                           -       B->Y   R     NAND2X2LVT        1  2.9    24    20     177 
  g60050/Y                           -       B->Y   F     NOR2X6LVT        13  6.0    26    19     196 
  g60184/Y                           -       S0->Y  R     MX2X1LVT          4  1.9    26    73     269 
  g59920/S                           -       B->S   F     ADDHX1LVT         3  1.2    20    66     335 
  g60149/Y                           -       B->Y   R     XNOR2X2LVT        5  4.3    35    89     424 
  g59855/Y                           -       A->Y   F     INVX3LVT         10  4.5    26    25     449 
  g59722/Y                           -       A->Y   R     NOR2X2LVT         7  3.9    51    41     490 
  g59716/Y                           -       A->Y   F     INVX3LVT         13  3.8    27    28     518 
  g59679/Y                           -       A->Y   R     NOR2X1LVT         1  0.5    21    27     545 
  g60260/Y                           -       B0->Y  F     AOI2BB1X1LVT      1  0.4    16    20     565 
  g59590/Y                           -       B->Y   R     NAND2X1LVT        2  1.0    19    17     582 
  g59497/Y                           -       A1->Y  F     OAI21X1LVT        1  0.4    32    27     609 
  g60361/Y                           -       B0->Y  R     AOI2BB1X1LVT      4  1.8    46    43     652 
  g59406/Y                           -       B->Y   F     NOR2X1LVT         2  0.8    25    28     680 
  g59377/Y                           -       B->Y   R     NOR2X1LVT         2  1.0    31    28     709 
  g59355/Y                           -       A->Y   F     NAND2X1LVT        2  0.6    27    32     740 
  g59336/Y                           -       A->Y   R     NOR2X1LVT         1  0.5    23    27     767 
  g59324/Y                           -       A->Y   F     NAND3X1LVT        1  0.8    52    50     818 
  g59323/Y                           -       B->Y   R     NAND2X2LVT        1  2.9    29    30     847 
  g59322/Y                           -       A->Y   F     NOR2X6LVT         6  6.5    25    24     872 
  g59321/Y                           -       A->Y   R     CLKINVX12LVT     48 23.0    28    25     896 
  g59320/Y                           -       B->Y   F     NAND2X2LVT       11  3.6    55    41     938 
  g59257/Y                           -       B->Y   R     NOR2XLLVT         1  0.5    32    40     977 
  g59238/Y                           -       B0->Y  F     AOI21X1LVT        1  0.4    32    21     998 
  g59216/Y                           -       B->Y   R     NAND2X1LVT        2  0.8    20    22    1020 
  MAN_ALU_UNIT_ALU_SUB_UNIT_g43348/Y -       B->Y   R     CLKXOR2X1LVT      3  1.5    22    60    1079 
  MAN_ALU_UNIT_ALU_SUB_UNIT_g43305/Y -       B->Y   F     NAND2X1LVT        2  0.4    22    24    1103 
  MAN_ALU_UNIT_ALU_SUB_UNIT_g43262/Y -       A->Y   R     NOR2XLLVT         4  1.2    52    43    1146 
  MAN_ALU_UNIT_ALU_SUB_UNIT_g43241/Y -       B->Y   F     NAND2XLLVT        2  1.3    66    61    1208 
  MAN_ALU_UNIT_ALU_SUB_UNIT_g43161/Y -       A->Y   R     NOR2X2LVT         3  1.1    26    38    1245 
  MAN_ALU_UNIT_ALU_SUB_UNIT_g43144/Y -       A1N->Y R     AOI2BB1X1LVT      1  0.5    22    37    1282 
  MAN_ALU_UNIT_ALU_SUB_UNIT_g43129/Y -       A->Y   F     NAND2X1LVT        4  1.2    39    36    1318 
  g18660/Y                           -       A->Y   R     INVX1LVT          3  2.0    28    30    1348 
  g18587/Y                           -       B->Y   F     NAND2X1LVT        1  0.4    23    26    1374 
  g18780/Y                           -       B->Y   R     NOR2BX1LVT        1  1.0    31    28    1401 
  g18541/Y                           -       B->Y   F     NAND2X2LVT        3  1.8    34    32    1433 
  g18539/Y                           -       A->Y   R     INVX2LVT          3  1.6    17    19    1453 
  g60340/Y                           -       A1N->Y R     AOI2BB1X2LVT      6  4.0    50    59    1512 
  g18488/Y                           -       B->Y   R     CLKAND2X2LVT      2  1.5    15    49    1560 
  g18477/Y                           -       A->Y   F     INVX2LVT          7  2.4    18    17    1577 
  g18475/Y                           -       B->Y   R     NOR2X2LVT         5  3.3    45    32    1609 
  g18444/Y                           -       A->Y   F     INVX3LVT          8  3.0    22    24    1634 
  g18264/Y                           -       A0->Y  R     OAI21X1LVT        1  0.5    28    32    1665 
  g60323/Y                           -       B0->Y  F     OAI2BB1X1LVT      3  1.1    37    38    1703 
  g60206/Y                           -       A->Y   F     OR2X1LVT          2  1.3    20    57    1760 
  g18096/Y                           -       B->Y   R     NOR2X2LVT         3  2.0    31    26    1786 
  g18068/Y                           -       B->Y   F     NAND2X1LVT        3  1.7    50    43    1829 
  g18015/Y                           -       C->Y   R     NOR3X2LVT         2  1.0    38    36    1865 
  g18002/Y                           -       B->Y   F     NAND2X1LVT        2  0.7    30    34    1899 
  g18755/Y                           -       AN->Y  F     NAND2BX1LVT       2  0.8    30    44    1943 
  g17985/Y                           -       A->Y   R     INVX1LVT          2  0.8    15    20    1963 
  g60313/Y                           -       A1N->Y R     OAI2BB1XLLVT      1  0.0    11    37    2000 
  o_32_s[19]                         -       -      R     (port)            -    -     -     0    2000 
#------------------------------------------------------------------------------------------------------



Path 2: MET (0 ps) Path Delay Check
     Startpoint: (R) i_32_b[29]
       Endpoint: (F) o_32_s[20]

                  Capture    Launch  
     Path Delay:+    2000         -  
        Arrival:=    2000            
                                     
  Required Time:=    2000            
      Data Path:-    2000            
          Slack:=       0            

#------------------------------------------------------------------------------------------------------
#           Timing Point             Flags    Arc   Edge     Cell      Fanout Load Trans Delay Arrival 
#                                                                             (fF)  (ps)  (ps)   (ps)  
#------------------------------------------------------------------------------------------------------
  i_32_b[29]                         -       -      R     (arrival)         5  3.3     0     0       0 
  g60117/Y                           -       A->Y   F     INVX1LVT          2  0.8    11    10      10 
  g60107/Y                           -       B->Y   R     NAND2X1LVT        1  0.5    12    12      22 
  g60091/Y                           -       B->Y   F     NAND2X1LVT        1  0.8    29    25      47 
  g60081/Y                           -       B->Y   R     NOR2X2LVT         1  1.0    23    23      70 
  g60067/Y                           -       B->Y   F     NAND2X2LVT        2  1.8    34    29      99 
  g60061/Y                           -       B->Y   R     NOR3X2LVT         1  0.5    28    36     135 
  g60054/Y                           -       B->Y   F     NOR2X1LVT         1  0.8    21    22     157 
  g60051/Y                           -       B->Y   R     NAND2X2LVT        1  2.9    24    20     177 
  g60050/Y                           -       B->Y   F     NOR2X6LVT        13  6.0    26    19     196 
  g60184/Y                           -       S0->Y  R     MX2X1LVT          4  1.9    26    73     269 
  g59920/S                           -       B->S   F     ADDHX1LVT         3  1.2    20    66     335 
  g60149/Y                           -       B->Y   R     XNOR2X2LVT        5  4.3    35    89     424 
  g59855/Y                           -       A->Y   F     INVX3LVT         10  4.5    26    25     449 
  g59722/Y                           -       A->Y   R     NOR2X2LVT         7  3.9    51    41     490 
  g59716/Y                           -       A->Y   F     INVX3LVT         13  3.8    27    28     518 
  g59679/Y                           -       A->Y   R     NOR2X1LVT         1  0.5    21    27     545 
  g60260/Y                           -       B0->Y  F     AOI2BB1X1LVT      1  0.4    16    20     565 
  g59590/Y                           -       B->Y   R     NAND2X1LVT        2  1.0    19    17     582 
  g59497/Y                           -       A1->Y  F     OAI21X1LVT        1  0.4    32    27     609 
  g60361/Y                           -       B0->Y  R     AOI2BB1X1LVT      4  1.8    46    43     652 
  g59406/Y                           -       B->Y   F     NOR2X1LVT         2  0.8    25    28     680 
  g59377/Y                           -       B->Y   R     NOR2X1LVT         2  1.0    31    28     709 
  g59355/Y                           -       A->Y   F     NAND2X1LVT        2  0.6    27    32     740 
  g59336/Y                           -       A->Y   R     NOR2X1LVT         1  0.5    23    27     767 
  g59324/Y                           -       A->Y   F     NAND3X1LVT        1  0.8    52    50     818 
  g59323/Y                           -       B->Y   R     NAND2X2LVT        1  2.9    29    30     847 
  g59322/Y                           -       A->Y   F     NOR2X6LVT         6  6.5    25    24     872 
  g59321/Y                           -       A->Y   R     CLKINVX12LVT     48 23.0    28    25     896 
  g59320/Y                           -       B->Y   F     NAND2X2LVT       11  3.6    55    41     938 
  g59257/Y                           -       B->Y   R     NOR2XLLVT         1  0.5    32    40     977 
  g59238/Y                           -       B0->Y  F     AOI21X1LVT        1  0.4    32    21     998 
  g59216/Y                           -       B->Y   R     NAND2X1LVT        2  0.8    20    22    1020 
  MAN_ALU_UNIT_ALU_SUB_UNIT_g43348/Y -       B->Y   R     CLKXOR2X1LVT      3  1.5    22    60    1079 
  MAN_ALU_UNIT_ALU_SUB_UNIT_g43305/Y -       B->Y   F     NAND2X1LVT        2  0.4    22    24    1103 
  MAN_ALU_UNIT_ALU_SUB_UNIT_g43262/Y -       A->Y   R     NOR2XLLVT         4  1.2    52    43    1146 
  MAN_ALU_UNIT_ALU_SUB_UNIT_g43241/Y -       B->Y   F     NAND2XLLVT        2  1.3    66    61    1208 
  MAN_ALU_UNIT_ALU_SUB_UNIT_g43161/Y -       A->Y   R     NOR2X2LVT         3  1.1    26    38    1245 
  MAN_ALU_UNIT_ALU_SUB_UNIT_g43144/Y -       A1N->Y R     AOI2BB1X1LVT      1  0.5    22    37    1282 
  MAN_ALU_UNIT_ALU_SUB_UNIT_g43129/Y -       A->Y   F     NAND2X1LVT        4  1.2    39    36    1318 
  g18660/Y                           -       A->Y   R     INVX1LVT          3  2.0    28    30    1348 
  g18587/Y                           -       B->Y   F     NAND2X1LVT        1  0.4    23    26    1374 
  g18780/Y                           -       B->Y   R     NOR2BX1LVT        1  1.0    31    28    1401 
  g18541/Y                           -       B->Y   F     NAND2X2LVT        3  1.8    34    32    1433 
  g18539/Y                           -       A->Y   R     INVX2LVT          3  1.6    17    19    1453 
  g60340/Y                           -       A1N->Y R     AOI2BB1X2LVT      6  4.0    50    59    1512 
  g18488/Y                           -       B->Y   R     CLKAND2X2LVT      2  1.5    15    49    1560 
  g18477/Y                           -       A->Y   F     INVX2LVT          7  2.4    18    17    1577 
  g18475/Y                           -       B->Y   R     NOR2X2LVT         5  3.3    45    32    1609 
  g18444/Y                           -       A->Y   F     INVX3LVT          8  3.0    22    24    1634 
  g18264/Y                           -       A0->Y  R     OAI21X1LVT        1  0.5    28    32    1665 
  g60323/Y                           -       B0->Y  F     OAI2BB1X1LVT      3  1.1    37    38    1703 
  g60206/Y                           -       A->Y   F     OR2X1LVT          2  1.3    20    57    1760 
  g18096/Y                           -       B->Y   R     NOR2X2LVT         3  2.0    31    26    1786 
  g18063/Y                           -       B->Y   F     NAND2X2LVT        4  2.0    36    33    1820 
  g18053/Y                           -       B->Y   R     NOR2X2LVT         4  2.3    36    32    1852 
  g18042/Y                           -       B->Y   R     CLKAND2X2LVT      2  1.0    12    44    1896 
  g18029/Y                           -       B->Y   F     NAND2X1LVT        2  0.9    31    26    1922 
  g18014/Y                           -       B->Y   R     NOR2BX1LVT        1  0.5    22    25    1947 
  g17994/Y                           -       S0->Y  R     MXI2XLLVT         1  0.3    31    33    1981 
  g17979/Y                           -       B->Y   F     NOR2XLLVT         1  0.0    24    19    2000 
  o_32_s[20]                         -       -      F     (port)            -    -     -     0    2000 
#------------------------------------------------------------------------------------------------------



Path 3: MET (0 ps) Path Delay Check
     Startpoint: (R) i_32_b[29]
       Endpoint: (F) o_32_s[17]

                  Capture    Launch  
     Path Delay:+    2000         -  
        Arrival:=    2000            
                                     
  Required Time:=    2000            
      Data Path:-    2000            
          Slack:=       0            

#------------------------------------------------------------------------------------------------------
#           Timing Point             Flags    Arc   Edge     Cell      Fanout Load Trans Delay Arrival 
#                                                                             (fF)  (ps)  (ps)   (ps)  
#------------------------------------------------------------------------------------------------------
  i_32_b[29]                         -       -      R     (arrival)         5  3.3     0     0       0 
  g60117/Y                           -       A->Y   F     INVX1LVT          2  0.8    11    10      10 
  g60107/Y                           -       B->Y   R     NAND2X1LVT        1  0.5    12    12      22 
  g60091/Y                           -       B->Y   F     NAND2X1LVT        1  0.8    29    25      47 
  g60081/Y                           -       B->Y   R     NOR2X2LVT         1  1.0    23    23      70 
  g60067/Y                           -       B->Y   F     NAND2X2LVT        2  1.8    34    29      99 
  g60061/Y                           -       B->Y   R     NOR3X2LVT         1  0.5    28    36     135 
  g60054/Y                           -       B->Y   F     NOR2X1LVT         1  0.8    21    22     157 
  g60051/Y                           -       B->Y   R     NAND2X2LVT        1  2.9    24    20     177 
  g60050/Y                           -       B->Y   F     NOR2X6LVT        13  6.0    26    19     196 
  g60184/Y                           -       S0->Y  R     MX2X1LVT          4  1.9    26    73     269 
  g59920/S                           -       B->S   F     ADDHX1LVT         3  1.2    20    66     335 
  g60149/Y                           -       B->Y   R     XNOR2X2LVT        5  4.3    35    89     424 
  g59855/Y                           -       A->Y   F     INVX3LVT         10  4.5    26    25     449 
  g59722/Y                           -       A->Y   R     NOR2X2LVT         7  3.9    51    41     490 
  g59716/Y                           -       A->Y   F     INVX3LVT         13  3.8    27    28     518 
  g59679/Y                           -       A->Y   R     NOR2X1LVT         1  0.5    21    27     545 
  g60260/Y                           -       B0->Y  F     AOI2BB1X1LVT      1  0.4    16    20     565 
  g59590/Y                           -       B->Y   R     NAND2X1LVT        2  1.0    19    17     582 
  g59497/Y                           -       A1->Y  F     OAI21X1LVT        1  0.4    32    27     609 
  g60361/Y                           -       B0->Y  R     AOI2BB1X1LVT      4  1.8    46    43     652 
  g59406/Y                           -       B->Y   F     NOR2X1LVT         2  0.8    25    28     680 
  g59377/Y                           -       B->Y   R     NOR2X1LVT         2  1.0    31    28     709 
  g59355/Y                           -       A->Y   F     NAND2X1LVT        2  0.6    27    32     740 
  g59336/Y                           -       A->Y   R     NOR2X1LVT         1  0.5    23    27     767 
  g59324/Y                           -       A->Y   F     NAND3X1LVT        1  0.8    52    50     818 
  g59323/Y                           -       B->Y   R     NAND2X2LVT        1  2.9    29    30     847 
  g59322/Y                           -       A->Y   F     NOR2X6LVT         6  6.5    25    24     872 
  g59321/Y                           -       A->Y   R     CLKINVX12LVT     48 23.0    28    25     896 
  g59320/Y                           -       B->Y   F     NAND2X2LVT       11  3.6    55    41     938 
  g59257/Y                           -       B->Y   R     NOR2XLLVT         1  0.5    32    40     977 
  g59238/Y                           -       B0->Y  F     AOI21X1LVT        1  0.4    32    21     998 
  g59216/Y                           -       B->Y   R     NAND2X1LVT        2  0.8    20    22    1020 
  MAN_ALU_UNIT_ALU_SUB_UNIT_g43348/Y -       B->Y   R     CLKXOR2X1LVT      3  1.5    22    60    1079 
  MAN_ALU_UNIT_ALU_SUB_UNIT_g43305/Y -       B->Y   F     NAND2X1LVT        2  0.4    22    24    1103 
  MAN_ALU_UNIT_ALU_SUB_UNIT_g43262/Y -       A->Y   R     NOR2XLLVT         4  1.2    52    43    1146 
  MAN_ALU_UNIT_ALU_SUB_UNIT_g43241/Y -       B->Y   F     NAND2XLLVT        2  1.3    66    61    1208 
  MAN_ALU_UNIT_ALU_SUB_UNIT_g43161/Y -       A->Y   R     NOR2X2LVT         3  1.1    26    38    1245 
  MAN_ALU_UNIT_ALU_SUB_UNIT_g43144/Y -       A1N->Y R     AOI2BB1X1LVT      1  0.5    22    37    1282 
  MAN_ALU_UNIT_ALU_SUB_UNIT_g43129/Y -       A->Y   F     NAND2X1LVT        4  1.2    39    36    1318 
  g18660/Y                           -       A->Y   R     INVX1LVT          3  2.0    28    30    1348 
  g18587/Y                           -       B->Y   F     NAND2X1LVT        1  0.4    23    26    1374 
  g18780/Y                           -       B->Y   R     NOR2BX1LVT        1  1.0    31    28    1401 
  g18541/Y                           -       B->Y   F     NAND2X2LVT        3  1.8    34    32    1433 
  g18539/Y                           -       A->Y   R     INVX2LVT          3  1.6    17    19    1453 
  g60340/Y                           -       A1N->Y R     AOI2BB1X2LVT      6  4.0    50    59    1512 
  g18488/Y                           -       B->Y   R     CLKAND2X2LVT      2  1.5    15    49    1560 
  g18477/Y                           -       A->Y   F     INVX2LVT          7  2.4    18    17    1577 
  g18475/Y                           -       B->Y   R     NOR2X2LVT         5  3.3    45    32    1609 
  g18444/Y                           -       A->Y   F     INVX3LVT          8  3.0    22    24    1634 
  g18264/Y                           -       A0->Y  R     OAI21X1LVT        1  0.5    28    32    1665 
  g60323/Y                           -       B0->Y  F     OAI2BB1X1LVT      3  1.1    37    38    1703 
  g60206/Y                           -       A->Y   F     OR2X1LVT          2  1.3    20    57    1760 
  g18096/Y                           -       B->Y   R     NOR2X2LVT         3  2.0    31    26    1786 
  g18063/Y                           -       B->Y   F     NAND2X2LVT        4  2.0    36    33    1820 
  g18053/Y                           -       B->Y   R     NOR2X2LVT         4  2.3    36    32    1852 
  g18041/Y                           -       B->Y   F     NAND2X2LVT        2  1.3    29    31    1882 
  g18001/Y                           -       B->Y   R     NOR2X2LVT         2  1.0    23    23    1906 
  g17995/Y                           -       B->Y   F     NAND2BX1LVT       3  1.1    37    33    1939 
  g17975/Y                           -       B->Y   R     XOR2XLLVT         1  0.5    14    49    1988 
  g17970/Y                           -       B->Y   F     NOR2X1LVT         1  0.0    25    12    2000 
  o_32_s[17]                         -       -      F     (port)            -    -     -     0    2000 
#------------------------------------------------------------------------------------------------------



Path 4: MET (0 ps) Path Delay Check
     Startpoint: (R) i_32_a[27]
       Endpoint: (R) o_32_s[25]

                  Capture    Launch  
     Path Delay:+    2000         -  
        Arrival:=    2000            
                                     
  Required Time:=    2000            
      Data Path:-    2000            
          Slack:=       0            

#-----------------------------------------------------------------------------------------------------
#           Timing Point             Flags   Arc   Edge     Cell      Fanout Load Trans Delay Arrival 
#                                                                            (fF)  (ps)  (ps)   (ps)  
#-----------------------------------------------------------------------------------------------------
  i_32_a[27]                         -       -     R     (arrival)         4  2.3     0     0       0 
  g60115/Y                           -       A->Y  F     INVX2LVT          3  1.7    11    10      10 
  g60066/Y                           -       A1->Y R     AOI21X2LVT        1  0.5    18    21      31 
  g60062/Y                           -       B->Y  F     NOR2X1LVT         2  1.2    21    20      51 
  g60058/Y                           -       A1->Y R     OAI21X2LVT        1  0.5    23    24      75 
  g60053/Y                           -       B->Y  F     NAND2X1LVT        1  0.8    30    29     104 
  g60052/Y                           -       B->Y  R     NOR2X2LVT         1  1.0    23    24     128 
  g60051/Y                           -       A->Y  F     NAND2X2LVT        1  2.5    41    36     164 
  g60050/Y                           -       B->Y  R     NOR2X6LVT        13  7.3    39    32     195 
  g59959/Y                           -       A1->Y F     AOI21X1LVT        4  1.2    48    48     244 
  g59934/Y                           -       A->Y  R     NAND2X1LVT        1  0.3    17    27     271 
  g59923/Y                           -       AN->Y R     NOR2BX1LVT        5  2.1    52    56     326 
  g59762/Y                           -       A->Y  R     XOR2X4LVT        11  7.3    43   120     447 
  g59721/Y                           -       B->Y  F     NOR2X2LVT         6  2.5    27    27     474 
  g59715/Y                           -       A->Y  R     INVX3LVT         14  4.4    22    20     494 
  g60269/Y                           -       A0->Y R     OA22XLLVT         1  0.5    15    71     566 
  g59595/Y                           -       B->Y  F     NAND2X1LVT        3  1.2    38    31     596 
  g59525/Y                           -       B->Y  R     NAND2X1LVT        1  0.5    18    22     618 
  g60235/Y                           -       B0->Y F     OAI2BB1X1LVT      1  0.8    30    31     649 
  g59469/Y                           -       B->Y  R     NOR2X2LVT         5  3.0    42    34     684 
  g59352/Y                           -       A0->Y F     AOI21X2LVT        1  0.9    32    40     724 
  g3/Y                               -       A0->Y R     OAI21X2LVT        1  0.5    23    31     755 
  g60180/Y                           -       B->Y  F     NAND2BX1LVT       1  0.4    22    25     780 
  g2/Y                               -       C->Y  R     NAND3BX1LVT       1  1.0    23    20     800 
  g59326/Y                           -       B->Y  F     NAND2X2LVT        1  2.5    40    33     833 
  g59322/Y                           -       B->Y  R     NOR2X6LVT         6  7.8    40    32     866 
  g59321/Y                           -       A->Y  F     CLKINVX12LVT     48 18.0    28    25     890 
  g59274/Y                           -       S0->Y F     MXI2X1LVT         2  0.4    34    40     930 
  g60201/Y                           -       A->Y  R     XNOR2X1LVT        3  1.8    25    86    1017 
  MAN_ALU_UNIT_ALU_SUB_UNIT_g43288/Y -       A->Y  F     NOR2X2LVT         2  1.0    17    21    1037 
  MAN_ALU_UNIT_ALU_SUB_UNIT_g43433/Y -       AN->Y F     NOR2BX1LVT        2  1.2    23    35    1072 
  MAN_ALU_UNIT_ALU_SUB_UNIT_g43225/Y -       B->Y  R     NOR2X2LVT         2  1.0    23    21    1094 
  MAN_ALU_UNIT_ALU_SUB_UNIT_g43217/Y -       B0->Y F     OAI21X1LVT        1  0.8    38    37    1130 
  MAN_ALU_UNIT_ALU_SUB_UNIT_g43179/Y -       B->Y  R     NOR2X2LVT         3  2.5    38    34    1164 
  MAN_ALU_UNIT_ALU_SUB_UNIT_g43171/Y -       A1->Y F     OAI21X2LVT        4  1.4    36    36    1200 
  MAN_ALU_UNIT_ALU_SUB_UNIT_g43169/Y -       A->Y  R     INVX2LVT          3  2.0    19    21    1221 
  MAN_ALU_UNIT_ALU_SUB_UNIT_g43160/Y -       B->Y  F     NOR2X2LVT         3  1.2    17    16    1237 
  MAN_ALU_UNIT_ALU_SUB_UNIT_g43137/Y -       A0->Y R     OAI21X1LVT        1  1.0    38    36    1272 
  MAN_ALU_UNIT_ALU_SUB_UNIT_g43133/Y -       A->Y  F     NAND2X2LVT        6  3.3    48    45    1318 
  g18678/Y                           -       A->Y  R     INVX2LVT          3  1.6    20    24    1342 
  g18617/Y                           -       A0->Y F     AOI21X2LVT        1  0.4    26    31    1372 
  g18560/Y                           -       A1->Y R     OAI21X1LVT        1  1.0    39    35    1407 
  g18548/Y                           -       A1->Y F     AOI211X2LVT       1  2.7    60    55    1463 
  g18511/Y                           -       A->Y  R     NOR2X6LVT        19 11.2    51    47    1510 
  g18508/Y                           -       A->Y  F     CLKINVX4LVT       5  2.4    19    23    1532 
  g18479/Y                           -       B->Y  R     NOR2X1LVT         1  0.5    21    21    1553 
  g18466/Y                           -       B0->Y F     AOI21X1LVT        2  0.8    38    19    1572 
  g18368/Y                           -       B1->Y R     OAI22X1LVT        4  2.0    77    47    1619 
  g18299/Y                           -       B->Y  F     NAND2X1LVT        1  0.4    28    44    1663 
  g18252/Y                           -       B0->Y R     OAI21X1LVT        1  0.5    29    19    1682 
  g18203/Y                           -       B->Y  F     NAND2X1LVT        1  0.4    23    27    1709 
  g18196/Y                           -       C->Y  R     NAND3X1LVT        3  2.3    38    28    1736 
  g18147/Y                           -       B->Y  F     NAND2X2LVT        2  1.2    28    31    1767 
  g18135/Y                           -       A->Y  R     INVX2LVT          3  1.6    16    18    1785 
  g18093/Y                           -       B->Y  R     CLKAND2X3LVT      2  1.3    11    36    1820 
  g18076/Y                           -       A->Y  F     NAND2X2LVT        2  0.8    22    22    1843 
  g18072/Y                           -       A->Y  R     INVX1LVT          1  0.9    15    17    1860 
  g18058/Y                           -       C->Y  F     NAND3X2LVT        3  1.2    45    35    1895 
  g18040/Y                           -       B->Y  R     NOR2X2LVT         3  1.6    31    32    1927 
  g18028/Y                           -       B->Y  F     NAND2X2LVT        2  0.8    23    26    1953 
  g18010/Y                           -       B->Y  R     NOR2X1LVT         1  0.3    18    20    1973 
  g17993/Y                           -       AN->Y R     NAND3BXLLVT       1  0.0    20    27    2000 
  o_32_s[25]                         -       -     R     (port)            -    -     -     0    2000 
#-----------------------------------------------------------------------------------------------------



Path 5: MET (0 ps) Path Delay Check
     Startpoint: (R) i_32_b[29]
       Endpoint: (R) o_32_s[29]

                  Capture    Launch  
     Path Delay:+    2000         -  
        Arrival:=    2000            
                                     
  Required Time:=    2000            
      Data Path:-    2000            
          Slack:=       0            

#------------------------------------------------------------------------------------------------------
#           Timing Point             Flags    Arc   Edge     Cell      Fanout Load Trans Delay Arrival 
#                                                                             (fF)  (ps)  (ps)   (ps)  
#------------------------------------------------------------------------------------------------------
  i_32_b[29]                         -       -      R     (arrival)         5  3.3     0     0       0 
  g60117/Y                           -       A->Y   F     INVX1LVT          2  0.8    11    10      10 
  g60107/Y                           -       B->Y   R     NAND2X1LVT        1  0.5    12    12      22 
  g60091/Y                           -       B->Y   F     NAND2X1LVT        1  0.8    29    25      47 
  g60081/Y                           -       B->Y   R     NOR2X2LVT         1  1.0    23    23      70 
  g60067/Y                           -       B->Y   F     NAND2X2LVT        2  1.8    34    29      99 
  g60061/Y                           -       B->Y   R     NOR3X2LVT         1  0.5    28    36     135 
  g60054/Y                           -       B->Y   F     NOR2X1LVT         1  0.8    21    22     157 
  g60051/Y                           -       B->Y   R     NAND2X2LVT        1  2.9    24    20     177 
  g60050/Y                           -       B->Y   F     NOR2X6LVT        13  6.0    26    19     196 
  g60184/Y                           -       S0->Y  R     MX2X1LVT          4  1.9    26    73     269 
  g59920/S                           -       B->S   F     ADDHX1LVT         3  1.2    20    66     335 
  g60149/Y                           -       B->Y   R     XNOR2X2LVT        5  4.3    35    89     424 
  g59855/Y                           -       A->Y   F     INVX3LVT         10  4.5    26    25     449 
  g59722/Y                           -       A->Y   R     NOR2X2LVT         7  3.9    51    41     490 
  g59716/Y                           -       A->Y   F     INVX3LVT         13  3.8    27    28     518 
  g59679/Y                           -       A->Y   R     NOR2X1LVT         1  0.5    21    27     545 
  g60260/Y                           -       B0->Y  F     AOI2BB1X1LVT      1  0.4    16    20     565 
  g59590/Y                           -       B->Y   R     NAND2X1LVT        2  1.0    19    17     582 
  g59497/Y                           -       A1->Y  F     OAI21X1LVT        1  0.4    32    27     609 
  g60361/Y                           -       B0->Y  R     AOI2BB1X1LVT      4  1.8    46    43     652 
  g59406/Y                           -       B->Y   F     NOR2X1LVT         2  0.8    25    28     680 
  g59377/Y                           -       B->Y   R     NOR2X1LVT         2  1.0    31    28     709 
  g59355/Y                           -       A->Y   F     NAND2X1LVT        2  0.6    27    32     740 
  g59336/Y                           -       A->Y   R     NOR2X1LVT         1  0.5    23    27     767 
  g59324/Y                           -       A->Y   F     NAND3X1LVT        1  0.8    52    50     818 
  g59323/Y                           -       B->Y   R     NAND2X2LVT        1  2.9    29    30     847 
  g59322/Y                           -       A->Y   F     NOR2X6LVT         6  6.5    25    24     872 
  g59321/Y                           -       A->Y   R     CLKINVX12LVT     48 23.0    28    25     896 
  g59320/Y                           -       B->Y   F     NAND2X2LVT       11  3.6    55    41     938 
  g59257/Y                           -       B->Y   R     NOR2XLLVT         1  0.5    32    40     977 
  g59238/Y                           -       B0->Y  F     AOI21X1LVT        1  0.4    32    21     998 
  g59216/Y                           -       B->Y   R     NAND2X1LVT        2  0.8    20    22    1020 
  MAN_ALU_UNIT_ALU_SUB_UNIT_g43348/Y -       B->Y   R     CLKXOR2X1LVT      3  1.5    22    60    1079 
  MAN_ALU_UNIT_ALU_SUB_UNIT_g43305/Y -       B->Y   F     NAND2X1LVT        2  0.4    22    24    1103 
  MAN_ALU_UNIT_ALU_SUB_UNIT_g43262/Y -       A->Y   R     NOR2XLLVT         4  1.2    52    43    1146 
  MAN_ALU_UNIT_ALU_SUB_UNIT_g43241/Y -       B->Y   F     NAND2XLLVT        2  1.3    66    61    1208 
  MAN_ALU_UNIT_ALU_SUB_UNIT_g43161/Y -       A->Y   R     NOR2X2LVT         3  1.1    26    38    1245 
  MAN_ALU_UNIT_ALU_SUB_UNIT_g43144/Y -       A1N->Y R     AOI2BB1X1LVT      1  0.5    22    37    1282 
  MAN_ALU_UNIT_ALU_SUB_UNIT_g43129/Y -       A->Y   F     NAND2X1LVT        4  1.2    39    36    1318 
  g18660/Y                           -       A->Y   R     INVX1LVT          3  2.0    28    30    1348 
  g18587/Y                           -       B->Y   F     NAND2X1LVT        1  0.4    23    26    1374 
  g18780/Y                           -       B->Y   R     NOR2BX1LVT        1  1.0    31    28    1401 
  g18541/Y                           -       B->Y   F     NAND2X2LVT        3  1.8    34    32    1433 
  g18539/Y                           -       A->Y   R     INVX2LVT          3  1.6    17    19    1453 
  g18533/Y                           -       B->Y   F     NAND2X2LVT        1  0.8    22    21    1474 
  g18523/Y                           -       B->Y   R     NAND2X2LVT        1  2.9    26    21    1495 
  g18511/Y                           -       B->Y   F     NOR2X6LVT        19  9.2    37    23    1518 
  g18464/Y                           -       S0->Y  F     MXI2XLLVT         1  0.4    44    42    1560 
  g18367/Y                           -       A1->Y  R     OAI22X1LVT        2  1.0    58    46    1606 
  g18354/Y                           -       A->Y   F     INVX1LVT          2  0.8    20    32    1638 
  g18306/Y                           -       B->Y   R     NOR2BX1LVT        1  0.5    21    21    1659 
  g60325/Y                           -       B0->Y  F     AOI2BB1X1LVT      2  1.2    24    25    1683 
  g18160/Y                           -       A1->Y  R     OAI211X2LVT       2  1.3    38    35    1718 
  g18149/Y                           -       A->Y   F     INVX2LVT          2  1.2    16    21    1739 
  g18122/Y                           -       C->Y   R     NOR3X2LVT         1  1.0    35    26    1765 
  g18105/Y                           -       B->Y   F     NAND2X2LVT        2  1.2    28    30    1794 
  g18098/Y                           -       A->Y   R     INVX1LVT          1  0.5    12    17    1812 
  g18082/Y                           -       B->Y   F     NAND2X1LVT        1  0.8    30    25    1837 
  g18074/Y                           -       B->Y   R     NOR2X2LVT         1  1.0    23    23    1860 
  g18064/Y                           -       B->Y   F     NAND2X2LVT        3  1.6    31    28    1888 
  g18060/Y                           -       A->Y   R     INVX2LVT          3  2.0    18    20    1908 
  g18052/Y                           -       B->Y   F     NAND2X2LVT        2  1.2    27    24    1932 
  g18039/Y                           -       B->Y   R     NOR2X2LVT         2  0.8    20    22    1954 
  g18012/Y                           -       A1->Y  F     AOI21X1LVT        1  0.2    26    30    1983 
  g18004/Y                           -       B0->Y  R     OAI21XLLVT        1  0.0    20    16    2000 
  o_32_s[29]                         -       -      R     (port)            -    -     -     0    2000 
#------------------------------------------------------------------------------------------------------



Path 6: MET (1 ps) Path Delay Check
     Startpoint: (R) i_32_b[29]
       Endpoint: (R) o_32_s[28]

                  Capture    Launch  
     Path Delay:+    2000         -  
        Arrival:=    2000            
                                     
  Required Time:=    2000            
      Data Path:-    1999            
          Slack:=       1            

#------------------------------------------------------------------------------------------------------
#           Timing Point             Flags    Arc   Edge     Cell      Fanout Load Trans Delay Arrival 
#                                                                             (fF)  (ps)  (ps)   (ps)  
#------------------------------------------------------------------------------------------------------
  i_32_b[29]                         -       -      R     (arrival)         5  3.3     0     0       0 
  g60117/Y                           -       A->Y   F     INVX1LVT          2  0.8    11    10      10 
  g60107/Y                           -       B->Y   R     NAND2X1LVT        1  0.5    12    12      22 
  g60091/Y                           -       B->Y   F     NAND2X1LVT        1  0.8    29    25      47 
  g60081/Y                           -       B->Y   R     NOR2X2LVT         1  1.0    23    23      70 
  g60067/Y                           -       B->Y   F     NAND2X2LVT        2  1.8    34    29      99 
  g60061/Y                           -       B->Y   R     NOR3X2LVT         1  0.5    28    36     135 
  g60054/Y                           -       B->Y   F     NOR2X1LVT         1  0.8    21    22     157 
  g60051/Y                           -       B->Y   R     NAND2X2LVT        1  2.9    24    20     177 
  g60050/Y                           -       B->Y   F     NOR2X6LVT        13  6.0    26    19     196 
  g60184/Y                           -       S0->Y  R     MX2X1LVT          4  1.9    26    73     269 
  g59920/S                           -       B->S   F     ADDHX1LVT         3  1.2    20    66     335 
  g60149/Y                           -       B->Y   R     XNOR2X2LVT        5  4.3    35    89     424 
  g59855/Y                           -       A->Y   F     INVX3LVT         10  4.5    26    25     449 
  g59722/Y                           -       A->Y   R     NOR2X2LVT         7  3.9    51    41     490 
  g59716/Y                           -       A->Y   F     INVX3LVT         13  3.8    27    28     518 
  g59679/Y                           -       A->Y   R     NOR2X1LVT         1  0.5    21    27     545 
  g60260/Y                           -       B0->Y  F     AOI2BB1X1LVT      1  0.4    16    20     565 
  g59590/Y                           -       B->Y   R     NAND2X1LVT        2  1.0    19    17     582 
  g59497/Y                           -       A1->Y  F     OAI21X1LVT        1  0.4    32    27     609 
  g60361/Y                           -       B0->Y  R     AOI2BB1X1LVT      4  1.8    46    43     652 
  g59406/Y                           -       B->Y   F     NOR2X1LVT         2  0.8    25    28     680 
  g59377/Y                           -       B->Y   R     NOR2X1LVT         2  1.0    31    28     709 
  g59355/Y                           -       A->Y   F     NAND2X1LVT        2  0.6    27    32     740 
  g59336/Y                           -       A->Y   R     NOR2X1LVT         1  0.5    23    27     767 
  g59324/Y                           -       A->Y   F     NAND3X1LVT        1  0.8    52    50     818 
  g59323/Y                           -       B->Y   R     NAND2X2LVT        1  2.9    29    30     847 
  g59322/Y                           -       A->Y   F     NOR2X6LVT         6  6.5    25    24     872 
  g59321/Y                           -       A->Y   R     CLKINVX12LVT     48 23.0    28    25     896 
  g59320/Y                           -       B->Y   F     NAND2X2LVT       11  3.6    55    41     938 
  g59257/Y                           -       B->Y   R     NOR2XLLVT         1  0.5    32    40     977 
  g59238/Y                           -       B0->Y  F     AOI21X1LVT        1  0.4    32    21     998 
  g59216/Y                           -       B->Y   R     NAND2X1LVT        2  0.8    20    22    1020 
  MAN_ALU_UNIT_ALU_SUB_UNIT_g43348/Y -       B->Y   R     CLKXOR2X1LVT      3  1.5    22    60    1079 
  MAN_ALU_UNIT_ALU_SUB_UNIT_g43305/Y -       B->Y   F     NAND2X1LVT        2  0.4    22    24    1103 
  MAN_ALU_UNIT_ALU_SUB_UNIT_g43262/Y -       A->Y   R     NOR2XLLVT         4  1.2    52    43    1146 
  MAN_ALU_UNIT_ALU_SUB_UNIT_g43241/Y -       B->Y   F     NAND2XLLVT        2  1.3    66    61    1208 
  MAN_ALU_UNIT_ALU_SUB_UNIT_g43161/Y -       A->Y   R     NOR2X2LVT         3  1.1    26    38    1245 
  MAN_ALU_UNIT_ALU_SUB_UNIT_g43144/Y -       A1N->Y R     AOI2BB1X1LVT      1  0.5    22    37    1282 
  MAN_ALU_UNIT_ALU_SUB_UNIT_g43129/Y -       A->Y   F     NAND2X1LVT        4  1.2    39    36    1318 
  g18660/Y                           -       A->Y   R     INVX1LVT          3  2.0    28    30    1348 
  g18587/Y                           -       B->Y   F     NAND2X1LVT        1  0.4    23    26    1374 
  g18780/Y                           -       B->Y   R     NOR2BX1LVT        1  1.0    31    28    1401 
  g18541/Y                           -       B->Y   F     NAND2X2LVT        3  1.8    34    32    1433 
  g18539/Y                           -       A->Y   R     INVX2LVT          3  1.6    17    19    1453 
  g18533/Y                           -       B->Y   F     NAND2X2LVT        1  0.8    22    21    1474 
  g18523/Y                           -       B->Y   R     NAND2X2LVT        1  2.9    26    21    1495 
  g18511/Y                           -       B->Y   F     NOR2X6LVT        19  9.2    37    23    1518 
  g18464/Y                           -       S0->Y  F     MXI2XLLVT         1  0.4    44    42    1560 
  g18367/Y                           -       A1->Y  R     OAI22X1LVT        2  1.0    58    46    1606 
  g18354/Y                           -       A->Y   F     INVX1LVT          2  0.8    20    32    1638 
  g18306/Y                           -       B->Y   R     NOR2BX1LVT        1  0.5    21    21    1659 
  g60325/Y                           -       B0->Y  F     AOI2BB1X1LVT      2  1.2    24    25    1683 
  g18160/Y                           -       A1->Y  R     OAI211X2LVT       2  1.3    38    35    1718 
  g18149/Y                           -       A->Y   F     INVX2LVT          2  1.2    16    21    1739 
  g18122/Y                           -       C->Y   R     NOR3X2LVT         1  1.0    35    26    1765 
  g18105/Y                           -       B->Y   F     NAND2X2LVT        2  1.2    28    30    1794 
  g18098/Y                           -       A->Y   R     INVX1LVT          1  0.5    12    17    1812 
  g18082/Y                           -       B->Y   F     NAND2X1LVT        1  0.8    30    25    1837 
  g18074/Y                           -       B->Y   R     NOR2X2LVT         1  1.0    23    23    1860 
  g18064/Y                           -       B->Y   F     NAND2X2LVT        3  1.6    31    28    1888 
  g18060/Y                           -       A->Y   R     INVX2LVT          3  2.0    18    20    1908 
  g18052/Y                           -       B->Y   F     NAND2X2LVT        2  1.2    27    24    1932 
  g18050/Y                           -       A->Y   R     INVX1LVT          2  1.0    17    20    1952 
  g18027/Y                           -       A1->Y  F     AOI21X1LVT        1  0.4    30    31    1983 
  g18021/Y                           -       B0->Y  R     OAI21X1LVT        1  0.0    20    17    1999 
  o_32_s[28]                         -       -      R     (port)            -    -     -     0    1999 
#------------------------------------------------------------------------------------------------------



Path 7: MET (1 ps) Path Delay Check
     Startpoint: (R) i_32_a[27]
       Endpoint: (R) o_32_s[30]

                  Capture    Launch  
     Path Delay:+    2000         -  
        Arrival:=    2000            
                                     
  Required Time:=    2000            
      Data Path:-    1999            
          Slack:=       1            

#-----------------------------------------------------------------------------------------------------
#           Timing Point             Flags   Arc   Edge     Cell      Fanout Load Trans Delay Arrival 
#                                                                            (fF)  (ps)  (ps)   (ps)  
#-----------------------------------------------------------------------------------------------------
  i_32_a[27]                         -       -     R     (arrival)         4  2.3     0     0       0 
  g60115/Y                           -       A->Y  F     INVX2LVT          3  1.7    11    10      10 
  g60066/Y                           -       A1->Y R     AOI21X2LVT        1  0.5    18    21      31 
  g60062/Y                           -       B->Y  F     NOR2X1LVT         2  1.2    21    20      51 
  g60058/Y                           -       A1->Y R     OAI21X2LVT        1  0.5    23    24      75 
  g60053/Y                           -       B->Y  F     NAND2X1LVT        1  0.8    30    29     104 
  g60052/Y                           -       B->Y  R     NOR2X2LVT         1  1.0    23    24     128 
  g60051/Y                           -       A->Y  F     NAND2X2LVT        1  2.5    41    36     164 
  g60050/Y                           -       B->Y  R     NOR2X6LVT        13  7.3    39    32     195 
  g59959/Y                           -       A1->Y F     AOI21X1LVT        4  1.2    48    48     244 
  g59934/Y                           -       A->Y  R     NAND2X1LVT        1  0.3    17    27     271 
  g59923/Y                           -       AN->Y R     NOR2BX1LVT        5  2.1    52    56     326 
  g59762/Y                           -       A->Y  R     XOR2X4LVT        11  7.3    43   120     447 
  g59721/Y                           -       B->Y  F     NOR2X2LVT         6  2.5    27    27     474 
  g59715/Y                           -       A->Y  R     INVX3LVT         14  4.4    22    20     494 
  g60269/Y                           -       A0->Y R     OA22XLLVT         1  0.5    15    71     566 
  g59595/Y                           -       B->Y  F     NAND2X1LVT        3  1.2    38    31     596 
  g59525/Y                           -       B->Y  R     NAND2X1LVT        1  0.5    18    22     618 
  g60235/Y                           -       B0->Y F     OAI2BB1X1LVT      1  0.8    30    31     649 
  g59469/Y                           -       B->Y  R     NOR2X2LVT         5  3.0    42    34     684 
  g59352/Y                           -       A0->Y F     AOI21X2LVT        1  0.9    32    40     724 
  g3/Y                               -       A0->Y R     OAI21X2LVT        1  0.5    23    31     755 
  g60180/Y                           -       B->Y  F     NAND2BX1LVT       1  0.4    22    25     780 
  g2/Y                               -       C->Y  R     NAND3BX1LVT       1  1.0    23    20     800 
  g59326/Y                           -       B->Y  F     NAND2X2LVT        1  2.5    40    33     833 
  g59322/Y                           -       B->Y  R     NOR2X6LVT         6  7.8    40    32     866 
  g59321/Y                           -       A->Y  F     CLKINVX12LVT     48 18.0    28    25     890 
  g59274/Y                           -       S0->Y F     MXI2X1LVT         2  0.4    34    40     930 
  g60201/Y                           -       A->Y  R     XNOR2X1LVT        3  1.8    25    86    1017 
  MAN_ALU_UNIT_ALU_SUB_UNIT_g43288/Y -       A->Y  F     NOR2X2LVT         2  1.0    17    21    1037 
  MAN_ALU_UNIT_ALU_SUB_UNIT_g43433/Y -       AN->Y F     NOR2BX1LVT        2  1.2    23    35    1072 
  MAN_ALU_UNIT_ALU_SUB_UNIT_g43225/Y -       B->Y  R     NOR2X2LVT         2  1.0    23    21    1094 
  MAN_ALU_UNIT_ALU_SUB_UNIT_g43217/Y -       B0->Y F     OAI21X1LVT        1  0.8    38    37    1130 
  MAN_ALU_UNIT_ALU_SUB_UNIT_g43179/Y -       B->Y  R     NOR2X2LVT         3  2.5    38    34    1164 
  MAN_ALU_UNIT_ALU_SUB_UNIT_g43171/Y -       A1->Y F     OAI21X2LVT        4  1.4    36    36    1200 
  MAN_ALU_UNIT_ALU_SUB_UNIT_g43169/Y -       A->Y  R     INVX2LVT          3  2.0    19    21    1221 
  MAN_ALU_UNIT_ALU_SUB_UNIT_g43160/Y -       B->Y  F     NOR2X2LVT         3  1.2    17    16    1237 
  MAN_ALU_UNIT_ALU_SUB_UNIT_g43151/Y -       B->Y  R     NOR2X1LVT         2  0.8    26    23    1260 
  MAN_ALU_UNIT_ALU_SUB_UNIT_g2/Y     -       AN->Y R     NAND2BX1LVT       1  1.9    28    40    1301 
  MAN_ALU_UNIT_ALU_SUB_UNIT_g43128/Y -       B->Y  F     NAND2X4LVT        7  3.8    36    31    1332 
  g18643/Y                           -       B->Y  R     NOR2X2LVT         2  1.5    28    28    1360 
  g18586/Y                           -       B->Y  F     NAND2X2LVT        1  1.8    33    31    1391 
  g18580/Y                           -       A->Y  R     NOR2X4LVT         4  3.3    32    30    1421 
  g18575/Y                           -       A->Y  F     INVX3LVT          4  2.7    19    20    1442 
  g18540/Y                           -       A2->Y R     AOI31X1LVT        1  2.0    58    44    1486 
  g60341/Y                           -       B0->Y F     OAI2BB1X4LVT     10  5.1    47    48    1534 
  g18503/Y                           -       B->Y  R     NOR2X1LVT         3  1.3    39    39    1573 
  g18406/Y                           -       B->Y  F     XNOR2X1LVT        4  1.4    22    61    1634 
  g18303/Y                           -       B->Y  R     NOR2X1LVT         1  0.5    21    22    1656 
  g18235/Y                           -       A1->Y F     OAI21X1LVT        1  0.4    29    28    1684 
  g60321/Y                           -       B0->Y R     OAI2BB1X1LVT      1  0.5    16    21    1705 
  g18189/Y                           -       B0->Y F     AOI21X1LVT        2  0.6    35    16    1721 
  g18146/Y                           -       B->Y  R     NOR2X1LVT         3  1.3    38    35    1756 
  g18116/Y                           -       B->Y  F     NAND2BX1LVT       2  0.8    32    35    1790 
  g18094/Y                           -       B->Y  R     NAND2X1LVT        2  0.8    21    22    1812 
  g18087/Y                           -       A->Y  F     INVX1LVT          1  0.2     8    14    1826 
  g60369/Y                           -       B->Y  R     MXI2XLLVT         1  0.5    38    33    1859 
  g60368/Y                           -       B->Y  F     NAND2BX1LVT       3  1.0    36    37    1896 
  g18049/Y                           -       B->Y  R     NOR3X1LVT         2  0.8    45    47    1943 
  g18013/Y                           -       A1->Y F     AOI21X1LVT        1  0.2    29    39    1982 
  g18006/Y                           -       B0->Y R     OAI21XLLVT        1  0.0    20    17    1999 
  o_32_s[30]                         -       -     R     (port)            -    -     -     0    1999 
#-----------------------------------------------------------------------------------------------------



Path 8: MET (5 ps) Path Delay Check
     Startpoint: (R) i_32_b[29]
       Endpoint: (R) o_32_s[21]

                  Capture    Launch  
     Path Delay:+    2000         -  
        Arrival:=    2000            
                                     
  Required Time:=    2000            
      Data Path:-    1995            
          Slack:=       5            

#------------------------------------------------------------------------------------------------------
#           Timing Point             Flags    Arc   Edge     Cell      Fanout Load Trans Delay Arrival 
#                                                                             (fF)  (ps)  (ps)   (ps)  
#------------------------------------------------------------------------------------------------------
  i_32_b[29]                         -       -      R     (arrival)         5  3.3     0     0       0 
  g60117/Y                           -       A->Y   F     INVX1LVT          2  0.8    11    10      10 
  g60107/Y                           -       B->Y   R     NAND2X1LVT        1  0.5    12    12      22 
  g60091/Y                           -       B->Y   F     NAND2X1LVT        1  0.8    29    25      47 
  g60081/Y                           -       B->Y   R     NOR2X2LVT         1  1.0    23    23      70 
  g60067/Y                           -       B->Y   F     NAND2X2LVT        2  1.8    34    29      99 
  g60061/Y                           -       B->Y   R     NOR3X2LVT         1  0.5    28    36     135 
  g60054/Y                           -       B->Y   F     NOR2X1LVT         1  0.8    21    22     157 
  g60051/Y                           -       B->Y   R     NAND2X2LVT        1  2.9    24    20     177 
  g60050/Y                           -       B->Y   F     NOR2X6LVT        13  6.0    26    19     196 
  g60184/Y                           -       S0->Y  R     MX2X1LVT          4  1.9    26    73     269 
  g59920/S                           -       B->S   F     ADDHX1LVT         3  1.2    20    66     335 
  g60149/Y                           -       B->Y   R     XNOR2X2LVT        5  4.3    35    89     424 
  g59855/Y                           -       A->Y   F     INVX3LVT         10  4.5    26    25     449 
  g59722/Y                           -       A->Y   R     NOR2X2LVT         7  3.9    51    41     490 
  g59716/Y                           -       A->Y   F     INVX3LVT         13  3.8    27    28     518 
  g59679/Y                           -       A->Y   R     NOR2X1LVT         1  0.5    21    27     545 
  g60260/Y                           -       B0->Y  F     AOI2BB1X1LVT      1  0.4    16    20     565 
  g59590/Y                           -       B->Y   R     NAND2X1LVT        2  1.0    19    17     582 
  g59497/Y                           -       A1->Y  F     OAI21X1LVT        1  0.4    32    27     609 
  g60361/Y                           -       B0->Y  R     AOI2BB1X1LVT      4  1.8    46    43     652 
  g59406/Y                           -       B->Y   F     NOR2X1LVT         2  0.8    25    28     680 
  g59377/Y                           -       B->Y   R     NOR2X1LVT         2  1.0    31    28     709 
  g59355/Y                           -       A->Y   F     NAND2X1LVT        2  0.6    27    32     740 
  g59336/Y                           -       A->Y   R     NOR2X1LVT         1  0.5    23    27     767 
  g59324/Y                           -       A->Y   F     NAND3X1LVT        1  0.8    52    50     818 
  g59323/Y                           -       B->Y   R     NAND2X2LVT        1  2.9    29    30     847 
  g59322/Y                           -       A->Y   F     NOR2X6LVT         6  6.5    25    24     872 
  g59321/Y                           -       A->Y   R     CLKINVX12LVT     48 23.0    28    25     896 
  g59320/Y                           -       B->Y   F     NAND2X2LVT       11  3.6    55    41     938 
  g59257/Y                           -       B->Y   R     NOR2XLLVT         1  0.5    32    40     977 
  g59238/Y                           -       B0->Y  F     AOI21X1LVT        1  0.4    32    21     998 
  g59216/Y                           -       B->Y   R     NAND2X1LVT        2  0.8    20    22    1020 
  MAN_ALU_UNIT_ALU_SUB_UNIT_g43348/Y -       B->Y   R     CLKXOR2X1LVT      3  1.5    22    60    1079 
  MAN_ALU_UNIT_ALU_SUB_UNIT_g43305/Y -       B->Y   F     NAND2X1LVT        2  0.4    22    24    1103 
  MAN_ALU_UNIT_ALU_SUB_UNIT_g43262/Y -       A->Y   R     NOR2XLLVT         4  1.2    52    43    1146 
  MAN_ALU_UNIT_ALU_SUB_UNIT_g43241/Y -       B->Y   F     NAND2XLLVT        2  1.3    66    61    1208 
  MAN_ALU_UNIT_ALU_SUB_UNIT_g43161/Y -       A->Y   R     NOR2X2LVT         3  1.1    26    38    1245 
  MAN_ALU_UNIT_ALU_SUB_UNIT_g43144/Y -       A1N->Y R     AOI2BB1X1LVT      1  0.5    22    37    1282 
  MAN_ALU_UNIT_ALU_SUB_UNIT_g43129/Y -       A->Y   F     NAND2X1LVT        4  1.2    39    36    1318 
  g18660/Y                           -       A->Y   R     INVX1LVT          3  2.0    28    30    1348 
  g18587/Y                           -       B->Y   F     NAND2X1LVT        1  0.4    23    26    1374 
  g18780/Y                           -       B->Y   R     NOR2BX1LVT        1  1.0    31    28    1401 
  g18541/Y                           -       B->Y   F     NAND2X2LVT        3  1.8    34    32    1433 
  g18539/Y                           -       A->Y   R     INVX2LVT          3  1.6    17    19    1453 
  g60340/Y                           -       A1N->Y R     AOI2BB1X2LVT      6  4.0    50    59    1512 
  g18488/Y                           -       B->Y   R     CLKAND2X2LVT      2  1.5    15    49    1560 
  g18477/Y                           -       A->Y   F     INVX2LVT          7  2.4    18    17    1577 
  g18475/Y                           -       B->Y   R     NOR2X2LVT         5  3.3    45    32    1609 
  g18444/Y                           -       A->Y   F     INVX3LVT          8  3.0    22    24    1634 
  g18264/Y                           -       A0->Y  R     OAI21X1LVT        1  0.5    28    32    1665 
  g60323/Y                           -       B0->Y  F     OAI2BB1X1LVT      3  1.1    37    38    1703 
  g60206/Y                           -       A->Y   F     OR2X1LVT          2  1.3    20    57    1760 
  g18096/Y                           -       B->Y   R     NOR2X2LVT         3  2.0    31    26    1786 
  g18063/Y                           -       B->Y   F     NAND2X2LVT        4  2.0    36    33    1820 
  g18053/Y                           -       B->Y   R     NOR2X2LVT         4  2.3    36    32    1852 
  g18041/Y                           -       B->Y   F     NAND2X2LVT        2  1.3    29    31    1882 
  g18001/Y                           -       B->Y   R     NOR2X2LVT         2  1.0    23    23    1906 
  g17995/Y                           -       B->Y   F     NAND2BX1LVT       3  1.1    37    33    1939 
  g60168/Y                           -       AN->Y  F     NAND2BX1LVT       1  0.4    22    41    1980 
  g17969/Y                           -       A->Y   R     NAND2X1LVT        1  0.0    10    16    1995 
  o_32_s[21]                         -       -      R     (port)            -    -     -     0    1995 
#------------------------------------------------------------------------------------------------------



Path 9: MET (8 ps) Path Delay Check
     Startpoint: (R) i_32_b[29]
       Endpoint: (R) o_32_s[14]

                  Capture    Launch  
     Path Delay:+    2000         -  
        Arrival:=    2000            
                                     
  Required Time:=    2000            
      Data Path:-    1992            
          Slack:=       8            

#------------------------------------------------------------------------------------------------------
#           Timing Point             Flags    Arc   Edge     Cell      Fanout Load Trans Delay Arrival 
#                                                                             (fF)  (ps)  (ps)   (ps)  
#------------------------------------------------------------------------------------------------------
  i_32_b[29]                         -       -      R     (arrival)         5  3.3     0     0       0 
  g60117/Y                           -       A->Y   F     INVX1LVT          2  0.8    11    10      10 
  g60107/Y                           -       B->Y   R     NAND2X1LVT        1  0.5    12    12      22 
  g60091/Y                           -       B->Y   F     NAND2X1LVT        1  0.8    29    25      47 
  g60081/Y                           -       B->Y   R     NOR2X2LVT         1  1.0    23    23      70 
  g60067/Y                           -       B->Y   F     NAND2X2LVT        2  1.8    34    29      99 
  g60061/Y                           -       B->Y   R     NOR3X2LVT         1  0.5    28    36     135 
  g60054/Y                           -       B->Y   F     NOR2X1LVT         1  0.8    21    22     157 
  g60051/Y                           -       B->Y   R     NAND2X2LVT        1  2.9    24    20     177 
  g60050/Y                           -       B->Y   F     NOR2X6LVT        13  6.0    26    19     196 
  g60184/Y                           -       S0->Y  R     MX2X1LVT          4  1.9    26    73     269 
  g59920/S                           -       B->S   F     ADDHX1LVT         3  1.2    20    66     335 
  g60149/Y                           -       B->Y   R     XNOR2X2LVT        5  4.3    35    89     424 
  g59855/Y                           -       A->Y   F     INVX3LVT         10  4.5    26    25     449 
  g59722/Y                           -       A->Y   R     NOR2X2LVT         7  3.9    51    41     490 
  g59716/Y                           -       A->Y   F     INVX3LVT         13  3.8    27    28     518 
  g59679/Y                           -       A->Y   R     NOR2X1LVT         1  0.5    21    27     545 
  g60260/Y                           -       B0->Y  F     AOI2BB1X1LVT      1  0.4    16    20     565 
  g59590/Y                           -       B->Y   R     NAND2X1LVT        2  1.0    19    17     582 
  g59497/Y                           -       A1->Y  F     OAI21X1LVT        1  0.4    32    27     609 
  g60361/Y                           -       B0->Y  R     AOI2BB1X1LVT      4  1.8    46    43     652 
  g59406/Y                           -       B->Y   F     NOR2X1LVT         2  0.8    25    28     680 
  g59377/Y                           -       B->Y   R     NOR2X1LVT         2  1.0    31    28     709 
  g59355/Y                           -       A->Y   F     NAND2X1LVT        2  0.6    27    32     740 
  g59336/Y                           -       A->Y   R     NOR2X1LVT         1  0.5    23    27     767 
  g59324/Y                           -       A->Y   F     NAND3X1LVT        1  0.8    52    50     818 
  g59323/Y                           -       B->Y   R     NAND2X2LVT        1  2.9    29    30     847 
  g59322/Y                           -       A->Y   F     NOR2X6LVT         6  6.5    25    24     872 
  g59321/Y                           -       A->Y   R     CLKINVX12LVT     48 23.0    28    25     896 
  g59320/Y                           -       B->Y   F     NAND2X2LVT       11  3.6    55    41     938 
  g59257/Y                           -       B->Y   R     NOR2XLLVT         1  0.5    32    40     977 
  g59238/Y                           -       B0->Y  F     AOI21X1LVT        1  0.4    32    21     998 
  g59216/Y                           -       B->Y   R     NAND2X1LVT        2  0.8    20    22    1020 
  MAN_ALU_UNIT_ALU_SUB_UNIT_g43348/Y -       B->Y   R     CLKXOR2X1LVT      3  1.5    22    60    1079 
  MAN_ALU_UNIT_ALU_SUB_UNIT_g43305/Y -       B->Y   F     NAND2X1LVT        2  0.4    22    24    1103 
  MAN_ALU_UNIT_ALU_SUB_UNIT_g43262/Y -       A->Y   R     NOR2XLLVT         4  1.2    52    43    1146 
  MAN_ALU_UNIT_ALU_SUB_UNIT_g43241/Y -       B->Y   F     NAND2XLLVT        2  1.3    66    61    1208 
  MAN_ALU_UNIT_ALU_SUB_UNIT_g43161/Y -       A->Y   R     NOR2X2LVT         3  1.1    26    38    1245 
  MAN_ALU_UNIT_ALU_SUB_UNIT_g43144/Y -       A1N->Y R     AOI2BB1X1LVT      1  0.5    22    37    1282 
  MAN_ALU_UNIT_ALU_SUB_UNIT_g43129/Y -       A->Y   F     NAND2X1LVT        4  1.2    39    36    1318 
  g18660/Y                           -       A->Y   R     INVX1LVT          3  2.0    28    30    1348 
  g18587/Y                           -       B->Y   F     NAND2X1LVT        1  0.4    23    26    1374 
  g18780/Y                           -       B->Y   R     NOR2BX1LVT        1  1.0    31    28    1401 
  g18541/Y                           -       B->Y   F     NAND2X2LVT        3  1.8    34    32    1433 
  g18539/Y                           -       A->Y   R     INVX2LVT          3  1.6    17    19    1453 
  g60340/Y                           -       A1N->Y R     AOI2BB1X2LVT      6  4.0    50    59    1512 
  g18488/Y                           -       B->Y   R     CLKAND2X2LVT      2  1.5    15    49    1560 
  g18477/Y                           -       A->Y   F     INVX2LVT          7  2.4    18    17    1577 
  g18475/Y                           -       B->Y   R     NOR2X2LVT         5  3.3    45    32    1609 
  g18444/Y                           -       A->Y   F     INVX3LVT          8  3.0    22    24    1634 
  g18264/Y                           -       A0->Y  R     OAI21X1LVT        1  0.5    28    32    1665 
  g60323/Y                           -       B0->Y  F     OAI2BB1X1LVT      3  1.1    37    38    1703 
  g60206/Y                           -       A->Y   F     OR2X1LVT          2  1.3    20    57    1760 
  g18096/Y                           -       B->Y   R     NOR2X2LVT         3  2.0    31    26    1786 
  g18063/Y                           -       B->Y   F     NAND2X2LVT        4  2.0    36    33    1820 
  g18053/Y                           -       B->Y   R     NOR2X2LVT         4  2.3    36    32    1852 
  g18043/Y                           -       B->Y   F     NAND2X1LVT        2  0.9    34    35    1887 
  g60315/Y                           -       C->Y   R     NOR3BX1LVT        1  0.5    37    33    1920 
  g18763/Y                           -       B->Y   F     XOR2XLLVT         1  0.4    14    59    1978 
  g17987/Y                           -       B->Y   R     NOR2X1LVT         1  0.0    16    14    1992 
  o_32_s[14]                         -       -      R     (port)            -    -     -     0    1992 
#------------------------------------------------------------------------------------------------------



Path 10: MET (10 ps) Path Delay Check
     Startpoint: (R) i_32_b[29]
       Endpoint: (R) o_32_s[16]

                  Capture    Launch  
     Path Delay:+    2000         -  
        Arrival:=    2000            
                                     
  Required Time:=    2000            
      Data Path:-    1990            
          Slack:=      10            

#------------------------------------------------------------------------------------------------------
#           Timing Point             Flags    Arc   Edge     Cell      Fanout Load Trans Delay Arrival 
#                                                                             (fF)  (ps)  (ps)   (ps)  
#------------------------------------------------------------------------------------------------------
  i_32_b[29]                         -       -      R     (arrival)         5  3.3     0     0       0 
  g60117/Y                           -       A->Y   F     INVX1LVT          2  0.8    11    10      10 
  g60107/Y                           -       B->Y   R     NAND2X1LVT        1  0.5    12    12      22 
  g60091/Y                           -       B->Y   F     NAND2X1LVT        1  0.8    29    25      47 
  g60081/Y                           -       B->Y   R     NOR2X2LVT         1  1.0    23    23      70 
  g60067/Y                           -       B->Y   F     NAND2X2LVT        2  1.8    34    29      99 
  g60061/Y                           -       B->Y   R     NOR3X2LVT         1  0.5    28    36     135 
  g60054/Y                           -       B->Y   F     NOR2X1LVT         1  0.8    21    22     157 
  g60051/Y                           -       B->Y   R     NAND2X2LVT        1  2.9    24    20     177 
  g60050/Y                           -       B->Y   F     NOR2X6LVT        13  6.0    26    19     196 
  g60184/Y                           -       S0->Y  R     MX2X1LVT          4  1.9    26    73     269 
  g59920/S                           -       B->S   F     ADDHX1LVT         3  1.2    20    66     335 
  g60149/Y                           -       B->Y   R     XNOR2X2LVT        5  4.3    35    89     424 
  g59855/Y                           -       A->Y   F     INVX3LVT         10  4.5    26    25     449 
  g59722/Y                           -       A->Y   R     NOR2X2LVT         7  3.9    51    41     490 
  g59716/Y                           -       A->Y   F     INVX3LVT         13  3.8    27    28     518 
  g59679/Y                           -       A->Y   R     NOR2X1LVT         1  0.5    21    27     545 
  g60260/Y                           -       B0->Y  F     AOI2BB1X1LVT      1  0.4    16    20     565 
  g59590/Y                           -       B->Y   R     NAND2X1LVT        2  1.0    19    17     582 
  g59497/Y                           -       A1->Y  F     OAI21X1LVT        1  0.4    32    27     609 
  g60361/Y                           -       B0->Y  R     AOI2BB1X1LVT      4  1.8    46    43     652 
  g59406/Y                           -       B->Y   F     NOR2X1LVT         2  0.8    25    28     680 
  g59377/Y                           -       B->Y   R     NOR2X1LVT         2  1.0    31    28     709 
  g59355/Y                           -       A->Y   F     NAND2X1LVT        2  0.6    27    32     740 
  g59336/Y                           -       A->Y   R     NOR2X1LVT         1  0.5    23    27     767 
  g59324/Y                           -       A->Y   F     NAND3X1LVT        1  0.8    52    50     818 
  g59323/Y                           -       B->Y   R     NAND2X2LVT        1  2.9    29    30     847 
  g59322/Y                           -       A->Y   F     NOR2X6LVT         6  6.5    25    24     872 
  g59321/Y                           -       A->Y   R     CLKINVX12LVT     48 23.0    28    25     896 
  g59320/Y                           -       B->Y   F     NAND2X2LVT       11  3.6    55    41     938 
  g59257/Y                           -       B->Y   R     NOR2XLLVT         1  0.5    32    40     977 
  g59238/Y                           -       B0->Y  F     AOI21X1LVT        1  0.4    32    21     998 
  g59216/Y                           -       B->Y   R     NAND2X1LVT        2  0.8    20    22    1020 
  MAN_ALU_UNIT_ALU_SUB_UNIT_g43348/Y -       B->Y   R     CLKXOR2X1LVT      3  1.5    22    60    1079 
  MAN_ALU_UNIT_ALU_SUB_UNIT_g43305/Y -       B->Y   F     NAND2X1LVT        2  0.4    22    24    1103 
  MAN_ALU_UNIT_ALU_SUB_UNIT_g43262/Y -       A->Y   R     NOR2XLLVT         4  1.2    52    43    1146 
  MAN_ALU_UNIT_ALU_SUB_UNIT_g43241/Y -       B->Y   F     NAND2XLLVT        2  1.3    66    61    1208 
  MAN_ALU_UNIT_ALU_SUB_UNIT_g43161/Y -       A->Y   R     NOR2X2LVT         3  1.1    26    38    1245 
  MAN_ALU_UNIT_ALU_SUB_UNIT_g43144/Y -       A1N->Y R     AOI2BB1X1LVT      1  0.5    22    37    1282 
  MAN_ALU_UNIT_ALU_SUB_UNIT_g43129/Y -       A->Y   F     NAND2X1LVT        4  1.2    39    36    1318 
  g18660/Y                           -       A->Y   R     INVX1LVT          3  2.0    28    30    1348 
  g18587/Y                           -       B->Y   F     NAND2X1LVT        1  0.4    23    26    1374 
  g18780/Y                           -       B->Y   R     NOR2BX1LVT        1  1.0    31    28    1401 
  g18541/Y                           -       B->Y   F     NAND2X2LVT        3  1.8    34    32    1433 
  g18530/Y                           -       B->Y   R     NOR2X2LVT         3  2.0    33    30    1463 
  g18520/Y                           -       B->Y   F     NAND2X2LVT        1  1.7    33    32    1495 
  g18512/Y                           -       A->Y   R     NAND2X4LVT        4  3.7    22    22    1517 
  fopt/Y                             -       A->Y   F     CLKINVX4LVT      13  5.8    23    20    1537 
  g18455/Y                           -       S0->Y  F     MXI2XLLVT         1  0.4    42    40    1577 
  g18377/Y                           -       B->Y   R     NAND2X1LVT        1  0.5    18    24    1600 
  g18361/Y                           -       B0->Y  F     OAI2BB1X1LVT      1  0.4    22    26    1627 
  g18331/Y                           -       B->Y   R     NOR2X1LVT         3  1.8    46    36    1662 
  g18252/Y                           -       A1->Y  F     OAI21X1LVT        1  0.4    30    36    1699 
  g18203/Y                           -       B->Y   R     NAND2X1LVT        1  0.5    15    19    1718 
  g18196/Y                           -       C->Y   F     NAND3X1LVT        3  1.8    81    56    1774 
  g18147/Y                           -       B->Y   R     NAND2X2LVT        2  1.5    28    34    1809 
  g18135/Y                           -       A->Y   F     INVX2LVT          3  1.4    15    18    1827 
  g18093/Y                           -       B->Y   F     CLKAND2X3LVT      2  1.1    11    36    1863 
  g18042/Y                           -       A->Y   F     CLKAND2X2LVT      2  0.9    12    43    1906 
  g18029/Y                           -       B->Y   R     NAND2X1LVT        2  1.0    19    15    1921 
  g18756/Y                           -       B->Y   F     XOR2XLLVT         1  0.4    14    55    1977 
  g17988/Y                           -       B->Y   R     NOR2X1LVT         1  0.0    16    14    1990 
  o_32_s[16]                         -       -      R     (port)            -    -     -     0    1990 
#------------------------------------------------------------------------------------------------------

