Cadence Genus(TM) Synthesis Solution.
Copyright 2015 Cadence Design Systems, Inc. All rights reserved worldwide.
Cadence and the Cadence logo are registered trademarks and Genus is a trademark
of Cadence Design Systems, Inc. in the United States and other countries.

Version: GENUS15.20 - 15.20-p004_1, built Sat Nov 14 2015
Options: -files genus_synth.tcl 
Date:    Sat Nov 22 05:52:01 2025
Host:    centos7 (x86_64 w/Linux 3.10.0-1160.108.1.el7.x86_64) (2*Intel(R) Core(TM) i5-10300H CPU @ 2.50GHz 8192KB)
OS:      CentOS Linux release 7.9.2009 (Core)

Checking out license: Genus_Synthesis

Loading tool scripts...
Sourcing GUI preferences file /home/admin/.cadence/genus/gui.tcl...
Finished loading tool scripts (6 seconds elapsed).

Sourcing genus_synth.tcl ...

  Message Summary for Library ./../slow_vdd1v2_basicCells_lvt.lib:
  ****************************************************************
  Could not find an attribute in the library. [LBR-436]: 574
  Missing a function attribute in the output pin definition. [LBR-518]: 1
  ****************************************************************
 
Info    : Created nominal operating condition. [LBR-412]
        : Operating condition '_nominal_' was created for the PVT values (1.000000, 1.080000, 125.000000) in library 'slow_vdd1v2_basicCells_lvt.lib'.
        : The nominal operating condition represents either the nominal PVT values if specified in the library source, or the default PVT values (1.0, 1.0, 1.0).
Warning : Library cell has no output pins defined. [LBR-9]
        : Library cell 'ANTENNALVT' must have an output pin.
        : Add the missing output pin(s), then reload the library. Otherwise, the library cell will be marked as unusable and as timing model.
Warning : Library cell has no output pins defined. [LBR-9]
        : Library cell 'ANTENNALVT' must have an output pin.
  Setting attribute of root '/': 'library' = ./../slow_vdd1v2_basicCells_lvt.lib
  Library has 324 usable logic and 128 usable sequential lib-cells.
Info    : Elaborating Design. [ELAB-1]
        : Elaborating top-level block 'FPU_unit' from file './../../02_rtl/FPU_unit.sv'.
Warning : Using default parameter value for module elaboration. [CDFG-818]
        : Elaborating block 'FPU_unit' with default parameters value.
Warning : Using default parameter value for module elaboration. [CDFG-818]
        : Elaborating block 'EXP_swap' with default parameters value.
Warning : Using default parameter value for module elaboration. [CDFG-818]
        : Elaborating block 'COMP_8bit' with default parameters value.
Warning : Using default parameter value for module elaboration. [CDFG-818]
        : Elaborating block 'EXP_sub' with default parameters value.
Warning : Using default parameter value for module elaboration. [CDFG-818]
        : Elaborating block 'MAN_swap' with default parameters value.
Warning : Using default parameter value for module elaboration. [CDFG-818]
        : Elaborating block 'SHF_right_28bit' with default parameters value.
Warning : Using default parameter value for module elaboration. [CDFG-818]
        : Elaborating block 'COMP_28bit' with default parameters value.
Warning : Using default parameter value for module elaboration. [CDFG-818]
        : Elaborating block 'MAN_ALU' with default parameters value.
Warning : Using default parameter value for module elaboration. [CDFG-818]
        : Elaborating block 'LOPD_24bit' with default parameters value.
Warning : Using default parameter value for module elaboration. [CDFG-818]
        : Elaborating block 'EXP_adjust' with default parameters value.
Warning : Using default parameter value for module elaboration. [CDFG-818]
        : Elaborating block 'NORMALIZATION_unit' with default parameters value.
Warning : Using default parameter value for module elaboration. [CDFG-818]
        : Elaborating block 'SHF_left_28bit' with default parameters value.
Warning : Using default parameter value for module elaboration. [CDFG-818]
        : Elaborating block 'ROUNDING_unit' with default parameters value.
Warning : Using default parameter value for module elaboration. [CDFG-818]
        : Elaborating block 'RND_add' with default parameters value.
Warning : Using default parameter value for module elaboration. [CDFG-818]
        : Elaborating block 'EXP_rounding' with default parameters value.
Warning : Unreachable statements for case item. [CDFG-472]
        : Case item 'default' in module 'Mux_4_to_1_SIZE_DATA24' in file './../../02_rtl/FPU_unit.sv' on line 254.
Info    : Done Elaborating Design. [ELAB-3]
        : Done elaborating 'FPU_unit'.
Info    : Elaborating Design. [ELAB-1]
        : Elaborating top-level block 'CLA_24bit' from file './../../02_rtl/CLA_24bit.sv'.
Info    : Done Elaborating Design. [ELAB-3]
        : Done elaborating 'CLA_24bit'.
Info    : Elaborating Design. [ELAB-1]
        : Elaborating top-level block 'COMP_2bit' from file './../../02_rtl/COMP_2bit.sv'.
Info    : Done Elaborating Design. [ELAB-3]
        : Done elaborating 'COMP_2bit'.
Info    : Elaborating Design. [ELAB-1]
        : Elaborating top-level block 'LOPD_4bit' from file './../../02_rtl/LOPD_4bit.sv'.
Info    : Done Elaborating Design. [ELAB-3]
        : Done elaborating 'LOPD_4bit'.
  Checking the design.

 	 Check Design Report
	 -------------------- 

 Long Module Names
----------------------
No subdesign's name is greater than 1.5k in length.

  Unresolved References & Empty Modules
  ------------------------------------- 
No unresolved references in design 'FPU_unit'

No empty modules in design 'FPU_unit'

 Unloaded Pin(s), Port(s)
 -------------------------
No unloaded sequential element in 'FPU_unit'

No unloaded port in 'FPU_unit'

 Unloaded Combinational Pin(s)
 -------------------------------
No unloaded combinational element in 'FPU_unit'

 Assigns
 ------- 
Total number of assign statements in design 'FPU_unit' : 0

 Undriven Port(s)/Pin(s)
 ------------------------
No undriven combinational pin in 'FPU_unit'

No undriven sequential pin in 'FPU_unit'

No undriven hierarchical pin in 'FPU_unit'

No undriven port in 'FPU_unit'

 Multidriven Port(s)/Pin(s)
--------------------------

No multidriven combinational pin in 'FPU_unit'

No multidriven sequential pin in 'FPU_unit'

No multidriven hierarchical pin in 'FPU_unit'

No multidriven ports in 'FPU_unit'

No multidriven unloaded nets in 'FPU_unit'

  Constant Pin(s)
  ----------------
No constant combinational pin(s) in design 'FPU_unit'

No constant sequential pin(s) in design 'FPU_unit'

design 'FPU_unit' has the following constant input hierarchical pin(s)
hpin:FPU_unit/SHF_RIGHT_28BIT_UNIT/i_data[1] 	 (fanout : 2)
hpin:FPU_unit/SHF_RIGHT_28BIT_UNIT/i_data[2] 	 (fanout : 2)
hpin:FPU_unit/SHF_RIGHT_28BIT_UNIT/i_data[3] 	 (fanout : 2)
hpin:FPU_unit/MAN_PRE_SWAP_BY_EXPONENT_UNIT/i_man_a[23] 	 (fanout : 2)
hpin:FPU_unit/MAN_PRE_SWAP_BY_EXPONENT_UNIT/i_man_b[23] 	 (fanout : 2)
hpin:FPU_unit/MAN_PRE_SWAP_BY_MAN_UNIT/i_man_a[0] 	 (fanout : 2)
hpin:FPU_unit/MAN_PRE_SWAP_BY_MAN_UNIT/i_man_a[1] 	 (fanout : 2)
hpin:FPU_unit/MAN_PRE_SWAP_BY_MAN_UNIT/i_man_a[2] 	 (fanout : 2)
hpin:FPU_unit/MAN_PRE_SWAP_BY_MAN_UNIT/i_man_a[3] 	 (fanout : 2)
hpin:FPU_unit/EXP_SUB_UNIT/CLA_8BIT_UNIT/i_carry 	 (fanout : 2)
hpin:FPU_unit/mux_222_28/in_1[0] 	 (fanout : 1)
hpin:FPU_unit/mux_222_28/in_1[1] 	 (fanout : 1)
hpin:FPU_unit/mux_222_28/in_1[2] 	 (fanout : 1)
hpin:FPU_unit/mux_222_28/in_1[3] 	 (fanout : 1)
hpin:FPU_unit/mux_222_28/in_1[4] 	 (fanout : 1)
hpin:FPU_unit/mux_222_28/in_1[5] 	 (fanout : 1)
hpin:FPU_unit/mux_222_28/in_1[6] 	 (fanout : 1)
hpin:FPU_unit/mux_222_28/in_1[7] 	 (fanout : 1)
hpin:FPU_unit/SHF_RIGHT_28BIT_UNIT/i_data[0] 	 (fanout : 1)
hpin:FPU_unit/EXP_ADJUST_UNIT/i_lopd_value[5] 	 (fanout : 1)
hpin:FPU_unit/EXP_ADJUST_UNIT/i_lopd_value[6] 	 (fanout : 1)
hpin:FPU_unit/EXP_ADJUST_UNIT/i_lopd_value[7] 	 (fanout : 1)
hpin:FPU_unit/SEL_MANTISSA_FOR_RESULT/i_data_10[0] 	 (fanout : 1)
hpin:FPU_unit/SEL_MANTISSA_FOR_RESULT/i_data_10[1] 	 (fanout : 1)
hpin:FPU_unit/SEL_MANTISSA_FOR_RESULT/i_data_10[2] 	 (fanout : 1)
hpin:FPU_unit/SEL_MANTISSA_FOR_RESULT/i_data_10[3] 	 (fanout : 1)
hpin:FPU_unit/SEL_MANTISSA_FOR_RESULT/i_data_10[4] 	 (fanout : 1)
hpin:FPU_unit/SEL_MANTISSA_FOR_RESULT/i_data_10[5] 	 (fanout : 1)
hpin:FPU_unit/SEL_MANTISSA_FOR_RESULT/i_data_10[6] 	 (fanout : 1)
hpin:FPU_unit/SEL_MANTISSA_FOR_RESULT/i_data_10[7] 	 (fanout : 1)
hpin:FPU_unit/SEL_MANTISSA_FOR_RESULT/i_data_10[8] 	 (fanout : 1)
hpin:FPU_unit/SEL_MANTISSA_FOR_RESULT/i_data_10[9] 	 (fanout : 1)
hpin:FPU_unit/SEL_MANTISSA_FOR_RESULT/i_data_10[10] 	 (fanout : 1)
hpin:FPU_unit/SEL_MANTISSA_FOR_RESULT/i_data_10[11] 	 (fanout : 1)
hpin:FPU_unit/SEL_MANTISSA_FOR_RESULT/i_data_10[12] 	 (fanout : 1)
hpin:FPU_unit/SEL_MANTISSA_FOR_RESULT/i_data_10[13] 	 (fanout : 1)
hpin:FPU_unit/SEL_MANTISSA_FOR_RESULT/i_data_10[14] 	 (fanout : 1)
hpin:FPU_unit/SEL_MANTISSA_FOR_RESULT/i_data_10[15] 	 (fanout : 1)
hpin:FPU_unit/SEL_MANTISSA_FOR_RESULT/i_data_10[16] 	 (fanout : 1)
hpin:FPU_unit/SEL_MANTISSA_FOR_RESULT/i_data_10[17] 	 (fanout : 1)
hpin:FPU_unit/SEL_MANTISSA_FOR_RESULT/i_data_10[18] 	 (fanout : 1)
hpin:FPU_unit/SEL_MANTISSA_FOR_RESULT/i_data_10[19] 	 (fanout : 1)
hpin:FPU_unit/SEL_MANTISSA_FOR_RESULT/i_data_10[20] 	 (fanout : 1)
hpin:FPU_unit/SEL_MANTISSA_FOR_RESULT/i_data_10[21] 	 (fanout : 1)
hpin:FPU_unit/SEL_MANTISSA_FOR_RESULT/i_data_10[22] 	 (fanout : 1)
hpin:FPU_unit/SEL_MANTISSA_FOR_RESULT/i_data_10[23] 	 (fanout : 1)
hpin:FPU_unit/SEL_MANTISSA_FOR_RESULT/i_data_11[0] 	 (fanout : 1)
hpin:FPU_unit/SEL_MANTISSA_FOR_RESULT/i_data_11[1] 	 (fanout : 1)
hpin:FPU_unit/SEL_MANTISSA_FOR_RESULT/i_data_11[2] 	 (fanout : 1)
hpin:FPU_unit/SEL_MANTISSA_FOR_RESULT/i_data_11[3] 	 (fanout : 1)
hpin:FPU_unit/SEL_MANTISSA_FOR_RESULT/i_data_11[4] 	 (fanout : 1)
hpin:FPU_unit/SEL_MANTISSA_FOR_RESULT/i_data_11[5] 	 (fanout : 1)
hpin:FPU_unit/SEL_MANTISSA_FOR_RESULT/i_data_11[6] 	 (fanout : 1)
hpin:FPU_unit/SEL_MANTISSA_FOR_RESULT/i_data_11[7] 	 (fanout : 1)
hpin:FPU_unit/SEL_MANTISSA_FOR_RESULT/i_data_11[8] 	 (fanout : 1)
hpin:FPU_unit/SEL_MANTISSA_FOR_RESULT/i_data_11[9] 	 (fanout : 1)
hpin:FPU_unit/SEL_MANTISSA_FOR_RESULT/i_data_11[10] 	 (fanout : 1)
hpin:FPU_unit/SEL_MANTISSA_FOR_RESULT/i_data_11[11] 	 (fanout : 1)
hpin:FPU_unit/SEL_MANTISSA_FOR_RESULT/i_data_11[12] 	 (fanout : 1)
hpin:FPU_unit/SEL_MANTISSA_FOR_RESULT/i_data_11[13] 	 (fanout : 1)
hpin:FPU_unit/SEL_MANTISSA_FOR_RESULT/i_data_11[14] 	 (fanout : 1)
hpin:FPU_unit/SEL_MANTISSA_FOR_RESULT/i_data_11[15] 	 (fanout : 1)
hpin:FPU_unit/SEL_MANTISSA_FOR_RESULT/i_data_11[16] 	 (fanout : 1)
hpin:FPU_unit/SEL_MANTISSA_FOR_RESULT/i_data_11[17] 	 (fanout : 1)
hpin:FPU_unit/SEL_MANTISSA_FOR_RESULT/i_data_11[18] 	 (fanout : 1)
hpin:FPU_unit/SEL_MANTISSA_FOR_RESULT/i_data_11[19] 	 (fanout : 1)
hpin:FPU_unit/SEL_MANTISSA_FOR_RESULT/i_data_11[20] 	 (fanout : 1)
hpin:FPU_unit/SEL_MANTISSA_FOR_RESULT/i_data_11[21] 	 (fanout : 1)
hpin:FPU_unit/SEL_MANTISSA_FOR_RESULT/i_data_11[22] 	 (fanout : 1)
hpin:FPU_unit/SEL_MANTISSA_FOR_RESULT/i_data_11[23] 	 (fanout : 1)
hpin:FPU_unit/MAN_COMP_28BIT_UNIT/i_data_a[0] 	 (fanout : 1)
hpin:FPU_unit/MAN_COMP_28BIT_UNIT/i_data_a[1] 	 (fanout : 1)
hpin:FPU_unit/MAN_COMP_28BIT_UNIT/i_data_a[2] 	 (fanout : 1)
hpin:FPU_unit/MAN_COMP_28BIT_UNIT/i_data_a[3] 	 (fanout : 1)
hpin:FPU_unit/SHF_RIGHT_28BIT_UNIT/mux_stage[1]_18_21/in_1[27] 	 (fanout : 1)
hpin:FPU_unit/SHF_RIGHT_28BIT_UNIT/mux_stage[2]_18_21/in_1[26] 	 (fanout : 1)
hpin:FPU_unit/SHF_RIGHT_28BIT_UNIT/mux_stage[2]_18_21/in_1[27] 	 (fanout : 1)
hpin:FPU_unit/SHF_RIGHT_28BIT_UNIT/mux_stage[3]_18_21/in_1[24] 	 (fanout : 1)
hpin:FPU_unit/SHF_RIGHT_28BIT_UNIT/mux_stage[3]_18_21/in_1[25] 	 (fanout : 1)
hpin:FPU_unit/SHF_RIGHT_28BIT_UNIT/mux_stage[3]_18_21/in_1[26] 	 (fanout : 1)
hpin:FPU_unit/SHF_RIGHT_28BIT_UNIT/mux_stage[3]_18_21/in_1[27] 	 (fanout : 1)
hpin:FPU_unit/SHF_RIGHT_28BIT_UNIT/mux_stage[4]_18_21/in_1[20] 	 (fanout : 1)
hpin:FPU_unit/SHF_RIGHT_28BIT_UNIT/mux_stage[4]_18_21/in_1[21] 	 (fanout : 1)
hpin:FPU_unit/SHF_RIGHT_28BIT_UNIT/mux_stage[4]_18_21/in_1[22] 	 (fanout : 1)
hpin:FPU_unit/SHF_RIGHT_28BIT_UNIT/mux_stage[4]_18_21/in_1[23] 	 (fanout : 1)
hpin:FPU_unit/SHF_RIGHT_28BIT_UNIT/mux_stage[4]_18_21/in_1[24] 	 (fanout : 1)
hpin:FPU_unit/SHF_RIGHT_28BIT_UNIT/mux_stage[4]_18_21/in_1[25] 	 (fanout : 1)
hpin:FPU_unit/SHF_RIGHT_28BIT_UNIT/mux_stage[4]_18_21/in_1[26] 	 (fanout : 1)
hpin:FPU_unit/SHF_RIGHT_28BIT_UNIT/mux_stage[4]_18_21/in_1[27] 	 (fanout : 1)
hpin:FPU_unit/SHF_RIGHT_28BIT_UNIT/mux_stage[5]_18_21/in_1[12] 	 (fanout : 1)
hpin:FPU_unit/SHF_RIGHT_28BIT_UNIT/mux_stage[5]_18_21/in_1[13] 	 (fanout : 1)
hpin:FPU_unit/SHF_RIGHT_28BIT_UNIT/mux_stage[5]_18_21/in_1[14] 	 (fanout : 1)
hpin:FPU_unit/SHF_RIGHT_28BIT_UNIT/mux_stage[5]_18_21/in_1[15] 	 (fanout : 1)
hpin:FPU_unit/SHF_RIGHT_28BIT_UNIT/mux_stage[5]_18_21/in_1[16] 	 (fanout : 1)
hpin:FPU_unit/SHF_RIGHT_28BIT_UNIT/mux_stage[5]_18_21/in_1[17] 	 (fanout : 1)
hpin:FPU_unit/SHF_RIGHT_28BIT_UNIT/mux_stage[5]_18_21/in_1[18] 	 (fanout : 1)
hpin:FPU_unit/SHF_RIGHT_28BIT_UNIT/mux_stage[5]_18_21/in_1[19] 	 (fanout : 1)
hpin:FPU_unit/SHF_RIGHT_28BIT_UNIT/mux_stage[5]_18_21/in_1[20] 	 (fanout : 1)
hpin:FPU_unit/SHF_RIGHT_28BIT_UNIT/mux_stage[5]_18_21/in_1[21] 	 (fanout : 1)
hpin:FPU_unit/SHF_RIGHT_28BIT_UNIT/mux_stage[5]_18_21/in_1[22] 	 (fanout : 1)
hpin:FPU_unit/SHF_RIGHT_28BIT_UNIT/mux_stage[5]_18_21/in_1[23] 	 (fanout : 1)
hpin:FPU_unit/SHF_RIGHT_28BIT_UNIT/mux_stage[5]_18_21/in_1[24] 	 (fanout : 1)
hpin:FPU_unit/SHF_RIGHT_28BIT_UNIT/mux_stage[5]_18_21/in_1[25] 	 (fanout : 1)
hpin:FPU_unit/SHF_RIGHT_28BIT_UNIT/mux_stage[5]_18_21/in_1[26] 	 (fanout : 1)
hpin:FPU_unit/SHF_RIGHT_28BIT_UNIT/mux_stage[5]_18_21/in_1[27] 	 (fanout : 1)
hpin:FPU_unit/MAN_ALU_UNIT/mux_33_21/in_1 	 (fanout : 1)
hpin:FPU_unit/LOPD_24BIT_UNIT/mux_33_30/in_1 	 (fanout : 1)
hpin:FPU_unit/LOPD_24BIT_UNIT/mux_37_25/in_1[0] 	 (fanout : 1)
hpin:FPU_unit/LOPD_24BIT_UNIT/mux_37_25/in_1[1] 	 (fanout : 1)
hpin:FPU_unit/LOPD_24BIT_UNIT/mux_37_25/in_1[2] 	 (fanout : 1)
hpin:FPU_unit/LOPD_24BIT_UNIT/mux_37_25/in_1[3] 	 (fanout : 1)
hpin:FPU_unit/LOPD_24BIT_UNIT/mux_37_25/in_1[4] 	 (fanout : 1)
hpin:FPU_unit/EXP_ADJUST_UNIT/mux_21_48/in_1[0] 	 (fanout : 1)
hpin:FPU_unit/EXP_ADJUST_UNIT/mux_21_48/in_1[1] 	 (fanout : 1)
hpin:FPU_unit/EXP_ADJUST_UNIT/mux_21_48/in_1[2] 	 (fanout : 1)
hpin:FPU_unit/EXP_ADJUST_UNIT/mux_21_48/in_1[3] 	 (fanout : 1)
hpin:FPU_unit/EXP_ADJUST_UNIT/mux_21_48/in_1[4] 	 (fanout : 1)
hpin:FPU_unit/EXP_ADJUST_UNIT/mux_21_48/in_1[5] 	 (fanout : 1)
hpin:FPU_unit/EXP_ADJUST_UNIT/mux_21_48/in_1[6] 	 (fanout : 1)
hpin:FPU_unit/EXP_ADJUST_UNIT/mux_21_48/in_1[7] 	 (fanout : 1)
hpin:FPU_unit/EXP_ADJUST_UNIT/mux_21_19/in_1[1] 	 (fanout : 1)
hpin:FPU_unit/EXP_ADJUST_UNIT/mux_21_19/in_1[2] 	 (fanout : 1)
hpin:FPU_unit/EXP_ADJUST_UNIT/mux_21_19/in_1[3] 	 (fanout : 1)
hpin:FPU_unit/EXP_ADJUST_UNIT/mux_21_19/in_1[4] 	 (fanout : 1)
hpin:FPU_unit/EXP_ADJUST_UNIT/mux_21_19/in_1[5] 	 (fanout : 1)
hpin:FPU_unit/EXP_ADJUST_UNIT/mux_21_19/in_1[6] 	 (fanout : 1)
hpin:FPU_unit/EXP_ADJUST_UNIT/mux_21_19/in_1[7] 	 (fanout : 1)
hpin:FPU_unit/EXP_ADJUST_UNIT/mux_33_23/in_1[0] 	 (fanout : 1)
hpin:FPU_unit/EXP_ADJUST_UNIT/mux_33_23/in_1[1] 	 (fanout : 1)
hpin:FPU_unit/EXP_ADJUST_UNIT/mux_33_23/in_1[2] 	 (fanout : 1)
hpin:FPU_unit/EXP_ADJUST_UNIT/mux_33_23/in_1[3] 	 (fanout : 1)
hpin:FPU_unit/EXP_ADJUST_UNIT/mux_33_23/in_1[4] 	 (fanout : 1)
hpin:FPU_unit/EXP_ADJUST_UNIT/mux_33_23/in_1[5] 	 (fanout : 1)
hpin:FPU_unit/EXP_ADJUST_UNIT/mux_33_23/in_1[6] 	 (fanout : 1)
hpin:FPU_unit/EXP_ADJUST_UNIT/mux_33_23/in_1[7] 	 (fanout : 1)
hpin:FPU_unit/EXP_ADJUST_UNIT/mux_21_19/in_1[0] 	 (fanout : 1)
hpin:FPU_unit/NORMALIZATION_UNIT/SHF_left_28bit_unit/mux_stage[1]_18_21/in_1[0] 	 (fanout : 1)
hpin:FPU_unit/NORMALIZATION_UNIT/SHF_left_28bit_unit/mux_stage[2]_18_21/in_1[0] 	 (fanout : 1)
hpin:FPU_unit/NORMALIZATION_UNIT/SHF_left_28bit_unit/mux_stage[2]_18_21/in_1[1] 	 (fanout : 1)
hpin:FPU_unit/NORMALIZATION_UNIT/SHF_left_28bit_unit/mux_stage[3]_18_21/in_1[0] 	 (fanout : 1)
hpin:FPU_unit/NORMALIZATION_UNIT/SHF_left_28bit_unit/mux_stage[3]_18_21/in_1[1] 	 (fanout : 1)
hpin:FPU_unit/NORMALIZATION_UNIT/SHF_left_28bit_unit/mux_stage[3]_18_21/in_1[2] 	 (fanout : 1)
hpin:FPU_unit/NORMALIZATION_UNIT/SHF_left_28bit_unit/mux_stage[3]_18_21/in_1[3] 	 (fanout : 1)
hpin:FPU_unit/NORMALIZATION_UNIT/SHF_left_28bit_unit/mux_stage[4]_18_21/in_1[0] 	 (fanout : 1)
hpin:FPU_unit/NORMALIZATION_UNIT/SHF_left_28bit_unit/mux_stage[4]_18_21/in_1[1] 	 (fanout : 1)
hpin:FPU_unit/NORMALIZATION_UNIT/SHF_left_28bit_unit/mux_stage[4]_18_21/in_1[2] 	 (fanout : 1)
hpin:FPU_unit/NORMALIZATION_UNIT/SHF_left_28bit_unit/mux_stage[4]_18_21/in_1[3] 	 (fanout : 1)
hpin:FPU_unit/NORMALIZATION_UNIT/SHF_left_28bit_unit/mux_stage[4]_18_21/in_1[4] 	 (fanout : 1)
hpin:FPU_unit/NORMALIZATION_UNIT/SHF_left_28bit_unit/mux_stage[4]_18_21/in_1[5] 	 (fanout : 1)
hpin:FPU_unit/NORMALIZATION_UNIT/SHF_left_28bit_unit/mux_stage[4]_18_21/in_1[6] 	 (fanout : 1)
hpin:FPU_unit/NORMALIZATION_UNIT/SHF_left_28bit_unit/mux_stage[4]_18_21/in_1[7] 	 (fanout : 1)
hpin:FPU_unit/NORMALIZATION_UNIT/SHF_left_28bit_unit/mux_stage[5]_18_21/in_1[0] 	 (fanout : 1)
hpin:FPU_unit/NORMALIZATION_UNIT/SHF_left_28bit_unit/mux_stage[5]_18_21/in_1[1] 	 (fanout : 1)
hpin:FPU_unit/NORMALIZATION_UNIT/SHF_left_28bit_unit/mux_stage[5]_18_21/in_1[2] 	 (fanout : 1)
hpin:FPU_unit/NORMALIZATION_UNIT/SHF_left_28bit_unit/mux_stage[5]_18_21/in_1[3] 	 (fanout : 1)
hpin:FPU_unit/NORMALIZATION_UNIT/SHF_left_28bit_unit/mux_stage[5]_18_21/in_1[4] 	 (fanout : 1)
hpin:FPU_unit/NORMALIZATION_UNIT/SHF_left_28bit_unit/mux_stage[5]_18_21/in_1[5] 	 (fanout : 1)
hpin:FPU_unit/NORMALIZATION_UNIT/SHF_left_28bit_unit/mux_stage[5]_18_21/in_1[6] 	 (fanout : 1)
hpin:FPU_unit/NORMALIZATION_UNIT/SHF_left_28bit_unit/mux_stage[5]_18_21/in_1[7] 	 (fanout : 1)
hpin:FPU_unit/NORMALIZATION_UNIT/SHF_left_28bit_unit/mux_stage[5]_18_21/in_1[8] 	 (fanout : 1)
hpin:FPU_unit/NORMALIZATION_UNIT/SHF_left_28bit_unit/mux_stage[5]_18_21/in_1[9] 	 (fanout : 1)
hpin:FPU_unit/NORMALIZATION_UNIT/SHF_left_28bit_unit/mux_stage[5]_18_21/in_1[10] 	 (fanout : 1)
hpin:FPU_unit/NORMALIZATION_UNIT/SHF_left_28bit_unit/mux_stage[5]_18_21/in_1[11] 	 (fanout : 1)
hpin:FPU_unit/NORMALIZATION_UNIT/SHF_left_28bit_unit/mux_stage[5]_18_21/in_1[12] 	 (fanout : 1)
hpin:FPU_unit/NORMALIZATION_UNIT/SHF_left_28bit_unit/mux_stage[5]_18_21/in_1[13] 	 (fanout : 1)
hpin:FPU_unit/NORMALIZATION_UNIT/SHF_left_28bit_unit/mux_stage[5]_18_21/in_1[14] 	 (fanout : 1)
hpin:FPU_unit/NORMALIZATION_UNIT/SHF_left_28bit_unit/mux_stage[5]_18_21/in_1[15] 	 (fanout : 1)
hpin:FPU_unit/NORMALIZATION_UNIT/mux_23_21/in_1[0] 	 (fanout : 1)
hpin:FPU_unit/NORMALIZATION_UNIT/mux_23_21/in_1[1] 	 (fanout : 1)
hpin:FPU_unit/NORMALIZATION_UNIT/mux_23_21/in_1[2] 	 (fanout : 1)
hpin:FPU_unit/NORMALIZATION_UNIT/mux_23_21/in_1[3] 	 (fanout : 1)
hpin:FPU_unit/NORMALIZATION_UNIT/mux_23_21/in_1[4] 	 (fanout : 1)
hpin:FPU_unit/NORMALIZATION_UNIT/mux_23_21/in_1[5] 	 (fanout : 1)
hpin:FPU_unit/NORMALIZATION_UNIT/mux_23_21/in_1[6] 	 (fanout : 1)
hpin:FPU_unit/NORMALIZATION_UNIT/mux_23_21/in_1[7] 	 (fanout : 1)
hpin:FPU_unit/NORMALIZATION_UNIT/mux_23_21/in_1[8] 	 (fanout : 1)
hpin:FPU_unit/NORMALIZATION_UNIT/mux_23_21/in_1[9] 	 (fanout : 1)
hpin:FPU_unit/NORMALIZATION_UNIT/mux_23_21/in_1[10] 	 (fanout : 1)
hpin:FPU_unit/NORMALIZATION_UNIT/mux_23_21/in_1[11] 	 (fanout : 1)
hpin:FPU_unit/NORMALIZATION_UNIT/mux_23_21/in_1[12] 	 (fanout : 1)
hpin:FPU_unit/NORMALIZATION_UNIT/mux_23_21/in_1[13] 	 (fanout : 1)
hpin:FPU_unit/NORMALIZATION_UNIT/mux_23_21/in_1[14] 	 (fanout : 1)
hpin:FPU_unit/NORMALIZATION_UNIT/mux_23_21/in_1[15] 	 (fanout : 1)
hpin:FPU_unit/NORMALIZATION_UNIT/mux_23_21/in_1[16] 	 (fanout : 1)
hpin:FPU_unit/NORMALIZATION_UNIT/mux_23_21/in_1[17] 	 (fanout : 1)
hpin:FPU_unit/NORMALIZATION_UNIT/mux_23_21/in_1[18] 	 (fanout : 1)
hpin:FPU_unit/NORMALIZATION_UNIT/mux_23_21/in_1[19] 	 (fanout : 1)
hpin:FPU_unit/NORMALIZATION_UNIT/mux_23_21/in_1[20] 	 (fanout : 1)
hpin:FPU_unit/NORMALIZATION_UNIT/mux_23_21/in_1[21] 	 (fanout : 1)
hpin:FPU_unit/NORMALIZATION_UNIT/mux_23_21/in_1[22] 	 (fanout : 1)
hpin:FPU_unit/NORMALIZATION_UNIT/mux_23_21/in_1[23] 	 (fanout : 1)
hpin:FPU_unit/NORMALIZATION_UNIT/mux_23_21/in_1[24] 	 (fanout : 1)
hpin:FPU_unit/NORMALIZATION_UNIT/mux_23_21/in_1[25] 	 (fanout : 1)
hpin:FPU_unit/NORMALIZATION_UNIT/mux_23_21/in_1[26] 	 (fanout : 1)
hpin:FPU_unit/NORMALIZATION_UNIT/mux_23_21/in_1[27] 	 (fanout : 1)
hpin:FPU_unit/NORMALIZATION_UNIT/mux_23_41/in_1[27] 	 (fanout : 1)
hpin:FPU_unit/PSC_UNIT/i_man_a[23] 	 (fanout : 0)
hpin:FPU_unit/PSC_UNIT/i_man_b[23] 	 (fanout : 0)
Total number of constant hierarchical pins in design 'FPU_unit' : 198

No constant connected ports in design 'FPU_unit'

  Preserved instances(s)
  ----------------
No preserved combinational instance(s) in design 'FPU_unit'
No preserved sequential instance(s) in design 'FPU_unit'
No preserved hierarchical instance(s) in design 'FPU_unit'

  Physical only instances(s)
  ----------------
No physical only instance(s) in design 'FPU_unit'

Libcells with no corresponding LEF
----------------------------------
No libcell(s) found.

LEF cells with no corresponding libcell
---------------------------------------

No physical (LEF) cells found.

 Summary
 ------- 

                Name                 Total 
-------------------------------------------
Unresolved References                    0 
Empty Modules                            0 
Unloaded Port(s)                         0 
Unloaded Sequential Pin(s)               0 
Unloaded Combinational Pin(s)            0 
Assigns                                  0 
Undriven Port(s)                         0 
Undriven Leaf Pin(s)                     0 
Undriven hierarchical pin(s)             0 
Multidriven Port(s)                      0 
Multidriven Leaf Pin(s)                  0 
Multidriven hierarchical Pin(s)          0 
Multidriven unloaded net(s)              0 
Constant Port(s)                         0 
Constant Leaf Pin(s)                     0 
Constant hierarchical Pin(s)           198 
Preserved leaf instance(s)               0 
Preserved hierarchical instance(s)       0 
Libcells with no LEF cell                0 
Physical (LEF) cells with no libcell     0 
Subdesigns with long module name         0 
Physical only instance(s)                0 

  Done Checking the design.
Clock Period = 100000.0 ps
Clock Uncertainty = 1.0 ns
max transition = 1.5 ns
Warning : The 'clock_ports' command did not find any clock ports. [TUI-220]
        : The design is design:FPU_unit
        : This is usually due to the design being combinational or having clock gating or clock generation logic.
Remove 0 fopt buffers added by long-wire annotation.
Info    : Synthesizing. [SYNTH-1]
        : Synthesizing 'FPU_unit' to generic gates using 'medium' effort.
Info    : Optimizing RTL. [RTLOPT-1]
        : Optimizing RTL in 'FPU_unit' using 'medium' effort.
Info    : Done optimizing RTL. [RTLOPT-2]
        : Done optimizing RTL in 'FPU_unit'.
  Setting attribute of root '/': 'super_thread_servers' = localhost localhost localhost localhost localhost localhost localhost localhost   
Info    : Done synthesizing. [SYNTH-2]
        : Done synthesizing 'FPU_unit' to generic gates.
Info    : Mapping. [SYNTH-4]
        : Mapping 'FPU_unit' using 'high' effort.
Multi-threaded constant propagation [1|0] ...
  Setting attribute of root '/': 'super_thread_servers' = localhost localhost localhost localhost localhost localhost localhost localhost   
Multi-threaded Virtual Mapping    (8 threads per ST process, 8 of 8 CPUs usable)
 
Global mapping target info
==========================
Cost Group 'default' target slack: -2858 ps
Target path end-point (Port: FPU_unit/o_32_s[16])

Multi-threaded Technology Mapping (8 threads per ST process, 8 of 8 CPUs usable)
 
Global mapping status
=====================
                                    Worst 
                           Total  Weighted
Operation                   Area  Neg Slk Worst Path
-------------------------------------------------------------------------------
 global_map                 3723    -3006  i_32_b[29] --> o_32_s[18]

    Cost Group            Target    Slack    Clock
--------------------------------------------------
       default             -2858    -3006   100000 

 
Global incremental target info
==============================
Cost Group 'default' target slack: -3006 ps
Target path end-point (Port: FPU_unit/o_32_s[18])

 
Global incremental optimization status
======================================
                                    Worst 
                           Total  Weighted
Operation                   Area  Neg Slk Worst Path
-------------------------------------------------------------------------------
 global_incr                2647    -3017  i_32_b[24] --> o_32_s[19]

    Cost Group            Target    Slack    Clock
--------------------------------------------------
       default             -3006    -3018   100000 

Info    : Done mapping. [SYNTH-5]
        : Done mapping 'FPU_unit'.
Info    : Incrementally optimizing. [SYNTH-7]
        : Incrementally optimizing 'FPU_unit' using 'high' effort.
Warning : The Parallel Incremental Optimization failed. [MAP-136]
        : Cannot run parallel IOPT, design size less than 130000
        : Switching to Normal Incremental Optimization flow.
 
Incremental optimization status
===============================
                                    Worst     Total - - DRC Totals - -
                           Total  Weighted     Neg      Max       Max 
Operation                   Area  Neg Slk     Slack    Trans      Cap 
-------------------------------------------------------------------------------
 init_iopt                  2641    -3016    -99097         0        0
            Path: i_32_b[24] --> o_32_s[28]
 const_prop                 2617    -3016    -99087         0        0
            Path: i_32_b[24] --> o_32_s[28]
 simp_cc_inputs             2585    -3007    -98746         0        0
            Path: i_32_b[24] --> o_32_s[19]
 hi_fo_buf                  2585    -3007    -98746         0        0
            Path: i_32_b[24] --> o_32_s[19]

           Trick     Calls     Accepts   Attempts    Time(secs) 
-----------------------------------------------------------
       hi_fo_buf         0  (        0 /        0 )  0.00

 
Incremental optimization status
===============================
                                    Worst     Total - - DRC Totals - -
                           Total  Weighted     Neg      Max       Max 
Operation                   Area  Neg Slk     Slack    Trans      Cap 
-------------------------------------------------------------------------------
 init_delay                 2585    -3007    -98746         0        0
            Path: i_32_b[24] --> o_32_s[19]
 incr_delay                 3051    -2891    -95431         0        0
            Path: i_32_a[30] --> o_32_s[25]
 incr_delay                 3199    -2859    -94529         0        0
            Path: i_32_a[30] --> o_32_s[25]
 incr_delay                 3283    -2851    -94365         0        0
            Path: i_32_b[29] --> o_32_s[22]
 incr_delay                 3302    -2848    -94276         0        0
            Path: i_32_a[30] --> o_32_s[29]
 incr_delay                 3309    -2847    -94258         0        0
            Path: i_32_a[30] --> o_32_s[29]
 incr_delay                 3321    -2846    -94219         0        0
            Path: i_32_b[24] --> o_32_s[29]
 incr_delay                 3343    -2841    -94055         0        0
            Path: i_32_b[24] --> o_32_s[29]
 incr_delay                 3367    -2837    -93935         0        0
            Path: i_32_b[24] --> o_32_s[29]
 incr_delay                 3383    -2835    -93864         0        0
            Path: i_32_b[24] --> o_32_s[29]
 incr_delay                 3396    -2834    -93836         0        0
            Path: i_32_b[24] --> o_32_s[29]
 incr_delay                 3426    -2831    -93977         0        0
            Path: i_32_b[24] --> o_32_s[29]
 incr_delay                 3436    -2829    -93926         0        0
            Path: i_32_b[24] --> o_32_s[29]
 incr_delay                 3441    -2829    -93923         0        0
            Path: i_32_b[24] --> o_32_s[29]

           Trick     Calls     Accepts   Attempts    Time(secs) 
-----------------------------------------------------------
        crit_msz      1938  (      492 /      539 )  5.13
       crit_upsz      1304  (       93 /      100 )  1.14
       crit_slew       966  (       11 /       18 )  0.59
        setup_dn       899  (        0 /        0 )  0.00
    plc_bal_star         0  (        0 /        0 )  0.00
     drc_buftimb         0  (        0 /        0 )  0.00
          plc_st       899  (        0 /        0 )  0.00
          plc_st       899  (        0 /        0 )  0.00
        plc_star       899  (        0 /        0 )  0.00
     drc_buftims         0  (        0 /        0 )  0.00
       plc_lo_st       899  (        0 /        0 )  0.00
            fopt       899  (        0 /        0 )  0.02
       crit_swap       920  (        2 /        2 )  0.37
       mux2_swap       900  (        0 /        0 )  0.04
       crit_dnsz      2563  (       42 /       44 )  1.76
       load_swap       883  (        0 /        0 )  0.63
            fopt      1132  (       54 /       69 )  1.19
        setup_dn       893  (        0 /        0 )  0.00
       load_isol      1325  (      111 /      111 )  3.74
       load_isol       955  (        7 /        7 )  0.69
        move_for      1047  (        9 /        9 )  0.50
        move_for       939  (        0 /        0 )  0.05
          rem_bi       939  (        0 /        0 )  0.00
         offload       939  (        0 /        0 )  0.00
          rem_bi       978  (        1 /       12 )  0.11
         offload      1041  (        3 /        5 )  0.13
           phase       969  (        0 /        0 )  0.00
        in_phase       969  (        0 /        0 )  0.00
       merge_bit      1118  (       28 /       34 )  0.15
     merge_idrvr       917  (        0 /        0 )  0.00
     merge_iload       917  (        0 /        0 )  0.00
    merge_idload       931  (        2 /       24 )  0.21
      merge_drvr       944  (        1 /       22 )  0.27
      merge_load       922  (        0 /       21 )  0.27
          decomp      1060  (       16 /       17 )  1.00
        p_decomp       899  (        0 /        0 )  0.46
        levelize       899  (        0 /       10 )  0.08
        mb_split       899  (        0 /        0 )  0.00
             dup       925  (        6 /        6 )  0.36
      mux_retime       886  (        0 /        5 )  0.01
         buf2inv       886  (        0 /        0 )  0.00
             exp        79  (       10 /       60 )  0.55
       gate_deco       445  (        3 /        3 )  4.25
       gcomp_tim      1827  (       40 /       46 )  5.35
  inv_pair_2_buf      1099  (        0 /        0 )  0.00

 incr_delay                 3472    -2825    -93767         0        0
            Path: i_32_a[23] --> o_32_s[17]
 incr_delay                 3526    -2815    -93523         0        0
            Path: i_32_a[23] --> o_32_s[29]
 incr_delay                 3565    -2807    -93253         0        0
            Path: i_32_b[30] --> o_32_s[23]
 incr_delay                 3577    -2803    -93231         0        0
            Path: i_32_b[26] --> o_32_s[29]
 incr_delay                 3688    -2777    -92385         0        0
            Path: i_32_b[28] --> o_32_s[23]
 incr_delay                 3717    -2772    -92230         0        0
            Path: i_32_b[28] --> o_32_s[30]
 incr_delay                 3732    -2766    -92067         0        0
            Path: i_32_b[28] --> o_32_s[30]
 incr_delay                 3789    -2757    -91786         0        0
            Path: i_32_b[28] --> o_32_s[26]
 incr_delay                 3796    -2756    -91738         0        0
            Path: i_32_b[28] --> o_32_s[26]
 incr_delay                 3790    -2751    -91385         0        0
            Path: i_32_b[28] --> o_32_s[29]
 incr_delay                 3871    -2741    -91119         0        0
            Path: i_32_b[28] --> o_32_s[18]
 incr_delay                 3871    -2741    -91115         0        0
            Path: i_32_b[29] --> o_32_s[23]
 incr_delay                 3897    -2737    -91014         0        0
            Path: i_32_b[29] --> o_32_s[23]
 incr_delay                 3905    -2737    -90994         0        0
            Path: i_32_b[29] --> o_32_s[23]
 incr_delay                 3908    -2737    -90988         0        0
            Path: i_32_b[29] --> o_32_s[23]
 incr_delay                 3920    -2736    -90983         0        0
            Path: i_32_b[29] --> o_32_s[18]
 incr_delay                 3920    -2736    -90973         0        0
            Path: i_32_b[29] --> o_32_s[28]
 incr_delay                 3934    -2734    -90934         0        0
            Path: i_32_b[29] --> o_32_s[23]
 incr_delay                 3942    -2733    -90888         0        0
            Path: i_32_b[29] --> o_32_s[30]
 incr_delay                 3940    -2733    -90888         0        0
            Path: i_32_b[29] --> o_32_s[23]
 incr_delay                 3978    -2729    -90777         0        0
            Path: i_32_b[29] --> o_32_s[23]

           Trick     Calls     Accepts   Attempts    Time(secs) 
-----------------------------------------------------------
         crr_220       161  (       24 /      161 )  17.28
        crr_glob       476  (       20 /       24 )  0.59
         crr_200       283  (       90 /      283 )  5.77
        crr_glob      1444  (       88 /       90 )  0.80
         crr_300       214  (       65 /      212 )  6.01
        crr_glob      1336  (       64 /       65 )  0.68
         crr_400       129  (       24 /      128 )  3.92
        crr_glob       567  (       23 /       24 )  0.30
         crr_111       465  (      165 /      465 )  24.36
        crr_glob      2661  (      141 /      165 )  2.32
         crr_210       189  (       37 /      189 )  7.59
        crr_glob       798  (       32 /       37 )  0.57
         crr_110       400  (       99 /      399 )  10.74
        crr_glob      1753  (       82 /       99 )  1.07
         crr_101       409  (      107 /      379 )  7.66
        crr_glob      2206  (       95 /      107 )  0.97
         crr_201       116  (       12 /      116 )  3.64
        crr_glob       322  (       11 /       12 )  0.28
         crr_211       218  (       30 /      218 )  13.55
        crr_glob       784  (       26 /       30 )  0.77
        crit_msz       362  (       69 /       84 )  0.92
       crit_upsz       288  (       31 /       34 )  0.29
       crit_slew       259  (       15 /       18 )  0.25
        setup_dn       301  (        0 /        0 )  0.00
    plc_bal_star         0  (        0 /        0 )  0.00
     drc_buftimb         0  (        0 /        0 )  0.00
          plc_st       290  (        0 /        0 )  0.00
          plc_st       290  (        0 /        0 )  0.00
        plc_star       145  (        0 /        0 )  0.00
     drc_buftims         0  (        0 /        0 )  0.00
       plc_lo_st       145  (        0 /        0 )  0.00
            fopt       382  (        7 /        9 )  0.23
       crit_swap       148  (        1 /        1 )  0.06
       mux2_swap       142  (        0 /        0 )  0.00
       crit_dnsz       400  (        7 /        7 )  0.28
       load_swap       142  (        0 /        0 )  0.11
            fopt       382  (        7 /        9 )  0.23
        setup_dn       301  (        0 /        0 )  0.00
       load_isol       425  (        6 /        6 )  0.69
       load_isol       425  (        6 /        6 )  0.69
        move_for       322  (        2 /        2 )  0.07
        move_for       322  (        2 /        2 )  0.07
          rem_bi       323  (        1 /        8 )  0.06
         offload       385  (        2 /        2 )  0.04
          rem_bi       323  (        1 /        8 )  0.06
         offload       385  (        2 /        2 )  0.04
       merge_bit       158  (        0 /        0 )  0.01
     merge_idrvr       152  (        0 /        0 )  0.00
     merge_iload       152  (        0 /        0 )  0.00
    merge_idload       152  (        0 /        6 )  0.05
      merge_drvr       152  (        0 /        4 )  0.05
      merge_load       152  (        0 /        4 )  0.05
           phase       152  (        0 /        0 )  0.00
          decomp       152  (        0 /        0 )  0.09
        p_decomp       152  (        0 /        0 )  0.05
        levelize       152  (        0 /        2 )  0.02
        mb_split       152  (        0 /        0 )  0.00
        in_phase       152  (        0 /        0 )  0.00
             dup       195  (        3 /        3 )  0.07
      mux_retime       181  (        0 /        3 )  0.01
         buf2inv       181  (        0 /        0 )  0.00
             exp        12  (        2 /       11 )  0.14
       gate_deco        44  (        0 /        0 )  0.43
       gcomp_tim       893  (       12 /       13 )  3.23
  inv_pair_2_buf       190  (        0 /        0 )  0.00
 init_drc                   3978    -2729    -90777         0        0
            Path: i_32_b[29] --> o_32_s[23]

           Trick     Calls     Accepts   Attempts    Time(secs) 
-----------------------------------------------------------
          plc_st         0  (        0 /        0 )  0.00
        plc_star         0  (        0 /        0 )  0.00
        drc_bufs         0  (        0 /        0 )  0.00
        drc_fopt         0  (        0 /        0 )  0.00
        drc_bufb         0  (        0 /        0 )  0.00
      simple_buf         0  (        0 /        0 )  0.00
             dup         0  (        0 /        0 )  0.00
       crit_dnsz         0  (        0 /        0 )  0.00
       crit_upsz         0  (        0 /        0 )  0.00
       crit_slew         0  (        0 /        0 )  0.00


           Trick     Calls     Accepts   Attempts    Time(secs) 
-----------------------------------------------------------
          plc_st         0  (        0 /        0 )  0.00
        plc_star         0  (        0 /        0 )  0.00
      drc_buf_sp         0  (        0 /        0 )  0.00
        drc_bufs         0  (        0 /        0 )  0.00
        drc_fopt         0  (        0 /        0 )  0.00
        drc_bufb         0  (        0 /        0 )  0.00
      simple_buf         0  (        0 /        0 )  0.00
             dup         0  (        0 /        0 )  0.00
       crit_dnsz         0  (        0 /        0 )  0.00
       crit_upsz         0  (        0 /        0 )  0.00


           Trick     Calls     Accepts   Attempts    Time(secs) 
-----------------------------------------------------------
          plc_st         0  (        0 /        0 )  0.00
        plc_star         0  (        0 /        0 )  0.00
      drc_buf_sp         0  (        0 /        0 )  0.00
        drc_bufs         0  (        0 /        0 )  0.00
        drc_fopt         0  (        0 /        0 )  0.00
        drc_bufb         0  (        0 /        0 )  0.00
             dup         0  (        0 /        0 )  0.00
       crit_dnsz         0  (        0 /        0 )  0.00
       crit_upsz         0  (        0 /        0 )  0.00

 init_tns                   3978    -2729    -90777         0        0
            Path: i_32_b[29] --> o_32_s[23]
 incr_tns                   3897    -2727    -90358         0        0
            Path: i_32_b[28] --> o_32_s[30]
 incr_tns                   3897    -2727    -90358         0        0
            Path: i_32_b[28] --> o_32_s[30]

           Trick     Calls     Accepts   Attempts    Time(secs) 
-----------------------------------------------------------
            fopt       603  (        0 /        0 )  0.11
    plc_bal_star         0  (        0 /        0 )  0.00
     drc_buftimb         0  (        0 /        0 )  0.00
     drc_buftims         0  (        0 /        0 )  0.00
        crit_msz       603  (       87 /      166 )  1.21
       crit_upsz       516  (       10 /       26 )  0.46
       plc_lo_st       506  (        0 /        0 )  0.00
       crit_swap       506  (        4 /       12 )  0.21
       mux2_swap       502  (        0 /        0 )  0.05
       crit_dnsz       848  (       14 /       58 )  0.64
       load_swap       488  (        0 /       17 )  0.27
            fopt       488  (        5 /        6 )  0.28
        setup_dn       483  (        0 /        0 )  0.00
       load_isol       483  (        1 /        1 )  1.08
       load_isol       482  (        1 /        1 )  0.18
        move_for       481  (        4 /        6 )  0.13
        move_for       477  (        0 /        0 )  0.05
          rem_bi       477  (        3 /        3 )  0.02
         offload       474  (        1 /        1 )  0.01
          rem_bi       473  (        4 /        5 )  0.08
         offload       469  (        0 /        1 )  0.11
       merge_bit       487  (        2 /        7 )  0.03
     merge_idrvr       468  (        0 /        0 )  0.00
     merge_iload       468  (        0 /        0 )  0.00
    merge_idload       468  (        1 /        1 )  0.08
      merge_drvr       467  (        0 /        0 )  0.02
      merge_load       467  (        0 /        0 )  0.01
           phase       467  (        0 /        0 )  0.00
          decomp       467  (        1 /        1 )  0.34
        p_decomp       466  (        0 /        0 )  0.13
        levelize       466  (        0 /        0 )  0.01
        mb_split       466  (        0 /        0 )  0.00
             dup       466  (        0 /        0 )  0.09
      mux_retime       466  (        0 /       11 )  0.03
       crr_local       466  (       29 /       57 )  8.26
         buf2inv       437  (        0 /        0 )  0.00

 init_area                  3897    -2727    -90358         0        0
            Path: i_32_b[28] --> o_32_s[30]
 undup                      3894    -2727    -90358         0        0
            Path: i_32_b[28] --> o_32_s[30]
 rem_buf                    3819    -2727    -90364         0        0
            Path: i_32_b[28] --> o_32_s[30]
 rem_inv                    3762    -2727    -90366         0        0
            Path: i_32_b[28] --> o_32_s[30]
 merge_bi                   3714    -2727    -90368         0        0
            Path: i_32_b[28] --> o_32_s[30]
 merge_bi                   3712    -2727    -90368         0        0
            Path: i_32_b[28] --> o_32_s[30]
 io_phase                   3675    -2727    -90358         0        0
            Path: i_32_b[28] --> o_32_s[30]
 gate_comp                  3647    -2727    -90358         0        0
            Path: i_32_b[28] --> o_32_s[30]
 glob_area                  3609    -2727    -90355         0        0
            Path: i_32_b[28] --> o_32_s[30]
 area_down                  3534    -2726    -90352         0        0
            Path: i_32_b[29] --> o_32_s[30]
 rem_buf                    3528    -2726    -90352         0        0
            Path: i_32_b[29] --> o_32_s[30]
 rem_inv                    3525    -2726    -90352         0        0
            Path: i_32_b[29] --> o_32_s[30]
 merge_bi                   3524    -2726    -90352         0        0
            Path: i_32_b[29] --> o_32_s[30]

           Trick     Calls     Accepts   Attempts    Time(secs) 
-----------------------------------------------------------
           undup        11  (        1 /        1 )  0.02
         rem_buf       138  (       42 /       46 )  0.23
         rem_inv       135  (       50 /       59 )  0.25
        merge_bi       115  (       63 /       77 )  0.26
      rem_inv_qb         0  (        0 /        0 )  0.00
    seq_res_area         0  (        0 /        0 )  0.00
        io_phase       242  (       72 /       93 )  0.53
       gate_comp      1138  (       55 /       68 )  2.16
       gcomp_mog         1  (        0 /        0 )  0.12
       glob_area        83  (       41 /       83 )  0.72
       area_down       223  (       83 /       99 )  0.70
  gate_deco_area         0  (        0 /        0 )  0.00
         rem_buf        90  (        4 /       12 )  0.14
         rem_inv        66  (        5 /       10 )  0.11
        merge_bi        45  (        3 /        9 )  0.10
      rem_inv_qb         0  (        0 /        0 )  0.00

 
Incremental optimization status
===============================
                                    Worst     Total - - DRC Totals - -
                           Total  Weighted     Neg      Max       Max 
Operation                   Area  Neg Slk     Slack    Trans      Cap 
-------------------------------------------------------------------------------
 init_delay                 3524    -2726    -90352         0        0
            Path: i_32_b[29] --> o_32_s[30]
 incr_delay                 3532    -2726    -90345         0        0
            Path: i_32_b[29] --> o_32_s[30]
 incr_delay                 3546    -2726    -90330         0        0
            Path: i_32_b[28] --> o_32_s[30]
 incr_delay                 3564    -2725    -90303         0        0
            Path: i_32_a[25] --> o_32_s[30]
 incr_delay                 3567    -2723    -90247         0        0
            Path: i_32_b[28] --> o_32_s[30]
 incr_delay                 3586    -2722    -90308         0        0
            Path: i_32_b[28] --> o_32_s[30]
 incr_delay                 3590    -2721    -90301         0        0
            Path: i_32_a[30] --> o_32_s[30]
 incr_delay                 3599    -2720    -90254         0        0
            Path: i_32_b[28] --> o_32_s[30]
 incr_delay                 3603    -2719    -90250         0        0
            Path: i_32_b[28] --> o_32_s[29]
 incr_delay                 3635    -2718    -90212         0        0
            Path: i_32_b[28] --> o_32_s[29]

           Trick     Calls     Accepts   Attempts    Time(secs) 
-----------------------------------------------------------
         crr_220        66  (        5 /       65 )  6.85
        crr_glob       193  (        4 /        5 )  0.21
         crr_200        81  (       12 /       81 )  1.59
        crr_glob       201  (       10 /       12 )  0.15
         crr_300        72  (       13 /       71 )  1.67
        crr_glob       268  (       13 /       13 )  0.14
         crr_400        68  (       18 /       68 )  2.30
        crr_glob       368  (       18 /       18 )  0.17
         crr_111       132  (       24 /      132 )  4.98
        crr_glob       447  (       21 /       24 )  0.36
         crr_210        70  (        7 /       70 )  3.02
        crr_glob       216  (        6 /        7 )  0.17
         crr_110       156  (       23 /      155 )  4.04
        crr_glob       587  (       20 /       23 )  0.32
         crr_101        78  (        5 /       72 )  1.52
        crr_glob       168  (        5 /        5 )  0.11
         crr_201        40  (        0 /       40 )  1.21
        crr_glob        68  (        0 /        0 )  0.06
         crr_211        40  (        0 /       40 )  2.89
        crr_glob        68  (        0 /        0 )  0.09
        crit_msz       162  (       22 /       25 )  0.48
       crit_upsz        69  (        0 /        0 )  0.06
       crit_slew        69  (        0 /        0 )  0.04
        setup_dn       138  (        0 /        0 )  0.00
    plc_bal_star         0  (        0 /        0 )  0.00
     drc_buftimb         0  (        0 /        0 )  0.00
          plc_st       138  (        0 /        0 )  0.00
          plc_st       138  (        0 /        0 )  0.00
        plc_star        69  (        0 /        0 )  0.00
     drc_buftims         0  (        0 /        0 )  0.00
       plc_lo_st        69  (        0 /        0 )  0.00
            fopt       138  (        0 /        1 )  0.06
       crit_swap        69  (        0 /        0 )  0.03
       mux2_swap        69  (        0 /        0 )  0.01
       crit_dnsz       133  (        0 /        0 )  0.07
       load_swap        69  (        0 /        0 )  0.03
            fopt       138  (        0 /        1 )  0.06
        setup_dn       138  (        0 /        0 )  0.00
       load_isol       221  (        4 /        4 )  0.37
       load_isol       221  (        4 /        4 )  0.37
        move_for       192  (        1 /        1 )  0.03
        move_for       192  (        1 /        1 )  0.03
          rem_bi       190  (        0 /        1 )  0.01
         offload       190  (        0 /        0 )  0.00
          rem_bi       190  (        0 /        1 )  0.01
         offload       190  (        0 /        0 )  0.00
       merge_bit        98  (        0 /        0 )  0.00
     merge_idrvr        95  (        0 /        0 )  0.00
     merge_iload        95  (        0 /        0 )  0.00
    merge_idload        95  (        0 /        6 )  0.06
      merge_drvr        95  (        0 /        1 )  0.01
      merge_load        95  (        0 /        1 )  0.01
           phase        95  (        0 /        0 )  0.00
          decomp        92  (        1 /        1 )  0.04
        p_decomp        87  (        0 /        0 )  0.04
        levelize        87  (        0 /        1 )  0.01
        mb_split        87  (        0 /        0 )  0.00
        in_phase        87  (        0 /        0 )  0.00
             dup        87  (        0 /        0 )  0.02
      mux_retime        87  (        0 /        0 )  0.00
         buf2inv        87  (        0 /        0 )  0.00
             exp        13  (        1 /       11 )  0.18
       gate_deco        18  (        0 /        0 )  0.21
       gcomp_tim       275  (        0 /        1 )  0.96
  inv_pair_2_buf        85  (        0 /        0 )  0.00
 init_drc                   3635    -2718    -90212         0        0
            Path: i_32_b[28] --> o_32_s[29]

           Trick     Calls     Accepts   Attempts    Time(secs) 
-----------------------------------------------------------
          plc_st         0  (        0 /        0 )  0.00
        plc_star         0  (        0 /        0 )  0.00
        drc_bufs         0  (        0 /        0 )  0.00
        drc_fopt         0  (        0 /        0 )  0.00
        drc_bufb         0  (        0 /        0 )  0.00
      simple_buf         0  (        0 /        0 )  0.00
             dup         0  (        0 /        0 )  0.00
       crit_dnsz         0  (        0 /        0 )  0.00
       crit_upsz         0  (        0 /        0 )  0.00
       crit_slew         0  (        0 /        0 )  0.00


           Trick     Calls     Accepts   Attempts    Time(secs) 
-----------------------------------------------------------
          plc_st         0  (        0 /        0 )  0.00
        plc_star         0  (        0 /        0 )  0.00
        drc_bufs         0  (        0 /        0 )  0.00
        drc_fopt         0  (        0 /        0 )  0.00
        drc_bufb         0  (        0 /        0 )  0.00
      simple_buf         0  (        0 /        0 )  0.00
             dup         0  (        0 /        0 )  0.00
       crit_dnsz         0  (        0 /        0 )  0.00
       crit_upsz         0  (        0 /        0 )  0.00


           Trick     Calls     Accepts   Attempts    Time(secs) 
-----------------------------------------------------------
          plc_st         0  (        0 /        0 )  0.00
        plc_star         0  (        0 /        0 )  0.00
        drc_bufs         0  (        0 /        0 )  0.00
        drc_fopt         0  (        0 /        0 )  0.00
        drc_bufb         0  (        0 /        0 )  0.00
             dup         0  (        0 /        0 )  0.00
       crit_dnsz         0  (        0 /        0 )  0.00
       crit_upsz         0  (        0 /        0 )  0.00

 init_tns                   3635    -2718    -90212         0        0
            Path: i_32_b[28] --> o_32_s[29]
 incr_tns                   3615    -2718    -90165         0        0
            Path: i_32_b[28] --> o_32_s[26]
 incr_tns                   3615    -2718    -90165         0        0
            Path: i_32_b[28] --> o_32_s[26]

           Trick     Calls     Accepts   Attempts    Time(secs) 
-----------------------------------------------------------
            fopt       222  (        0 /        1 )  0.05
    plc_bal_star         0  (        0 /        0 )  0.00
     drc_buftimb         0  (        0 /        0 )  0.00
     drc_buftims         0  (        0 /        0 )  0.00
        crit_msz       222  (       18 /       40 )  0.42
       crit_upsz       204  (        5 /       18 )  0.22
       plc_lo_st       199  (        0 /        0 )  0.00
       crit_swap       199  (        2 /        7 )  0.10
       mux2_swap       197  (        0 /        0 )  0.01
       crit_dnsz       403  (        6 /       25 )  0.27
       load_swap       191  (        0 /        4 )  0.11
            fopt       191  (        0 /        2 )  0.12
        setup_dn       191  (        0 /        0 )  0.00
       load_isol       191  (        0 /        2 )  0.47
       load_isol       191  (        0 /        0 )  0.11
        move_for       191  (        0 /        2 )  0.06
        move_for       191  (        0 /        1 )  0.02
          rem_bi       191  (        0 /        0 )  0.00
         offload       191  (        0 /        1 )  0.00
          rem_bi       191  (        3 /        3 )  0.03
         offload       188  (        0 /        1 )  0.03
       merge_bit       192  (        1 /        1 )  0.01
     merge_idrvr       187  (        0 /        0 )  0.00
     merge_iload       187  (        0 /        0 )  0.00
    merge_idload       187  (        0 /        1 )  0.03
      merge_drvr       187  (        0 /        0 )  0.01
      merge_load       187  (        0 /        0 )  0.02
           phase       187  (        0 /        0 )  0.00
          decomp       187  (        0 /        1 )  0.13
        p_decomp       187  (        0 /        0 )  0.05
        levelize       187  (        0 /        0 )  0.01
        mb_split       187  (        0 /        0 )  0.00
             dup       187  (        0 /        0 )  0.05
      mux_retime       187  (        0 /        0 )  0.00
       crr_local       187  (        4 /       13 )  3.22
         buf2inv       183  (        0 /        0 )  0.00

 init_area                  3615    -2718    -90165         0        0
            Path: i_32_b[28] --> o_32_s[26]
 undup                      3614    -2718    -90165         0        0
            Path: i_32_b[28] --> o_32_s[26]
 rem_buf                    3595    -2718    -90165         0        0
            Path: i_32_b[28] --> o_32_s[26]
 rem_inv                    3591    -2718    -90165         0        0
            Path: i_32_b[28] --> o_32_s[26]
 merge_bi                   3586    -2718    -90165         0        0
            Path: i_32_b[26] --> o_32_s[26]
 io_phase                   3570    -2718    -90163         0        0
            Path: i_32_b[26] --> o_32_s[28]
 gate_comp                  3560    -2718    -90161         0        0
            Path: i_32_b[26] --> o_32_s[28]
 glob_area                  3551    -2718    -90161         0        0
            Path: i_32_b[26] --> o_32_s[28]
 area_down                  3504    -2717    -90152         0        0
            Path: i_32_b[27] --> o_32_s[26]

           Trick     Calls     Accepts   Attempts    Time(secs) 
-----------------------------------------------------------
           undup         8  (        1 /        2 )  0.02
         rem_buf        98  (       12 /       17 )  0.18
         rem_inv        68  (        7 /       11 )  0.24
        merge_bi        46  (       10 /       16 )  0.25
      rem_inv_qb         0  (        0 /        0 )  0.00
        io_phase       181  (       36 /       45 )  0.55
       gate_comp      1077  (       14 /       18 )  2.25
       gcomp_mog         0  (        0 /        0 )  0.10
       glob_area        83  (       12 /       83 )  0.67
       area_down       212  (       50 /       59 )  0.66
  gate_deco_area         0  (        0 /        0 )  0.00

 
Incremental optimization status
===============================
                                    Worst     Total - - DRC Totals - -
                           Total  Weighted     Neg      Max       Max 
Operation                   Area  Neg Slk     Slack    Trans      Cap 
-------------------------------------------------------------------------------
 init_delay                 3504    -2717    -90152         0        0
            Path: i_32_b[27] --> o_32_s[26]
 incr_delay                 3518    -2716    -90122         0        0
            Path: i_32_b[28] --> o_32_s[29]
 incr_delay                 3546    -2716    -90112         0        0
            Path: i_32_b[28] --> o_32_s[29]
 incr_delay                 3563    -2715    -90094         0        0
            Path: i_32_b[26] --> o_32_s[29]
 incr_delay                 3582    -2714    -90062         0        0
            Path: i_32_b[29] --> o_32_s[29]
 incr_delay                 3584    -2714    -90052         0        0
            Path: i_32_b[28] --> o_32_s[29]

           Trick     Calls     Accepts   Attempts    Time(secs) 
-----------------------------------------------------------
        crit_msz       741  (       53 /       72 )  1.62
       crit_upsz       581  (        9 /        9 )  0.60
       crit_slew       511  (        2 /        4 )  0.41
        setup_dn       502  (        0 /        0 )  0.00
    plc_bal_star         0  (        0 /        0 )  0.00
     drc_buftimb         0  (        0 /        0 )  0.00
          plc_st       502  (        0 /        0 )  0.00
          plc_st       502  (        0 /        0 )  0.00
        plc_star       502  (        0 /        0 )  0.00
     drc_buftims         0  (        0 /        0 )  0.00
       plc_lo_st       502  (        0 /        0 )  0.00
            fopt       502  (        0 /        0 )  0.01
       crit_swap       502  (        0 /        0 )  0.30
       mux2_swap       502  (        0 /        0 )  0.03
       crit_dnsz      1214  (        4 /        4 )  0.92
       load_swap       506  (        0 /        0 )  0.35
            fopt       520  (        2 /        7 )  0.42
        setup_dn       495  (        0 /        0 )  0.00
       load_isol       572  (        6 /        6 )  1.63
       load_isol       524  (        1 /        1 )  0.32
        move_for       510  (        0 /        1 )  0.22
        move_for       510  (        0 /        0 )  0.03
          rem_bi       524  (        1 /        1 )  0.01
         offload       477  (        0 /        0 )  0.00
          rem_bi       477  (        0 /        7 )  0.06
         offload       553  (        1 /        1 )  0.06
           phase       507  (        0 /        0 )  0.00
        in_phase       507  (        0 /        0 )  0.00
       merge_bit       523  (        0 /        0 )  0.02
     merge_idrvr       507  (        0 /        0 )  0.00
     merge_iload       507  (        0 /        0 )  0.00
    merge_idload       507  (        0 /       10 )  0.08
      merge_drvr       507  (        0 /        6 )  0.06
      merge_load       507  (        0 /        6 )  0.06
          decomp       538  (        4 /        4 )  0.36
        p_decomp       488  (        0 /        0 )  0.14
        levelize       488  (        0 /        4 )  0.03
        mb_split       488  (        0 /        0 )  0.00
             dup       488  (        0 /        0 )  0.11
      mux_retime       488  (        0 /        0 )  0.00
         buf2inv       488  (        0 /        0 )  0.00
             exp        64  (        2 /       56 )  0.81
       gate_deco       130  (        0 /        0 )  1.26
       gcomp_tim       761  (        2 /        3 )  1.94
  inv_pair_2_buf       548  (        0 /        0 )  0.00

 init_drc                   3584    -2714    -90052         0        0
            Path: i_32_b[28] --> o_32_s[29]

           Trick     Calls     Accepts   Attempts    Time(secs) 
-----------------------------------------------------------
          plc_st         0  (        0 /        0 )  0.00
        plc_star         0  (        0 /        0 )  0.00
        drc_bufs         0  (        0 /        0 )  0.00
        drc_fopt         0  (        0 /        0 )  0.00
        drc_bufb         0  (        0 /        0 )  0.00
      simple_buf         0  (        0 /        0 )  0.00
             dup         0  (        0 /        0 )  0.00
       crit_dnsz         0  (        0 /        0 )  0.00
       crit_upsz         0  (        0 /        0 )  0.00
       crit_slew         0  (        0 /        0 )  0.00


           Trick     Calls     Accepts   Attempts    Time(secs) 
-----------------------------------------------------------
          plc_st         0  (        0 /        0 )  0.00
        plc_star         0  (        0 /        0 )  0.00
        drc_bufs         0  (        0 /        0 )  0.00
        drc_fopt         0  (        0 /        0 )  0.00
        drc_bufb         0  (        0 /        0 )  0.00
      simple_buf         0  (        0 /        0 )  0.00
             dup         0  (        0 /        0 )  0.00
       crit_dnsz         0  (        0 /        0 )  0.00
       crit_upsz         0  (        0 /        0 )  0.00


           Trick     Calls     Accepts   Attempts    Time(secs) 
-----------------------------------------------------------
          plc_st         0  (        0 /        0 )  0.00
        plc_star         0  (        0 /        0 )  0.00
        drc_bufs         0  (        0 /        0 )  0.00
        drc_fopt         0  (        0 /        0 )  0.00
        drc_bufb         0  (        0 /        0 )  0.00
             dup         0  (        0 /        0 )  0.00
       crit_dnsz         0  (        0 /        0 )  0.00
       crit_upsz         0  (        0 /        0 )  0.00

Info    : Done incrementally optimizing. [SYNTH-8]
        : Done incrementally optimizing 'FPU_unit'.
============================================================
  Generated by:           Genus(TM) Synthesis Solution GENUS15.20 - 15.20-p004_1
  Generated on:           Nov 22 2025  05:56:33 am
  Module:                 FPU_unit
  Technology libraries:   slow_vdd1v2 1.0
                          abstract_models 
  Operating conditions:   PVT_1P08V_125C (balanced_tree)
  Wireload mode:          enclosed
  Area mode:              timing library
============================================================

-------------------------------------------------------------------------------
Inputs without external driver/transition

The following primary inputs have no external driver or input transition set.   
As a result the transition on the ports will be assumed as zero. The            
'external_driver' attribute is used to add and external driver or the           
'fixed_slew' attribute to add an external transition.                           

port:FPU_unit/i_32_a[0]
port:FPU_unit/i_32_a[10]
port:FPU_unit/i_32_a[11]
  ... 62 other warnings in this category.
 Use the -verbose option for more details.
-------------------------------------------------------------------------------

-------------------------------------------------------------------------------
Outputs without external load

The following primary outputs have no external load set. As a result the load   
on the ports will be assumed as zero. The 'external_pin_cap' attribute is used  
to add and external pin cap.                                                    

port:FPU_unit/o_32_s[0]
port:FPU_unit/o_32_s[10]
port:FPU_unit/o_32_s[11]
  ... 31 other warnings in this category.
 Use the -verbose option for more details.
-------------------------------------------------------------------------------


Lint summary
 Generated clocks without clock waveform                          0
 Generated clocks with incompatible options                       0
 Generated clocks with multi-master clock                         0
 Paths constrained with different clocks                          0
 Loop-breaking cells for combinational feedback                   0
 Nets with multiple drivers                                       0
 Timing exceptions with no effect                                 0
 Suspicious multi_cycle exceptions                                0
 Pins/ports with conflicting case constants                       0
 Inputs without clocked external delays                           0
 Outputs without clocked external delays                          0
 Inputs without external driver/transition                       65
 Outputs without external load                                   34
 Exceptions with invalid timing start-/endpoints                  0

                                                  Total:         99
Warning : Possible timing problems have been detected in this design. [TIM-11]
        : The design is 'FPU_unit'.
        : Use 'report timing -lint' for more information.
Beginning report datapath command
Warning : The filename, column and line number information will not be available in the report. [RPT_DP-100]
        : The attribute for getting HDL filename and line number is not set.
        : You must set the 'hdl_track_filename_row_col' attribute to 'true' (before elaborate) to enable filename, column, and line number tracking in the datapath report.
WARNING: This version of the tool is 3661 days old.
Normal exit.