xrun(64): 20.09-s001: (c) Copyright 1995-2020 Cadence Design Systems, Inc.
TOOL:	xrun(64)	20.09-s001: Started on Jan 02, 2026 at 01:39:59 EST
xrun
	+xm64bit
	-sv
	-f ./../Topmodule/flist.f
		+incdir+./../Topmodule/lib/
		./../Topmodule/tb_FPU_unit.sv
		./../../02_rtl/FPU_unit.sv
		./../../02_rtl/CLA_4bit.sv
		./../../02_rtl/CLA_8bit.sv
		./../../02_rtl/CLA_24bit.sv
		./../../02_rtl/COMP_4bit.sv
		./../../02_rtl/COMP_8bit.sv
		./../../02_rtl/COMP_24bit.sv
		./../../02_rtl/EXP_adjust.sv
		./../../02_rtl/EXP_comp.sv
		./../../02_rtl/EXP_rounding.sv
		./../../02_rtl/EXP_sub.sv
		./../../02_rtl/EXP_swap.sv
		./../../02_rtl/LOPD_4bit.sv
		./../../02_rtl/LOPD_8bit.sv
		./../../02_rtl/LOPD_16bit.sv
		./../../02_rtl/LOPD_24bit.sv
		./../../02_rtl/CLS_4bit.sv
		./../../02_rtl/MAN_ALU.sv
		./../../02_rtl/MAN_rounding.sv
		./../../02_rtl/MAN_swap.sv
		./../../02_rtl/NOR_unit.sv
		./../../02_rtl/PSC_unit.sv
		./../../02_rtl/SHF_left.sv
		./../../02_rtl/SHF_right.sv
		./../../02_rtl/SIGN_unit.sv
	-top tb_FPU_unit
	-access +rwc
	-clean
	-log ./../Topmodule/Xcelium/compile.log
	+nctimescale+1ns/1ps
	+ntb_random_seed=automatic
	-allowredefinition
	-v93

   User defined plus("+") options:
	+ntb_random_seed=automatic

xrun: *W,OPDEPRREN: Command Line Option (+nctimescale+1ns/1ps) is deprecated. Use (+xmtimescale+1ns/1ps) instead.
xrun: *N,CLEAN: Removing existing directory ./xcelium.d.
file: ./../Topmodule/tb_FPU_unit.sv
	module worklib.tb_FPU_unit:sv
		errors: 0, warnings: 0
file: ./../../02_rtl/FPU_unit.sv
	module worklib.FPU_unit:sv
		errors: 0, warnings: 0
file: ./../../02_rtl/CLA_4bit.sv
	module worklib.CLA_4bit:sv
		errors: 0, warnings: 0
file: ./../../02_rtl/CLA_8bit.sv
	module worklib.CLA_8bit:sv
		errors: 0, warnings: 0
file: ./../../02_rtl/CLA_24bit.sv
	module worklib.CLA_24bit:sv
		errors: 0, warnings: 0
file: ./../../02_rtl/COMP_4bit.sv
	module worklib.COMP_4bit:sv
		errors: 0, warnings: 0
file: ./../../02_rtl/COMP_8bit.sv
	module worklib.COMP_8bit:sv
		errors: 0, warnings: 0
file: ./../../02_rtl/COMP_24bit.sv
	module worklib.COMP_24bit:sv
		errors: 0, warnings: 0
file: ./../../02_rtl/EXP_adjust.sv
	module worklib.EXP_adjust:sv
		errors: 0, warnings: 0
file: ./../../02_rtl/EXP_comp.sv
	module worklib.EXP_comp:sv
		errors: 0, warnings: 0
file: ./../../02_rtl/EXP_rounding.sv
	module worklib.EXP_rounding:sv
		errors: 0, warnings: 0
file: ./../../02_rtl/EXP_sub.sv
	module worklib.EXP_sub:sv
		errors: 0, warnings: 0
file: ./../../02_rtl/EXP_swap.sv
	module worklib.EXP_swap:sv
		errors: 0, warnings: 0
file: ./../../02_rtl/LOPD_4bit.sv
	module worklib.LOPD_4bit:sv
		errors: 0, warnings: 0
file: ./../../02_rtl/LOPD_8bit.sv
	module worklib.LOPD_8bit:sv
		errors: 0, warnings: 0
file: ./../../02_rtl/LOPD_16bit.sv
	module worklib.LOPD_16bit:sv
		errors: 0, warnings: 0
file: ./../../02_rtl/LOPD_24bit.sv
	module worklib.LOPD_24bit:sv
		errors: 0, warnings: 0
file: ./../../02_rtl/CLS_4bit.sv
	module worklib.CLS_4bit:sv
		errors: 0, warnings: 0
file: ./../../02_rtl/MAN_ALU.sv
	module worklib.MAN_ALU:sv
		errors: 0, warnings: 0
file: ./../../02_rtl/MAN_rounding.sv
	module worklib.MAN_rounding:sv
		errors: 0, warnings: 0
file: ./../../02_rtl/MAN_swap.sv
	module worklib.MAN_swap:sv
		errors: 0, warnings: 0
file: ./../../02_rtl/NOR_unit.sv
	module worklib.NOR_unit:sv
		errors: 0, warnings: 0
file: ./../../02_rtl/PSC_unit.sv
	module worklib.PSC_unit:sv
		errors: 0, warnings: 0
file: ./../../02_rtl/SHF_left.sv
	module worklib.SHF_left:sv
		errors: 0, warnings: 0
file: ./../../02_rtl/SHF_right.sv
	module worklib.SHF_right:sv
		errors: 0, warnings: 0
file: ./../../02_rtl/SIGN_unit.sv
	module worklib.SIGN_unit:sv
		errors: 0, warnings: 0
xmvlog: *W,SPDUSD: Include directory ./../Topmodule/lib/ given but not used.
	Total errors/warnings found outside modules and primitives:
		errors: 0, warnings: 1
	Elaborating the design hierarchy:
		Caching library 'worklib' ....... Done
	Top level design units:
		$unit_0x0783efc7
		tb_FPU_unit
xmelab: *W,DSEMEL: This SystemVerilog design will be simulated as per IEEE 1800-2009 SystemVerilog simulation semantics. Use -disable_sem2009 option for turning off SV 2009 simulation semantics.
	Building instance overlay tables: .................... Done
	Generating native compiled code:
		worklib.NOR_unit:sv <0x56541a48>
			streams:   2, words:   917
		worklib.EXP_adjust:sv <0x379ce2f1>
			streams:   6, words:  1783
		worklib.LOPD_8bit:sv <0x48180f81>
			streams:   5, words:  2314
		worklib.LOPD_8bit:sv <0x261ceed0>
			streams:   5, words:  2314
		worklib.LOPD_16bit:sv <0x38e8c88c>
			streams:  10, words:  3832
		worklib.LOPD_24bit:sv <0x014b760e>
			streams:  15, words:  5494
		worklib.MAN_ALU:sv <0x0b8cee39>
			streams:   9, words:  2873
		worklib.CLS_4bit:sv <0x7cdc8268>
			streams:   7, words:  2353
		worklib.PSC_unit:sv <0x393aa9eb>
			streams:   7, words:  3000
		worklib.SIGN_unit:sv <0x4f0bb3b4>
			streams:   1, words:   370
		worklib.COMP_24bit:sv <0x07f41392>
			streams:  13, words:  5452
		worklib.MAN_swap:sv <0x617119b3>
			streams:   2, words:   562
		worklib.CLA_4bit:sv <0x2086fdd2>
			streams:   9, words:  3384
		worklib.CLA_8bit:sv <0x32c68622>
			streams:  13, words:  4418
		worklib.EXP_sub:sv <0x07d122e5>
			streams:   4, words:  1006
		worklib.EXP_swap:sv <0x1b0461de>
			streams:   2, words:   559
		worklib.COMP_4bit:sv <0x15127d3d>
			streams:   2, words:  1737
		worklib.COMP_8bit:sv <0x4666ed18>
			streams:   5, words:  1802
		worklib.EXP_comp:sv <0x5c8d43f3>
			streams:   1, words:   393
		worklib.FPU_unit:sv <0x6660eefb>
			streams:  69, words: 18925
		worklib.tb_FPU_unit:sv <0x3fce2c3b>
			streams:  18, words: 45257
		worklib.SHF_right:sv <0x7d82b7c2>
			streams:   7, words:  4020
		worklib.CLA_24bit:sv <0x05290e1e>
			streams:  44, words: 14667
		worklib.SHF_left:sv <0x41353326>
			streams:   7, words:  3911
		worklib.MAN_rounding:sv <0x154f4dc7>
			streams:  31, words: 12810
		worklib.EXP_rounding:sv <0x683b1792>
			streams:   9, words:  3824
		worklib.\$unit_0x0783efc7 :compilation_unit <0x08ba6742>
			streams:  11, words: 10429
	Building instance specific data structures.
	Loading native compiled code:     .................... Done
	Design hierarchy summary:
		                 Instances  Unique
		Modules:                45      25
		Registers:             346     237
		Scalar wires:          305       -
		Expanded wires:         80       5
		Vectored wires:        201       -
		Initial blocks:          6       6
		Parallel blocks:         1       1
		Cont. assignments:     251     106
		Pseudo assignments:    157     146
		Compilation units:       1       1
		Simulation timescale:  1ps
	Writing initial simulation snapshot: worklib.tb_FPU_unit:sv
Loading snapshot worklib.tb_FPU_unit:sv .................... Done
xmsim: *W,DSEM2009: This SystemVerilog design is simulated as per IEEE 1800-2009 SystemVerilog simulation semantics. Use -disable_sem2009 option for turning off SV 2009 simulation semantics.
xcelium> source /opt/cadence/XCELIUM2009/tools/xcelium/files/xmsimrc
xcelium> run
==========[ ADD_POS_POS ]==========
FPU_A = 3fc00000 (1.5000)
FPU_B = 40100000 (2.2500)
[ADD][ADD]i_32_a=3fc00000 (1.500000000000000000000000) + i_32_b=40100000 (2.250000000000000000000000) 	| o_32_s=40700000 (3.750000000000000000000000) 	| o_ov_flow=0, o_un_flow=0
=> PASS: expect=3.750000000000000000000000 (40700000), dut=3.750000000000000000000000 (40700000), rounding_error=0.00000000 % (exp_error = 0.00001192 %)
[ADD][ADD]i_32_a=40100000 (2.250000000000000000000000) + i_32_b=3fc00000 (1.500000000000000000000000) 	| o_32_s=40700000 (3.750000000000000000000000) 	| o_ov_flow=0, o_un_flow=0
=> PASS: expect=3.750000000000000000000000 (40700000), dut=3.750000000000000000000000 (40700000), rounding_error=0.00000000 % (exp_error = 0.00001192 %)
[ADD][SUB]i_32_a=3fc00000 (1.500000000000000000000000) - i_32_b=40100000 (2.250000000000000000000000) 	| o_32_s=bf400000 (-0.750000000000000000000000) 	| o_ov_flow=0, o_un_flow=1
=> PASS: expect=-0.750000000000000000000000 (bf400000), dut=-0.750000000000000000000000 (bf400000), rounding_error=0.00000000 % (exp_error = 0.00001192 %)
[ADD][SUB]i_32_a=40100000 (2.250000000000000000000000) - i_32_b=3fc00000 (1.500000000000000000000000) 	| o_32_s=3f400000 (0.750000000000000000000000) 	| o_ov_flow=0, o_un_flow=1
=> PASS: expect=0.750000000000000000000000 (3f400000), dut=0.750000000000000000000000 (3f400000), rounding_error=0.00000000 % (exp_error = 0.00001192 %)
==========[ ADD_NEG_NEG ]==========
FPU_A = bfc00000 (-1.5000)
FPU_B = c0100000 (-2.2500)
[ADD][ADD]i_32_a=bfc00000 (-1.500000000000000000000000) + i_32_b=c0100000 (-2.250000000000000000000000) 	| o_32_s=c0700000 (-3.750000000000000000000000) 	| o_ov_flow=0, o_un_flow=0
=> PASS: expect=-3.750000000000000000000000 (c0700000), dut=-3.750000000000000000000000 (c0700000), rounding_error=0.00000000 % (exp_error = 0.00001192 %)
[ADD][ADD]i_32_a=c0100000 (-2.250000000000000000000000) + i_32_b=bfc00000 (-1.500000000000000000000000) 	| o_32_s=c0700000 (-3.750000000000000000000000) 	| o_ov_flow=0, o_un_flow=0
=> PASS: expect=-3.750000000000000000000000 (c0700000), dut=-3.750000000000000000000000 (c0700000), rounding_error=0.00000000 % (exp_error = 0.00001192 %)
[ADD][SUB]i_32_a=bfc00000 (-1.500000000000000000000000) - i_32_b=c0100000 (-2.250000000000000000000000) 	| o_32_s=3f400000 (0.750000000000000000000000) 	| o_ov_flow=0, o_un_flow=1
=> PASS: expect=0.750000000000000000000000 (3f400000), dut=0.750000000000000000000000 (3f400000), rounding_error=0.00000000 % (exp_error = 0.00001192 %)
[ADD][SUB]i_32_a=c0100000 (-2.250000000000000000000000) - i_32_b=bfc00000 (-1.500000000000000000000000) 	| o_32_s=bf400000 (-0.750000000000000000000000) 	| o_ov_flow=0, o_un_flow=1
=> PASS: expect=-0.750000000000000000000000 (bf400000), dut=-0.750000000000000000000000 (bf400000), rounding_error=0.00000000 % (exp_error = 0.00001192 %)
==========[ ADD_POS_NEG ]==========
FPU_A = 40a00000 (5.0000)
FPU_B = c0400000 (-3.0000)
[ADD][ADD]i_32_a=40a00000 (5.000000000000000000000000) + i_32_b=c0400000 (-3.000000000000000000000000) 	| o_32_s=40000000 (2.000000000000000000000000) 	| o_ov_flow=0, o_un_flow=1
=> PASS: expect=2.000000000000000000000000 (40000000), dut=2.000000000000000000000000 (40000000), rounding_error=0.00000000 % (exp_error = 0.00001192 %)
[ADD][ADD]i_32_a=c0400000 (-3.000000000000000000000000) + i_32_b=40a00000 (5.000000000000000000000000) 	| o_32_s=40000000 (2.000000000000000000000000) 	| o_ov_flow=0, o_un_flow=1
=> PASS: expect=2.000000000000000000000000 (40000000), dut=2.000000000000000000000000 (40000000), rounding_error=0.00000000 % (exp_error = 0.00001192 %)
[ADD][SUB]i_32_a=40a00000 (5.000000000000000000000000) - i_32_b=c0400000 (-3.000000000000000000000000) 	| o_32_s=41000000 (8.000000000000000000000000) 	| o_ov_flow=1, o_un_flow=1
=> PASS: expect=8.000000000000000000000000 (41000000), dut=8.000000000000000000000000 (41000000), rounding_error=0.00000000 % (exp_error = 0.00001192 %)
[ADD][SUB]i_32_a=c0400000 (-3.000000000000000000000000) - i_32_b=40a00000 (5.000000000000000000000000) 	| o_32_s=c1000000 (-8.000000000000000000000000) 	| o_ov_flow=1, o_un_flow=1
=> PASS: expect=-8.000000000000000000000000 (c1000000), dut=-8.000000000000000000000000 (c1000000), rounding_error=0.00000000 % (exp_error = 0.00001192 %)
==========[ ADD_NEG_POS ]==========
FPU_A = c0a00000 (-5.0000)
FPU_B = 40400000 (3.0000)
[ADD][ADD]i_32_a=c0a00000 (-5.000000000000000000000000) + i_32_b=40400000 (3.000000000000000000000000) 	| o_32_s=c0000000 (-2.000000000000000000000000) 	| o_ov_flow=0, o_un_flow=1
=> PASS: expect=-2.000000000000000000000000 (c0000000), dut=-2.000000000000000000000000 (c0000000), rounding_error=0.00000000 % (exp_error = 0.00001192 %)
[ADD][ADD]i_32_a=40400000 (3.000000000000000000000000) + i_32_b=c0a00000 (-5.000000000000000000000000) 	| o_32_s=c0000000 (-2.000000000000000000000000) 	| o_ov_flow=0, o_un_flow=1
=> PASS: expect=-2.000000000000000000000000 (c0000000), dut=-2.000000000000000000000000 (c0000000), rounding_error=0.00000000 % (exp_error = 0.00001192 %)
[ADD][SUB]i_32_a=c0a00000 (-5.000000000000000000000000) - i_32_b=40400000 (3.000000000000000000000000) 	| o_32_s=c1000000 (-8.000000000000000000000000) 	| o_ov_flow=1, o_un_flow=1
=> PASS: expect=-8.000000000000000000000000 (c1000000), dut=-8.000000000000000000000000 (c1000000), rounding_error=0.00000000 % (exp_error = 0.00001192 %)
[ADD][SUB]i_32_a=40400000 (3.000000000000000000000000) - i_32_b=c0a00000 (-5.000000000000000000000000) 	| o_32_s=41000000 (8.000000000000000000000000) 	| o_ov_flow=1, o_un_flow=1
=> PASS: expect=8.000000000000000000000000 (41000000), dut=8.000000000000000000000000 (41000000), rounding_error=0.00000000 % (exp_error = 0.00001192 %)

==================================
========== TEST SUMMARY ==========
Total test cases:     16
Passed          :     16
Failed          :      0
Pass rate       : 100.00%
==================================

Simulation complete via $finish(1) at time 821 NS + 0
../Topmodule/tb_FPU_unit.sv:333     $finish;
xcelium> exit
TOOL:	xrun(64)	20.09-s001: Exiting on Jan 02, 2026 at 01:39:59 EST  (total: 00:00:00)
