============================================================
  Generated by:           Genus(TM) Synthesis Solution GENUS15.20 - 15.20-p004_1
  Generated on:           Nov 24 2025  12:10:52 am
  Module:                 FPU_unit
  Wireload mode:          enclosed
  Area mode:              timing library
============================================================


Path 1: MET (7153 ps) Path Delay Check
     Startpoint: (R) i_32_b[28]
       Endpoint: (F) o_32_s[30]

                  Capture    Launch  
     Path Delay:+   10000         -  
        Arrival:=   10000            
                                     
  Required Time:=   10000            
      Data Path:-    2847            
          Slack:=    7153            

#-----------------------------------------------------------------------------------------------------------------------------------
#                          Timing Point                           Flags    Arc   Edge     Cell      Fanout Load Trans Delay Arrival 
#                                                                                                          (fF)  (ps)  (ps)   (ps)  
#-----------------------------------------------------------------------------------------------------------------------------------
  i_32_b[28]                                                      -       -      R     (arrival)         3  1.1     0     0       0 
  EXP_SWAP_UNIT/COMP_LESS_UNIT/u_high/g341/Y                      -       A->Y   F     INVX1LVT          2  1.3     6     7       7 
  EXP_SWAP_UNIT/COMP_LESS_UNIT/u_high/g334/CO                     -       B->CO  F     ADDHX1LVT         1  0.5     5    14      21 
  EXP_SWAP_UNIT/COMP_LESS_UNIT/u_high/g332/Y                      -       A2->Y  R     OAI32X1LVT        1  0.5    37    20      42 
  EXP_SWAP_UNIT/COMP_LESS_UNIT/u_high/g331/Y                      -       A1->Y  F     AOI22X1LVT        2  0.8    28    25      67 
  EXP_SWAP_UNIT/COMP_LESS_UNIT/u_high/g330/Y                      -       A1N->Y F     OAI2BB1X1LVT      1  0.5    10    19      86 
  EXP_SWAP_UNIT/COMP_LESS_UNIT/u_high/g329/Y                      -       B0->Y  R     OAI21X1LVT        1  0.3    16     7      94 
  EXP_SWAP_UNIT/COMP_LESS_UNIT/g16/Y                              -       B0->Y  R     AO21X1LVT        60 41.6   236   141     235 
  EXP_SWAP_UNIT/g221/Y                                            -       S0->Y  R     MX2XLLVT          1  0.5     8    43     278 
  EXP_SUB_UNIT/g13/Y                                              -       A->Y   F     INVX1LVT          3  1.2     8     8     286 
  EXP_SUB_UNIT/CLA_8BIT_UNIT/CLA_4BIT_UNIT_0/g277/Y               -       B->Y   R     XNOR2X1LVT       28 14.1    82    68     355 
  EXP_SUB_UNIT/CLA_8BIT_UNIT/CLA_4BIT_UNIT_0/g276/Y               -       B->Y   F     NAND2BX1LVT       2  1.1    28    31     386 
  EXP_SUB_UNIT/CLA_8BIT_UNIT/CLA_4BIT_UNIT_0/g271/Y               -       B->Y   R     XNOR2X1LVT       26 14.5    84    71     457 
  SHF_RIGHT_28BIT_UNIT/g3807/Y                                    -       A->Y   F     INVX1LVT         24 11.8    75    54     511 
  SHF_RIGHT_28BIT_UNIT/g3757/Y                                    -       B1->Y  R     OAI22X1LVT        2  1.2    40    32     543 
  SHF_RIGHT_28BIT_UNIT/g3730/Y                                    -       A0->Y  F     AOI22X1LVT        3  1.3    40    28     571 
  SHF_RIGHT_28BIT_UNIT/g3704/Y                                    -       B->Y   F     MX2XLLVT          1  0.5     7    28     600 
  SHF_RIGHT_28BIT_UNIT/g3680/Y                                    -       A1->Y  R     OAI22X1LVT        3  1.1    36    19     618 
  MAN_COMP_28BIT_UNIT/u_i_data_1/g332/Y                           -       A->Y   F     INVX1LVT          2  1.3    14    14     633 
  MAN_COMP_28BIT_UNIT/u_i_data_1/g325/CO                          -       B->CO  F     ADDHX1LVT         1  0.5     5    15     648 
  MAN_COMP_28BIT_UNIT/u_i_data_1/g323/Y                           -       A2->Y  R     OAI32X1LVT        1  0.5    38    21     668 
  MAN_COMP_28BIT_UNIT/u_i_data_1/g322/Y                           -       A1->Y  F     AOI22X1LVT        2  0.8    28    26     694 
  MAN_COMP_28BIT_UNIT/u_i_data_1/g321/Y                           -       A1N->Y F     OAI2BB1X1LVT      1  0.5    15    19     713 
  MAN_COMP_28BIT_UNIT/u_i_data_1/g320/Y                           -       B0->Y  R     OAI21X1LVT        1  0.5    18     9     722 
  MAN_COMP_28BIT_UNIT/g162/Y                                      -       B0->Y  F     AOI21X1LVT        1  0.5    14     9     731 
  MAN_COMP_28BIT_UNIT/g161/Y                                      -       B->Y   R     NOR2BX1LVT        1  0.3     9    10     742 
  MAN_COMP_28BIT_UNIT/g160/Y                                      -       A1->Y  R     OA21X1LVT         1  0.3     5    21     762 
  MAN_COMP_28BIT_UNIT/g159/Y                                      -       A1->Y  R     OA21X1LVT         1  0.3     5    20     782 
  MAN_COMP_28BIT_UNIT/g158/Y                                      -       A1->Y  R     OA21X1LVT         1  0.3     5    20     802 
  MAN_COMP_28BIT_UNIT/g157/Y                                      -       A1->Y  R     OA21X1LVT         1  0.3     5    20     823 
  MAN_COMP_28BIT_UNIT/g156/Y                                      -       B->Y   R     OR2X1LVT         57 36.3   206   123     945 
  MAN_PRE_SWAP_BY_MAN_UNIT/g875/Y                                 -       B->Y   F     NOR2BX1LVT        1  0.6    46    50     995 
  MAN_ALU_UNIT/g118/Y                                             -       S0->Y  R     MX2X1LVT          2  1.2    10    32    1026 
  MAN_ALU_UNIT/ALU_SUB_UNIT/CLA_BLOCK_GEN[0].CLA_4BIT_UNIT/g322/Y -       B->Y   F     XOR2XLLVT         3  1.1    11    29    1055 
  MAN_ALU_UNIT/ALU_SUB_UNIT/CLA_BLOCK_GEN[0].CLA_4BIT_UNIT/g316/Y -       A1N->Y F     OAI2BB1X1LVT      1  0.3     8    17    1072 
  MAN_ALU_UNIT/ALU_SUB_UNIT/CLA_BLOCK_GEN[0].CLA_4BIT_UNIT/g313/Y -       A1->Y  F     AO21XLLVT         1  0.5     6    22    1093 
  MAN_ALU_UNIT/ALU_SUB_UNIT/CLA_BLOCK_GEN[0].CLA_4BIT_UNIT/g311/Y -       A1->Y  R     AOI22X1LVT        1  0.6    20    17    1110 
  MAN_ALU_UNIT/ALU_SUB_UNIT/CLA_BLOCK_GEN[0].CLA_4BIT_UNIT/g310/Y -       B0->Y  F     OAI2BB1X1LVT      3  1.3    18    18    1128 
  MAN_ALU_UNIT/ALU_SUB_UNIT/g141/Y                                -       B0->Y  F     AO21XLLVT         2  0.9    10    24    1152 
  MAN_ALU_UNIT/ALU_SUB_UNIT/CLA_BLOCK_GEN[1].CLA_4BIT_UNIT/g449/Y -       A1N->Y F     OAI2BB1X1LVT      2  0.9    14    20    1172 
  MAN_ALU_UNIT/ALU_SUB_UNIT/CLA_BLOCK_GEN[1].CLA_4BIT_UNIT/g445/Y -       A1N->Y F     OAI2BB1X1LVT      2  1.1    16    21    1193 
  MAN_ALU_UNIT/ALU_SUB_UNIT/CLA_BLOCK_GEN[1].CLA_4BIT_UNIT/g443/Y -       A1->Y  R     AOI22X1LVT        2  1.3    27    23    1216 
  MAN_ALU_UNIT/ALU_SUB_UNIT/CLA_BLOCK_GEN[1].CLA_4BIT_UNIT/g441/Y -       A1->Y  F     OAI21X1LVT        3  1.1    19    18    1234 
  MAN_ALU_UNIT/ALU_SUB_UNIT/g159/Y                                -       AN->Y  F     NAND2BX1LVT       2  0.9    14    21    1255 
  MAN_ALU_UNIT/ALU_SUB_UNIT/CLA_BLOCK_GEN[2].CLA_4BIT_UNIT/g449/Y -       A1N->Y F     OAI2BB1X1LVT      2  0.9    14    20    1275 
  MAN_ALU_UNIT/ALU_SUB_UNIT/CLA_BLOCK_GEN[2].CLA_4BIT_UNIT/g445/Y -       A1N->Y F     OAI2BB1X1LVT      2  1.1    16    21    1296 
  MAN_ALU_UNIT/ALU_SUB_UNIT/CLA_BLOCK_GEN[2].CLA_4BIT_UNIT/g443/Y -       A1->Y  R     AOI22X1LVT        2  1.3    27    23    1319 
  MAN_ALU_UNIT/ALU_SUB_UNIT/CLA_BLOCK_GEN[2].CLA_4BIT_UNIT/g441/Y -       A1->Y  F     OAI21X1LVT        3  1.1    19    18    1337 
  MAN_ALU_UNIT/ALU_SUB_UNIT/g186/Y                                -       AN->Y  F     NAND2BX1LVT       2  0.9    14    21    1358 
  MAN_ALU_UNIT/ALU_SUB_UNIT/CLA_BLOCK_GEN[3].CLA_4BIT_UNIT/g449/Y -       A1N->Y F     OAI2BB1X1LVT      2  0.9    14    20    1378 
  MAN_ALU_UNIT/ALU_SUB_UNIT/CLA_BLOCK_GEN[3].CLA_4BIT_UNIT/g445/Y -       A1N->Y F     OAI2BB1X1LVT      2  1.1    16    21    1399 
  MAN_ALU_UNIT/ALU_SUB_UNIT/CLA_BLOCK_GEN[3].CLA_4BIT_UNIT/g443/Y -       A1->Y  R     AOI22X1LVT        2  1.3    27    23    1422 
  MAN_ALU_UNIT/ALU_SUB_UNIT/CLA_BLOCK_GEN[3].CLA_4BIT_UNIT/g441/Y -       A1->Y  F     OAI21X1LVT        3  1.1    19    18    1440 
  MAN_ALU_UNIT/ALU_SUB_UNIT/g224/Y                                -       AN->Y  F     NAND2BX1LVT       2  0.9    14    21    1461 
  MAN_ALU_UNIT/ALU_SUB_UNIT/CLA_BLOCK_GEN[4].CLA_4BIT_UNIT/g449/Y -       A1N->Y F     OAI2BB1X1LVT      2  0.9    14    20    1481 
  MAN_ALU_UNIT/ALU_SUB_UNIT/CLA_BLOCK_GEN[4].CLA_4BIT_UNIT/g445/Y -       A1N->Y F     OAI2BB1X1LVT      2  1.1    16    21    1502 
  MAN_ALU_UNIT/ALU_SUB_UNIT/CLA_BLOCK_GEN[4].CLA_4BIT_UNIT/g443/Y -       A1->Y  R     AOI22X1LVT        2  1.3    27    23    1525 
  MAN_ALU_UNIT/ALU_SUB_UNIT/CLA_BLOCK_GEN[4].CLA_4BIT_UNIT/g441/Y -       A1->Y  F     OAI21X1LVT        3  1.1    19    18    1544 
  MAN_ALU_UNIT/ALU_SUB_UNIT/g253/Y                                -       AN->Y  F     NAND2BX1LVT       2  1.1    16    22    1565 
  MAN_ALU_UNIT/ALU_SUB_UNIT/CLA_BLOCK_GEN[5].CLA_4BIT_UNIT/g366/Y -       A1->Y  R     AOI22X1LVT        2  1.3    27    23    1588 
  MAN_ALU_UNIT/ALU_SUB_UNIT/CLA_BLOCK_GEN[5].CLA_4BIT_UNIT/g364/Y -       A1->Y  F     OAI21X1LVT        2  1.1    19    18    1606 
  MAN_ALU_UNIT/ALU_SUB_UNIT/CLA_BLOCK_GEN[5].CLA_4BIT_UNIT/g362/Y -       A1->Y  R     AOI22X1LVT        2  1.3    27    23    1630 
  MAN_ALU_UNIT/ALU_SUB_UNIT/CLA_BLOCK_GEN[5].CLA_4BIT_UNIT/g360/Y -       A1->Y  F     OAI21X1LVT        2  0.8    16    17    1647 
  MAN_ALU_UNIT/ALU_SUB_UNIT/g295/Y                                -       AN->Y  F     NAND2BX1LVT       2  0.9    14    20    1667 
  MAN_ALU_UNIT/ALU_SUB_UNIT/CLA_BLOCK_GEN[6].CLA_4BIT_UNIT/g504/Y -       A1N->Y F     OAI2BB1X1LVT      2  0.9    14    20    1687 
  MAN_ALU_UNIT/ALU_SUB_UNIT/CLA_BLOCK_GEN[6].CLA_4BIT_UNIT/g500/Y -       A1N->Y F     OAI2BB1X1LVT      2  1.1    16    21    1708 
  MAN_ALU_UNIT/ALU_SUB_UNIT/CLA_BLOCK_GEN[6].CLA_4BIT_UNIT/g498/Y -       A1->Y  R     AOI22X1LVT        2  1.3    27    23    1731 
  MAN_ALU_UNIT/ALU_SUB_UNIT/CLA_BLOCK_GEN[6].CLA_4BIT_UNIT/g497/Y -       B->Y   F     CLKXOR2X1LVT      9  3.7    22    39    1770 
  LOPD_24BIT_UNIT/LOPD_16bit_UNIT_MSB/LOPD_8bit_unit_1/g276/Y     -       B->Y   F     OR2XLLVT          3  1.4    14    24    1794 
  LOPD_24BIT_UNIT/LOPD_16bit_UNIT_MSB/LOPD_8bit_unit_1/g267/Y     -       C->Y   R     NOR3BX1LVT        5  2.7    52    33    1826 
  LOPD_24BIT_UNIT/LOPD_16bit_UNIT_MSB/g65/Y                       -       A->Y   R     AND2X1LVT        11  5.8    36    41    1867 
  LOPD_24BIT_UNIT/g133/Y                                          -       A->Y   F     INVX1LVT          4  1.8    16    16    1883 
  LOPD_24BIT_UNIT/g129/Y                                          -       A0->Y  R     AOI22X1LVT        1  0.5    20    20    1903 
  LOPD_24BIT_UNIT/g125/Y                                          -       B->Y   F     NAND2X1LVT       28 13.3   124    76    1979 
  NORMALIZATION_UNIT/SHF_left_28bit_unit/g3007/Y                  -       A->Y   R     INVX1LVT         24 11.0    85    64    2044 
  NORMALIZATION_UNIT/SHF_left_28bit_unit/g2973/Y                  -       A1->Y  F     AOI22X1LVT        2  1.0    38    39    2082 
  NORMALIZATION_UNIT/SHF_left_28bit_unit/g2936/Y                  -       A1->Y  R     OAI22X1LVT        2  1.0    42    26    2108 
  NORMALIZATION_UNIT/SHF_left_28bit_unit/g2929/Y                  -       A->Y   F     INVX1LVT          1  0.3    10    13    2121 
  NORMALIZATION_UNIT/SHF_left_28bit_unit/g2916/Y                  -       A->Y   F     MX2XLLVT          3  1.3    14    29    2150 
  NORMALIZATION_UNIT/SHF_left_28bit_unit/g2908/Y                  -       B->Y   R     NOR2X1LVT         1  0.5    17    11    2161 
  NORMALIZATION_UNIT/g1410/Y                                      -       A1->Y  F     AOI22X1LVT        1  0.5    42    19    2180 
  NORMALIZATION_UNIT/g1384/Y                                      -       B0->Y  R     OAI2BB1X1LVT      1  0.7    15    16    2196 
  ROUNDING_UNIT/INCREASE_ROUNDING/g621/CO                         -       A->CO  R     ADDHX1LVT         1  0.9     8    22    2218 
  ROUNDING_UNIT/INCREASE_ROUNDING/g620/CO                         -       B->CO  R     ADDHX1LVT         1  0.9     8    20    2238 
  ROUNDING_UNIT/INCREASE_ROUNDING/g619/CO                         -       B->CO  R     ADDHX1LVT         1  0.9     8    20    2259 
  ROUNDING_UNIT/INCREASE_ROUNDING/g618/CO                         -       B->CO  R     ADDHX1LVT         1  0.9     8    20    2279 
  ROUNDING_UNIT/INCREASE_ROUNDING/g617/CO                         -       B->CO  R     ADDHX1LVT         1  0.9     8    20    2299 
  ROUNDING_UNIT/INCREASE_ROUNDING/g616/CO                         -       B->CO  R     ADDHX1LVT         1  0.9     8    20    2320 
  ROUNDING_UNIT/INCREASE_ROUNDING/g615/CO                         -       B->CO  R     ADDHX1LVT         1  0.9     8    20    2340 
  ROUNDING_UNIT/INCREASE_ROUNDING/g614/CO                         -       B->CO  R     ADDHX1LVT         1  0.9     8    20    2360 
  ROUNDING_UNIT/INCREASE_ROUNDING/g613/CO                         -       B->CO  R     ADDHX1LVT         1  0.9     8    20    2381 
  ROUNDING_UNIT/INCREASE_ROUNDING/g612/CO                         -       B->CO  R     ADDHX1LVT         1  0.9     8    20    2401 
  ROUNDING_UNIT/INCREASE_ROUNDING/g611/CO                         -       B->CO  R     ADDHX1LVT         1  0.9     8    20    2421 
  ROUNDING_UNIT/INCREASE_ROUNDING/g610/CO                         -       B->CO  R     ADDHX1LVT         1  0.9     8    20    2442 
  ROUNDING_UNIT/INCREASE_ROUNDING/g609/CO                         -       B->CO  R     ADDHX1LVT         1  0.9     8    20    2462 
  ROUNDING_UNIT/INCREASE_ROUNDING/g608/CO                         -       B->CO  R     ADDHX1LVT         1  0.9     8    20    2482 
  ROUNDING_UNIT/INCREASE_ROUNDING/g607/CO                         -       B->CO  R     ADDHX1LVT         1  0.9     8    20    2502 
  ROUNDING_UNIT/INCREASE_ROUNDING/g606/CO                         -       B->CO  R     ADDHX1LVT         1  0.9     8    20    2523 
  ROUNDING_UNIT/INCREASE_ROUNDING/g605/CO                         -       B->CO  R     ADDHX1LVT         1  0.9     8    20    2543 
  ROUNDING_UNIT/INCREASE_ROUNDING/g604/CO                         -       B->CO  R     ADDHX1LVT         1  0.9     8    20    2563 
  ROUNDING_UNIT/INCREASE_ROUNDING/g603/CO                         -       B->CO  R     ADDHX1LVT         1  0.9     8    20    2584 
  ROUNDING_UNIT/INCREASE_ROUNDING/g602/CO                         -       B->CO  R     ADDHX1LVT         1  0.9     8    20    2604 
  ROUNDING_UNIT/INCREASE_ROUNDING/g601/CO                         -       B->CO  R     ADDHX1LVT         1  0.9     8    20    2624 
  ROUNDING_UNIT/INCREASE_ROUNDING/g600/CO                         -       B->CO  R     ADDHX1LVT         2  1.0     8    21    2645 
  ROUNDING_UNIT/INCREASE_ROUNDING/g598/Y                          -       C->Y   R     AND3XLLVT         3  1.5    17    29    2674 
  EXP_ROUNDING/g187/Y                                             -       B->Y   F     NAND2X1LVT        2  0.9    14    14    2688 
  EXP_ROUNDING/g185/Y                                             -       AN->Y  F     NAND2BX1LVT       2  0.9    15    20    2708 
  EXP_ROUNDING/g183/Y                                             -       AN->Y  F     NAND2BX1LVT       2  0.9    15    20    2728 
  EXP_ROUNDING/g181/Y                                             -       AN->Y  F     NAND2BX1LVT       2  0.9    15    20    2748 
  EXP_ROUNDING/g179/Y                                             -       AN->Y  F     NAND2BX1LVT       2  0.9    15    20    2769 
  EXP_ROUNDING/g177/Y                                             -       AN->Y  F     NAND2BX1LVT       2  0.9    15    20    2789 
  EXP_ROUNDING/g175/Y                                             -       AN->Y  F     NAND2BX1LVT       1  0.6    12    19    2808 
  EXP_ROUNDING/g173/Y                                             -       B->Y   F     XNOR2X1LVT        1  0.3     5    24    2831 
  g36/Y                                                           -       B->Y   F     OR2XLLVT          1  0.0     2    16    2847 
  o_32_s[30]                                                      <<<     -      F     (port)            -    -     -     0    2847 
#-----------------------------------------------------------------------------------------------------------------------------------

