============================================================
  Generated by:           Genus(TM) Synthesis Solution GENUS15.20 - 15.20-p004_1
  Generated on:           Nov 24 2025  12:10:52 am
  Module:                 FPU_unit
  Wireload mode:          enclosed
  Area mode:              timing library
============================================================

                                  
    Gate      Instances    Area       Library    
-------------------------------------------------
ADDFX1LVT             1     5.130    fast_vdd1v0 
ADDHX1LVT            32   120.384    fast_vdd1v0 
AND2X1LVT             3     4.104    fast_vdd1v0 
AND2XLLVT            11    15.048    fast_vdd1v0 
AND3XLLVT             1     2.052    fast_vdd1v0 
AND4X1LVT             1     2.394    fast_vdd1v0 
AND4XLLVT             7    16.758    fast_vdd1v0 
AO21X1LVT             1     2.394    fast_vdd1v0 
AO21XLLVT             4     9.576    fast_vdd1v0 
AOI21X1LVT           10    17.100    fast_vdd1v0 
AOI21XLLVT            1     1.710    fast_vdd1v0 
AOI221X1LVT           5    11.970    fast_vdd1v0 
AOI22X1LVT          112   229.824    fast_vdd1v0 
AOI22XLLVT           15    30.780    fast_vdd1v0 
AOI2BB1X1LVT          1     2.052    fast_vdd1v0 
AOI2BB1XLLVT          8    16.416    fast_vdd1v0 
AOI31X1LVT            2     4.104    fast_vdd1v0 
AOI32X1LVT            5    11.970    fast_vdd1v0 
CLKXOR2X1LVT         22    60.192    fast_vdd1v0 
INVX1LVT             77    52.668    fast_vdd1v0 
INVXLLVT              1     0.684    fast_vdd1v0 
MX2X1LVT             18    43.092    fast_vdd1v0 
MX2XLLVT            103   246.582    fast_vdd1v0 
MXI2XLLVT            35    83.790    fast_vdd1v0 
NAND2BX1LVT          23    31.464    fast_vdd1v0 
NAND2BXLLVT           5     6.840    fast_vdd1v0 
NAND2X1LVT           48    49.248    fast_vdd1v0 
NAND2XLLVT            9     9.234    fast_vdd1v0 
NAND3BXLLVT           3     5.130    fast_vdd1v0 
NAND3X1LVT            2     3.420    fast_vdd1v0 
NAND4XLLVT            6    10.260    fast_vdd1v0 
NOR2BX1LVT           48    65.664    fast_vdd1v0 
NOR2X1LVT            43    44.118    fast_vdd1v0 
NOR2XLLVT             5     5.130    fast_vdd1v0 
NOR3BX1LVT            3     6.156    fast_vdd1v0 
NOR3X1LVT             2     3.420    fast_vdd1v0 
NOR3XLLVT             1     1.710    fast_vdd1v0 
NOR4BBX1LVT           2     5.472    fast_vdd1v0 
NOR4BX1LVT            5    11.970    fast_vdd1v0 
NOR4X1LVT            11    18.810    fast_vdd1v0 
OA21X1LVT             8    16.416    fast_vdd1v0 
OA22X1LVT             5    11.970    fast_vdd1v0 
OAI211X1LVT           3     5.130    fast_vdd1v0 
OAI21X1LVT           24    41.040    fast_vdd1v0 
OAI21XLLVT            1     1.710    fast_vdd1v0 
OAI221X1LVT           9    21.546    fast_vdd1v0 
OAI222X1LVT          10    27.360    fast_vdd1v0 
OAI22X1LVT           57   116.964    fast_vdd1v0 
OAI2BB1X1LVT         51    87.210    fast_vdd1v0 
OAI31X1LVT            1     2.052    fast_vdd1v0 
OAI32X1LVT            8    19.152    fast_vdd1v0 
OR2X1LVT              3     4.104    fast_vdd1v0 
OR2XLLVT             28    38.304    fast_vdd1v0 
OR4X1LVT              3     6.156    fast_vdd1v0 
XNOR2X1LVT           57   136.458    fast_vdd1v0 
XOR2XLLVT            11    30.096    fast_vdd1v0 
-------------------------------------------------
total               971  1834.488                


                                   
  Type   Instances   Area   Area % 
-----------------------------------
inverter        78   53.352    2.9 
logic          893 1781.136   97.1 
-----------------------------------
total          971 1834.488  100.0 

