============================================================
  Generated by:           Genus(TM) Synthesis Solution GENUS15.20 - 15.20-p004_1
  Generated on:           Nov 24 2025  12:10:52 am
  Module:                 FPU_unit
  Wireload mode:          enclosed
  Area mode:              timing library
============================================================

Timing
-------
  Cost    Critical       Violating 
 Group   Path Slack TNS    Paths   
-----------------------------------
default      7153.2   0          0 
-----------------------------------
Total                 0          0 

Instance Count
--------------
Leaf Instance Count             971 
Sequential Instance Count         0 
Combinational Instance Count    971 
Hierarchical Instance Count      45 

Area
----
Cell Area                          1834.488
Physical Cell Area                 0.000
Total Cell Area (Cell+Physical)    1834.488
Net Area                           0.000
Total Area (Cell+Physical+Net)     1834.488

Max Fanout                         60 (w_EXPSWAP_compare)
Min Fanout                         0 (w_EXPSUB_diff_value[5])
Average Fanout                     2.5
Terms to net ratio                 3.4
Terms to instance ratio            3.8
Runtime                            12.571 seconds
Elapsed Runtime                    13 seconds
RC peak memory usage:              480.56 
EDI peak memory usage:             no_value 
Hostname                           centos7
