============================================================
  Generated by:           Genus(TM) Synthesis Solution GENUS15.20 - 15.20-p004_1
  Generated on:           Nov 24 2025  12:10:52 am
  Module:                 FPU_unit
  Wireload mode:          enclosed
  Area mode:              timing library
============================================================

                                       Leakage    Dynamic     Total   
            Instance            Cells Power(nW)  Power(nW)  Power(nW) 
----------------------------------------------------------------------
FPU_unit                          971   910.757 149232.390 150143.147 
  MAN_ALU_UNIT                    175   194.141  37554.536  37748.677 
    ALU_SUB_UNIT                  143   153.733  30723.497  30877.230 
      CLA_BLOCK_..CLA_4BIT_UNIT    18    23.498   3759.808   3783.306 
      CLA_BLOCK_..CLA_4BIT_UNIT    15    19.619   2963.260   2982.879 
      CLA_BLOCK_..CLA_4BIT_UNIT    18    19.547   2698.324   2717.871 
      CLA_BLOCK_..CLA_4BIT_UNIT    18    19.518   5243.969   5263.487 
      CLA_BLOCK_..CLA_4BIT_UNIT    18    19.355   4644.030   4663.385 
      CLA_BLOCK_..CLA_4BIT_UNIT    18    19.239   3983.971   4003.210 
      CLA_BLOCK_..CLA_4BIT_UNIT    18    19.220   5283.836   5303.056 
  NORMALIZATION_UNIT              204   141.931  41507.545  41649.476 
    SHF_left_28bit_unit           142    94.803  29419.509  29514.312 
  MAN_PRE_SWAP_BY_MAN_UNIT         56    82.309   6596.182   6678.491 
  MAN_COMP_28BIT_UNIT              84    81.645   9009.625   9091.270 
    u_i_data_5                     13    13.871   1014.211   1028.082 
    u_i_data_3                     13    13.693   1587.498   1601.192 
    u_i_data_4                     13    13.632   1326.204   1339.836 
    u_i_data_1                     13    12.111   1913.182   1925.294 
    u_i_data_2                     13    12.057   1785.257   1797.314 
    u_i_data_6                     11    10.334    525.400    535.734 
    u_i_data_0                      1     0.908    119.877    120.784 
  SHF_RIGHT_28BIT_UNIT            132    74.182  19819.674  19893.856 
  MAN_PRE_SW..EXPONENT_UNIT        46    63.578   5151.871   5215.449 
  ROUNDING_UNIT                    26    54.356   6058.380   6112.736 
    INCREASE_ROUNDING              24    53.444   5701.371   5754.815 
  EXP_ADJUST_UNIT                  45    49.678   3042.075   3091.752 
    CLA_8BIT_UNIT                  30    36.974   1879.766   1916.739 
      CLA_4BIT_UNIT_0              18    19.943   1188.917   1208.860 
      CLA_4BIT_UNIT_1              11    16.030    650.581    666.612 
  EXP_SWAP_UNIT                    37    36.386   2948.702   2985.089 
    COMP_LESS_UNIT                 24    18.371   1758.175   1776.546 
      u_high                       13    11.651    578.832    590.482 
      u_low                        10     5.790    413.473    419.263 
  LOPD_24BIT_UNIT                  56    35.836   6008.575   6044.411 
    LOPD_16bit_UNIT_MSB            32    21.952   2836.901   2858.852 
      LOPD_8bit_unit_0             14     8.794   1787.351   1796.146 
      LOPD_8bit_unit_1             14     8.080    942.685    950.766 
    LOPD_8bit_UNIT_LSB             14     8.623   2305.513   2314.135 
  EXP_SUB_UNIT                     26    26.445   3805.644   3832.089 
    CLA_8BIT_UNIT                  21    24.603   3651.405   3676.008 
      CLA_4BIT_UNIT_0              18    19.715   3137.978   3157.693 
      CLA_4BIT_UNIT_1               2     3.894    436.955    440.849 
  SEL_MANTISSA_FOR_RESULT          23    23.879   5378.979   5402.858 
  PSC_UNIT                         33    17.063    463.707    480.770 
  EXP_ROUNDING                     15    15.049    497.100    512.149 
  SIGN_OUT                          2     3.328    114.381    117.709 

