------------------------------------------------------------
Timing Analyzer Summary
------------------------------------------------------------

Type  : Slow 1100mV 85C Model Setup 'CLK_50MHZ'
Slack : -0.274
TNS   : -0.742

Type  : Slow 1100mV 85C Model Hold 'CLK_50MHZ'
Slack : 0.628
TNS   : 0.000

Type  : Slow 1100mV 85C Model Recovery 'CLK_50MHZ'
Slack : 12.502
TNS   : 0.000

Type  : Slow 1100mV 85C Model Removal 'CLK_50MHZ'
Slack : 3.761
TNS   : 0.000

Type  : Slow 1100mV 85C Model Minimum Pulse Width 'CLK_50MHZ'
Slack : 9.373
TNS   : 0.000

Type  : Slow 1100mV 0C Model Setup 'CLK_50MHZ'
Slack : -0.247
TNS   : -0.627

Type  : Slow 1100mV 0C Model Hold 'CLK_50MHZ'
Slack : 0.597
TNS   : 0.000

Type  : Slow 1100mV 0C Model Recovery 'CLK_50MHZ'
Slack : 13.209
TNS   : 0.000

Type  : Slow 1100mV 0C Model Removal 'CLK_50MHZ'
Slack : 3.194
TNS   : 0.000

Type  : Slow 1100mV 0C Model Minimum Pulse Width 'CLK_50MHZ'
Slack : 9.288
TNS   : 0.000

Type  : Fast 1100mV 85C Model Setup 'CLK_50MHZ'
Slack : 8.440
TNS   : 0.000

Type  : Fast 1100mV 85C Model Hold 'CLK_50MHZ'
Slack : 0.351
TNS   : 0.000

Type  : Fast 1100mV 85C Model Recovery 'CLK_50MHZ'
Slack : 14.593
TNS   : 0.000

Type  : Fast 1100mV 85C Model Removal 'CLK_50MHZ'
Slack : 2.488
TNS   : 0.000

Type  : Fast 1100mV 85C Model Minimum Pulse Width 'CLK_50MHZ'
Slack : 9.413
TNS   : 0.000

Type  : Fast 1100mV 0C Model Setup 'CLK_50MHZ'
Slack : 9.446
TNS   : 0.000

Type  : Fast 1100mV 0C Model Hold 'CLK_50MHZ'
Slack : 0.318
TNS   : 0.000

Type  : Fast 1100mV 0C Model Recovery 'CLK_50MHZ'
Slack : 15.014
TNS   : 0.000

Type  : Fast 1100mV 0C Model Removal 'CLK_50MHZ'
Slack : 2.359
TNS   : 0.000

Type  : Fast 1100mV 0C Model Minimum Pulse Width 'CLK_50MHZ'
Slack : 9.415
TNS   : 0.000

------------------------------------------------------------
