Analysis & Elaboration report for fpu_mul
Sat Dec 20 12:46:12 2025
Quartus Prime Version 24.1std.0 Build 1077 03/04/2025 SC Lite Edition


---------------------
; Table of Contents ;
---------------------
  1. Legal Notice
  2. Analysis & Elaboration Summary
  3. Parallel Compilation
  4. Parameter Settings for User Entity Instance: Top-level Entity: |fpu_mul
  5. Parameter Settings for User Entity Instance: EXP_ADD_8bit:ADD_EXP_UNIT
  6. Parameter Settings for User Entity Instance: EXP_SUB_8bit:SUB_EXP_UNIT
  7. Parameter Settings for User Entity Instance: MAN_mul:MAN_MUL_UNIT
  8. Parameter Settings for User Entity Instance: LOPD_24bit:LOPD_UNIT
  9. Parameter Settings for User Entity Instance: NOR_unit:NOR_UNIT
 10. Parameter Settings for User Entity Instance: NOR_unit:NOR_UNIT|SHF_left:SHF_left_unit
 11. Parameter Settings for User Entity Instance: MAN_rounding:MAN_ROUNDING_UNIT
 12. Parameter Settings for User Entity Instance: EXP_rounding:EXP_ROUNDING_UNIT
 13. Parameter Settings for User Entity Instance: PSC_unit:PSC_UNIT
 14. Analysis & Elaboration Settings
 15. Port Connectivity Checks: "MAN_rounding:MAN_ROUNDING_UNIT"
 16. Port Connectivity Checks: "NOR_unit:NOR_UNIT"
 17. Port Connectivity Checks: "MAN_mul:MAN_MUL_UNIT"
 18. Port Connectivity Checks: "EXP_SUB_8bit:SUB_EXP_UNIT"
 19. Analysis & Elaboration Messages



----------------
; Legal Notice ;
----------------
Copyright (C) 2025  Altera Corporation. All rights reserved.
Your use of Altera Corporation's design tools, logic functions 
and other software and tools, and any partner logic 
functions, and any output files from any of the foregoing 
(including device programming or simulation files), and any 
associated documentation or information are expressly subject 
to the terms and conditions of the Altera Program License 
Subscription Agreement, the Altera Quartus Prime License Agreement,
the Altera IP License Agreement, or other applicable license
agreement, including, without limitation, that your use is for
the sole purpose of programming logic devices manufactured by
Altera and sold by Altera or its authorized distributors.  Please
refer to the Altera Software License Subscription Agreements 
on the Quartus Prime software download page.



+---------------------------------------------------------------------------------+
; Analysis & Elaboration Summary                                                  ;
+-------------------------------+-------------------------------------------------+
; Analysis & Elaboration Status ; Successful - Sat Dec 20 12:46:12 2025           ;
; Quartus Prime Version         ; 24.1std.0 Build 1077 03/04/2025 SC Lite Edition ;
; Revision Name                 ; fpu_mul                                         ;
; Top-level Entity Name         ; fpu_mul                                         ;
; Family                        ; Cyclone V                                       ;
; Logic utilization (in ALMs)   ; N/A until Partition Merge                       ;
; Total registers               ; N/A until Partition Merge                       ;
; Total pins                    ; N/A until Partition Merge                       ;
; Total virtual pins            ; N/A until Partition Merge                       ;
; Total block memory bits       ; N/A until Partition Merge                       ;
; Total PLLs                    ; N/A until Partition Merge                       ;
; Total DLLs                    ; N/A until Partition Merge                       ;
+-------------------------------+-------------------------------------------------+


+------------------------------------------+
; Parallel Compilation                     ;
+----------------------------+-------------+
; Processors                 ; Number      ;
+----------------------------+-------------+
; Number detected on machine ; 8           ;
; Maximum allowed            ; 4           ;
;                            ;             ;
; Average used               ; 1.00        ;
; Maximum used               ; 1           ;
;                            ;             ;
; Usage by Processor         ; % Time Used ;
;     Processor 1            ; 100.0%      ;
+----------------------------+-------------+


+-------------------------------------------------------------------------+
; Parameter Settings for User Entity Instance: Top-level Entity: |fpu_mul ;
+----------------+-------+------------------------------------------------+
; Parameter Name ; Value ; Type                                           ;
+----------------+-------+------------------------------------------------+
; SIZE_DATA      ; 32    ; Signed Integer                                 ;
+----------------+-------+------------------------------------------------+
Note: In order to hide this table in the UI and the text report file, please set the "Show Parameter Settings in Synthesis Report" option in "Analysis and Synthesis Settings -> More Settings" to "Off".


+------------------------------------------------------------------------+
; Parameter Settings for User Entity Instance: EXP_ADD_8bit:ADD_EXP_UNIT ;
+----------------+-------+-----------------------------------------------+
; Parameter Name ; Value ; Type                                          ;
+----------------+-------+-----------------------------------------------+
; SIZE_DATA      ; 8     ; Signed Integer                                ;
+----------------+-------+-----------------------------------------------+
Note: In order to hide this table in the UI and the text report file, please set the "Show Parameter Settings in Synthesis Report" option in "Analysis and Synthesis Settings -> More Settings" to "Off".


+------------------------------------------------------------------------+
; Parameter Settings for User Entity Instance: EXP_SUB_8bit:SUB_EXP_UNIT ;
+----------------+-------+-----------------------------------------------+
; Parameter Name ; Value ; Type                                          ;
+----------------+-------+-----------------------------------------------+
; SIZE_DATA      ; 8     ; Signed Integer                                ;
+----------------+-------+-----------------------------------------------+
Note: In order to hide this table in the UI and the text report file, please set the "Show Parameter Settings in Synthesis Report" option in "Analysis and Synthesis Settings -> More Settings" to "Off".


+-------------------------------------------------------------------+
; Parameter Settings for User Entity Instance: MAN_mul:MAN_MUL_UNIT ;
+----------------+-------+------------------------------------------+
; Parameter Name ; Value ; Type                                     ;
+----------------+-------+------------------------------------------+
; SIZE_DATA      ; 24    ; Signed Integer                           ;
+----------------+-------+------------------------------------------+
Note: In order to hide this table in the UI and the text report file, please set the "Show Parameter Settings in Synthesis Report" option in "Analysis and Synthesis Settings -> More Settings" to "Off".


+-------------------------------------------------------------------+
; Parameter Settings for User Entity Instance: LOPD_24bit:LOPD_UNIT ;
+----------------+-------+------------------------------------------+
; Parameter Name ; Value ; Type                                     ;
+----------------+-------+------------------------------------------+
; SIZE_DATA      ; 24    ; Signed Integer                           ;
; SIZE_LOPD      ; 5     ; Signed Integer                           ;
+----------------+-------+------------------------------------------+
Note: In order to hide this table in the UI and the text report file, please set the "Show Parameter Settings in Synthesis Report" option in "Analysis and Synthesis Settings -> More Settings" to "Off".


+----------------------------------------------------------------+
; Parameter Settings for User Entity Instance: NOR_unit:NOR_UNIT ;
+----------------+-------+---------------------------------------+
; Parameter Name ; Value ; Type                                  ;
+----------------+-------+---------------------------------------+
; SIZE_LOPD      ; 5     ; Signed Integer                        ;
; SIZE_DATA      ; 32    ; Signed Integer                        ;
+----------------+-------+---------------------------------------+
Note: In order to hide this table in the UI and the text report file, please set the "Show Parameter Settings in Synthesis Report" option in "Analysis and Synthesis Settings -> More Settings" to "Off".


+---------------------------------------------------------------------------------------+
; Parameter Settings for User Entity Instance: NOR_unit:NOR_UNIT|SHF_left:SHF_left_unit ;
+----------------+-------+--------------------------------------------------------------+
; Parameter Name ; Value ; Type                                                         ;
+----------------+-------+--------------------------------------------------------------+
; SIZE_DATA      ; 32    ; Signed Integer                                               ;
; SIZE_SHIFT     ; 5     ; Signed Integer                                               ;
+----------------+-------+--------------------------------------------------------------+
Note: In order to hide this table in the UI and the text report file, please set the "Show Parameter Settings in Synthesis Report" option in "Analysis and Synthesis Settings -> More Settings" to "Off".


+-----------------------------------------------------------------------------+
; Parameter Settings for User Entity Instance: MAN_rounding:MAN_ROUNDING_UNIT ;
+----------------+-------+----------------------------------------------------+
; Parameter Name ; Value ; Type                                               ;
+----------------+-------+----------------------------------------------------+
; SIZE_MAN       ; 24    ; Signed Integer                                     ;
+----------------+-------+----------------------------------------------------+
Note: In order to hide this table in the UI and the text report file, please set the "Show Parameter Settings in Synthesis Report" option in "Analysis and Synthesis Settings -> More Settings" to "Off".


+-----------------------------------------------------------------------------+
; Parameter Settings for User Entity Instance: EXP_rounding:EXP_ROUNDING_UNIT ;
+----------------+-------+----------------------------------------------------+
; Parameter Name ; Value ; Type                                               ;
+----------------+-------+----------------------------------------------------+
; SIZE_DATA      ; 8     ; Signed Integer                                     ;
+----------------+-------+----------------------------------------------------+
Note: In order to hide this table in the UI and the text report file, please set the "Show Parameter Settings in Synthesis Report" option in "Analysis and Synthesis Settings -> More Settings" to "Off".


+----------------------------------------------------------------+
; Parameter Settings for User Entity Instance: PSC_unit:PSC_UNIT ;
+----------------+-------+---------------------------------------+
; Parameter Name ; Value ; Type                                  ;
+----------------+-------+---------------------------------------+
; SIZE_EXP       ; 8     ; Signed Integer                        ;
; SIZE_MAN       ; 24    ; Signed Integer                        ;
+----------------+-------+---------------------------------------+
Note: In order to hide this table in the UI and the text report file, please set the "Show Parameter Settings in Synthesis Report" option in "Analysis and Synthesis Settings -> More Settings" to "Off".


+---------------------------------------------------------------------------------------------------------------------------+
; Analysis & Elaboration Settings                                                                                           ;
+---------------------------------------------------------------------------------+--------------------+--------------------+
; Option                                                                          ; Setting            ; Default Value      ;
+---------------------------------------------------------------------------------+--------------------+--------------------+
; Device                                                                          ; 5CGXFC7C7F23C8     ;                    ;
; Top-level entity name                                                           ; fpu_mul            ; fpu_mul            ;
; Family name                                                                     ; Cyclone V          ; Cyclone V          ;
; Use smart compilation                                                           ; Off                ; Off                ;
; Enable parallel Assembler and Timing Analyzer during compilation                ; On                 ; On                 ;
; Enable compact report table                                                     ; Off                ; Off                ;
; Restructure Multiplexers                                                        ; Auto               ; Auto               ;
; MLAB Add Timing Constraints For Mixed-Port Feed-Through Mode Setting Don't Care ; Off                ; Off                ;
; Create Debugging Nodes for IP Cores                                             ; Off                ; Off                ;
; Preserve fewer node names                                                       ; On                 ; On                 ;
; Intel FPGA IP Evaluation Mode                                                   ; Enable             ; Enable             ;
; Verilog Version                                                                 ; Verilog_2001       ; Verilog_2001       ;
; VHDL Version                                                                    ; VHDL_1993          ; VHDL_1993          ;
; State Machine Processing                                                        ; Auto               ; Auto               ;
; Safe State Machine                                                              ; Off                ; Off                ;
; Extract Verilog State Machines                                                  ; On                 ; On                 ;
; Extract VHDL State Machines                                                     ; On                 ; On                 ;
; Ignore Verilog initial constructs                                               ; Off                ; Off                ;
; Iteration limit for constant Verilog loops                                      ; 5000               ; 5000               ;
; Iteration limit for non-constant Verilog loops                                  ; 250                ; 250                ;
; Add Pass-Through Logic to Inferred RAMs                                         ; On                 ; On                 ;
; Infer RAMs from Raw Logic                                                       ; On                 ; On                 ;
; Parallel Synthesis                                                              ; On                 ; On                 ;
; DSP Block Balancing                                                             ; Auto               ; Auto               ;
; NOT Gate Push-Back                                                              ; On                 ; On                 ;
; Power-Up Don't Care                                                             ; On                 ; On                 ;
; Remove Redundant Logic Cells                                                    ; Off                ; Off                ;
; Remove Duplicate Registers                                                      ; On                 ; On                 ;
; Ignore CARRY Buffers                                                            ; Off                ; Off                ;
; Ignore CASCADE Buffers                                                          ; Off                ; Off                ;
; Ignore GLOBAL Buffers                                                           ; Off                ; Off                ;
; Ignore ROW GLOBAL Buffers                                                       ; Off                ; Off                ;
; Ignore LCELL Buffers                                                            ; Off                ; Off                ;
; Ignore SOFT Buffers                                                             ; On                 ; On                 ;
; Limit AHDL Integers to 32 Bits                                                  ; Off                ; Off                ;
; Optimization Technique                                                          ; Balanced           ; Balanced           ;
; Carry Chain Length                                                              ; 70                 ; 70                 ;
; Auto Carry Chains                                                               ; On                 ; On                 ;
; Auto Open-Drain Pins                                                            ; On                 ; On                 ;
; Perform WYSIWYG Primitive Resynthesis                                           ; Off                ; Off                ;
; Auto ROM Replacement                                                            ; On                 ; On                 ;
; Auto RAM Replacement                                                            ; On                 ; On                 ;
; Auto DSP Block Replacement                                                      ; On                 ; On                 ;
; Auto Shift Register Replacement                                                 ; Auto               ; Auto               ;
; Allow Shift Register Merging across Hierarchies                                 ; Auto               ; Auto               ;
; Auto Clock Enable Replacement                                                   ; On                 ; On                 ;
; Strict RAM Replacement                                                          ; Off                ; Off                ;
; Allow Synchronous Control Signals                                               ; On                 ; On                 ;
; Force Use of Synchronous Clear Signals                                          ; Off                ; Off                ;
; Auto Resource Sharing                                                           ; Off                ; Off                ;
; Allow Any RAM Size For Recognition                                              ; Off                ; Off                ;
; Allow Any ROM Size For Recognition                                              ; Off                ; Off                ;
; Allow Any Shift Register Size For Recognition                                   ; Off                ; Off                ;
; Use LogicLock Constraints during Resource Balancing                             ; On                 ; On                 ;
; Ignore translate_off and synthesis_off directives                               ; Off                ; Off                ;
; Timing-Driven Synthesis                                                         ; On                 ; On                 ;
; Report Parameter Settings                                                       ; On                 ; On                 ;
; Report Source Assignments                                                       ; On                 ; On                 ;
; Report Connectivity Checks                                                      ; On                 ; On                 ;
; Ignore Maximum Fan-Out Assignments                                              ; Off                ; Off                ;
; Synchronization Register Chain Length                                           ; 3                  ; 3                  ;
; Power Optimization During Synthesis                                             ; Normal compilation ; Normal compilation ;
; HDL message level                                                               ; Level2             ; Level2             ;
; Suppress Register Optimization Related Messages                                 ; Off                ; Off                ;
; Number of Removed Registers Reported in Synthesis Report                        ; 5000               ; 5000               ;
; Number of Swept Nodes Reported in Synthesis Report                              ; 5000               ; 5000               ;
; Number of Inverted Registers Reported in Synthesis Report                       ; 100                ; 100                ;
; Clock MUX Protection                                                            ; On                 ; On                 ;
; Auto Gated Clock Conversion                                                     ; Off                ; Off                ;
; Block Design Naming                                                             ; Auto               ; Auto               ;
; SDC constraint protection                                                       ; Off                ; Off                ;
; Synthesis Effort                                                                ; Auto               ; Auto               ;
; Shift Register Replacement - Allow Asynchronous Clear Signal                    ; On                 ; On                 ;
; Pre-Mapping Resynthesis Optimization                                            ; Off                ; Off                ;
; Analysis & Synthesis Message Level                                              ; Medium             ; Medium             ;
; Disable Register Merging Across Hierarchies                                     ; Auto               ; Auto               ;
; Resource Aware Inference For Block RAM                                          ; On                 ; On                 ;
; Automatic Parallel Synthesis                                                    ; On                 ; On                 ;
; Partial Reconfiguration Bitstream ID                                            ; Off                ; Off                ;
+---------------------------------------------------------------------------------+--------------------+--------------------+


+----------------------------------------------------------------------------------------------------------------------------+
; Port Connectivity Checks: "MAN_rounding:MAN_ROUNDING_UNIT"                                                                 ;
+------------------+--------+----------+-------------------------------------------------------------------------------------+
; Port             ; Type   ; Severity ; Details                                                                             ;
+------------------+--------+----------+-------------------------------------------------------------------------------------+
; o_man_result[23] ; Output ; Info     ; Connected to dangling logic. Logic that only feeds a dangling port will be removed. ;
+------------------+--------+----------+-------------------------------------------------------------------------------------+


+-----------------------------------------------------------------------------------------------------------------------------------------------------------------------------------------+
; Port Connectivity Checks: "NOR_unit:NOR_UNIT"                                                                                                                                           ;
+------------+--------+----------+--------------------------------------------------------------------------------------------------------------------------------------------------------+
; Port       ; Type   ; Severity ; Details                                                                                                                                                ;
+------------+--------+----------+--------------------------------------------------------------------------------------------------------------------------------------------------------+
; i_mantissa ; Input  ; Warning  ; Input port expression (24 bits) is smaller than the input port (32 bits) it drives.  Extra input bit(s) "i_mantissa[31..24]" will be connected to GND. ;
; o_mantissa ; Output ; Warning  ; Output or bidir port (32 bits) is wider than the port expression (24 bits) it drives; bit(s) "o_mantissa[31..24]" have no fanouts                      ;
+------------+--------+----------+--------------------------------------------------------------------------------------------------------------------------------------------------------+


+--------------------------------------------------+
; Port Connectivity Checks: "MAN_mul:MAN_MUL_UNIT" ;
+--------------+-------+----------+----------------+
; Port         ; Type  ; Severity ; Details        ;
+--------------+-------+----------+----------------+
; i_data_a[23] ; Input ; Info     ; Stuck at VCC   ;
; i_data_b[23] ; Input ; Info     ; Stuck at VCC   ;
+--------------+-------+----------+----------------+


+-------------------------------------------------------+
; Port Connectivity Checks: "EXP_SUB_8bit:SUB_EXP_UNIT" ;
+----------------+-------+----------+-------------------+
; Port           ; Type  ; Severity ; Details           ;
+----------------+-------+----------+-------------------+
; i_data_b[6..0] ; Input ; Info     ; Stuck at VCC      ;
; i_data_b[7]    ; Input ; Info     ; Stuck at GND      ;
+----------------+-------+----------+-------------------+


+---------------------------------+
; Analysis & Elaboration Messages ;
+---------------------------------+
Info: *******************************************************************
Info: Running Quartus Prime Analysis & Elaboration
    Info: Version 24.1std.0 Build 1077 03/04/2025 SC Lite Edition
    Info: Processing started: Sat Dec 20 12:46:03 2025
Info: Command: quartus_map --read_settings_files=on --write_settings_files=off fpu_mul -c fpu_mul --analysis_and_elaboration
Warning (18236): Number of processors has not been specified which may cause overloading on shared machines.  Set the global assignment NUM_PARALLEL_PROCESSORS in your QSF to an appropriate value for best performance.
Info (20030): Parallel compilation is enabled and will use 4 of the 4 processors detected
Info (12021): Found 1 design units, including 1 entities, in source file /home/noname/Documents/project_tiny/Floating_point/FLOATING_POINT_MUL/Version1/02_rtl/SHF_right.sv
    Info (12023): Found entity 1: SHF_right File: /home/noname/Documents/project_tiny/Floating_point/FLOATING_POINT_MUL/Version1/02_rtl/SHF_right.sv Line: 1
Info (12021): Found 1 design units, including 1 entities, in source file /home/noname/Documents/project_tiny/Floating_point/FLOATING_POINT_MUL/Version1/02_rtl/SHF_left.sv
    Info (12023): Found entity 1: SHF_left File: /home/noname/Documents/project_tiny/Floating_point/FLOATING_POINT_MUL/Version1/02_rtl/SHF_left.sv Line: 1
Info (12021): Found 1 design units, including 1 entities, in source file /home/noname/Documents/project_tiny/Floating_point/FLOATING_POINT_MUL/Version1/02_rtl/PSC_unit.sv
    Info (12023): Found entity 1: PSC_unit File: /home/noname/Documents/project_tiny/Floating_point/FLOATING_POINT_MUL/Version1/02_rtl/PSC_unit.sv Line: 1
Info (12021): Found 1 design units, including 1 entities, in source file /home/noname/Documents/project_tiny/Floating_point/FLOATING_POINT_MUL/Version1/02_rtl/NOR_unit.sv
    Info (12023): Found entity 1: NOR_unit File: /home/noname/Documents/project_tiny/Floating_point/FLOATING_POINT_MUL/Version1/02_rtl/NOR_unit.sv Line: 1
Info (12021): Found 1 design units, including 1 entities, in source file /home/noname/Documents/project_tiny/Floating_point/FLOATING_POINT_MUL/Version1/02_rtl/MAN_rounding.sv
    Info (12023): Found entity 1: MAN_rounding File: /home/noname/Documents/project_tiny/Floating_point/FLOATING_POINT_MUL/Version1/02_rtl/MAN_rounding.sv Line: 1
Info (12021): Found 1 design units, including 1 entities, in source file /home/noname/Documents/project_tiny/Floating_point/FLOATING_POINT_MUL/Version1/02_rtl/MAN_mul.sv
    Info (12023): Found entity 1: MAN_mul File: /home/noname/Documents/project_tiny/Floating_point/FLOATING_POINT_MUL/Version1/02_rtl/MAN_mul.sv Line: 1
Info (12021): Found 1 design units, including 1 entities, in source file /home/noname/Documents/project_tiny/Floating_point/FLOATING_POINT_MUL/Version1/02_rtl/LOPD_8bit.sv
    Info (12023): Found entity 1: LOPD_8bit File: /home/noname/Documents/project_tiny/Floating_point/FLOATING_POINT_MUL/Version1/02_rtl/LOPD_8bit.sv Line: 1
Info (12021): Found 1 design units, including 1 entities, in source file /home/noname/Documents/project_tiny/Floating_point/FLOATING_POINT_MUL/Version1/02_rtl/LOPD_4bit.sv
    Info (12023): Found entity 1: LOPD_4bit File: /home/noname/Documents/project_tiny/Floating_point/FLOATING_POINT_MUL/Version1/02_rtl/LOPD_4bit.sv Line: 1
Info (12021): Found 1 design units, including 1 entities, in source file /home/noname/Documents/project_tiny/Floating_point/FLOATING_POINT_MUL/Version1/02_rtl/LOPD_24bit.sv
    Info (12023): Found entity 1: LOPD_24bit File: /home/noname/Documents/project_tiny/Floating_point/FLOATING_POINT_MUL/Version1/02_rtl/LOPD_24bit.sv Line: 1
Info (12021): Found 1 design units, including 1 entities, in source file /home/noname/Documents/project_tiny/Floating_point/FLOATING_POINT_MUL/Version1/02_rtl/LOPD_16bit.sv
    Info (12023): Found entity 1: LOPD_16bit File: /home/noname/Documents/project_tiny/Floating_point/FLOATING_POINT_MUL/Version1/02_rtl/LOPD_16bit.sv Line: 1
Info (12021): Found 1 design units, including 1 entities, in source file /home/noname/Documents/project_tiny/Floating_point/FLOATING_POINT_MUL/Version1/02_rtl/fpu_mul.sv
    Info (12023): Found entity 1: fpu_mul File: /home/noname/Documents/project_tiny/Floating_point/FLOATING_POINT_MUL/Version1/02_rtl/fpu_mul.sv Line: 1
Info (12021): Found 1 design units, including 1 entities, in source file /home/noname/Documents/project_tiny/Floating_point/FLOATING_POINT_MUL/Version1/02_rtl/EXP_SUB_8bit.sv
    Info (12023): Found entity 1: EXP_SUB_8bit File: /home/noname/Documents/project_tiny/Floating_point/FLOATING_POINT_MUL/Version1/02_rtl/EXP_SUB_8bit.sv Line: 1
Info (12021): Found 1 design units, including 1 entities, in source file /home/noname/Documents/project_tiny/Floating_point/FLOATING_POINT_MUL/Version1/02_rtl/EXP_rounding.sv
    Info (12023): Found entity 1: EXP_rounding File: /home/noname/Documents/project_tiny/Floating_point/FLOATING_POINT_MUL/Version1/02_rtl/EXP_rounding.sv Line: 1
Info (12021): Found 1 design units, including 1 entities, in source file /home/noname/Documents/project_tiny/Floating_point/FLOATING_POINT_MUL/Version1/02_rtl/EXP_adjust.sv
    Info (12023): Found entity 1: EXP_adjust File: /home/noname/Documents/project_tiny/Floating_point/FLOATING_POINT_MUL/Version1/02_rtl/EXP_adjust.sv Line: 1
Info (12021): Found 1 design units, including 1 entities, in source file /home/noname/Documents/project_tiny/Floating_point/FLOATING_POINT_MUL/Version1/02_rtl/EXP_ADD_8bit.sv
    Info (12023): Found entity 1: EXP_ADD_8bit File: /home/noname/Documents/project_tiny/Floating_point/FLOATING_POINT_MUL/Version1/02_rtl/EXP_ADD_8bit.sv Line: 1
Info (12127): Elaborating entity "fpu_mul" for the top level hierarchy
Info (12128): Elaborating entity "EXP_ADD_8bit" for hierarchy "EXP_ADD_8bit:ADD_EXP_UNIT" File: /home/noname/Documents/project_tiny/Floating_point/FLOATING_POINT_MUL/Version1/02_rtl/fpu_mul.sv Line: 53
Info (12128): Elaborating entity "EXP_SUB_8bit" for hierarchy "EXP_SUB_8bit:SUB_EXP_UNIT" File: /home/noname/Documents/project_tiny/Floating_point/FLOATING_POINT_MUL/Version1/02_rtl/fpu_mul.sv Line: 61
Info (12128): Elaborating entity "MAN_mul" for hierarchy "MAN_mul:MAN_MUL_UNIT" File: /home/noname/Documents/project_tiny/Floating_point/FLOATING_POINT_MUL/Version1/02_rtl/fpu_mul.sv Line: 71
Info (12128): Elaborating entity "LOPD_24bit" for hierarchy "LOPD_24bit:LOPD_UNIT" File: /home/noname/Documents/project_tiny/Floating_point/FLOATING_POINT_MUL/Version1/02_rtl/fpu_mul.sv Line: 80
Info (12128): Elaborating entity "LOPD_16bit" for hierarchy "LOPD_24bit:LOPD_UNIT|LOPD_16bit:LOPD_16bit_UNIT_MSB" File: /home/noname/Documents/project_tiny/Floating_point/FLOATING_POINT_MUL/Version1/02_rtl/LOPD_24bit.sv Line: 18
Info (12128): Elaborating entity "LOPD_8bit" for hierarchy "LOPD_24bit:LOPD_UNIT|LOPD_16bit:LOPD_16bit_UNIT_MSB|LOPD_8bit:LOPD_8bit_unit_0" File: /home/noname/Documents/project_tiny/Floating_point/FLOATING_POINT_MUL/Version1/02_rtl/LOPD_16bit.sv Line: 16
Info (12128): Elaborating entity "NOR_unit" for hierarchy "NOR_unit:NOR_UNIT" File: /home/noname/Documents/project_tiny/Floating_point/FLOATING_POINT_MUL/Version1/02_rtl/fpu_mul.sv Line: 91
Info (12128): Elaborating entity "SHF_left" for hierarchy "NOR_unit:NOR_UNIT|SHF_left:SHF_left_unit" File: /home/noname/Documents/project_tiny/Floating_point/FLOATING_POINT_MUL/Version1/02_rtl/NOR_unit.sv Line: 21
Info (12128): Elaborating entity "MAN_rounding" for hierarchy "MAN_rounding:MAN_ROUNDING_UNIT" File: /home/noname/Documents/project_tiny/Floating_point/FLOATING_POINT_MUL/Version1/02_rtl/fpu_mul.sv Line: 99
Warning (10858): Verilog HDL warning at MAN_rounding.sv(10): object w_man_temp used but never assigned File: /home/noname/Documents/project_tiny/Floating_point/FLOATING_POINT_MUL/Version1/02_rtl/MAN_rounding.sv Line: 10
Warning (10030): Net "w_man_temp" at MAN_rounding.sv(10) has no driver or initial value, using a default initial value '0' File: /home/noname/Documents/project_tiny/Floating_point/FLOATING_POINT_MUL/Version1/02_rtl/MAN_rounding.sv Line: 10
Info (12128): Elaborating entity "EXP_rounding" for hierarchy "EXP_rounding:EXP_ROUNDING_UNIT" File: /home/noname/Documents/project_tiny/Floating_point/FLOATING_POINT_MUL/Version1/02_rtl/fpu_mul.sv Line: 106
Info (12128): Elaborating entity "PSC_unit" for hierarchy "PSC_unit:PSC_UNIT" File: /home/noname/Documents/project_tiny/Floating_point/FLOATING_POINT_MUL/Version1/02_rtl/fpu_mul.sv Line: 118
Warning (12241): 1 hierarchies have connectivity warnings - see the Connectivity Checks report folder
Info: Quartus Prime Analysis & Elaboration was successful. 0 errors, 4 warnings
    Info: Peak virtual memory: 717 megabytes
    Info: Processing ended: Sat Dec 20 12:46:12 2025
    Info: Elapsed time: 00:00:09
    Info: Total CPU time (on all processors): 00:00:23


